09-03 06:52:17.044  1877  1965 D InputReader: KeyboardInputMapper::process EV_KEY KeyboardOrGamepadKey
09-03 06:52:17.044  1877  1965 D InputReader: KeyboardInputMapper::process EV_SYN
09-03 06:52:17.044  1877  1965 D WindowManager: interceptKeyBeforeQueueing canceled[false]
09-03 06:52:17.044  1877  1965 D WindowManager: interceptKeyTq keycode=4 screenIsOn=true keyguardActive=false policyFlags=2000002 isWakeKey=true
09-03 06:52:17.044  1877  1965 D WindowManager: isAppOnForeground packageName=com.android.settings and keyCode=4
09-03 06:52:17.044  1877  1965 D WindowManager: interceptKeyTq result=1
09-03 06:52:17.045  1877  1965 E EventHub: getEvents
09-03 06:52:17.045  1877  1964 D WindowManager: interceptKeyTi keyCode=4 down=false repeatCount=0 keyguardOn=false mHomePressed=false canceled=false runScreenSaver=true
09-03 06:52:17.045  1877  1964 D WindowManager: interceptKeyTp result=0
09-03 06:52:17.046  2283  2283 D RemoteIME: keycode: 4, realAction: true
09-03 06:52:17.046  2283  2283 D RemoteIME: isChineseTextWithHkb
09-03 06:52:17.051  4495  4495 W ContextImpl: Calling a method in the system process without a qualified user: android.app.ContextImpl.sendBroadcast:1338 android.content.ContextWrapper.sendBroadcast:365 android.app.ActivityThread.performPauseActivity:3061 android.app.ActivityThread.performPauseActivity:3023 android.app.ActivityThread.handlePauseActivity:3001 
09-03 06:52:17.063  4495  4495 I Settings_MainActivity: testKey --- enter onStart
09-03 06:52:17.063  4495  4495 I Settings_MainActivity: testKey --- exit onStart
09-03 06:52:17.063  4495  4495 I Activity: Current activity's input mode is :auto-switch
09-03 06:52:17.063  1877  2270 D         :  mouse-utils set Mouse Mode is 2
09-03 06:52:17.063  1877  2270 I InputManager: initInputMode! mode:auto-switch
09-03 06:52:17.063  4495  4495 I Settings_MainActivity: testKey --- enter onResume
09-03 06:52:17.064  4495  4495 I Settings_MainActivity: getNetworkMode = 1
09-03 06:52:17.067  4495  4495 E Settings_MainActivity: adjust :
09-03 06:52:17.069  4495  4495 D HmtStbConfigImpl: getString name[System.HDStandard] caller[com.android.settings.utils.StbconfigTool.getStbConfigValue:70 com.android.settings.Settings.getPx:545 com.android.settings.Settings.getSummer:651 com.android.settings.Settings.onResume:431 ]
09-03 06:52:17.072  1877  2205 D HmtStbConfigService: getString name[System.HDStandard] by pid[4495], val_len[1]
09-03 06:52:17.073  1427  4529 E DisplaySetting: get_display_device_type, HDMI status: bConnected = 1, bSinkPowerOn = 1
09-03 06:52:17.073  1427  4529 E DisplaySetting: get_display_device_type, device type = 1
09-03 06:52:17.073  1877  2203 D HmtDisplayManagerService: devicetype = 1
09-03 06:52:17.073  1427  1427 E HI_ADP_HDMI: getOptimalFormat, enable = 0
09-03 06:52:17.073  1877  2203 D HmtDisplayManagerService: getOptimalFormatEnable = 0
09-03 06:52:17.074  1427  1513 E DisplaySetting: get_display_device_type, HDMI status: bConnected = 1, bSinkPowerOn = 1
09-03 06:52:17.074  1427  1513 E DisplaySetting: get_display_device_type, device type = 1
09-03 06:52:17.074  1427  4529 E HI_ADP_HDMI: getOptimalFormat, enable = 0
09-03 06:52:17.074  1877  2203 D HmtDisplayManagerService: curFmt = 1
09-03 06:52:17.074  1877  2203 D HmtDisplayManagerService: resolution_name = 1
09-03 06:52:17.074  4495  4495 I Settings_MainActivity: pxItem===1
09-03 06:52:17.074  4495  4495 D Settings_MainActivity: getPx---->result:1080P
09-03 06:52:17.074  4495  4495 E Settings_MainActivity: adjust :
09-03 06:52:17.075  4495  4495 D HmtStbConfigImpl: getString name[System.HDStandard] caller[com.android.settings.utils.StbconfigTool.getStbConfigValue:70 com.android.settings.Settings.getPx:545 com.android.settings.Settings.getSummer:651 com.android.settings.Settings.onResume:439 ]
09-03 06:52:17.078  1877  2228 D HmtStbConfigService: getString name[System.HDStandard] by pid[4495], val_len[1]
09-03 06:52:17.079  1427  1513 E DisplaySetting: get_display_device_type, HDMI status: bConnected = 1, bSinkPowerOn = 1
09-03 06:52:17.079  1427  1513 E DisplaySetting: get_display_device_type, device type = 1
09-03 06:52:17.079  1877  1959 D HmtDisplayManagerService: devicetype = 1
09-03 06:52:17.079  1427  4529 E HI_ADP_HDMI: getOptimalFormat, enable = 0
09-03 06:52:17.079  1877  1959 D HmtDisplayManagerService: getOptimalFormatEnable = 0
09-03 06:52:17.079  1427  1427 E DisplaySetting: get_display_device_type, HDMI status: bConnected = 1, bSinkPowerOn = 1
09-03 06:52:17.079  1427  1427 E DisplaySetting: get_display_device_type, device type = 1
09-03 06:52:17.079  1427  1513 E HI_ADP_HDMI: getOptimalFormat, enable = 0
09-03 06:52:17.080  1877  1959 D HmtDisplayManagerService: curFmt = 1
09-03 06:52:17.080  1877  1959 D HmtDisplayManagerService: resolution_name = 1
09-03 06:52:17.080  4495  4495 I Settings_MainActivity: pxItem===1
09-03 06:52:17.080  4495  4495 D Settings_MainActivity: getPx---->result:1080P
09-03 06:52:17.082  4495  4495 D HmtStbConfigImpl: getString name[stb_device_name] caller[com.android.settings.utils.StbconfigTool.getStbConfigValue:70 com.android.settings.c20.StbNameSetting.getStbName:621 com.android.settings.Settings.getSummer:655 com.android.settings.Settings.onResume:431 ]
09-03 06:52:17.086  1877  2150 D HmtStbConfigService: getString name[stb_device_name] by pid[4495], val_len[4]
09-03 06:52:17.087  4495  4495 D HmtStbConfigImpl: getString name[stb_device_name] caller[com.android.settings.utils.StbconfigTool.getStbConfigValue:70 com.android.settings.c20.StbNameSetting.getStbName:628 com.android.settings.Settings.getSummer:655 com.android.settings.Settings.onResume:431 ]
09-03 06:52:17.090  1877  2245 D HmtStbConfigService: getString name[stb_device_name] by pid[4495], val_len[4]
09-03 06:52:17.091  4495  4495 D Settings_StbNameSetting: getStbName--->indexOfName:0
09-03 06:52:17.092  4495  4495 D HmtStbConfigImpl: getString name[stb_device_name] caller[com.android.settings.utils.StbconfigTool.getStbConfigValue:70 com.android.settings.c20.StbNameSetting.getStbName:621 com.android.settings.Settings.getSummer:655 com.android.settings.Settings.onResume:439 ]
09-03 06:52:17.094  1877  2177 D HmtStbConfigService: getString name[stb_device_name] by pid[4495], val_len[4]
09-03 06:52:17.095  4495  4495 D HmtStbConfigImpl: getString name[stb_device_name] caller[com.android.settings.utils.StbconfigTool.getStbConfigValue:70 com.android.settings.c20.StbNameSetting.getStbName:628 com.android.settings.Settings.getSummer:655 com.android.settings.Settings.onResume:439 ]
09-03 06:52:17.099  1877  1957 D HmtStbConfigService: getString name[stb_device_name] by pid[4495], val_len[4]
09-03 06:52:17.099  4495  4495 D Settings_StbNameSetting: getStbName--->indexOfName:0
09-03 06:52:17.101  4495  4495 I Settings_MainActivity: testKey --- exit onResume
09-03 06:52:17.102  4495  4495 W ContextImpl: Calling a method in the system process without a qualified user: android.app.ContextImpl.sendBroadcast:1338 android.content.ContextWrapper.sendBroadcast:365 android.app.ActivityThread.performResumeActivity:2785 android.app.ActivityThread.handleResumeActivity:2823 android.app.ActivityThread$H.handleMessage:1238 
09-03 06:52:17.128  4495  4495 D Settings_MainActivity: ---MainActivity mReceiver action = android.net.ethernet.ETHERNET_STATE_CHANGE
09-03 06:52:17.128  1877  2176 D HmtPppoeManagerService: getPppoeConnectStatus()
09-03 06:52:17.128  1877  2176 I PppoeManager: getPppoeConnectStatus(): false
09-03 06:52:17.129  4495  4495 I Settings_SettingsEthernetManager: ethStatus =-1
09-03 06:52:17.129  4495  4495 I Settings_SettingsEthernetManager: ethInfo==true
09-03 06:52:17.129  4495  4495 D Settings_MainActivity: ---isEthConnected: true, isIPv6Connected:false, isWifiOpened: true
09-03 06:52:17.129  4495  4495 D Settings_MainActivity: ---MainActivity mReceiver action = android.net.pppoe.PPPOE_STATE_CHANGE
09-03 06:52:17.130  1877  2228 D HmtPppoeManagerService: getPppoeConnectStatus()
09-03 06:52:17.130  1877  2228 I PppoeManager: getPppoeConnectStatus(): false
09-03 06:52:17.131  4495  4495 I Settings_SettingsEthernetManager: ethStatus =-1
09-03 06:52:17.131  4495  4495 I Settings_SettingsEthernetManager: ethInfo==true
09-03 06:52:17.131  4495  4495 D Settings_MainActivity: ---isEthConnected: true, isIPv6Connected:false, isWifiOpened: true
09-03 06:52:17.131  4495  4495 D Settings_MainActivity: ---MainActivity mReceiver action = android.intent.action.HDMI_PLUGGED
09-03 06:52:17.131  1877  2150 D HmtPppoeManagerService: getPppoeConnectStatus()
09-03 06:52:17.131  1877  2150 I PppoeManager: getPppoeConnectStatus(): false
09-03 06:52:17.133  4495  4495 I Settings_SettingsEthernetManager: ethStatus =-1
09-03 06:52:17.133  4495  4495 I Settings_SettingsEthernetManager: ethInfo==true
09-03 06:52:17.133  4495  4495 D Settings_MainActivity: ---isEthConnected: true, isIPv6Connected:false, isWifiOpened: true
09-03 06:52:17.133  4495  4495 I Settings_MainActivity: com.huawei.action.HDMI_STATE_CHANGE
09-03 06:52:17.140  4495  4495 I Settings_PanelDountChart2: onDraw percent:23,strokeWidth:7,radius:48
09-03 06:52:17.153  1877  1957 D InputMethodManagerService: --- calledFromForegroundUserOrSystemProcess ? calling uid = 1000 system uid = 1000 calling userId = 0, foreground user id = 0, calling pid = 4495com.android.server.InputMethodManagerService.startInput(InputMethodManagerService.java:1259)
09-03 06:52:17.161  1877  1919 D ActivityManager: ActivityManagerService#windowDrawFinish enter.
09-03 06:52:17.162  1877  2271 D InputMethodManagerService: hide the small icon for the input method
09-03 06:52:17.163  1877  2244 D InputMethodManagerService: --- calledFromForegroundUserOrSystemProcess ? calling uid = 1000 system uid = 1000 calling userId = 0, foreground user id = 0, calling pid = 4495com.android.server.InputMethodManagerService.startInput(InputMethodManagerService.java:1259)
09-03 06:52:17.164  1877  1894 D InputMethodManagerService: hide the small icon for the input method
09-03 06:52:17.165  1877  1890 D InputMethodManagerService: --- calledFromForegroundUserOrSystemProcess ? calling uid = 1000 system uid = 1000 calling userId = 0, foreground user id = 0, calling pid = 4495com.android.server.InputMethodManagerService.windowGainedFocus(InputMethodManagerService.java:1890)
09-03 06:52:17.166  1877  1890 V InputMethodManagerService: windowGainedFocus: android.os.BinderProxy@2cba4ea8 controlFlags=#5 softInputMode=#10 windowFlags=#1810500
09-03 06:52:17.168  4495  4495 I Settings_MainActivity: mHandler handleMessage 2
09-03 06:52:17.168  1877  1890 V InputMethodManagerService: Unspecified window will hide input
09-03 06:52:17.169  4495  4495 I Settings_MainActivity: mGrideView.getChildAt(netWork)==android.widget.LinearLayout{2cecb250 V.E..... ..S..... 0,0-266,266}
09-03 06:52:17.169  4495  4495 I Settings_MainActivity: Settings.setNetIcon() enter. netState = 2
09-03 06:52:17.169  4495  4495 I Settings_MainActivity: isEthConnected == true
09-03 06:52:17.169  4495  4495 I Settings_MainActivity: isWifiConnected == false
09-03 06:52:17.170  4495  4495 D Settings_MainActivity: storageUsage------->totalStorage:6250688512,freeStorage:4769783808
09-03 06:52:17.170  4495  4495 D Settings_MainActivity: storageUsage------->usedStorage:1480904704,freeStorage:4769783808,totalStorage:6250688512
09-03 06:52:17.170  4495  4495 D Settings_MainActivity: storageUsage---->0.23691865322627678, percent:23
09-03 06:52:17.171  4495  4495 I Settings_MainActivity: mHandler handleMessage 2
09-03 06:52:17.171  4495  4495 I Settings_MainActivity: mGrideView.getChildAt(netWork)==android.widget.LinearLayout{2cecb250 V.E..... ..S...ID 0,0-266,266}
09-03 06:52:17.171  4495  4495 I Settings_MainActivity: Settings.setNetIcon() enter. netState = 2
09-03 06:52:17.171  4495  4495 I Settings_MainActivity: isEthConnected == true
09-03 06:52:17.171  4495  4495 I Settings_MainActivity: isWifiConnected == false
09-03 06:52:17.171  4495  4495 D Settings_MainActivity: storageUsage------->totalStorage:6250688512,freeStorage:4769783808
09-03 06:52:17.172  4495  4495 D Settings_MainActivity: storageUsage------->usedStorage:1480904704,freeStorage:4769783808,totalStorage:6250688512
09-03 06:52:17.172  4495  4495 D Settings_MainActivity: storageUsage---->0.23691865322627678, percent:23
09-03 06:52:17.172  4495  4495 I Settings_MainActivity: mHandler handleMessage 2
09-03 06:52:17.172  4495  4495 I Settings_MainActivity: mGrideView.getChildAt(netWork)==android.widget.LinearLayout{2cecb250 V.E..... ..S...ID 0,0-266,266}
09-03 06:52:17.172  4495  4495 I Settings_MainActivity: Settings.setNetIcon() enter. netState = 2
09-03 06:52:17.172  4495  4495 I Settings_MainActivity: isEthConnected == true
09-03 06:52:17.172  4495  4495 I Settings_MainActivity: isWifiConnected == false
09-03 06:52:17.173  4495  4495 D Settings_MainActivity: storageUsage------->totalStorage:6250688512,freeStorage:4769783808
09-03 06:52:17.173  4495  4495 D Settings_MainActivity: storageUsage------->usedStorage:1480904704,freeStorage:4769783808,totalStorage:6250688512
09-03 06:52:17.173  4495  4495 D Settings_MainActivity: storageUsage---->0.23691865322627678, percent:23
09-03 06:52:17.173  4495  4495 I Settings_MainActivity: mHandler handleMessage 7
09-03 06:52:17.174  4495  4495 E Settings_MainActivity: adjust :
09-03 06:52:17.174  4495  4495 D HmtStbConfigImpl: getString name[System.HDStandard] caller[com.android.settings.utils.StbconfigTool.getStbConfigValue:70 com.android.settings.Settings.getPx:545 com.android.settings.Settings.refreshSolution:296 com.android.settings.Settings$3.handleMessage:280 ]
09-03 06:52:17.177  1877  2270 D HmtStbConfigService: getString name[System.HDStandard] by pid[4495], val_len[1]
09-03 06:52:17.178  1427  1427 E DisplaySetting: get_display_device_type, HDMI status: bConnected = 1, bSinkPowerOn = 1
09-03 06:52:17.178  1427  1427 E DisplaySetting: get_display_device_type, device type = 1
09-03 06:52:17.178  1877  2229 D HmtDisplayManagerService: devicetype = 1
09-03 06:52:17.178  1427  1513 E HI_ADP_HDMI: getOptimalFormat, enable = 0
09-03 06:52:17.178  1877  2229 D HmtDisplayManagerService: getOptimalFormatEnable = 0
09-03 06:52:17.178  1427  4529 E DisplaySetting: get_display_device_type, HDMI status: bConnected = 1, bSinkPowerOn = 1
09-03 06:52:17.178  1427  4529 E DisplaySetting: get_display_device_type, device type = 1
09-03 06:52:17.178  1427  1427 E HI_ADP_HDMI: getOptimalFormat, enable = 0
09-03 06:52:17.178  1877  2229 D HmtDisplayManagerService: curFmt = 1
09-03 06:52:17.178  1877  2229 D HmtDisplayManagerService: resolution_name = 1
09-03 06:52:17.179  4495  4495 I Settings_MainActivity: pxItem===1
09-03 06:52:17.179  4495  4495 D Settings_MainActivity: getPx---->result:1080P
09-03 06:52:17.220  4495  4495 I Settings_PanelDountChart2: onDraw percent:23,strokeWidth:7,radius:48
09-03 06:52:17.254  2179  2531 I HMW     :  6:52:17|0020975601|Run| INFO|   MONITOR|0x000009e3:HMW_main.cpp:867:MonitorCPUMemory|code:22|CPU usage [25 ] MEM usage [72 ] at [20975601] monitor write media[0]
09-03 06:52:17.258  2179  2531 I HMW     :  6:52:17|0020975605|Run| INFO|   MONITOR|0x000009e3:HMW_main.cpp:643:DisplayMallinfo|code:22|arena:8108744 bytes, ordblks:35, smblks:0, hblks:0, hblkhd:9823544 bytes, usmblks:18120704 bytes, fsmblks:0 bytes, uordblks:17744600 bytes, fordblks:187688 bytes, keepcost:3536 bytes
09-03 06:52:17.530  2137  2140 D dalvikvm: GC_CONCURRENT freed 797K, 24% free 3142K/4092K, paused 4ms+3ms, total 32ms
09-03 06:52:17.536  1434  1499 I         : ir_user key down (0x9e)
09-03 06:52:17.536  1877  1965 I EventHub: event->deviceId= 3, event->type= 1, event->code= 158, event->value= 1 
09-03 06:52:17.536  1877  1965 I EventHub: after irBlink
09-03 06:52:17.536  1877  1965 D InputReader: processEventsForDeviceLocked
09-03 06:52:17.536  1877  1965 D InputReader: KeyboardInputMapper::process EV_KEY
09-03 06:52:17.536  1877  1965 D KeyLayoutMap: gc: scanCode=158, usageCode=0x00000000 
09-03 06:52:17.536  1877  1965 D KeyLayoutMap: gc: scanCode index =130
09-03 06:52:17.536  1877  1965 D KeyLayoutMap: mapKey: scanCode=158, usageCode=0x00000000 ~ Result keyCode=4, outFlags=0x00000002.
09-03 06:52:17.536  1877  1965 D InputReader: KeyboardInputMapper::process EV_KEY KeyboardOrGamepadKey
09-03 06:52:17.536  1877  1965 D InputReader: KeyboardInputMapper::process EV_SYN
09-03 06:52:17.536  1877  1965 D WindowManager: interceptKeyBeforeQueueing canceled[false]
09-03 06:52:17.537  1877  1965 D WindowManager: interceptKeyTq keycode=4 screenIsOn=true keyguardActive=false policyFlags=2000002 isWakeKey=true
09-03 06:52:17.538  1877  1965 D WindowManager: isAppOnForeground packageName=com.android.settings and keyCode=4
09-03 06:52:17.538  1877  1965 D WindowManager: interceptKeyTq result=1
09-03 06:52:17.538  1877  1965 E EventHub: getEvents
09-03 06:52:17.539  1877  1964 D WindowManager: interceptKeyTi keyCode=4 down=true repeatCount=0 keyguardOn=false mHomePressed=false canceled=false runScreenSaver=true
09-03 06:52:17.539  1877  1964 D WindowManager: interceptKeyTp result=0
09-03 06:52:17.540  2283  2283 D RemoteIME: keycode: 4, realAction: false
09-03 06:52:17.540  2283  2283 D RemoteIME: isChineseTextWithHkb
09-03 06:52:17.540  4495  4495 I Settings_MainActivity: testKey --  dispatchKeyEvent 0 -- 4
09-03 06:52:17.540  4495  4495 I Settings_MainGridView: testKey --  onkeydown 0 -- 4
09-03 06:52:17.540  4495  4495 I Settings_MainActivity: testKey --  onkeydown 0 -- 4
09-03 06:52:17.582  3741  3743 D dalvikvm: GC_CONCURRENT freed 2055K, 35% free 8090K/12280K, paused 5ms+5ms, total 75ms
09-03 06:52:17.582  3741  4379 D dalvikvm: WAIT_FOR_CONCURRENT_GC blocked 38ms
09-03 06:52:17.636  1434  1499 I         : ir_user key up (0x9e)
09-03 06:52:17.637  1877  1965 I EventHub: event->deviceId= 3, event->type= 1, event->code= 158, event->value= 0 
09-03 06:52:17.637  1877  1965 I EventHub: after irBlink
09-03 06:52:17.637  1877  1965 D InputReader: processEventsForDeviceLocked
09-03 06:52:17.637  1877  1965 D InputReader: KeyboardInputMapper::process EV_KEY
09-03 06:52:17.637  1877  1965 D KeyLayoutMap: gc: scanCode=158, usageCode=0x00000000 
09-03 06:52:17.637  1877  1965 D KeyLayoutMap: gc: scanCode index =130
09-03 06:52:17.637  1877  1965 D KeyLayoutMap: mapKey: scanCode=158, usageCode=0x00000000 ~ Result keyCode=4, outFlags=0x00000002.
09-03 06:52:17.637  1877  1965 D InputReader: KeyboardInputMapper::process EV_KEY KeyboardOrGamepadKey
09-03 06:52:17.637  1877  1965 D InputReader: KeyboardInputMapper::process EV_SYN
09-03 06:52:17.637  1877  1965 D WindowManager: interceptKeyBeforeQueueing canceled[false]
09-03 06:52:17.637  1877  1965 D WindowManager: interceptKeyTq keycode=4 screenIsOn=true keyguardActive=false policyFlags=2000002 isWakeKey=true
09-03 06:52:17.637  1877  1965 D WindowManager: isAppOnForeground packageName=com.android.settings and keyCode=4
09-03 06:52:17.638  1877  1965 D WindowManager: interceptKeyTq result=1
09-03 06:52:17.638  1877  1965 E EventHub: getEvents
09-03 06:52:17.638  1877  1964 D WindowManager: interceptKeyTi keyCode=4 down=false repeatCount=0 keyguardOn=false mHomePressed=false canceled=false runScreenSaver=true
09-03 06:52:17.638  1877  1964 D WindowManager: interceptKeyTp result=0
09-03 06:52:17.639  2283  2283 D RemoteIME: keycode: 4, realAction: true
09-03 06:52:17.639  2283  2283 D RemoteIME: isChineseTextWithHkb
09-03 06:52:17.639  4495  4495 I Settings_MainActivity: testKey --  dispatchKeyEvent 1 -- 4
09-03 06:52:17.658  4495  4495 I Settings_MainActivity: testKey --- exit onPause
09-03 06:52:17.658  4495  4495 I Settings_MainActivity: testKey --- exit onPause
09-03 06:52:17.659  4495  4495 W ContextImpl: Calling a method in the system process without a qualified user: android.app.ContextImpl.sendBroadcast:1338 android.content.ContextWrapper.sendBroadcast:365 android.app.ActivityThread.performPauseActivity:3061 android.app.ActivityThread.performPauseActivity:3023 android.app.ActivityThread.handlePauseActivity:3001 
09-03 06:52:17.667  2710  4699 I ScreensaverService: 19
09-03 06:52:17.673  1877  1982 D ConnectivityService: onUidRulesChanged(uid=10034, uidRules=0)
09-03 06:52:17.693  2710  4699 I ScreensaverService: 1
09-03 06:52:17.695  2710  2710 D DevicesUtil: PPTV
09-03 06:52:17.705  2710  2710 E TelephonyManager: cts.appProcess.processName:com.dangbei.tvlauncher
09-03 06:52:17.711  2710  2710 E TelephonyManager: cts.appProcess.processName:com.dangbei.tvlauncher
09-03 06:52:17.718  1407  5071 D logc    : after res_setservers u is 0.0.0.0
09-03 06:52:17.718  1407  5071 D logc    : [res_nsend] RESOLV_CACHE_FOUND with anslen:135
09-03 06:52:17.718  1407  5071 D logc    : [res_nsend] RESOLV_CACHE_FOUND with anslen:339
09-03 06:52:17.726  2710  2710 I Activity: Current activity's input mode is :auto-switch
09-03 06:52:17.727  1877  2271 D         :  mouse-utils set Mouse Mode is 2
09-03 06:52:17.727  1877  2271 I InputManager: initInputMode! mode:auto-switch
09-03 06:52:17.735  2710  5070 D postMessageInfo: com.dangbei.msg.push.d.a$1-----------------deviceId=fc2be1cce7b28884307e07c38d24beb2&packname=com.dangbei.tvlauncher&sdkcode=1.5.5-SNAPSHOT
09-03 06:52:17.742  2710  3159 I TDLog   : [Session] - Same session as before!
09-03 06:52:17.748  2710  5070 E test    : code302
09-03 06:52:17.751  1407  5073 D logc    : after res_setservers u is 0.0.0.0
09-03 06:52:17.751  1407  5073 D logc    : [res_nsend] RESOLV_CACHE_FOUND with anslen:132
09-03 06:52:17.751  1407  5073 D logc    : [res_nsend] RESOLV_CACHE_FOUND with anslen:336
09-03 06:52:17.759  2710  5072 D postMessageInfo: com.dangbei.msg.push.d.a$1-----------------deviceId=fc2be1cce7b28884307e07c38d24beb2&packname=com.dangbei.tvlauncher&sdkcode=1.5.5-SNAPSHOT
09-03 06:52:17.764  2710  5072 E test    : code302
09-03 06:52:17.793  1877  2150 D InputMethodManagerService: --- calledFromForegroundUserOrSystemProcess ? calling uid = 10034 system uid = 1000 calling userId = 0, foreground user id = 0, calling pid = 2710com.android.server.InputMethodManagerService.startInput(InputMethodManagerService.java:1259)
09-03 06:52:17.793  1877  2150 V InputMethodManagerService: unbindCurrentInputLocked: client = android.os.BinderProxy@2cba4ea8
09-03 06:52:17.794  1877  2150 V InputMethodManagerService: Hide switching menu
09-03 06:52:17.794  1877  2150 V InputMethodManagerService: switching to client: client = android.os.BinderProxy@2d6d7fd8 keyguard=false
09-03 06:52:17.794  1877  2150 V InputMethodManagerService: Disabling: SessionState{uid 1000 pid 4495 method 2c8da268 session 2ccda208 channel ClientState{2cc8c4a0 uid 1000 pid 4495} (server)}
09-03 06:52:17.795  1877  2150 V InputMethodManagerService: Enabling: SessionState{uid 10034 pid 2710 method 2c8da268 session 2d737430 channel ClientState{2d6d9e40 uid 10034 pid 2710} (server)}
09-03 06:52:17.795  1877  2203 D InputMethodManagerService: hide the small icon for the input method
09-03 06:52:17.796  1877  2270 D InputMethodManagerService: --- calledFromForegroundUserOrSystemProcess ? calling uid = 10034 system uid = 1000 calling userId = 0, foreground user id = 0, calling pid = 2710com.android.server.InputMethodManagerService.windowGainedFocus(InputMethodManagerService.java:1890)
09-03 06:52:17.796  1877  2270 V InputMethodManagerService: windowGainedFocus: android.os.BinderProxy@2d6d7fd8 controlFlags=#105 softInputMode=#22 windowFlags=#5810580
09-03 06:52:17.798  1877  1957 D InputMethodManagerService: hide the small icon for the input method
09-03 06:52:17.839  2124  2423 D HMW     :  6:52:17|0020976450|Run|DEBUG|    CfgMgr|0x00000977:HMW_configMgr.cpp:2371:HMW_config_read|code:0|enter Android Version,pName=[Device.LAN.DNSServers], gConfigNative=[0].
09-03 06:52:17.839  2124  2423 I HMW     :  6:52:17|0020976450|Run| INFO|    CfgMgr|0x00000977:HMW_configMgr.cpp:2474:HMW_config_read|code:0|Device.LAN.DNSServers Succeed!
09-03 06:52:17.839  2124  2423 D HMW     :  6:52:17|0020976453|Run|DEBUG|    CfgMgr|0x00000977:HMW_configMgr.cpp:2371:HMW_config_read|code:0|enter Android Version,pName=[Device.LAN.DefaultGateway], gConfigNative=[0].
09-03 06:52:17.840  2124  2423 I HMW     :  6:52:17|0020976453|Run| INFO|    CfgMgr|0x00000977:HMW_configMgr.cpp:2474:HMW_config_read|code:0|Device.LAN.DefaultGateway Succeed!
09-03 06:52:17.840  2124  2423 D HMW     :  6:52:17|0020976453|Run|DEBUG|    CfgMgr|0x00000977:HMW_configMgr.cpp:2371:HMW_config_read|code:0|enter Android Version,pName=[Device.LAN.SubnetMask], gConfigNative=[0].
09-03 06:52:17.840  2124  2423 I HMW     :  6:52:17|0020976453|Run| INFO|    CfgMgr|0x00000977:HMW_configMgr.cpp:2474:HMW_config_read|code:0|Device.LAN.SubnetMask Succeed!
09-03 06:52:17.840  2124  2423 D HMW     :  6:52:17|0020976453|Run|DEBUG|    CfgMgr|0x00000977:HMW_configMgr.cpp:2371:HMW_config_read|code:0|enter Android Version,pName=[Device.LAN.IPAddress], gConfigNative=[0].
09-03 06:52:17.841  2124  2423 I HMW     :  6:52:17|0020976453|Run| INFO|    CfgMgr|0x00000977:HMW_configMgr.cpp:2474:HMW_config_read|code:0|Device.LAN.IPAddress Succeed!
09-03 06:52:17.847  1877  1919 D ActivityManager: ActivityManagerService#windowDrawFinish enter.
09-03 06:52:17.869  4495  4495 I Settings_MainActivity: testKey --- enter onStop
09-03 06:52:17.869  4495  4495 I Settings_MainActivity: testKey --- exit onStop
09-03 06:52:18.157  2258  3066 I HiRMService:  ***** changeStats = 2
09-03 06:52:18.503  1434  1499 I         : ir_user key down (0x6c)
09-03 06:52:18.504  1877  1965 I EventHub: event->deviceId= 3, event->type= 1, event->code= 108, event->value= 1 
09-03 06:52:18.504  1877  1965 I EventHub: after irBlink
09-03 06:52:18.504  1877  1965 D InputReader: processEventsForDeviceLocked
09-03 06:52:18.504  1877  1965 D InputReader: KeyboardInputMapper::process EV_KEY
09-03 06:52:18.504  1877  1965 D KeyLayoutMap: gc: scanCode=108, usageCode=0x00000000 
09-03 06:52:18.504  1877  1965 D KeyLayoutMap: gc: scanCode index =103
09-03 06:52:18.504  1877  1965 D KeyLayoutMap: mapKey: scanCode=108, usageCode=0x00000000 ~ Result keyCode=20, outFlags=0x00000000.
09-03 06:52:18.504  1877  1965 D InputReader: KeyboardInputMapper::process EV_KEY KeyboardOrGamepadKey
09-03 06:52:18.504  1877  1965 D InputReader: press orientationKey and fadePointer
09-03 06:52:18.504  1877  1965 D InputReader: KeyboardInputMapper::process EV_SYN
09-03 06:52:18.504  1877  1965 D WindowManager: interceptKeyBeforeQueueing canceled[false]
09-03 06:52:18.505  1877  1965 D WindowManager: interceptKeyTq keycode=20 screenIsOn=true keyguardActive=false policyFlags=2000000 isWakeKey=false
09-03 06:52:18.507  1877  1965 D WindowManager: isAppOnForeground packageName=com.dangbei.tvlauncher and keyCode=20
09-03 06:52:18.507  1877  1965 D WindowManager: interceptKeyTq result=1
09-03 06:52:18.507  1877  1965 E EventHub: getEvents
09-03 06:52:18.508  1877  1964 D WindowManager: interceptKeyTi keyCode=20 down=true repeatCount=0 keyguardOn=false mHomePressed=false canceled=false runScreenSaver=true
09-03 06:52:18.509  1877  1964 D WindowManager: interceptKeyTp result=0
09-03 06:52:18.516  2710  2710 D palaemon_focus: com.dangbei.palaemon.b.e------------------
09-03 06:52:18.516  2710  2710 D palaemon_focus: this: com.dangbei.palaemon.b.e@2d372a38
09-03 06:52:18.516  2710  2710 D palaemon_focus: action: down
09-03 06:52:18.516  2710  2710 D palaemon_focus: mViewGroup: com.dangbei.launcher.control.view.FitCompatibleViewPagerRecyclerView{2d37d088 VFE..... ........ 0,0-1280,720 #7f070265 app:id/layout_second_screen_recycler_view}
09-03 06:52:18.516  2710  2710 D palaemon_focus: mRootView: com.android.internal.policy.impl.PhoneWindow$DecorView{2cb2e1a8 V.E..... R....... 0,0-1280,720}
09-03 06:52:18.516  2710  2710 D palaemon_focus: actionView: null
09-03 06:52:18.516  2710  2710 D palaemon_focus: actionId: -1
09-03 06:52:18.516  2710  2710 D palaemon_focus: findActionViewById: null
09-03 06:52:18.517  2283  2283 D RemoteIME: keycode: 20, realAction: false
09-03 06:52:18.517  2283  2283 D RemoteIME: isChineseTextWithHkb
09-03 06:52:18.527  1877  1964 D WindowManager: Unhandled key: win=Window{2d6da628 u0 com.dangbei.tvlauncher/com.dangbei.launcher.ui.main.MainActivity}, action=0, flags=8, keyCode=20, scanCode=108, metaState=0, repeatCount=0, policyFlags=1107296256
09-03 06:52:18.527  1877  1964 D WindowManager: No fallback.
09-03 06:52:18.576  2543  2837 W ProcessManager: waitpid on failed exec failed: No child processes
09-03 06:52:18.624  2710  4699 I ScreensaverService: 1
09-03 06:52:18.712  1434  1499 I         : ir_user key up (0x6c)
09-03 06:52:18.712  1877  1965 I EventHub: event->deviceId= 3, event->type= 1, event->code= 108, event->value= 0 
09-03 06:52:18.712  1877  1965 I EventHub: after irBlink
09-03 06:52:18.712  1877  1965 D InputReader: processEventsForDeviceLocked
09-03 06:52:18.712  1877  1965 D InputReader: KeyboardInputMapper::process EV_KEY
09-03 06:52:18.712  1877  1965 D KeyLayoutMap: gc: scanCode=108, usageCode=0x00000000 
09-03 06:52:18.712  1877  1965 D KeyLayoutMap: gc: scanCode index =103
09-03 06:52:18.712  1877  1965 D KeyLayoutMap: mapKey: scanCode=108, usageCode=0x00000000 ~ Result keyCode=20, outFlags=0x00000000.
09-03 06:52:18.712  1877  1965 D InputReader: KeyboardInputMapper::process EV_KEY KeyboardOrGamepadKey
09-03 06:52:18.712  1877  1965 D InputReader: KeyboardInputMapper::process EV_SYN
09-03 06:52:18.712  1877  1965 D WindowManager: interceptKeyBeforeQueueing canceled[false]
09-03 06:52:18.713  1877  1965 D WindowManager: interceptKeyTq keycode=20 screenIsOn=true keyguardActive=false policyFlags=2000000 isWakeKey=false
09-03 06:52:18.713  1877  1965 D WindowManager: isAppOnForeground packageName=com.dangbei.tvlauncher and keyCode=20
09-03 06:52:18.713  1877  1965 D WindowManager: interceptKeyTq result=1
09-03 06:52:18.713  1877  1965 E EventHub: getEvents
09-03 06:52:18.714  1877  1964 D WindowManager: interceptKeyTi keyCode=20 down=false repeatCount=0 keyguardOn=false mHomePressed=false canceled=false runScreenSaver=true
09-03 06:52:18.714  1877  1964 D WindowManager: interceptKeyTp result=0
09-03 06:52:18.715  2283  2283 D RemoteIME: keycode: 20, realAction: true
09-03 06:52:18.715  2283  2283 D RemoteIME: isChineseTextWithHkb
09-03 06:52:18.716  1877  1964 D WindowManager: Unhandled key: win=Window{2d6da628 u0 com.dangbei.tvlauncher/com.dangbei.launcher.ui.main.MainActivity}, action=1, flags=8, keyCode=20, scanCode=108, metaState=0, repeatCount=0, policyFlags=1107296256
09-03 06:52:18.716  1877  1964 D WindowManager: No fallback.
09-03 06:52:18.816  2710  4699 I ScreensaverService: 1
09-03 06:52:18.842  2124  2423 D HMW     :  6:52:18|0020977453|Run|DEBUG|    CfgMgr|0x00000977:HMW_configMgr.cpp:2371:HMW_config_read|code:0|enter Android Version,pName=[Device.LAN.DNSServers], gConfigNative=[0].
09-03 06:52:18.842  2124  2423 I HMW     :  6:52:18|0020977456|Run| INFO|    CfgMgr|0x00000977:HMW_configMgr.cpp:2474:HMW_config_read|code:0|Device.LAN.DNSServers Succeed!
09-03 06:52:18.842  2124  2423 D HMW     :  6:52:18|0020977456|Run|DEBUG|    CfgMgr|0x00000977:HMW_configMgr.cpp:2371:HMW_config_read|code:0|enter Android Version,pName=[Device.LAN.DefaultGateway], gConfigNative=[0].
09-03 06:52:18.842  2124  2423 I HMW     :  6:52:18|0020977456|Run| INFO|    CfgMgr|0x00000977:HMW_configMgr.cpp:2474:HMW_config_read|code:0|Device.LAN.DefaultGateway Succeed!
09-03 06:52:18.843  2124  2423 D HMW     :  6:52:18|0020977456|Run|DEBUG|    CfgMgr|0x00000977:HMW_configMgr.cpp:2371:HMW_config_read|code:0|enter Android Version,pName=[Device.LAN.SubnetMask], gConfigNative=[0].
09-03 06:52:18.843  2124  2423 I HMW     :  6:52:18|0020977456|Run| INFO|    CfgMgr|0x00000977:HMW_configMgr.cpp:2474:HMW_config_read|code:0|Device.LAN.SubnetMask Succeed!
09-03 06:52:18.843  2124  2423 D HMW     :  6:52:18|0020977456|Run|DEBUG|    CfgMgr|0x00000977:HMW_configMgr.cpp:2371:HMW_config_read|code:0|enter Android Version,pName=[Device.LAN.IPAddress], gConfigNative=[0].
09-03 06:52:18.843  2124  2423 I HMW     :  6:52:18|0020977456|Run| INFO|    CfgMgr|0x00000977:HMW_configMgr.cpp:2474:HMW_config_read|code:0|Device.LAN.IPAddress Succeed!
09-03 06:52:19.027  3741  3743 D dalvikvm: GC_CONCURRENT freed 2044K, 35% free 8094K/12280K, paused 4ms+5ms, total 69ms
09-03 06:52:19.027  3741  4342 D dalvikvm: WAIT_FOR_CONCURRENT_GC blocked 22ms
09-03 06:52:19.027  3741  4370 D dalvikvm: WAIT_FOR_CONCURRENT_GC blocked 22ms
09-03 06:52:19.187  1434  1499 I         : ir_user key down (0x67)
09-03 06:52:19.187  1877  1965 I EventHub: event->deviceId= 3, event->type= 1, event->code= 103, event->value= 1 
09-03 06:52:19.187  1877  1965 I EventHub: after irBlink
09-03 06:52:19.187  1877  1965 D InputReader: processEventsForDeviceLocked
09-03 06:52:19.187  1877  1965 D InputReader: KeyboardInputMapper::process EV_KEY
09-03 06:52:19.187  1877  1965 D KeyLayoutMap: gc: scanCode=103, usageCode=0x00000000 
09-03 06:52:19.187  1877  1965 D KeyLayoutMap: gc: scanCode index =98
09-03 06:52:19.187  1877  1965 D KeyLayoutMap: mapKey: scanCode=103, usageCode=0x00000000 ~ Result keyCode=19, outFlags=0x00000000.
09-03 06:52:19.187  1877  1965 D InputReader: KeyboardInputMapper::process EV_KEY KeyboardOrGamepadKey
09-03 06:52:19.187  1877  1965 D InputReader: press orientationKey and fadePointer
09-03 06:52:19.187  1877  1965 D InputReader: KeyboardInputMapper::process EV_SYN
09-03 06:52:19.188  1877  1965 D WindowManager: interceptKeyBeforeQueueing canceled[false]
09-03 06:52:19.188  1877  1965 D WindowManager: interceptKeyTq keycode=19 screenIsOn=true keyguardActive=false policyFlags=2000000 isWakeKey=false
09-03 06:52:19.189  1877  1965 D WindowManager: isAppOnForeground packageName=com.dangbei.tvlauncher and keyCode=19
09-03 06:52:19.189  1877  1965 D WindowManager: interceptKeyTq result=1
09-03 06:52:19.189  1877  1965 E EventHub: getEvents
09-03 06:52:19.190  1877  1964 D WindowManager: interceptKeyTi keyCode=19 down=true repeatCount=0 keyguardOn=false mHomePressed=false canceled=false runScreenSaver=true
09-03 06:52:19.190  1877  1964 D WindowManager: interceptKeyTp result=0
09-03 06:52:19.193  2710  2710 D palaemon_focus: com.dangbei.palaemon.b.e------------------
09-03 06:52:19.193  2710  2710 D palaemon_focus: this: com.dangbei.palaemon.b.e@2d372a38
09-03 06:52:19.193  2710  2710 D palaemon_focus: action: up
09-03 06:52:19.193  2710  2710 D palaemon_focus: mViewGroup: com.dangbei.launcher.control.view.FitCompatibleViewPagerRecyclerView{2d37d088 VFE..... ........ 0,0-1280,720 #7f070265 app:id/layout_second_screen_recycler_view}
09-03 06:52:19.193  2710  2710 D palaemon_focus: mRootView: com.android.internal.policy.impl.PhoneWindow$DecorView{2cb2e1a8 V.E..... R....... 0,0-1280,720}
09-03 06:52:19.193  2710  2710 D palaemon_focus: actionView: null
09-03 06:52:19.193  2710  2710 D palaemon_focus: actionId: -1
09-03 06:52:19.193  2710  2710 D palaemon_focus: findActionViewById: null
09-03 06:52:19.194  2283  2283 D RemoteIME: keycode: 19, realAction: false
09-03 06:52:19.194  2283  2283 D RemoteIME: isChineseTextWithHkb
09-03 06:52:19.200  1412  1412 V AudioPolicyManagerBase: FORCE_none: AudioPolicyManagerBase.cpp
09-03 06:52:19.200  1412  1412 V AudioPolicyManagerBase: getDeviceForStrategy() strategy 0, device 2
09-03 06:52:19.200  1412  1412 V AudioPolicyManagerBase: getOutput() device 2, stream 1, samplingRate 0, format 0, channelMask 3, flags 0
09-03 06:52:19.200  1412  1412 V AudioPolicyManagerBase: getOutputsForDevice() device 0002
09-03 06:52:19.200  1412  1412 V AudioPolicyManagerBase: output 0 isDuplicated=0 device=0006
09-03 06:52:19.200  1412  1412 V AudioPolicyManagerBase: getOutputsForDevice() found output 2
09-03 06:52:19.200  1412  1412 V AudioPolicyManagerBase: getOutput() returns output 2
09-03 06:52:19.200  1412  1992 V AudioPolicyManagerBase: FORCE_none: AudioPolicyManagerBase.cpp
09-03 06:52:19.200  1412  1992 V AudioPolicyManagerBase: getDeviceForStrategy() strategy 0, device 2
09-03 06:52:19.200  1412  1992 V AudioPolicyManagerBase: getOutput() device 2, stream 1, samplingRate 0, format 0, channelMask 3, flags 0
09-03 06:52:19.200  1412  1992 V AudioPolicyManagerBase: getOutputsForDevice() device 0002
09-03 06:52:19.200  1412  1992 V AudioPolicyManagerBase: output 0 isDuplicated=0 device=0006
09-03 06:52:19.200  1412  1992 V AudioPolicyManagerBase: getOutputsForDevice() found output 2
09-03 06:52:19.200  1412  1992 V AudioPolicyManagerBase: getOutput() returns output 2
09-03 06:52:19.200  1412  1926 V AudioPolicyManagerBase: FORCE_none: AudioPolicyManagerBase.cpp
09-03 06:52:19.200  1412  1926 V AudioPolicyManagerBase: getDeviceForStrategy() strategy 0, device 2
09-03 06:52:19.200  1412  1926 V AudioPolicyManagerBase: getOutput() device 2, stream 1, samplingRate 48000, format 1, channelMask 3, flags 4
09-03 06:52:19.200  1412  1926 V AudioPolicyManagerBase: getOutputsForDevice() device 0002
09-03 06:52:19.200  1412  1926 V AudioPolicyManagerBase: output 0 isDuplicated=0 device=0006
09-03 06:52:19.200  1412  1926 V AudioPolicyManagerBase: getOutputsForDevice() found output 2
09-03 06:52:19.200  1412  1926 V AudioPolicyManagerBase: getOutput() returns output 2
09-03 06:52:19.202  1412  1412 D AudioPolicyManagerBase: startOutput() output 2, stream 1, session 17
09-03 06:52:19.202  1412  1412 V AudioPolicyManagerBase: changeRefCount() stream 1, count 1
09-03 06:52:19.202  1412  1412 V AudioPolicyManagerBase: FORCE_none: AudioPolicyManagerBase.cpp
09-03 06:52:19.202  1412  1412 V AudioPolicyManagerBase: getDeviceForStrategy() strategy 0, device 2
09-03 06:52:19.202  1412  1412 V AudioPolicyManagerBase: getNewDevice() selected device 2
09-03 06:52:19.202  1412  1412 D AudioPolicyManagerBase: startoutput ->setOutputDevice
09-03 06:52:19.202  1412  1412 V AudioPolicyManagerBase: setOutputDevice() output 2 device 0002 delayMs 0
09-03 06:52:19.202  1412  1412 V AudioPolicyManagerBase: setOutputDevice() prevDevice 0002
09-03 06:52:19.202  1412  1412 V AudioPolicyManagerBase: FORCE_none: AudioPolicyManagerBase.cpp
09-03 06:52:19.202  1412  1412 V AudioPolicyManagerBase: getDeviceForStrategy() strategy 0, device 2
09-03 06:52:19.202  1412  1412 V AudioPolicyManagerBase: getDeviceForStrategy() strategy 1, device 2
09-03 06:52:19.202  1412  1412 V AudioPolicyManagerBase: FORCE_none: AudioPolicyManagerBase.cpp
09-03 06:52:19.202  1412  1412 V AudioPolicyManagerBase: getDeviceForStrategy() strategy 2, device 2
09-03 06:52:19.202  1412  1412 V AudioPolicyManagerBase: FORCE_none: AudioPolicyManagerBase.cpp
09-03 06:52:19.202  1412  1412 V AudioPolicyManagerBase: getDeviceForStrategy() strategy 2, device 2
09-03 06:52:19.202  1412  1412 V AudioPolicyManagerBase: getDeviceForStrategy() strategy 3, device 2
09-03 06:52:19.202  1412  1412 V AudioPolicyManagerBase: FORCE_none: AudioPolicyManagerBase.cpp
09-03 06:52:19.202  1412  1412 V AudioPolicyManagerBase: getDeviceForStrategy() strategy 0, device 2
09-03 06:52:19.202  1412  1412 V AudioPolicyManagerBase: getDeviceForStrategy() strategy 4, device 2
09-03 06:52:19.202  1412  1412 V AudioPolicyManagerBase: FORCE_none: AudioPolicyManagerBase.cpp
09-03 06:52:19.202  1412  1412 V AudioPolicyManagerBase: getDeviceForStrategy() strategy 5, device 2
09-03 06:52:19.202  1412  1412 V AudioPolicyManagerBase: setOutputDevice() setting same device 0002 or null device for output 2
09-03 06:52:19.202  1412  1412 V AudioPolicyManagerBase: VOLUME vol index=[1 20 33], dB=[-24.0 -20.4 -18.0] ampl=0.09509
09-03 06:52:19.202  1412  1412 D AudioPolicyManagerBase: AudioPolicyManagerBase::checkAndSetVolume 3,0.040000
09-03 06:52:19.204  1412  1910 V AudioPolicyManagerBase: releaseOutput() 2
09-03 06:52:19.237  1877  2150 D InputMethodManagerService: --- calledFromForegroundUserOrSystemProcess ? calling uid = 10034 system uid = 1000 calling userId = 0, foreground user id = 0, calling pid = 2710com.android.server.InputMethodManagerService.startInput(InputMethodManagerService.java:1259)
09-03 06:52:19.237  1877  2203 D InputMethodManagerService: hide the small icon for the input method
09-03 06:52:19.298  2710  4699 I ScreensaverService: 1
09-03 06:52:19.397  1434  1499 I         : ir_user key up (0x67)
09-03 06:52:19.397  1877  1965 I EventHub: event->deviceId= 3, event->type= 1, event->code= 103, event->value= 0 
09-03 06:52:19.397  1877  1965 I EventHub: after irBlink
09-03 06:52:19.397  1877  1965 D InputReader: processEventsForDeviceLocked
09-03 06:52:19.397  1877  1965 D InputReader: KeyboardInputMapper::process EV_KEY
09-03 06:52:19.397  1877  1965 D KeyLayoutMap: gc: scanCode=103, usageCode=0x00000000 
09-03 06:52:19.397  1877  1965 D KeyLayoutMap: gc: scanCode index =98
09-03 06:52:19.397  1877  1965 D KeyLayoutMap: mapKey: scanCode=103, usageCode=0x00000000 ~ Result keyCode=19, outFlags=0x00000000.
09-03 06:52:19.397  1877  1965 D InputReader: KeyboardInputMapper::process EV_KEY KeyboardOrGamepadKey
09-03 06:52:19.397  1877  1965 D InputReader: KeyboardInputMapper::process EV_SYN
09-03 06:52:19.398  1877  1965 D WindowManager: interceptKeyBeforeQueueing canceled[false]
09-03 06:52:19.399  1877  1965 D WindowManager: interceptKeyTq keycode=19 screenIsOn=true keyguardActive=false policyFlags=2000000 isWakeKey=false
09-03 06:52:19.399  1877  1965 D WindowManager: isAppOnForeground packageName=com.dangbei.tvlauncher and keyCode=19
09-03 06:52:19.400  1877  1965 D WindowManager: interceptKeyTq result=1
09-03 06:52:19.400  1877  1965 E EventHub: getEvents
09-03 06:52:19.400  1877  1964 D WindowManager: interceptKeyTi keyCode=19 down=false repeatCount=0 keyguardOn=false mHomePressed=false canceled=false runScreenSaver=true
09-03 06:52:19.400  1877  1964 D WindowManager: interceptKeyTp result=0
09-03 06:52:19.405  2283  2283 D RemoteIME: keycode: 19, realAction: true
09-03 06:52:19.405  2283  2283 D RemoteIME: isChineseTextWithHkb
09-03 06:52:19.407  2710  2710 D InputEventConsistencyVerifier: KeyEvent: ACTION_UP but key was not down.
09-03 06:52:19.407  2710  2710 D InputEventConsistencyVerifier:   in com.dangbei.launcher.control.view.FitGeneralItemView{2d7cd090 VFE....L .F...... 699,275-932,498 #7f070071 app:id/adapter_app_list_item_8}
09-03 06:52:19.407  2710  2710 D InputEventConsistencyVerifier:   0: sent at 20991066000000, KeyEvent { action=ACTION_UP, keyCode=KEYCODE_DPAD_UP, scanCode=103, metaState=0, flags=0x8, repeatCount=0, eventTime=20991066, downTime=20990856, deviceId=3, source=0x701 }
09-03 06:52:19.507  2710  4699 I ScreensaverService: 1
09-03 06:52:19.617  1434  1499 I         : ir_user key down (0x69)
09-03 06:52:19.618  1877  1965 I EventHub: event->deviceId= 3, event->type= 1, event->code= 105, event->value= 1 
09-03 06:52:19.618  1877  1965 I EventHub: after irBlink
09-03 06:52:19.618  1877  1965 D InputReader: processEventsForDeviceLocked
09-03 06:52:19.618  1877  1965 D InputReader: KeyboardInputMapper::process EV_KEY
09-03 06:52:19.618  1877  1965 D KeyLayoutMap: gc: scanCode=105, usageCode=0x00000000 
09-03 06:52:19.618  1877  1965 D KeyLayoutMap: gc: scanCode index =100
09-03 06:52:19.618  1877  1965 D KeyLayoutMap: mapKey: scanCode=105, usageCode=0x00000000 ~ Result keyCode=21, outFlags=0x00000000.
09-03 06:52:19.618  1877  1965 D InputReader: KeyboardInputMapper::process EV_KEY KeyboardOrGamepadKey
09-03 06:52:19.618  1877  1965 D InputReader: press orientationKey and fadePointer
09-03 06:52:19.618  1877  1965 D InputReader: KeyboardInputMapper::process EV_SYN
09-03 06:52:19.618  1877  1965 D WindowManager: interceptKeyBeforeQueueing canceled[false]
09-03 06:52:19.619  1877  1965 D WindowManager: interceptKeyTq keycode=21 screenIsOn=true keyguardActive=false policyFlags=2000000 isWakeKey=false
09-03 06:52:19.620  1877  1965 D WindowManager: isAppOnForeground packageName=com.dangbei.tvlauncher and keyCode=21
09-03 06:52:19.620  1877  1965 D WindowManager: interceptKeyTq result=1
09-03 06:52:19.620  1877  1965 E EventHub: getEvents
09-03 06:52:19.621  1877  1964 D WindowManager: interceptKeyTi keyCode=21 down=true repeatCount=0 keyguardOn=false mHomePressed=false canceled=false runScreenSaver=true
09-03 06:52:19.621  1877  1964 D WindowManager: interceptKeyTp result=0
09-03 06:52:19.621  2710  2710 D palaemon_focus: com.dangbei.palaemon.b.e------------------
09-03 06:52:19.621  2710  2710 D palaemon_focus: this: com.dangbei.palaemon.b.e@2d372a38
09-03 06:52:19.621  2710  2710 D palaemon_focus: action: left
09-03 06:52:19.621  2710  2710 D palaemon_focus: mViewGroup: com.dangbei.launcher.control.view.FitCompatibleViewPagerRecyclerView{2d37d088 VFE..... ........ 0,0-1280,720 #7f070265 app:id/layout_second_screen_recycler_view}
09-03 06:52:19.621  2710  2710 D palaemon_focus: mRootView: com.android.internal.policy.impl.PhoneWindow$DecorView{2cb2e1a8 V.E..... R....... 0,0-1280,720}
09-03 06:52:19.621  2710  2710 D palaemon_focus: actionView: null
09-03 06:52:19.621  2710  2710 D palaemon_focus: actionId: -1
09-03 06:52:19.621  2710  2710 D palaemon_focus: findActionViewById: null
09-03 06:52:19.622  2283  2283 D RemoteIME: keycode: 21, realAction: false
09-03 06:52:19.622  2283  2283 D RemoteIME: isChineseTextWithHkb
09-03 06:52:19.628  1412  4813 V AudioPolicyManagerBase: FORCE_none: AudioPolicyManagerBase.cpp
09-03 06:52:19.628  1412  4813 V AudioPolicyManagerBase: getDeviceForStrategy() strategy 0, device 2
09-03 06:52:19.628  1412  4813 V AudioPolicyManagerBase: getOutput() device 2, stream 1, samplingRate 0, format 0, channelMask 3, flags 0
09-03 06:52:19.629  1412  4813 V AudioPolicyManagerBase: getOutputsForDevice() device 0002
09-03 06:52:19.629  1412  4813 V AudioPolicyManagerBase: output 0 isDuplicated=0 device=0006
09-03 06:52:19.629  1412  4813 V AudioPolicyManagerBase: getOutputsForDevice() found output 2
09-03 06:52:19.629  1412  4813 V AudioPolicyManagerBase: getOutput() returns output 2
09-03 06:52:19.629  1412  1412 V AudioPolicyManagerBase: FORCE_none: AudioPolicyManagerBase.cpp
09-03 06:52:19.629  1412  1412 V AudioPolicyManagerBase: getDeviceForStrategy() strategy 0, device 2
09-03 06:52:19.629  1412  1412 V AudioPolicyManagerBase: getOutput() device 2, stream 1, samplingRate 0, format 0, channelMask 3, flags 0
09-03 06:52:19.629  1412  1412 V AudioPolicyManagerBase: getOutputsForDevice() device 0002
09-03 06:52:19.629  1412  1412 V AudioPolicyManagerBase: output 0 isDuplicated=0 device=0006
09-03 06:52:19.629  1412  1412 V AudioPolicyManagerBase: getOutputsForDevice() found output 2
09-03 06:52:19.629  1412  1412 V AudioPolicyManagerBase: getOutput() returns output 2
09-03 06:52:19.629  1412  1926 V AudioPolicyManagerBase: FORCE_none: AudioPolicyManagerBase.cpp
09-03 06:52:19.629  1412  1926 V AudioPolicyManagerBase: getDeviceForStrategy() strategy 0, device 2
09-03 06:52:19.629  1412  1926 V AudioPolicyManagerBase: getOutput() device 2, stream 1, samplingRate 48000, format 1, channelMask 3, flags 4
09-03 06:52:19.629  1412  1926 V AudioPolicyManagerBase: getOutputsForDevice() device 0002
09-03 06:52:19.629  1412  1926 V AudioPolicyManagerBase: output 0 isDuplicated=0 device=0006
09-03 06:52:19.629  1412  1926 V AudioPolicyManagerBase: getOutputsForDevice() found output 2
09-03 06:52:19.629  1412  1926 V AudioPolicyManagerBase: getOutput() returns output 2
09-03 06:52:19.630  1412  4813 D AudioPolicyManagerBase: startOutput() output 2, stream 1, session 18
09-03 06:52:19.630  1412  4813 V AudioPolicyManagerBase: changeRefCount() stream 1, count 2
09-03 06:52:19.631  1412  1910 V AudioPolicyManagerBase: releaseOutput() 2
09-03 06:52:19.662  1877  2271 D InputMethodManagerService: --- calledFromForegroundUserOrSystemProcess ? calling uid = 10034 system uid = 1000 calling userId = 0, foreground user id = 0, calling pid = 2710com.android.server.InputMethodManagerService.startInput(InputMethodManagerService.java:1259)
09-03 06:52:19.663  1877  1890 D InputMethodManagerService: hide the small icon for the input method
09-03 06:52:19.718  1434  1499 I         : ir_user key up (0x69)
09-03 06:52:19.718  1877  1965 I EventHub: event->deviceId= 3, event->type= 1, event->code= 105, event->value= 0 
09-03 06:52:19.718  1877  1965 I EventHub: after irBlink
09-03 06:52:19.718  1877  1965 D InputReader: processEventsForDeviceLocked
09-03 06:52:19.718  1877  1965 D InputReader: KeyboardInputMapper::process EV_KEY
09-03 06:52:19.718  1877  1965 D KeyLayoutMap: gc: scanCode=105, usageCode=0x00000000 
09-03 06:52:19.718  1877  1965 D KeyLayoutMap: gc: scanCode index =100
09-03 06:52:19.718  1877  1965 D KeyLayoutMap: mapKey: scanCode=105, usageCode=0x00000000 ~ Result keyCode=21, outFlags=0x00000000.
09-03 06:52:19.718  1877  1965 D InputReader: KeyboardInputMapper::process EV_KEY KeyboardOrGamepadKey
09-03 06:52:19.718  1877  1965 D InputReader: KeyboardInputMapper::process EV_SYN
09-03 06:52:19.719  1877  1965 D WindowManager: interceptKeyBeforeQueueing canceled[false]
09-03 06:52:19.719  1877  1965 D WindowManager: interceptKeyTq keycode=21 screenIsOn=true keyguardActive=false policyFlags=2000000 isWakeKey=false
09-03 06:52:19.720  1877  1965 D WindowManager: isAppOnForeground packageName=com.dangbei.tvlauncher and keyCode=21
09-03 06:52:19.720  1877  1965 D WindowManager: interceptKeyTq result=1
09-03 06:52:19.720  1877  1965 E EventHub: getEvents
09-03 06:52:19.721  1877  1964 D WindowManager: interceptKeyTi keyCode=21 down=false repeatCount=0 keyguardOn=false mHomePressed=false canceled=false runScreenSaver=true
09-03 06:52:19.721  1877  1964 D WindowManager: interceptKeyTp result=0
09-03 06:52:19.722  2283  2283 D RemoteIME: keycode: 21, realAction: true
