09-03 06:16:59.466  1877  1942 D NetworkManagementService: notifyInterfaceLinkStateChanged wlan0 false
09-03 06:17:04.810  2272  2347 W ContextImpl: Calling a method in the system process without a qualified user: android.app.ContextImpl.startService:1694 android.content.ContextWrapper.startService:494 com.iflytek.xirihelpersupervisor.service.DaemonService$2.run:129 android.os.Handler.handleCallback:733 android.os.Handler.dispatchMessage:95 
09-03 06:17:04.811  1877  2244 W ActivityManager: Unable to start service Intent { act=com.iflytek.xiri2.helperService } U=0: not found
09-03 06:17:14.477  1877  1942 D NetworkManagementService: notifyInterfaceLinkStateChanged wlan0 false
09-03 06:17:20.441  1877  1986 D ConnectivityService: Sampling interval elapsed, updating statistics ..
09-03 06:17:20.444  1877  1986 D ConnectivityService: Done.
09-03 06:17:20.445  1877  1986 D ConnectivityService: Setting timer for 30seconds
09-03 06:17:29.491  1877  1942 D NetworkManagementService: notifyInterfaceLinkStateChanged wlan0 false
09-03 06:17:44.511  1877  1942 D NetworkManagementService: notifyInterfaceLinkStateChanged wlan0 false
09-03 06:17:59.513  1877  1942 D NetworkManagementService: notifyInterfaceLinkStateChanged wlan0 false
09-03 06:18:04.879  2272  2347 W ContextImpl: Calling a method in the system process without a qualified user: android.app.ContextImpl.startService:1694 android.content.ContextWrapper.startService:494 com.iflytek.xirihelpersupervisor.service.DaemonService$2.run:129 android.os.Handler.handleCallback:733 android.os.Handler.dispatchMessage:95 
09-03 06:18:04.880  1877  2270 W ActivityManager: Unable to start service Intent { act=com.iflytek.xiri2.helperService } U=0: not found
09-03 06:18:11.284  1877  1986 D ConnectivityService: Sampling interval elapsed, updating statistics ..
09-03 06:18:11.289  1877  1986 D ConnectivityService: Done.
09-03 06:18:11.289  1877  1986 D ConnectivityService: Setting timer for 30seconds
09-03 06:18:14.531  1877  1942 D NetworkManagementService: notifyInterfaceLinkStateChanged wlan0 false
09-03 06:18:29.534  1877  1942 D NetworkManagementService: notifyInterfaceLinkStateChanged wlan0 false
09-03 06:18:41.294  1877  1986 D ConnectivityService: Sampling interval elapsed, updating statistics ..
09-03 06:18:41.298  1877  1986 D ConnectivityService: Done.
09-03 06:18:41.298  1877  1986 D ConnectivityService: Setting timer for 30seconds
09-03 06:18:44.553  1877  1942 D NetworkManagementService: notifyInterfaceLinkStateChanged wlan0 false
09-03 06:18:59.569  1877  1942 D NetworkManagementService: notifyInterfaceLinkStateChanged wlan0 false
09-03 06:19:04.956  2272  2347 W ContextImpl: Calling a method in the system process without a qualified user: android.app.ContextImpl.startService:1694 android.content.ContextWrapper.startService:494 com.iflytek.xirihelpersupervisor.service.DaemonService$2.run:129 android.os.Handler.handleCallback:733 android.os.Handler.dispatchMessage:95 
09-03 06:19:04.958  1877  2245 W ActivityManager: Unable to start service Intent { act=com.iflytek.xiri2.helperService } U=0: not found
09-03 06:19:11.302  1877  1986 D ConnectivityService: Sampling interval elapsed, updating statistics ..
09-03 06:19:11.307  1877  1986 D ConnectivityService: Done.
09-03 06:19:11.307  1877  1986 D ConnectivityService: Setting timer for 30seconds
09-03 06:19:14.573  1877  1942 D NetworkManagementService: notifyInterfaceLinkStateChanged wlan0 false
09-03 06:19:29.578  1877  1942 D NetworkManagementService: notifyInterfaceLinkStateChanged wlan0 false
09-03 06:19:41.310  1877  1986 D ConnectivityService: Sampling interval elapsed, updating statistics ..
09-03 06:19:41.313  1877  1986 D ConnectivityService: Done.
09-03 06:19:41.313  1877  1986 D ConnectivityService: Setting timer for 30seconds
09-03 06:19:44.598  1877  1942 D NetworkManagementService: notifyInterfaceLinkStateChanged wlan0 false
09-03 06:19:59.612  1877  1942 D NetworkManagementService: notifyInterfaceLinkStateChanged wlan0 false
09-03 06:20:05.023  2272  2347 W ContextImpl: Calling a method in the system process without a qualified user: android.app.ContextImpl.startService:1694 android.content.ContextWrapper.startService:494 com.iflytek.xirihelpersupervisor.service.DaemonService$2.run:129 android.os.Handler.handleCallback:733 android.os.Handler.dispatchMessage:95 
09-03 06:20:05.025  1877  2177 W ActivityManager: Unable to start service Intent { act=com.iflytek.xiri2.helperService } U=0: not found
09-03 06:20:11.316  1877  1986 D ConnectivityService: Sampling interval elapsed, updating statistics ..
09-03 06:20:11.319  1877  1986 D ConnectivityService: Done.
09-03 06:20:11.319  1877  1986 D ConnectivityService: Setting timer for 30seconds
09-03 06:20:14.639  1877  1942 D NetworkManagementService: notifyInterfaceLinkStateChanged wlan0 false
09-03 06:20:29.629  1877  1942 D NetworkManagementService: notifyInterfaceLinkStateChanged wlan0 false
09-03 06:20:41.327  1877  1986 D ConnectivityService: Sampling interval elapsed, updating statistics ..
09-03 06:20:41.332  1877  1986 D ConnectivityService: Done.
09-03 06:20:41.332  1877  1986 D ConnectivityService: Setting timer for 30seconds
09-03 06:20:44.649  1877  1942 D NetworkManagementService: notifyInterfaceLinkStateChanged wlan0 false
09-03 06:20:59.663  1877  1942 D NetworkManagementService: notifyInterfaceLinkStateChanged wlan0 false
09-03 06:21:05.090  2272  2347 W ContextImpl: Calling a method in the system process without a qualified user: android.app.ContextImpl.startService:1694 android.content.ContextWrapper.startService:494 com.iflytek.xirihelpersupervisor.service.DaemonService$2.run:129 android.os.Handler.handleCallback:733 android.os.Handler.dispatchMessage:95 
09-03 06:21:05.092  1877  2228 W ActivityManager: Unable to start service Intent { act=com.iflytek.xiri2.helperService } U=0: not found
09-03 06:21:11.334  1877  1986 D ConnectivityService: Sampling interval elapsed, updating statistics ..
09-03 06:21:11.338  1877  1986 D ConnectivityService: Done.
09-03 06:21:11.338  1877  1986 D ConnectivityService: Setting timer for 30seconds
09-03 06:21:14.676  1877  1942 D NetworkManagementService: notifyInterfaceLinkStateChanged wlan0 false
09-03 06:21:29.697  1877  1942 D NetworkManagementService: notifyInterfaceLinkStateChanged wlan0 false
09-03 06:21:41.342  1877  1986 D ConnectivityService: Sampling interval elapsed, updating statistics ..
09-03 06:21:41.346  1877  1986 D ConnectivityService: Done.
09-03 06:21:41.346  1877  1986 D ConnectivityService: Setting timer for 30seconds
09-03 06:21:44.703  1877  1942 D NetworkManagementService: notifyInterfaceLinkStateChanged wlan0 false
09-03 06:21:59.711  1877  1942 D NetworkManagementService: notifyInterfaceLinkStateChanged wlan0 false
09-03 06:22:05.158  2272  2347 W ContextImpl: Calling a method in the system process without a qualified user: android.app.ContextImpl.startService:1694 android.content.ContextWrapper.startService:494 com.iflytek.xirihelpersupervisor.service.DaemonService$2.run:129 android.os.Handler.handleCallback:733 android.os.Handler.dispatchMessage:95 
09-03 06:22:05.160  1877  2177 W ActivityManager: Unable to start service Intent { act=com.iflytek.xiri2.helperService } U=0: not found
09-03 06:22:11.350  1877  1986 D ConnectivityService: Sampling interval elapsed, updating statistics ..
09-03 06:22:11.354  1877  1986 D ConnectivityService: Done.
09-03 06:22:11.354  1877  1986 D ConnectivityService: Setting timer for 30seconds
09-03 06:22:14.738  1877  1942 D NetworkManagementService: notifyInterfaceLinkStateChanged wlan0 false
09-03 06:22:29.734  1877  1942 D NetworkManagementService: notifyInterfaceLinkStateChanged wlan0 false
09-03 06:22:32.025  1877  1942 D NetworkManagementService: notifyInterfaceLinkStateChanged wlan0 false
09-03 06:22:44.754  1877  1942 D NetworkManagementService: notifyInterfaceLinkStateChanged wlan0 false
09-03 06:22:58.994  1877  1986 D ConnectivityService: Sampling interval elapsed, updating statistics ..
09-03 06:22:58.999  1877  1986 D ConnectivityService: Done.
09-03 06:22:58.999  1877  1986 D ConnectivityService: Setting timer for 30seconds
09-03 06:22:59.761  1877  1942 D NetworkManagementService: notifyInterfaceLinkStateChanged wlan0 false
09-03 06:23:05.225  2272  2347 W ContextImpl: Calling a method in the system process without a qualified user: android.app.ContextImpl.startService:1694 android.content.ContextWrapper.startService:494 com.iflytek.xirihelpersupervisor.service.DaemonService$2.run:129 android.os.Handler.handleCallback:733 android.os.Handler.dispatchMessage:95 
09-03 06:23:05.227  1877  2177 W ActivityManager: Unable to start service Intent { act=com.iflytek.xiri2.helperService } U=0: not found
09-03 06:23:14.781  1877  1942 D NetworkManagementService: notifyInterfaceLinkStateChanged wlan0 false
09-03 06:23:29.002  1877  1986 D ConnectivityService: Sampling interval elapsed, updating statistics ..
09-03 06:23:29.005  1877  1986 D ConnectivityService: Done.
09-03 06:23:29.005  1877  1986 D ConnectivityService: Setting timer for 30seconds
09-03 06:23:29.800  1877  1942 D NetworkManagementService: notifyInterfaceLinkStateChanged wlan0 false
09-03 06:23:44.804  1877  1942 D NetworkManagementService: notifyInterfaceLinkStateChanged wlan0 false
09-03 06:23:59.008  1877  1986 D ConnectivityService: Sampling interval elapsed, updating statistics ..
09-03 06:23:59.011  1877  1986 D ConnectivityService: Done.
09-03 06:23:59.011  1877  1986 D ConnectivityService: Setting timer for 30seconds
09-03 06:23:59.817  1877  1942 D NetworkManagementService: notifyInterfaceLinkStateChanged wlan0 false
09-03 06:24:05.293  2272  2347 W ContextImpl: Calling a method in the system process without a qualified user: android.app.ContextImpl.startService:1694 android.content.ContextWrapper.startService:494 com.iflytek.xirihelpersupervisor.service.DaemonService$2.run:129 android.os.Handler.handleCallback:733 android.os.Handler.dispatchMessage:95 
09-03 06:24:05.295  1877  1957 W ActivityManager: Unable to start service Intent { act=com.iflytek.xiri2.helperService } U=0: not found
09-03 06:24:14.843  1877  1942 D NetworkManagementService: notifyInterfaceLinkStateChanged wlan0 false
09-03 06:24:29.015  1877  1986 D ConnectivityService: Sampling interval elapsed, updating statistics ..
09-03 06:24:29.019  1877  1986 D ConnectivityService: Done.
09-03 06:24:29.020  1877  1986 D ConnectivityService: Setting timer for 30seconds
09-03 06:24:29.840  1877  1942 D NetworkManagementService: notifyInterfaceLinkStateChanged wlan0 false
09-03 06:24:44.866  1877  1942 D NetworkManagementService: notifyInterfaceLinkStateChanged wlan0 false
09-03 06:24:59.872  1877  1942 D NetworkManagementService: notifyInterfaceLinkStateChanged wlan0 false
09-03 06:25:05.360  2272  2347 W ContextImpl: Calling a method in the system process without a qualified user: android.app.ContextImpl.startService:1694 android.content.ContextWrapper.startService:494 com.iflytek.xirihelpersupervisor.service.DaemonService$2.run:129 android.os.Handler.handleCallback:733 android.os.Handler.dispatchMessage:95 
09-03 06:25:05.362  1877  2151 W ActivityManager: Unable to start service Intent { act=com.iflytek.xiri2.helperService } U=0: not found
09-03 06:25:09.552  1877  1986 D ConnectivityService: Sampling interval elapsed, updating statistics ..
09-03 06:25:09.559  1877  1986 D ConnectivityService: Done.
09-03 06:25:09.559  1877  1986 D ConnectivityService: Setting timer for 30seconds
09-03 06:25:11.218  1877  1942 D NetworkManagementService: notifyInterfaceLinkStateChanged wlan0 false
09-03 06:25:14.878  1877  1942 D NetworkManagementService: notifyInterfaceLinkStateChanged wlan0 false
09-03 06:25:29.898  1877  1942 D NetworkManagementService: notifyInterfaceLinkStateChanged wlan0 false
09-03 06:25:39.562  1877  1986 D ConnectivityService: Sampling interval elapsed, updating statistics ..
09-03 06:25:39.565  1877  1986 D ConnectivityService: Done.
09-03 06:25:39.565  1877  1986 D ConnectivityService: Setting timer for 30seconds
09-03 06:25:44.907  1877  1942 D NetworkManagementService: notifyInterfaceLinkStateChanged wlan0 false
09-03 06:25:59.918  1877  1942 D NetworkManagementService: notifyInterfaceLinkStateChanged wlan0 false
09-03 06:26:05.430  2272  2347 W ContextImpl: Calling a method in the system process without a qualified user: android.app.ContextImpl.startService:1694 android.content.ContextWrapper.startService:494 com.iflytek.xirihelpersupervisor.service.DaemonService$2.run:129 android.os.Handler.handleCallback:733 android.os.Handler.dispatchMessage:95 
09-03 06:26:05.432  1877  2244 W ActivityManager: Unable to start service Intent { act=com.iflytek.xiri2.helperService } U=0: not found
09-03 06:26:09.571  1877  1986 D ConnectivityService: Sampling interval elapsed, updating statistics ..
09-03 06:26:09.575  1877  1986 D ConnectivityService: Done.
09-03 06:26:09.575  1877  1986 D ConnectivityService: Setting timer for 30seconds
09-03 06:26:14.932  1877  1942 D NetworkManagementService: notifyInterfaceLinkStateChanged wlan0 false
09-03 06:26:29.936  1877  1942 D NetworkManagementService: notifyInterfaceLinkStateChanged wlan0 false
09-03 06:26:39.578  1877  1986 D ConnectivityService: Sampling interval elapsed, updating statistics ..
09-03 06:26:39.582  1877  1986 D ConnectivityService: Done.
09-03 06:26:39.582  1877  1986 D ConnectivityService: Setting timer for 30seconds
09-03 06:26:44.965  1877  1942 D NetworkManagementService: notifyInterfaceLinkStateChanged wlan0 false
09-03 06:26:59.958  1877  1942 D NetworkManagementService: notifyInterfaceLinkStateChanged wlan0 false
09-03 06:27:05.498  2272  2347 W ContextImpl: Calling a method in the system process without a qualified user: android.app.ContextImpl.startService:1694 android.content.ContextWrapper.startService:494 com.iflytek.xirihelpersupervisor.service.DaemonService$2.run:129 android.os.Handler.handleCallback:733 android.os.Handler.dispatchMessage:95 
09-03 06:27:05.499  1877  2176 W ActivityManager: Unable to start service Intent { act=com.iflytek.xiri2.helperService } U=0: not found
09-03 06:27:14.985  1877  1942 D NetworkManagementService: notifyInterfaceLinkStateChanged wlan0 false
09-03 06:27:20.396  1877  1986 D ConnectivityService: Sampling interval elapsed, updating statistics ..
09-03 06:27:20.402  1877  1986 D ConnectivityService: Done.
09-03 06:27:20.402  1877  1986 D ConnectivityService: Setting timer for 30seconds
09-03 06:27:30.006  1877  1942 D NetworkManagementService: notifyInterfaceLinkStateChanged wlan0 false
09-03 06:27:45.007  1877  1942 D NetworkManagementService: notifyInterfaceLinkStateChanged wlan0 false
09-03 06:27:50.405  1877  1986 D ConnectivityService: Sampling interval elapsed, updating statistics ..
09-03 06:27:50.409  1877  1986 D ConnectivityService: Done.
09-03 06:27:50.410  1877  1986 D ConnectivityService: Setting timer for 30seconds
09-03 06:28:00.013  1877  1942 D NetworkManagementService: notifyInterfaceLinkStateChanged wlan0 false
09-03 06:28:05.565  2272  2347 W ContextImpl: Calling a method in the system process without a qualified user: android.app.ContextImpl.startService:1694 android.content.ContextWrapper.startService:494 com.iflytek.xirihelpersupervisor.service.DaemonService$2.run:129 android.os.Handler.handleCallback:733 android.os.Handler.dispatchMessage:95 
09-03 06:28:05.566  1877  1959 W ActivityManager: Unable to start service Intent { act=com.iflytek.xiri2.helperService } U=0: not found
09-03 06:28:15.034  1877  1942 D NetworkManagementService: notifyInterfaceLinkStateChanged wlan0 false
09-03 06:28:20.413  1877  1986 D ConnectivityService: Sampling interval elapsed, updating statistics ..
09-03 06:28:20.417  1877  1986 D ConnectivityService: Done.
09-03 06:28:20.417  1877  1986 D ConnectivityService: Setting timer for 30seconds
09-03 06:28:30.031  1877  1942 D NetworkManagementService: notifyInterfaceLinkStateChanged wlan0 false
09-03 06:28:45.073  1877  1942 D NetworkManagementService: notifyInterfaceLinkStateChanged wlan0 false
09-03 06:28:50.420  1877  1986 D ConnectivityService: Sampling interval elapsed, updating statistics ..
09-03 06:28:50.423  1877  1986 D ConnectivityService: Done.
09-03 06:28:50.423  1877  1986 D ConnectivityService: Setting timer for 30seconds
09-03 06:29:00.060  1877  1942 D NetworkManagementService: notifyInterfaceLinkStateChanged wlan0 false
09-03 06:29:05.629  2272  2347 W ContextImpl: Calling a method in the system process without a qualified user: android.app.ContextImpl.startService:1694 android.content.ContextWrapper.startService:494 com.iflytek.xirihelpersupervisor.service.DaemonService$2.run:129 android.os.Handler.handleCallback:733 android.os.Handler.dispatchMessage:95 
09-03 06:29:05.631  1877  2151 W ActivityManager: Unable to start service Intent { act=com.iflytek.xiri2.helperService } U=0: not found
09-03 06:29:15.089  1877  1942 D NetworkManagementService: notifyInterfaceLinkStateChanged wlan0 false
09-03 06:29:20.426  1877  1986 D ConnectivityService: Sampling interval elapsed, updating statistics ..
09-03 06:29:20.429  1877  1986 D ConnectivityService: Done.
09-03 06:29:20.429  1877  1986 D ConnectivityService: Setting timer for 30seconds
09-03 06:29:30.094  1877  1942 D NetworkManagementService: notifyInterfaceLinkStateChanged wlan0 false
09-03 06:29:45.101  1877  1942 D NetworkManagementService: notifyInterfaceLinkStateChanged wlan0 false
09-03 06:29:50.432  1877  1986 D ConnectivityService: Sampling interval elapsed, updating statistics ..
09-03 06:29:50.435  1877  1986 D ConnectivityService: Done.
09-03 06:29:50.435  1877  1986 D ConnectivityService: Setting timer for 30seconds
09-03 06:30:00.123  1877  1942 D NetworkManagementService: notifyInterfaceLinkStateChanged wlan0 false
09-03 06:30:05.697  2272  2347 W ContextImpl: Calling a method in the system process without a qualified user: android.app.ContextImpl.startService:1694 android.content.ContextWrapper.startService:494 com.iflytek.xirihelpersupervisor.service.DaemonService$2.run:129 android.os.Handler.handleCallback:733 android.os.Handler.dispatchMessage:95 
09-03 06:30:05.699  1877  2270 W ActivityManager: Unable to start service Intent { act=com.iflytek.xiri2.helperService } U=0: not found
09-03 06:30:15.133  1877  1942 D NetworkManagementService: notifyInterfaceLinkStateChanged wlan0 false
09-03 06:30:20.442  1877  1986 D ConnectivityService: Sampling interval elapsed, updating statistics ..
09-03 06:30:20.446  1877  1986 D ConnectivityService: Done.
09-03 06:30:20.446  1877  1986 D ConnectivityService: Setting timer for 30seconds
09-03 06:30:22.089  1877  1942 D NetworkManagementService: notifyInterfaceLinkStateChanged wlan0 false
09-03 06:30:30.142  1877  1942 D NetworkManagementService: notifyInterfaceLinkStateChanged wlan0 false
09-03 06:30:45.162  1877  1942 D NetworkManagementService: notifyInterfaceLinkStateChanged wlan0 false
09-03 06:30:50.450  1877  1986 D ConnectivityService: Sampling interval elapsed, updating statistics ..
09-03 06:30:50.454  1877  1986 D ConnectivityService: Done.
09-03 06:30:50.454  1877  1986 D ConnectivityService: Setting timer for 30seconds
09-03 06:31:00.161  1877  1942 D NetworkManagementService: notifyInterfaceLinkStateChanged wlan0 false
09-03 06:31:05.762  2272  2347 W ContextImpl: Calling a method in the system process without a qualified user: android.app.ContextImpl.startService:1694 android.content.ContextWrapper.startService:494 com.iflytek.xirihelpersupervisor.service.DaemonService$2.run:129 android.os.Handler.handleCallback:733 android.os.Handler.dispatchMessage:95 
09-03 06:31:05.764  1877  2244 W ActivityManager: Unable to start service Intent { act=com.iflytek.xiri2.helperService } U=0: not found
09-03 06:31:15.170  1877  1942 D NetworkManagementService: notifyInterfaceLinkStateChanged wlan0 false
09-03 06:31:20.457  1877  1986 D ConnectivityService: Sampling interval elapsed, updating statistics ..
09-03 06:31:20.461  1877  1986 D ConnectivityService: Done.
09-03 06:31:20.461  1877  1986 D ConnectivityService: Setting timer for 30seconds
09-03 06:31:30.177  1877  1942 D NetworkManagementService: notifyInterfaceLinkStateChanged wlan0 false
09-03 06:31:45.198  1877  1942 D NetworkManagementService: notifyInterfaceLinkStateChanged wlan0 false
09-03 06:31:50.464  1877  1986 D ConnectivityService: Sampling interval elapsed, updating statistics ..
09-03 06:31:50.468  1877  1986 D ConnectivityService: Done.
09-03 06:31:50.468  1877  1986 D ConnectivityService: Setting timer for 30seconds
09-03 06:32:00.209  1877  1942 D NetworkManagementService: notifyInterfaceLinkStateChanged wlan0 false
09-03 06:32:05.829  2272  2347 W ContextImpl: Calling a method in the system process without a qualified user: android.app.ContextImpl.startService:1694 android.content.ContextWrapper.startService:494 com.iflytek.xirihelpersupervisor.service.DaemonService$2.run:129 android.os.Handler.handleCallback:733 android.os.Handler.dispatchMessage:95 
09-03 06:32:05.831  1877  2150 W ActivityManager: Unable to start service Intent { act=com.iflytek.xiri2.helperService } U=0: not found
09-03 06:32:15.220  1877  1942 D NetworkManagementService: notifyInterfaceLinkStateChanged wlan0 false
09-03 06:32:28.444  1877  1945 W BatteryStatsImpl: Couldn't get kernel wake lock stats
09-03 06:32:28.994  1877  1986 D ConnectivityService: Sampling interval elapsed, updating statistics ..
09-03 06:32:28.998  1877  1986 D ConnectivityService: Done.
09-03 06:32:28.998  1877  1986 D ConnectivityService: Setting timer for 30seconds
09-03 06:32:30.227  1877  1942 D NetworkManagementService: notifyInterfaceLinkStateChanged wlan0 false
09-03 06:32:45.261  1877  1942 D NetworkManagementService: notifyInterfaceLinkStateChanged wlan0 false
09-03 06:32:58.624  1877  1922 I ProcessStatsService: Prepared write state in 9ms
09-03 06:33:00.252  1877  1942 D NetworkManagementService: notifyInterfaceLinkStateChanged wlan0 false
09-03 06:33:05.896  2272  2347 W ContextImpl: Calling a method in the system process without a qualified user: android.app.ContextImpl.startService:1694 android.content.ContextWrapper.startService:494 com.iflytek.xirihelpersupervisor.service.DaemonService$2.run:129 android.os.Handler.handleCallback:733 android.os.Handler.dispatchMessage:95 
09-03 06:33:05.898  1877  2229 W ActivityManager: Unable to start service Intent { act=com.iflytek.xiri2.helperService } U=0: not found
09-03 06:33:11.297  1877  1986 D ConnectivityService: Sampling interval elapsed, updating statistics ..
09-03 06:33:11.307  1877  1986 D ConnectivityService: Done.
09-03 06:33:11.307  1877  1986 D ConnectivityService: Setting timer for 30seconds
09-03 06:33:15.281  1877  1942 D NetworkManagementService: notifyInterfaceLinkStateChanged wlan0 false
09-03 06:33:30.278  1877  1942 D NetworkManagementService: notifyInterfaceLinkStateChanged wlan0 false
09-03 06:33:41.311  1877  1986 D ConnectivityService: Sampling interval elapsed, updating statistics ..
09-03 06:33:41.314  1877  1986 D ConnectivityService: Done.
09-03 06:33:41.315  1877  1986 D ConnectivityService: Setting timer for 30seconds
09-03 06:33:45.311  1877  1942 D NetworkManagementService: notifyInterfaceLinkStateChanged wlan0 false
09-03 06:34:00.320  1877  1942 D NetworkManagementService: notifyInterfaceLinkStateChanged wlan0 false
09-03 06:34:05.963  2272  2347 W ContextImpl: Calling a method in the system process without a qualified user: android.app.ContextImpl.startService:1694 android.content.ContextWrapper.startService:494 com.iflytek.xirihelpersupervisor.service.DaemonService$2.run:129 android.os.Handler.handleCallback:733 android.os.Handler.dispatchMessage:95 
09-03 06:34:05.964  1877  2150 W ActivityManager: Unable to start service Intent { act=com.iflytek.xiri2.helperService } U=0: not found
09-03 06:34:11.317  1877  1986 D ConnectivityService: Sampling interval elapsed, updating statistics ..
09-03 06:34:11.320  1877  1986 D ConnectivityService: Done.
09-03 06:34:11.320  1877  1986 D ConnectivityService: Setting timer for 30seconds
09-03 06:34:15.321  1877  1942 D NetworkManagementService: notifyInterfaceLinkStateChanged wlan0 false
09-03 06:34:30.330  1877  1942 D NetworkManagementService: notifyInterfaceLinkStateChanged wlan0 false
09-03 06:34:41.324  1877  1986 D ConnectivityService: Sampling interval elapsed, updating statistics ..
09-03 06:34:41.328  1877  1986 D ConnectivityService: Done.
09-03 06:34:41.328  1877  1986 D ConnectivityService: Setting timer for 30seconds
09-03 06:34:45.352  1877  1942 D NetworkManagementService: notifyInterfaceLinkStateChanged wlan0 false
09-03 06:35:00.355  1877  1942 D NetworkManagementService: notifyInterfaceLinkStateChanged wlan0 false
09-03 06:35:06.031  2272  2347 W ContextImpl: Calling a method in the system process without a qualified user: android.app.ContextImpl.startService:1694 android.content.ContextWrapper.startService:494 com.iflytek.xirihelpersupervisor.service.DaemonService$2.run:129 android.os.Handler.handleCallback:733 android.os.Handler.dispatchMessage:95 
09-03 06:35:06.032  1877  2176 W ActivityManager: Unable to start service Intent { act=com.iflytek.xiri2.helperService } U=0: not found
09-03 06:35:11.332  1877  1986 D ConnectivityService: Sampling interval elapsed, updating statistics ..
09-03 06:35:11.337  1877  1986 D ConnectivityService: Done.
09-03 06:35:11.337  1877  1986 D ConnectivityService: Setting timer for 30seconds
09-03 06:35:15.387  1877  1942 D NetworkManagementService: notifyInterfaceLinkStateChanged wlan0 false
09-03 06:35:30.384  1877  1942 D NetworkManagementService: notifyInterfaceLinkStateChanged wlan0 false
09-03 06:35:41.342  1877  1986 D ConnectivityService: Sampling interval elapsed, updating statistics ..
09-03 06:35:41.348  1877  1986 D ConnectivityService: Done.
09-03 06:35:41.348  1877  1986 D ConnectivityService: Setting timer for 30seconds
09-03 06:35:45.401  1877  1942 D NetworkManagementService: notifyInterfaceLinkStateChanged wlan0 false
09-03 06:36:00.420  1877  1942 D NetworkManagementService: notifyInterfaceLinkStateChanged wlan0 false
09-03 06:36:06.099  2272  2347 W ContextImpl: Calling a method in the system process without a qualified user: android.app.ContextImpl.startService:1694 android.content.ContextWrapper.startService:494 com.iflytek.xirihelpersupervisor.service.DaemonService$2.run:129 android.os.Handler.handleCallback:733 android.os.Handler.dispatchMessage:95 
09-03 06:36:06.101  1877  2203 W ActivityManager: Unable to start service Intent { act=com.iflytek.xiri2.helperService } U=0: not found
09-03 06:36:11.352  1877  1986 D ConnectivityService: Sampling interval elapsed, updating statistics ..
09-03 06:36:11.357  1877  1986 D ConnectivityService: Done.
09-03 06:36:11.357  1877  1986 D ConnectivityService: Setting timer for 30seconds
09-03 06:36:15.425  1877  1942 D NetworkManagementService: notifyInterfaceLinkStateChanged wlan0 false
09-03 06:36:30.440  1877  1942 D NetworkManagementService: notifyInterfaceLinkStateChanged wlan0 false
09-03 06:36:41.361  1877  1986 D ConnectivityService: Sampling interval elapsed, updating statistics ..
09-03 06:36:41.365  1877  1986 D ConnectivityService: Done.
09-03 06:36:41.365  1877  1986 D ConnectivityService: Setting timer for 30seconds
09-03 06:36:45.459  1877  1942 D NetworkManagementService: notifyInterfaceLinkStateChanged wlan0 false
09-03 06:37:00.478  1877  1942 D NetworkManagementService: notifyInterfaceLinkStateChanged wlan0 false
09-03 06:37:06.167  2272  2347 W ContextImpl: Calling a method in the system process without a qualified user: android.app.ContextImpl.startService:1694 android.content.ContextWrapper.startService:494 com.iflytek.xirihelpersupervisor.service.DaemonService$2.run:129 android.os.Handler.handleCallback:733 android.os.Handler.dispatchMessage:95 
09-03 06:37:06.168  1877  2203 W ActivityManager: Unable to start service Intent { act=com.iflytek.xiri2.helperService } U=0: not found
09-03 06:37:15.492  1877  1942 D NetworkManagementService: notifyInterfaceLinkStateChanged wlan0 false
09-03 06:37:28.995  1877  1986 D ConnectivityService: Sampling interval elapsed, updating statistics ..
09-03 06:37:28.999  1877  1986 D ConnectivityService: Done.
09-03 06:37:28.999  1877  1986 D ConnectivityService: Setting timer for 30seconds
09-03 06:37:30.497  1877  1942 D NetworkManagementService: notifyInterfaceLinkStateChanged wlan0 false
09-03 06:37:45.516  1877  1942 D NetworkManagementService: notifyInterfaceLinkStateChanged wlan0 false
09-03 06:37:59.003  1877  1986 D ConnectivityService: Sampling interval elapsed, updating statistics ..
09-03 06:37:59.006  1877  1986 D ConnectivityService: Done.
09-03 06:37:59.006  1877  1986 D ConnectivityService: Setting timer for 30seconds
09-03 06:38:00.526  1877  1942 D NetworkManagementService: notifyInterfaceLinkStateChanged wlan0 false
09-03 06:38:06.235  2272  2347 W ContextImpl: Calling a method in the system process without a qualified user: android.app.ContextImpl.startService:1694 android.content.ContextWrapper.startService:494 com.iflytek.xirihelpersupervisor.service.DaemonService$2.run:129 android.os.Handler.handleCallback:733 android.os.Handler.dispatchMessage:95 
09-03 06:38:06.236  1877  2177 W ActivityManager: Unable to start service Intent { act=com.iflytek.xiri2.helperService } U=0: not found
09-03 06:38:15.541  1877  1942 D NetworkManagementService: notifyInterfaceLinkStateChanged wlan0 false
09-03 06:38:29.011  1877  1986 D ConnectivityService: Sampling interval elapsed, updating statistics ..
09-03 06:38:29.019  1877  1986 D ConnectivityService: Done.
09-03 06:38:29.019  1877  1986 D ConnectivityService: Setting timer for 30seconds
09-03 06:38:30.545  1877  1942 D NetworkManagementService: notifyInterfaceLinkStateChanged wlan0 false
09-03 06:38:45.556  1877  1942 D NetworkManagementService: notifyInterfaceLinkStateChanged wlan0 false
09-03 06:38:59.022  1877  1986 D ConnectivityService: Sampling interval elapsed, updating statistics ..
09-03 06:38:59.025  1877  1986 D ConnectivityService: Done.
09-03 06:38:59.025  1877  1986 D ConnectivityService: Setting timer for 30seconds
09-03 06:39:00.567  1877  1942 D NetworkManagementService: notifyInterfaceLinkStateChanged wlan0 false
09-03 06:39:06.307  2272  2347 W ContextImpl: Calling a method in the system process without a qualified user: android.app.ContextImpl.startService:1694 android.content.ContextWrapper.startService:494 com.iflytek.xirihelpersupervisor.service.DaemonService$2.run:129 android.os.Handler.handleCallback:733 android.os.Handler.dispatchMessage:95 
09-03 06:39:06.310  1877  1959 W ActivityManager: Unable to start service Intent { act=com.iflytek.xiri2.helperService } U=0: not found
09-03 06:39:15.605  1877  1942 D NetworkManagementService: notifyInterfaceLinkStateChanged wlan0 false
09-03 06:39:29.028  1877  1986 D ConnectivityService: Sampling interval elapsed, updating statistics ..
09-03 06:39:29.031  1877  1986 D ConnectivityService: Done.
09-03 06:39:29.031  1877  1986 D ConnectivityService: Setting timer for 30seconds
09-03 06:39:30.593  1877  1942 D NetworkManagementService: notifyInterfaceLinkStateChanged wlan0 false
09-03 06:39:45.611  1877  1942 D NetworkManagementService: notifyInterfaceLinkStateChanged wlan0 false
09-03 06:40:00.613  1877  1942 D NetworkManagementService: notifyInterfaceLinkStateChanged wlan0 false
09-03 06:40:06.376  2272  2347 W ContextImpl: Calling a method in the system process without a qualified user: android.app.ContextImpl.startService:1694 android.content.ContextWrapper.startService:494 com.iflytek.xirihelpersupervisor.service.DaemonService$2.run:129 android.os.Handler.handleCallback:733 android.os.Handler.dispatchMessage:95 
09-03 06:40:06.378  1877  1959 W ActivityManager: Unable to start service Intent { act=com.iflytek.xiri2.helperService } U=0: not found
09-03 06:40:09.550  1877  1986 D ConnectivityService: Sampling interval elapsed, updating statistics ..
09-03 06:40:09.557  1877  1986 D ConnectivityService: Done.
09-03 06:40:09.557  1877  1986 D ConnectivityService: Setting timer for 30seconds
09-03 06:40:11.211  1877  1942 D NetworkManagementService: notifyInterfaceLinkStateChanged wlan0 false
09-03 06:40:15.626  1877  1942 D NetworkManagementService: notifyInterfaceLinkStateChanged wlan0 false
09-03 06:40:30.636  1877  1942 D NetworkManagementService: notifyInterfaceLinkStateChanged wlan0 false
09-03 06:40:39.560  1877  1986 D ConnectivityService: Sampling interval elapsed, updating statistics ..
09-03 06:40:39.563  1877  1986 D ConnectivityService: Done.
09-03 06:40:39.563  1877  1986 D ConnectivityService: Setting timer for 30seconds
09-03 06:40:45.647  1877  1942 D NetworkManagementService: notifyInterfaceLinkStateChanged wlan0 false
09-03 06:41:00.654  1877  1942 D NetworkManagementService: notifyInterfaceLinkStateChanged wlan0 false
09-03 06:41:06.444  2272  2347 W ContextImpl: Calling a method in the system process without a qualified user: android.app.ContextImpl.startService:1694 android.content.ContextWrapper.startService:494 com.iflytek.xirihelpersupervisor.service.DaemonService$2.run:129 android.os.Handler.handleCallback:733 android.os.Handler.dispatchMessage:95 
09-03 06:41:06.446  1877  1890 W ActivityManager: Unable to start service Intent { act=com.iflytek.xiri2.helperService } U=0: not found
09-03 06:41:09.566  1877  1986 D ConnectivityService: Sampling interval elapsed, updating statistics ..
09-03 06:41:09.570  1877  1986 D ConnectivityService: Done.
09-03 06:41:09.570  1877  1986 D ConnectivityService: Setting timer for 30seconds
09-03 06:41:15.677  1877  1942 D NetworkManagementService: notifyInterfaceLinkStateChanged wlan0 false
09-03 06:41:30.682  1877  1942 D NetworkManagementService: notifyInterfaceLinkStateChanged wlan0 false
09-03 06:41:45.710  1877  1942 D NetworkManagementService: notifyInterfaceLinkStateChanged wlan0 false
09-03 06:41:50.441  1877  1986 D ConnectivityService: Sampling interval elapsed, updating statistics ..
09-03 06:41:50.444  1877  1986 D ConnectivityService: Done.
09-03 06:41:50.444  1877  1986 D ConnectivityService: Setting timer for 30seconds
09-03 06:42:00.705  1877  1942 D NetworkManagementService: notifyInterfaceLinkStateChanged wlan0 false
09-03 06:42:06.512  2272  2347 W ContextImpl: Calling a method in the system process without a qualified user: android.app.ContextImpl.startService:1694 android.content.ContextWrapper.startService:494 com.iflytek.xirihelpersupervisor.service.DaemonService$2.run:129 android.os.Handler.handleCallback:733 android.os.Handler.dispatchMessage:95 
09-03 06:42:06.514  1877  1957 W ActivityManager: Unable to start service Intent { act=com.iflytek.xiri2.helperService } U=0: not found
09-03 06:42:15.722  1877  1942 D NetworkManagementService: notifyInterfaceLinkStateChanged wlan0 false
09-03 06:42:20.449  1877  1986 D ConnectivityService: Sampling interval elapsed, updating statistics ..
09-03 06:42:20.452  1877  1986 D ConnectivityService: Done.
09-03 06:42:20.453  1877  1986 D ConnectivityService: Setting timer for 30seconds
09-03 06:42:30.746  1877  1942 D NetworkManagementService: notifyInterfaceLinkStateChanged wlan0 false
09-03 06:42:45.757  1877  1942 D NetworkManagementService: notifyInterfaceLinkStateChanged wlan0 false
09-03 06:42:50.459  1877  1986 D ConnectivityService: Sampling interval elapsed, updating statistics ..
09-03 06:42:50.465  1877  1986 D ConnectivityService: Done.
09-03 06:42:50.465  1877  1986 D ConnectivityService: Setting timer for 30seconds
09-03 06:43:00.758  1877  1942 D NetworkManagementService: notifyInterfaceLinkStateChanged wlan0 false
09-03 06:43:06.579  2272  2347 W ContextImpl: Calling a method in the system process without a qualified user: android.app.ContextImpl.startService:1694 android.content.ContextWrapper.startService:494 com.iflytek.xirihelpersupervisor.service.DaemonService$2.run:129 android.os.Handler.handleCallback:733 android.os.Handler.dispatchMessage:95 
09-03 06:43:06.581  1877  1959 W ActivityManager: Unable to start service Intent { act=com.iflytek.xiri2.helperService } U=0: not found
09-03 06:43:15.783  1877  1942 D NetworkManagementService: notifyInterfaceLinkStateChanged wlan0 false
09-03 06:43:20.469  1877  1986 D ConnectivityService: Sampling interval elapsed, updating statistics ..
09-03 06:43:20.473  1877  1986 D ConnectivityService: Done.
09-03 06:43:20.473  1877  1986 D ConnectivityService: Setting timer for 30seconds
09-03 06:43:30.785  1877  1942 D NetworkManagementService: notifyInterfaceLinkStateChanged wlan0 false
09-03 06:43:45.819  1877  1942 D NetworkManagementService: notifyInterfaceLinkStateChanged wlan0 false
09-03 06:43:50.476  1877  1986 D ConnectivityService: Sampling interval elapsed, updating statistics ..
09-03 06:43:50.479  1877  1986 D ConnectivityService: Done.
09-03 06:43:50.479  1877  1986 D ConnectivityService: Setting timer for 30seconds
09-03 06:44:00.811  1877  1942 D NetworkManagementService: notifyInterfaceLinkStateChanged wlan0 false
09-03 06:44:06.627  2272  2347 W ContextImpl: Calling a method in the system process without a qualified user: android.app.ContextImpl.startService:1694 android.content.ContextWrapper.startService:494 com.iflytek.xirihelpersupervisor.service.DaemonService$2.run:129 android.os.Handler.handleCallback:733 android.os.Handler.dispatchMessage:95 
09-03 06:44:06.629  1877  2271 W ActivityManager: Unable to start service Intent { act=com.iflytek.xiri2.helperService } U=0: not found
09-03 06:44:15.831  1877  1942 D NetworkManagementService: notifyInterfaceLinkStateChanged wlan0 false
09-03 06:44:20.482  1877  1986 D ConnectivityService: Sampling interval elapsed, updating statistics ..
09-03 06:44:20.486  1877  1986 D ConnectivityService: Done.
09-03 06:44:20.486  1877  1986 D ConnectivityService: Setting timer for 30seconds
09-03 06:44:30.842  1877  1942 D NetworkManagementService: notifyInterfaceLinkStateChanged wlan0 false
09-03 06:44:45.860  1877  1942 D NetworkManagementService: notifyInterfaceLinkStateChanged wlan0 false
09-03 06:44:50.491  1877  1986 D ConnectivityService: Sampling interval elapsed, updating statistics ..
09-03 06:44:50.494  1877  1986 D ConnectivityService: Done.
09-03 06:44:50.494  1877  1986 D ConnectivityService: Setting timer for 30seconds
09-03 06:45:00.873  1877  1942 D NetworkManagementService: notifyInterfaceLinkStateChanged wlan0 false
09-03 06:45:06.693  2272  2347 W ContextImpl: Calling a method in the system process without a qualified user: android.app.ContextImpl.startService:1694 android.content.ContextWrapper.startService:494 com.iflytek.xirihelpersupervisor.service.DaemonService$2.run:129 android.os.Handler.handleCallback:733 android.os.Handler.dispatchMessage:95 
09-03 06:45:06.694  1877  1957 W ActivityManager: Unable to start service Intent { act=com.iflytek.xiri2.helperService } U=0: not found
09-03 06:45:15.882  1877  1942 D NetworkManagementService: notifyInterfaceLinkStateChanged wlan0 false
09-03 06:45:20.500  1877  1986 D ConnectivityService: Sampling interval elapsed, updating statistics ..
09-03 06:45:20.505  1877  1986 D ConnectivityService: Done.
09-03 06:45:20.505  1877  1986 D ConnectivityService: Setting timer for 30seconds
09-03 06:45:22.156  1877  1942 D NetworkManagementService: notifyInterfaceLinkStateChanged wlan0 false
09-03 06:45:30.887  1877  1942 D NetworkManagementService: notifyInterfaceLinkStateChanged wlan0 false
09-03 06:45:45.920  1877  1942 D NetworkManagementService: notifyInterfaceLinkStateChanged wlan0 false
09-03 06:45:50.508  1877  1986 D ConnectivityService: Sampling interval elapsed, updating statistics ..
09-03 06:45:50.511  1877  1986 D ConnectivityService: Done.
09-03 06:45:50.511  1877  1986 D ConnectivityService: Setting timer for 30seconds
09-03 06:46:00.909  1877  1942 D NetworkManagementService: notifyInterfaceLinkStateChanged wlan0 false
09-03 06:46:06.761  2272  2347 W ContextImpl: Calling a method in the system process without a qualified user: android.app.ContextImpl.startService:1694 android.content.ContextWrapper.startService:494 com.iflytek.xirihelpersupervisor.service.DaemonService$2.run:129 android.os.Handler.handleCallback:733 android.os.Handler.dispatchMessage:95 
09-03 06:46:06.763  1877  2270 W ActivityManager: Unable to start service Intent { act=com.iflytek.xiri2.helperService } U=0: not found
09-03 06:46:15.929  1877  1942 D NetworkManagementService: notifyInterfaceLinkStateChanged wlan0 false
09-03 06:46:20.514  1877  1986 D ConnectivityService: Sampling interval elapsed, updating statistics ..
09-03 06:46:20.517  1877  1986 D ConnectivityService: Done.
09-03 06:46:20.517  1877  1986 D ConnectivityService: Setting timer for 30seconds
09-03 06:46:30.942  1877  1942 D NetworkManagementService: notifyInterfaceLinkStateChanged wlan0 false
09-03 06:46:45.956  1877  1942 D NetworkManagementService: notifyInterfaceLinkStateChanged wlan0 false
09-03 06:46:58.994  1877  1986 D ConnectivityService: Sampling interval elapsed, updating statistics ..
09-03 06:46:59.001  1877  1986 D ConnectivityService: Done.
09-03 06:46:59.001  1877  1986 D ConnectivityService: Setting timer for 30seconds
09-03 06:47:00.984  1877  1942 D NetworkManagementService: notifyInterfaceLinkStateChanged wlan0 false
09-03 06:47:06.829  2272  2347 W ContextImpl: Calling a method in the system process without a qualified user: android.app.ContextImpl.startService:1694 android.content.ContextWrapper.startService:494 com.iflytek.xirihelpersupervisor.service.DaemonService$2.run:129 android.os.Handler.handleCallback:733 android.os.Handler.dispatchMessage:95 
09-03 06:47:06.831  1877  2177 W ActivityManager: Unable to start service Intent { act=com.iflytek.xiri2.helperService } U=0: not found
09-03 06:47:15.990  1877  1942 D NetworkManagementService: notifyInterfaceLinkStateChanged wlan0 false
09-03 06:47:29.005  1877  1986 D ConnectivityService: Sampling interval elapsed, updating statistics ..
09-03 06:47:29.009  1877  1986 D ConnectivityService: Done.
09-03 06:47:29.009  1877  1986 D ConnectivityService: Setting timer for 30seconds
09-03 06:47:31.008  1877  1942 D NetworkManagementService: notifyInterfaceLinkStateChanged wlan0 false
09-03 06:47:46.036  1877  1942 D NetworkManagementService: notifyInterfaceLinkStateChanged wlan0 false
09-03 06:47:59.014  1877  1986 D ConnectivityService: Sampling interval elapsed, updating statistics ..
09-03 06:47:59.018  1877  1986 D ConnectivityService: Done.
09-03 06:47:59.019  1877  1986 D ConnectivityService: Setting timer for 30seconds
09-03 06:48:01.039  1877  1942 D NetworkManagementService: notifyInterfaceLinkStateChanged wlan0 false
09-03 06:48:06.892  2272  2347 W ContextImpl: Calling a method in the system process without a qualified user: android.app.ContextImpl.startService:1694 android.content.ContextWrapper.startService:494 com.iflytek.xirihelpersupervisor.service.DaemonService$2.run:129 android.os.Handler.handleCallback:733 android.os.Handler.dispatchMessage:95 
09-03 06:48:06.893  1877  2228 W ActivityManager: Unable to start service Intent { act=com.iflytek.xiri2.helperService } U=0: not found
09-03 06:48:16.059  1877  1942 D NetworkManagementService: notifyInterfaceLinkStateChanged wlan0 false
09-03 06:48:29.024  1877  1986 D ConnectivityService: Sampling interval elapsed, updating statistics ..
09-03 06:48:29.029  1877  1986 D ConnectivityService: Done.
09-03 06:48:29.030  1877  1986 D ConnectivityService: Setting timer for 30seconds
09-03 06:48:31.044  1877  1942 D NetworkManagementService: notifyInterfaceLinkStateChanged wlan0 false
09-03 06:48:46.063  1877  1942 D NetworkManagementService: notifyInterfaceLinkStateChanged wlan0 false
09-03 06:48:59.033  1877  1986 D ConnectivityService: Sampling interval elapsed, updating statistics ..
09-03 06:48:59.036  1877  1986 D ConnectivityService: Done.
09-03 06:48:59.037  1877  1986 D ConnectivityService: Setting timer for 30seconds
09-03 06:49:01.101  1877  1942 D NetworkManagementService: notifyInterfaceLinkStateChanged wlan0 false
09-03 06:49:06.959  2272  2347 W ContextImpl: Calling a method in the system process without a qualified user: android.app.ContextImpl.startService:1694 android.content.ContextWrapper.startService:494 com.iflytek.xirihelpersupervisor.service.DaemonService$2.run:129 android.os.Handler.handleCallback:733 android.os.Handler.dispatchMessage:95 
09-03 06:49:06.961  1877  2270 W ActivityManager: Unable to start service Intent { act=com.iflytek.xiri2.helperService } U=0: not found
09-03 06:49:16.108  1877  1942 D NetworkManagementService: notifyInterfaceLinkStateChanged wlan0 false
09-03 06:49:29.040  1877  1986 D ConnectivityService: Sampling interval elapsed, updating statistics ..
09-03 06:49:29.044  1877  1986 D ConnectivityService: Done.
09-03 06:49:29.044  1877  1986 D ConnectivityService: Setting timer for 30seconds
09-03 06:49:31.109  1877  1942 D NetworkManagementService: notifyInterfaceLinkStateChanged wlan0 false
09-03 06:49:46.144  1877  1942 D NetworkManagementService: notifyInterfaceLinkStateChanged wlan0 false
09-03 06:50:01.141  1877  1942 D NetworkManagementService: notifyInterfaceLinkStateChanged wlan0 false
09-03 06:50:07.026  2272  2347 W ContextImpl: Calling a method in the system process without a qualified user: android.app.ContextImpl.startService:1694 android.content.ContextWrapper.startService:494 com.iflytek.xirihelpersupervisor.service.DaemonService$2.run:129 android.os.Handler.handleCallback:733 android.os.Handler.dispatchMessage:95 
09-03 06:50:07.027  1877  2177 W ActivityManager: Unable to start service Intent { act=com.iflytek.xiri2.helperService } U=0: not found
09-03 06:50:16.173  1877  1942 D NetworkManagementService: notifyInterfaceLinkStateChanged wlan0 false
09-03 06:50:21.110  1877  1986 D ConnectivityService: Sampling interval elapsed, updating statistics ..
09-03 06:50:21.113  1877  1986 D ConnectivityService: Done.
09-03 06:50:21.114  1877  1986 D ConnectivityService: Setting timer for 30seconds
09-03 06:50:22.795  1877  1942 D NetworkManagementService: notifyInterfaceLinkStateChanged wlan0 false
09-03 06:50:31.168  1877  1942 D NetworkManagementService: notifyInterfaceLinkStateChanged wlan0 false
09-03 06:50:46.173  1877  1942 D NetworkManagementService: notifyInterfaceLinkStateChanged wlan0 false
09-03 06:50:51.117  1877  1986 D ConnectivityService: Sampling interval elapsed, updating statistics ..
09-03 06:50:51.120  1877  1986 D ConnectivityService: Done.
09-03 06:50:51.121  1877  1986 D ConnectivityService: Setting timer for 30seconds
09-03 06:51:01.183  1877  1942 D NetworkManagementService: notifyInterfaceLinkStateChanged wlan0 false
09-03 06:51:07.094  2272  2347 W ContextImpl: Calling a method in the system process without a qualified user: android.app.ContextImpl.startService:1694 android.content.ContextWrapper.startService:494 com.iflytek.xirihelpersupervisor.service.DaemonService$2.run:129 android.os.Handler.handleCallback:733 android.os.Handler.dispatchMessage:95 
09-03 06:51:07.098  1877  1959 W ActivityManager: Unable to start service Intent { act=com.iflytek.xiri2.helperService } U=0: not found
09-03 06:51:16.199  1877  1942 D NetworkManagementService: notifyInterfaceLinkStateChanged wlan0 false
09-03 06:51:21.124  1877  1986 D ConnectivityService: Sampling interval elapsed, updating statistics ..
09-03 06:51:21.127  1877  1986 D ConnectivityService: Done.
09-03 06:51:21.127  1877  1986 D ConnectivityService: Setting timer for 30seconds
09-03 06:51:26.506  1877  1963 V WiredAccessoryManager: Headset UEVENT: {SUBSYSTEM=switch, SWITCH_STATE=1, DEVPATH=/devices/virtual/switch/hdmi, SEQNUM=1418, ACTION=change, SWITCH_NAME=hdmi}
09-03 06:51:26.534  1877  1963 V WiredAccessoryManager: newName=hdmi newState=16 headsetState=16 prev headsetState=0
09-03 06:51:26.539  1877  1877 V WiredAccessoryManager: device hdmi connected
09-03 06:51:26.584  1877  1877 W ContextImpl: Calling a method in the system process without a qualified user: android.app.ContextImpl.sendBroadcast:1338 com.android.server.WiredAccessoryManager.setDeviceStateLocked:275 com.android.server.WiredAccessoryManager.setDevicesState:234 com.android.server.WiredAccessoryManager.access$100:54 com.android.server.WiredAccessoryManager$2.handleMessage:222 
09-03 06:51:26.635  1877  1991 W ContextImpl: Calling a method in the system process without a qualified user: android.app.ContextImpl.sendBroadcast:1338 android.media.AudioService.onSetWiredDeviceConnectionState:4081 android.media.AudioService.access$6900:115 android.media.AudioService$AudioHandler.handleMessage:3726 android.os.Handler.dispatchMessage:102 
09-03 06:51:26.684  3100  3100 E AndroidRuntime: FATAL EXCEPTION: main
09-03 06:51:26.684  3100  3100 E AndroidRuntime: Process: com.android.settings, PID: 3100
09-03 06:51:26.684  3100  3100 E AndroidRuntime: java.lang.RuntimeException: Unable to instantiate receiver com.android.settings.SettingBroadcastReceiver: java.lang.NumberFormatException: Invalid int: "java.lang.Object@2ca8c668"
09-03 06:51:26.684  3100  3100 E AndroidRuntime: 	at android.app.ActivityThread.handleReceiver(ActivityThread.java:2400)
09-03 06:51:26.684  3100  3100 E AndroidRuntime: 	at android.app.ActivityThread.access$1700(ActivityThread.java:135)
09-03 06:51:26.684  3100  3100 E AndroidRuntime: 	at android.app.ActivityThread$H.handleMessage(ActivityThread.java:1272)
09-03 06:51:26.684  3100  3100 E AndroidRuntime: 	at android.os.Handler.dispatchMessage(Handler.java:102)
