09-03 06:51:26.684  3100  3100 E AndroidRuntime: 	at android.os.Looper.loop(Looper.java:136)
09-03 06:51:26.684  3100  3100 E AndroidRuntime: 	at android.app.ActivityThread.main(ActivityThread.java:5039)
09-03 06:51:26.684  3100  3100 E AndroidRuntime: 	at java.lang.reflect.Method.invokeNative(Native Method)
09-03 06:51:26.684  3100  3100 E AndroidRuntime: 	at java.lang.reflect.Method.invoke(Method.java:515)
09-03 06:51:26.684  3100  3100 E AndroidRuntime: 	at com.android.internal.os.ZygoteInit$MethodAndArgsCaller.run(ZygoteInit.java:844)
09-03 06:51:26.684  3100  3100 E AndroidRuntime: 	at com.android.internal.os.ZygoteInit.main(ZygoteInit.java:660)
09-03 06:51:26.684  3100  3100 E AndroidRuntime: 	at dalvik.system.NativeStart.main(Native Method)
09-03 06:51:26.684  3100  3100 E AndroidRuntime: Caused by: java.lang.NumberFormatException: Invalid int: "java.lang.Object@2ca8c668"
09-03 06:51:26.684  3100  3100 E AndroidRuntime: 	at java.lang.Integer.invalidInt(Integer.java:137)
09-03 06:51:26.684  3100  3100 E AndroidRuntime: 	at java.lang.Integer.parse(Integer.java:374)
09-03 06:51:26.684  3100  3100 E AndroidRuntime: 	at java.lang.Integer.parseInt(Integer.java:365)
09-03 06:51:26.684  3100  3100 E AndroidRuntime: 	at java.lang.Integer.parseInt(Integer.java:331)
09-03 06:51:26.684  3100  3100 E AndroidRuntime: 	at com.android.settings.SettingBroadcastReceiver.<init>(SettingBroadcastReceiver.java:38)
09-03 06:51:26.684  3100  3100 E AndroidRuntime: 	at java.lang.Class.newInstanceImpl(Native Method)
09-03 06:51:26.684  3100  3100 E AndroidRuntime: 	at java.lang.Class.newInstance(Class.java:1208)
09-03 06:51:26.684  3100  3100 E AndroidRuntime: 	at android.app.ActivityThread.handleReceiver(ActivityThread.java:2395)
09-03 06:51:26.684  3100  3100 E AndroidRuntime: 	... 10 more
09-03 06:51:26.700  1877  1922 W ContextImpl: Calling a method in the system process without a qualified user: android.app.ContextImpl.sendBroadcast:1338 com.android.server.am.ActivityManagerService$5.handleMessage:1247 android.os.Handler.dispatchMessage:102 android.os.Looper.loop:136 com.android.server.am.ActivityManagerService$AThread.run:2118 
09-03 06:51:26.719  1877  1894 I ActivityManager: Process com.android.settings (pid 3100) has died.
09-03 06:51:26.720  1877  1894 W ActivityManager: Scheduling restart of crashed service com.android.settings/.receiver.ZoneService in 0ms
09-03 06:51:26.740  4208  4208 E dalvikvm: tony dalvik_system_Zygote.cpp mountEmulatedStorage() return 0
09-03 06:51:26.748  1877  1894 I ActivityManager: Start proc com.android.settings for restart com.android.settings: pid=4208 uid=1000 gids={41000, 1028, 1015, 2001, 1023, 3003, 3001, 3002}
09-03 06:51:31.237  1877  1942 D NetworkManagementService: notifyInterfaceLinkStateChanged wlan0 false
09-03 06:51:40.588  1877  1963 V WiredAccessoryManager: Headset UEVENT: {SUBSYSTEM=switch, SWITCH_STATE=0, DEVPATH=/devices/virtual/switch/hdmi, SEQNUM=1419, ACTION=change, SWITCH_NAME=hdmi}
09-03 06:51:40.589  1877  1963 V WiredAccessoryManager: newName=hdmi newState=0 headsetState=0 prev headsetState=16
09-03 06:51:40.595  1877  1877 V WiredAccessoryManager: device hdmi disconnected
09-03 06:51:40.596  1877  1877 W ContextImpl: Calling a method in the system process without a qualified user: android.app.ContextImpl.sendBroadcast:1338 com.android.server.WiredAccessoryManager.setDeviceStateLocked:275 com.android.server.WiredAccessoryManager.setDevicesState:234 com.android.server.WiredAccessoryManager.access$100:54 com.android.server.WiredAccessoryManager$2.handleMessage:222 
09-03 06:51:40.608  4208  4208 E AndroidRuntime: FATAL EXCEPTION: main
09-03 06:51:40.608  4208  4208 E AndroidRuntime: Process: com.android.settings, PID: 4208
09-03 06:51:40.608  4208  4208 E AndroidRuntime: java.lang.RuntimeException: Unable to instantiate receiver com.android.settings.SettingBroadcastReceiver: java.lang.NumberFormatException: Invalid int: "java.lang.Object@2c9b6848"
09-03 06:51:40.608  4208  4208 E AndroidRuntime: 	at android.app.ActivityThread.handleReceiver(ActivityThread.java:2400)
09-03 06:51:40.608  4208  4208 E AndroidRuntime: 	at android.app.ActivityThread.access$1700(ActivityThread.java:135)
09-03 06:51:40.608  4208  4208 E AndroidRuntime: 	at android.app.ActivityThread$H.handleMessage(ActivityThread.java:1272)
09-03 06:51:40.608  4208  4208 E AndroidRuntime: 	at android.os.Handler.dispatchMessage(Handler.java:102)
09-03 06:51:40.608  4208  4208 E AndroidRuntime: 	at android.os.Looper.loop(Looper.java:136)
09-03 06:51:40.608  4208  4208 E AndroidRuntime: 	at android.app.ActivityThread.main(ActivityThread.java:5039)
09-03 06:51:40.608  4208  4208 E AndroidRuntime: 	at java.lang.reflect.Method.invokeNative(Native Method)
09-03 06:51:40.608  4208  4208 E AndroidRuntime: 	at java.lang.reflect.Method.invoke(Method.java:515)
09-03 06:51:40.608  4208  4208 E AndroidRuntime: 	at com.android.internal.os.ZygoteInit$MethodAndArgsCaller.run(ZygoteInit.java:844)
09-03 06:51:40.608  4208  4208 E AndroidRuntime: 	at com.android.internal.os.ZygoteInit.main(ZygoteInit.java:660)
09-03 06:51:40.608  4208  4208 E AndroidRuntime: 	at dalvik.system.NativeStart.main(Native Method)
09-03 06:51:40.608  4208  4208 E AndroidRuntime: Caused by: java.lang.NumberFormatException: Invalid int: "java.lang.Object@2c9b6848"
09-03 06:51:40.608  4208  4208 E AndroidRuntime: 	at java.lang.Integer.invalidInt(Integer.java:137)
09-03 06:51:40.608  4208  4208 E AndroidRuntime: 	at java.lang.Integer.parse(Integer.java:374)
09-03 06:51:40.608  4208  4208 E AndroidRuntime: 	at java.lang.Integer.parseInt(Integer.java:365)
09-03 06:51:40.608  4208  4208 E AndroidRuntime: 	at java.lang.Integer.parseInt(Integer.java:331)
09-03 06:51:40.608  4208  4208 E AndroidRuntime: 	at com.android.settings.SettingBroadcastReceiver.<init>(SettingBroadcastReceiver.java:38)
09-03 06:51:40.608  4208  4208 E AndroidRuntime: 	at java.lang.Class.newInstanceImpl(Native Method)
09-03 06:51:40.608  4208  4208 E AndroidRuntime: 	at java.lang.Class.newInstance(Class.java:1208)
09-03 06:51:40.608  4208  4208 E AndroidRuntime: 	at android.app.ActivityThread.handleReceiver(ActivityThread.java:2395)
09-03 06:51:40.608  4208  4208 E AndroidRuntime: 	... 10 more
09-03 06:51:40.617  1877  1890 W ActivityManager: Process com.android.settings has crashed too many times: killing!
09-03 06:51:40.619  1877  1922 W ContextImpl: Calling a method in the system process without a qualified user: android.app.ContextImpl.sendBroadcast:1338 com.android.server.am.ActivityManagerService$5.handleMessage:1247 android.os.Handler.dispatchMessage:102 android.os.Looper.loop:136 com.android.server.am.ActivityManagerService$AThread.run:2118 
09-03 06:51:40.635  1877  2176 I ActivityManager: Process com.android.settings (pid 4208) has died.
09-03 06:51:40.636  1877  2176 W ActivityManager: Scheduling restart of crashed service com.android.settings/.receiver.ZoneService in 0ms
09-03 06:51:40.654  4454  4454 E dalvikvm: tony dalvik_system_Zygote.cpp mountEmulatedStorage() return 0
09-03 06:51:40.664  1877  2176 I ActivityManager: Start proc com.android.settings for restart com.android.settings: pid=4454 uid=1000 gids={41000, 1028, 1015, 2001, 1023, 3003, 3001, 3002}
09-03 06:51:41.603  1877  1991 W ContextImpl: Calling a method in the system process without a qualified user: android.app.ContextImpl.sendBroadcast:1338 android.media.AudioService.onSetWiredDeviceConnectionState:4081 android.media.AudioService.access$6900:115 android.media.AudioService$AudioHandler.handleMessage:3726 android.os.Handler.dispatchMessage:102 
09-03 06:51:41.893  1877  1963 V WiredAccessoryManager: Headset UEVENT: {SUBSYSTEM=switch, SWITCH_STATE=1, DEVPATH=/devices/virtual/switch/hdmi, SEQNUM=1420, ACTION=change, SWITCH_NAME=hdmi}
09-03 06:51:41.893  1877  1963 V WiredAccessoryManager: newName=hdmi newState=16 headsetState=16 prev headsetState=0
09-03 06:51:41.894  1877  1877 V WiredAccessoryManager: device hdmi connected
09-03 06:51:41.896  1877  1877 W ContextImpl: Calling a method in the system process without a qualified user: android.app.ContextImpl.sendBroadcast:1338 com.android.server.WiredAccessoryManager.setDeviceStateLocked:275 com.android.server.WiredAccessoryManager.setDevicesState:234 com.android.server.WiredAccessoryManager.access$100:54 com.android.server.WiredAccessoryManager$2.handleMessage:222 
09-03 06:51:41.900  1877  1991 W ContextImpl: Calling a method in the system process without a qualified user: android.app.ContextImpl.sendBroadcast:1338 android.media.AudioService.onSetWiredDeviceConnectionState:4081 android.media.AudioService.access$6900:115 android.media.AudioService$AudioHandler.handleMessage:3726 android.os.Handler.dispatchMessage:102 
09-03 06:51:41.948  4454  4454 E AndroidRuntime: FATAL EXCEPTION: main
09-03 06:51:41.948  4454  4454 E AndroidRuntime: Process: com.android.settings, PID: 4454
09-03 06:51:41.948  4454  4454 E AndroidRuntime: java.lang.RuntimeException: Unable to instantiate receiver com.android.settings.SettingBroadcastReceiver: java.lang.NumberFormatException: Invalid int: "java.lang.Object@2c921d98"
09-03 06:51:41.948  4454  4454 E AndroidRuntime: 	at android.app.ActivityThread.handleReceiver(ActivityThread.java:2400)
09-03 06:51:41.948  4454  4454 E AndroidRuntime: 	at android.app.ActivityThread.access$1700(ActivityThread.java:135)
09-03 06:51:41.948  4454  4454 E AndroidRuntime: 	at android.app.ActivityThread$H.handleMessage(ActivityThread.java:1272)
09-03 06:51:41.948  4454  4454 E AndroidRuntime: 	at android.os.Handler.dispatchMessage(Handler.java:102)
09-03 06:51:41.948  4454  4454 E AndroidRuntime: 	at android.os.Looper.loop(Looper.java:136)
09-03 06:51:41.948  4454  4454 E AndroidRuntime: 	at android.app.ActivityThread.main(ActivityThread.java:5039)
09-03 06:51:41.948  4454  4454 E AndroidRuntime: 	at java.lang.reflect.Method.invokeNative(Native Method)
09-03 06:51:41.948  4454  4454 E AndroidRuntime: 	at java.lang.reflect.Method.invoke(Method.java:515)
09-03 06:51:41.948  4454  4454 E AndroidRuntime: 	at com.android.internal.os.ZygoteInit$MethodAndArgsCaller.run(ZygoteInit.java:844)
09-03 06:51:41.948  4454  4454 E AndroidRuntime: 	at com.android.internal.os.ZygoteInit.main(ZygoteInit.java:660)
09-03 06:51:41.948  4454  4454 E AndroidRuntime: 	at dalvik.system.NativeStart.main(Native Method)
09-03 06:51:41.948  4454  4454 E AndroidRuntime: Caused by: java.lang.NumberFormatException: Invalid int: "java.lang.Object@2c921d98"
09-03 06:51:41.948  4454  4454 E AndroidRuntime: 	at java.lang.Integer.invalidInt(Integer.java:137)
09-03 06:51:41.948  4454  4454 E AndroidRuntime: 	at java.lang.Integer.parse(Integer.java:374)
09-03 06:51:41.948  4454  4454 E AndroidRuntime: 	at java.lang.Integer.parseInt(Integer.java:365)
09-03 06:51:41.948  4454  4454 E AndroidRuntime: 	at java.lang.Integer.parseInt(Integer.java:331)
09-03 06:51:41.948  4454  4454 E AndroidRuntime: 	at com.android.settings.SettingBroadcastReceiver.<init>(SettingBroadcastReceiver.java:38)
09-03 06:51:41.948  4454  4454 E AndroidRuntime: 	at java.lang.Class.newInstanceImpl(Native Method)
09-03 06:51:41.948  4454  4454 E AndroidRuntime: 	at java.lang.Class.newInstance(Class.java:1208)
09-03 06:51:41.948  4454  4454 E AndroidRuntime: 	at android.app.ActivityThread.handleReceiver(ActivityThread.java:2395)
09-03 06:51:41.948  4454  4454 E AndroidRuntime: 	... 10 more
09-03 06:51:41.956  1877  1890 W ActivityManager: Process com.android.settings has crashed too many times: killing!
09-03 06:51:41.958  1877  1922 W ContextImpl: Calling a method in the system process without a qualified user: android.app.ContextImpl.sendBroadcast:1338 com.android.server.am.ActivityManagerService$5.handleMessage:1247 android.os.Handler.dispatchMessage:102 android.os.Looper.loop:136 com.android.server.am.ActivityManagerService$AThread.run:2118 
09-03 06:51:41.970  1877  1959 I ActivityManager: Process com.android.settings (pid 4454) has died.
09-03 06:51:41.970  1877  1959 W ActivityManager: Scheduling restart of crashed service com.android.settings/.receiver.ZoneService in 0ms
09-03 06:51:41.992  4495  4495 E dalvikvm: tony dalvik_system_Zygote.cpp mountEmulatedStorage() return 0
09-03 06:51:41.994  1877  1959 I ActivityManager: Start proc com.android.settings for restart com.android.settings: pid=4495 uid=1000 gids={41000, 1028, 1015, 2001, 1023, 3003, 3001, 3002}
09-03 06:51:43.079  1877  1964 W ContextImpl: Calling a method in the system process without a qualified user: android.app.ContextImpl.sendBroadcast:1338 com.android.internal.policy.impl.PhoneWindowManager.interceptKeyBeforeDispatching:2558 com.android.server.wm.InputMonitor.interceptKeyBeforeDispatching:376 com.android.server.input.InputManagerService.interceptKeyBeforeDispatching:1378 dalvik.system.NativeStart.run:-2 
09-03 06:51:46.230  1877  1942 D NetworkManagementService: notifyInterfaceLinkStateChanged wlan0 false
09-03 06:51:49.490  1877  2150 D InputMethodManagerService: --- calledFromForegroundUserOrSystemProcess ? calling uid = 10034 system uid = 1000 calling userId = 0, foreground user id = 0, calling pid = 2710com.android.server.InputMethodManagerService.windowGainedFocus(InputMethodManagerService.java:1890)
09-03 06:51:49.490  1877  2150 V InputMethodManagerService: windowGainedFocus: android.os.BinderProxy@2d6d7fd8 controlFlags=#104 softInputMode=#120 windowFlags=#5810580
09-03 06:51:49.490  1877  2150 V InputMethodManagerService: Unspecified window will hide input
09-03 06:51:49.492  1877  2150 V InputMethodManagerService: switching to client: client = android.os.BinderProxy@2d6d7fd8 keyguard=false
09-03 06:51:49.492  1877  2150 V InputMethodManagerService: Creating new session for client ClientState{2d6d9e40 uid 10034 pid 2710}
09-03 06:51:49.502  1877  2245 V InputMethodManagerService: Enabling: SessionState{uid 10034 pid 2710 method 2c8da268 session 2d737430 channel ClientState{2d6d9e40 uid 10034 pid 2710} (server)}
09-03 06:51:49.508  1877  2203 D InputMethodManagerService: hide the small icon for the input method
09-03 06:51:50.737  1877  1964 D WindowManager: Unhandled key: win=Window{2d4a71a0 u0 com.dangbei.tvlauncher/com.dangbei.launcher.ui.screensaver.ScreensaverActivity}, action=0, flags=8, keyCode=20, scanCode=108, metaState=0, repeatCount=0, policyFlags=1107296256
09-03 06:51:50.737  1877  1964 D WindowManager: No fallback.
09-03 06:51:50.857  1877  1964 D WindowManager: Unhandled key: win=Window{2d4a71a0 u0 com.dangbei.tvlauncher/com.dangbei.launcher.ui.screensaver.ScreensaverActivity}, action=1, flags=8, keyCode=20, scanCode=108, metaState=0, repeatCount=0, policyFlags=1107296256
09-03 06:51:50.857  1877  1964 D WindowManager: No fallback.
09-03 06:51:51.120  1877  1894 D InputMethodManagerService: --- calledFromForegroundUserOrSystemProcess ? calling uid = 10034 system uid = 1000 calling userId = 0, foreground user id = 0, calling pid = 2710com.android.server.InputMethodManagerService.startInput(InputMethodManagerService.java:1259)
09-03 06:51:51.121  1877  2245 D InputMethodManagerService: hide the small icon for the input method
09-03 06:51:51.121  1877  2205 D InputMethodManagerService: --- calledFromForegroundUserOrSystemProcess ? calling uid = 10034 system uid = 1000 calling userId = 0, foreground user id = 0, calling pid = 2710com.android.server.InputMethodManagerService.startInput(InputMethodManagerService.java:1259)
09-03 06:51:51.122  1877  1890 D InputMethodManagerService: hide the small icon for the input method
09-03 06:51:51.123  1877  2151 D InputMethodManagerService: --- calledFromForegroundUserOrSystemProcess ? calling uid = 10034 system uid = 1000 calling userId = 0, foreground user id = 0, calling pid = 2710com.android.server.InputMethodManagerService.windowGainedFocus(InputMethodManagerService.java:1890)
09-03 06:51:51.123  1877  2151 V InputMethodManagerService: windowGainedFocus: android.os.BinderProxy@2d6d7fd8 controlFlags=#5 softInputMode=#22 windowFlags=#5810580
09-03 06:51:51.285  1877  2228 W ActivityManager: Duplicate finish request for ActivityRecord{2d700640 u0 com.dangbei.tvlauncher/com.dangbei.launcher.ui.screensaver.ScreensaverActivity t3 f}
09-03 06:51:52.047  1877  2203 D InputMethodManagerService: --- calledFromForegroundUserOrSystemProcess ? calling uid = 10034 system uid = 1000 calling userId = 0, foreground user id = 0, calling pid = 2710com.android.server.InputMethodManagerService.startInput(InputMethodManagerService.java:1259)
09-03 06:51:52.048  1877  2229 D InputMethodManagerService: hide the small icon for the input method
09-03 06:51:52.711  1877  1890 D InputMethodManagerService: --- calledFromForegroundUserOrSystemProcess ? calling uid = 10034 system uid = 1000 calling userId = 0, foreground user id = 0, calling pid = 2710com.android.server.InputMethodManagerService.startInput(InputMethodManagerService.java:1259)
09-03 06:51:52.712  1877  2151 D InputMethodManagerService: hide the small icon for the input method
09-03 06:51:53.921  1877  2245 D InputMethodManagerService: --- calledFromForegroundUserOrSystemProcess ? calling uid = 10034 system uid = 1000 calling userId = 0, foreground user id = 0, calling pid = 2710com.android.server.InputMethodManagerService.startInput(InputMethodManagerService.java:1259)
09-03 06:51:53.922  1877  2205 D InputMethodManagerService: hide the small icon for the input method
09-03 06:51:55.447  1877  2205 D InputMethodManagerService: --- calledFromForegroundUserOrSystemProcess ? calling uid = 10034 system uid = 1000 calling userId = 0, foreground user id = 0, calling pid = 2710com.android.server.InputMethodManagerService.startInput(InputMethodManagerService.java:1259)
09-03 06:51:55.448  1877  2177 D InputMethodManagerService: hide the small icon for the input method
09-03 06:51:55.631  1877  1957 D InputMethodManagerService: --- calledFromForegroundUserOrSystemProcess ? calling uid = 10034 system uid = 1000 calling userId = 0, foreground user id = 0, calling pid = 2710com.android.server.InputMethodManagerService.startInput(InputMethodManagerService.java:1259)
09-03 06:51:55.633  1877  2244 D InputMethodManagerService: hide the small icon for the input method
09-03 06:51:55.847  1877  2270 D InputMethodManagerService: --- calledFromForegroundUserOrSystemProcess ? calling uid = 10034 system uid = 1000 calling userId = 0, foreground user id = 0, calling pid = 2710com.android.server.InputMethodManagerService.startInput(InputMethodManagerService.java:1259)
09-03 06:51:55.849  1877  2176 D InputMethodManagerService: hide the small icon for the input method
09-03 06:51:56.522  1877  2151 D InputMethodManagerService: --- calledFromForegroundUserOrSystemProcess ? calling uid = 10034 system uid = 1000 calling userId = 0, foreground user id = 0, calling pid = 2710com.android.server.InputMethodManagerService.startInput(InputMethodManagerService.java:1259)
09-03 06:51:56.523  1877  2270 D InputMethodManagerService: hide the small icon for the input method
09-03 06:51:56.524  1877  2150 D InputMethodManagerService: --- calledFromForegroundUserOrSystemProcess ? calling uid = 10034 system uid = 1000 calling userId = 0, foreground user id = 0, calling pid = 2710com.android.server.InputMethodManagerService.startInput(InputMethodManagerService.java:1259)
09-03 06:51:56.525  1877  2271 D InputMethodManagerService: hide the small icon for the input method
09-03 06:51:56.525  1877  1890 D InputMethodManagerService: --- calledFromForegroundUserOrSystemProcess ? calling uid = 10034 system uid = 1000 calling userId = 0, foreground user id = 0, calling pid = 2710com.android.server.InputMethodManagerService.windowGainedFocus(InputMethodManagerService.java:1890)
09-03 06:51:56.525  1877  1890 V InputMethodManagerService: windowGainedFocus: android.os.BinderProxy@2d6d7fd8 controlFlags=#5 softInputMode=#120 windowFlags=#1800400
09-03 06:51:56.525  1877  1890 V InputMethodManagerService: Unspecified window will hide input
09-03 06:51:57.373  1877  2176 D InputMethodManagerService: --- calledFromForegroundUserOrSystemProcess ? calling uid = 10034 system uid = 1000 calling userId = 0, foreground user id = 0, calling pid = 2710com.android.server.InputMethodManagerService.startInput(InputMethodManagerService.java:1259)
09-03 06:51:57.374  1877  2270 D InputMethodManagerService: hide the small icon for the input method
--------- beginning of /dev/log/main
09-03 06:51:57.785  1412  1910 V AudioPolicyManagerBase: releaseOutput() 2
09-03 06:51:57.789  2124  2423 D HMW     :  6:51:57|0020956401|Run|DEBUG|    CfgMgr|0x00000977:HMW_configMgr.cpp:2371:HMW_config_read|code:0|enter Android Version,pName=[Device.LAN.DNSServers], gConfigNative=[0].
09-03 06:51:57.789  2124  2423 I HMW     :  6:51:57|0020956401|Run| INFO|    CfgMgr|0x00000977:HMW_configMgr.cpp:2474:HMW_config_read|code:0|Device.LAN.DNSServers Succeed!
09-03 06:51:57.790  2124  2423 D HMW     :  6:51:57|0020956401|Run|DEBUG|    CfgMgr|0x00000977:HMW_configMgr.cpp:2371:HMW_config_read|code:0|enter Android Version,pName=[Device.LAN.DefaultGateway], gConfigNative=[0].
09-03 06:51:57.807  1877  1957 D InputMethodManagerService: --- calledFromForegroundUserOrSystemProcess ? calling uid = 10034 system uid = 1000 calling userId = 0, foreground user id = 0, calling pid = 2710com.android.server.InputMethodManagerService.startInput(InputMethodManagerService.java:1259)
09-03 06:51:57.808  1877  2270 D InputMethodManagerService: hide the small icon for the input method
09-03 06:51:58.056  1877  1965 D WindowManager: interceptKeyTq result=1
09-03 06:51:58.056  1877  1965 E EventHub: getEvents
09-03 06:51:58.057  1877  1964 D WindowManager: interceptKeyTi keyCode=22 down=true repeatCount=0 keyguardOn=false mHomePressed=false canceled=false runScreenSaver=true
09-03 06:51:58.089  1877  1959 D InputMethodManagerService: --- calledFromForegroundUserOrSystemProcess ? calling uid = 10034 system uid = 1000 calling userId = 0, foreground user id = 0, calling pid = 2710com.android.server.InputMethodManagerService.startInput(InputMethodManagerService.java:1259)
09-03 06:51:58.091  1877  2151 D InputMethodManagerService: hide the small icon for the input method
09-03 06:51:58.266  1877  1965 D InputReader: KeyboardInputMapper::process EV_SYN
09-03 06:51:58.267  1877  1965 D WindowManager: interceptKeyBeforeQueueing canceled[false]
09-03 06:51:58.268  1877  1965 D WindowManager: interceptKeyTq keycode=22 screenIsOn=true keyguardActive=false policyFlags=2000000 isWakeKey=false
09-03 06:51:58.269  1877  1965 D WindowManager: isAppOnForeground packageName=com.dangbei.tvlauncher and keyCode=22
09-03 06:51:58.269  1877  1965 D WindowManager: interceptKeyTq result=1
09-03 06:51:58.269  1877  1965 E EventHub: getEvents
09-03 06:51:58.270  1877  1964 D WindowManager: interceptKeyTi keyCode=22 down=false repeatCount=0 keyguardOn=false mHomePressed=false canceled=false runScreenSaver=true
09-03 06:51:58.270  1877  1964 D WindowManager: interceptKeyTp result=0
09-03 06:51:58.274  2283  2283 D RemoteIME: keycode: 22, realAction: true
09-03 06:51:58.274  2283  2283 D RemoteIME: isChineseTextWithHkb
09-03 06:51:59.003  1877  1986 D ConnectivityService: Sampling interval elapsed, updating statistics ..
09-03 06:51:59.007  1877  1986 D ConnectivityService: Done.
09-03 06:51:59.008  1877  1986 D ConnectivityService: Setting timer for 30seconds
09-03 06:51:59.223  2179  2531 I HMW     :  6:51:59|0020957570|Run| INFO|   MONITOR|0x000009e3:HMW_main.cpp:643:DisplayMallinfo|code:22|arena:8108744 bytes, ordblks:35, smblks:0, hblks:0, hblkhd:9823544 bytes, usmblks:18120704 bytes, fsmblks:0 bytes, uordblks:17744600 bytes, fordblks:187688 bytes, keepcost:3536 bytes
09-03 06:51:59.361  2137  2140 D dalvikvm: GC_CONCURRENT freed 914K, 24% free 3142K/4092K, paused 2ms+2ms, total 26ms
09-03 06:51:59.376  2710  4699 I ScreensaverService: 2
09-03 06:51:59.389  3741  3743 D dalvikvm: GC_CONCURRENT freed 2040K, 34% free 8107K/12280K, paused 6ms+5ms, total 81ms
09-03 06:51:59.389  3741  4379 D dalvikvm: WAIT_FOR_CONCURRENT_GC blocked 43ms
09-03 06:51:59.390  3741  4380 D dalvikvm: WAIT_FOR_CONCURRENT_GC blocked 42ms
09-03 06:51:59.443  1434  1499 I         : ir_user key down (0x1c)
09-03 06:51:59.444  1877  1965 I EventHub: event->deviceId= 3, event->type= 1, event->code= 28, event->value= 1 
09-03 06:51:59.444  1877  1965 I EventHub: after irBlink
09-03 06:51:59.444  1877  1965 D InputReader: processEventsForDeviceLocked
09-03 06:51:59.444  1877  1965 D InputReader: KeyboardInputMapper::process EV_KEY
09-03 06:51:59.444  1877  1965 D KeyLayoutMap: gc: scanCode=28, usageCode=0x00000000 
09-03 06:51:59.444  1877  1965 D KeyLayoutMap: gc: scanCode index =27
09-03 06:51:59.444  1877  1965 D KeyLayoutMap: mapKey: scanCode=28, usageCode=0x00000000 ~ Result keyCode=23, outFlags=0x00000000.
09-03 06:51:59.444  1877  1965 D InputReader: KeyboardInputMapper::process EV_KEY KeyboardOrGamepadKey
09-03 06:51:59.444  1877  1965 D InputReader: KeyboardInputMapper::process EV_SYN
09-03 06:51:59.444  1877  1965 D WindowManager: interceptKeyBeforeQueueing canceled[false]
09-03 06:51:59.445  1877  1965 D WindowManager: interceptKeyTq keycode=23 screenIsOn=true keyguardActive=false policyFlags=2000000 isWakeKey=false
09-03 06:51:59.446  1877  1965 D WindowManager: isAppOnForeground packageName=com.dangbei.tvlauncher and keyCode=23
09-03 06:51:59.446  1877  1965 D WindowManager: interceptKeyTq result=1
09-03 06:51:59.446  1877  1965 E EventHub: getEvents
09-03 06:51:59.447  1877  1964 D WindowManager: interceptKeyTi keyCode=23 down=true repeatCount=0 keyguardOn=false mHomePressed=false canceled=false runScreenSaver=true
09-03 06:51:59.447  1877  1964 D WindowManager: interceptKeyTp result=0
09-03 06:51:59.447  2283  2283 D RemoteIME: keycode: 23, realAction: false
09-03 06:51:59.447  2283  2283 D RemoteIME: isChineseTextWithHkb
09-03 06:51:59.544  1434  1499 I         : ir_user key up (0x1c)
09-03 06:51:59.544  1877  1965 I EventHub: event->deviceId= 3, event->type= 1, event->code= 28, event->value= 0 
09-03 06:51:59.544  1877  1965 I EventHub: after irBlink
09-03 06:51:59.544  1877  1965 D InputReader: processEventsForDeviceLocked
09-03 06:51:59.544  1877  1965 D InputReader: KeyboardInputMapper::process EV_KEY
09-03 06:51:59.544  1877  1965 D KeyLayoutMap: gc: scanCode=28, usageCode=0x00000000 
09-03 06:51:59.544  1877  1965 D KeyLayoutMap: gc: scanCode index =27
09-03 06:51:59.544  1877  1965 D KeyLayoutMap: mapKey: scanCode=28, usageCode=0x00000000 ~ Result keyCode=23, outFlags=0x00000000.
09-03 06:51:59.544  1877  1965 D InputReader: KeyboardInputMapper::process EV_KEY KeyboardOrGamepadKey
09-03 06:51:59.544  1877  1965 D InputReader: KeyboardInputMapper::process EV_SYN
09-03 06:51:59.544  1877  1965 D WindowManager: interceptKeyBeforeQueueing canceled[false]
09-03 06:51:59.545  1877  1965 D WindowManager: interceptKeyTq keycode=23 screenIsOn=true keyguardActive=false policyFlags=2000000 isWakeKey=false
09-03 06:51:59.545  1877  1965 D WindowManager: isAppOnForeground packageName=com.dangbei.tvlauncher and keyCode=23
09-03 06:51:59.545  1877  1965 D WindowManager: interceptKeyTq result=1
09-03 06:51:59.545  1877  1965 E EventHub: getEvents
09-03 06:51:59.545  1877  1964 D WindowManager: interceptKeyTi keyCode=23 down=false repeatCount=0 keyguardOn=false mHomePressed=false canceled=false runScreenSaver=true
09-03 06:51:59.546  1877  1964 D WindowManager: interceptKeyTp result=0
09-03 06:51:59.546  2283  2283 D RemoteIME: keycode: 23, realAction: true
09-03 06:51:59.546  2283  2283 D RemoteIME: isChineseTextWithHkb
09-03 06:51:59.589  1877  1984 D WifiStateMachine: handleMessage: E msg.what=131160
09-03 06:51:59.589  1877  1984 D WifiStateMachine: processMsg: DisconnectedState
09-03 06:51:59.589  1877  1984 D WifiStateMachine: handleMessage: X
09-03 06:51:59.589  1877  1984 D WifiStateMachine: handleMessage: E msg.what=131143
09-03 06:51:59.589  1877  1984 D WifiStateMachine: processMsg: DisconnectedState
09-03 06:51:59.589  1877  1984 D WifiStateMachine: processMsg: ConnectModeState
09-03 06:51:59.589  1877  1984 D WifiStateMachine: processMsg: DriverStartedState
09-03 06:51:59.590  1877  1984 D WifiHW  : wifi command = IFNAME=wlan0 SCAN
09-03 06:51:59.590  1877  1984 D WifiStateMachine: handleMessage: X
09-03 06:51:59.591  1877  1984 D WifiStateMachine: handleMessage: E msg.what=147462
09-03 06:51:59.591  1877  1984 D WifiStateMachine: processMsg: DisconnectedState
09-03 06:51:59.591  1877  1984 D WifiStateMachine: setDetailed state, old =IDLE and new state=SCANNING
09-03 06:51:59.591  1877  1984 D WifiStateMachine: processMsg: ConnectModeState
09-03 06:51:59.591  1877  1984 D WifiStateMachine: handleMessage: X
09-03 06:51:59.597  4495  4495 I Settings_WifiStatusReceiver: action----------->android.net.wifi.supplicant.STATE_CHANGE
09-03 06:51:59.606  1877  1984 D WifiStateMachine: handleMessage: E msg.what=131131
09-03 06:51:59.607  1877  1984 D WifiStateMachine: processMsg: DisconnectedState
09-03 06:51:59.607  1877  1984 D WifiStateMachine: processMsg: ConnectModeState
09-03 06:51:59.608  1877  1984 D WifiStateMachine: handleMessage: X
09-03 06:51:59.611  4495  4837 D HmtStbConfigImpl: getString name[wifi.toast] caller[com.android.settings.utils.StbconfigTool.getStbConfigValue:70 com.android.settings.c10.util.WifiStatusReceiver.wifiToast:121 com.android.settings.c10.util.WifiStatusReceiver$1$1.run:50 java.lang.Thread.run:841 ]
09-03 06:51:59.620  1877  2245 W HmtStbConfigAdapter: Can't find name[wifi.toast] in stbconfig
09-03 06:51:59.621  1877  2245 W HmtStbConfigService: stbconfig getString warn
09-03 06:51:59.621  1877  2245 W HmtStbConfigService: com.huawei.hmt.provider.HmtStbConfigAdapter$StbConfigNotFoundException: Can't find name[wifi.toast] in stbconfig
09-03 06:51:59.621  1877  2245 W HmtStbConfigService: 	at com.huawei.hmt.provider.HmtStbConfigAdapter$Stbconfig.getString(HmtStbConfigAdapter.java:119)
09-03 06:51:59.621  1877  2245 W HmtStbConfigService: 	at com.huawei.hmt.server.app.HmtStbConfigService.getString(HmtStbConfigService.java:148)
09-03 06:51:59.621  1877  2245 W HmtStbConfigService: 	at com.huawei.hmt.app.impl.IHmtStbConfig$Stub.onTransact(IHmtStbConfig.java:60)
09-03 06:51:59.621  1877  2245 W HmtStbConfigService: 	at android.os.Binder.execTransact(Binder.java:404)
09-03 06:51:59.621  1877  2245 W HmtStbConfigService: 	at dalvik.system.NativeStart.run(Native Method)
09-03 06:51:59.621  4495  4837 I Settings_WifiStatusReceiver: isShow----------->null
09-03 06:51:59.641  4484  4485 D uninstall: watchdaemon com.ktcp.video:push is exist
09-03 06:51:59.648  2710  4699 I ScreensaverService: 1
09-03 06:51:59.795  2124  2423 D HMW     :  6:51:59|0020958408|Run|DEBUG|    CfgMgr|0x00000977:HMW_configMgr.cpp:2371:HMW_config_read|code:0|enter Android Version,pName=[Device.LAN.DNSServers], gConfigNative=[0].
09-03 06:51:59.795  2124  2423 I HMW     :  6:51:59|0020958408|Run| INFO|    CfgMgr|0x00000977:HMW_configMgr.cpp:2474:HMW_config_read|code:0|Device.LAN.DNSServers Succeed!
09-03 06:51:59.796  2124  2423 D HMW     :  6:51:59|0020958408|Run|DEBUG|    CfgMgr|0x00000977:HMW_configMgr.cpp:2371:HMW_config_read|code:0|enter Android Version,pName=[Device.LAN.DefaultGateway], gConfigNative=[0].
09-03 06:51:59.796  2124  2423 I HMW     :  6:51:59|0020958408|Run| INFO|    CfgMgr|0x00000977:HMW_configMgr.cpp:2474:HMW_config_read|code:0|Device.LAN.DefaultGateway Succeed!
09-03 06:51:59.796  2124  2423 D HMW     :  6:51:59|0020958408|Run|DEBUG|    CfgMgr|0x00000977:HMW_configMgr.cpp:2371:HMW_config_read|code:0|enter Android Version,pName=[Device.LAN.SubnetMask], gConfigNative=[0].
09-03 06:51:59.796  2124  2423 I HMW     :  6:51:59|0020958408|Run| INFO|    CfgMgr|0x00000977:HMW_configMgr.cpp:2474:HMW_config_read|code:0|Device.LAN.SubnetMask Succeed!
09-03 06:51:59.796  2124  2423 D HMW     :  6:51:59|0020958408|Run|DEBUG|    CfgMgr|0x00000977:HMW_configMgr.cpp:2371:HMW_config_read|code:0|enter Android Version,pName=[Device.LAN.IPAddress], gConfigNative=[0].
09-03 06:51:59.797  2124  2423 I HMW     :  6:51:59|0020958408|Run| INFO|    CfgMgr|0x00000977:HMW_configMgr.cpp:2474:HMW_config_read|code:0|Device.LAN.IPAddress Succeed!
09-03 06:51:59.893  1877  2229 I ActivityManager: startActivityAsUser componentClassName:com.dangbei.launcher.ui.main.MainActivity,getStringExtra:null,intent.getAction()android.intent.action.MAIN
09-03 06:51:59.898  1877  2229 I ActivityManager: START u0 {act=android.intent.action.MAIN cat=[android.intent.category.LAUNCHER] flg=0x10000000 pkg=com.android.settings cmp=com.android.settings/.Settings} from pid 2710
09-03 06:51:59.978  1877  1919 D dalvikvm: GC_FOR_ALLOC freed 1138K, 61% free 6532K/16516K, paused 60ms, total 60ms
09-03 06:51:59.984  1877  1919 I dalvikvm-heap: Grow heap (frag case) to 9.919MB for 3686416-byte allocation
09-03 06:52:00.037  1877  2229 D dalvikvm: GC_FOR_ALLOC freed 6K, 50% free 10125K/20120K, paused 53ms, total 53ms
09-03 06:52:00.055  1877  1919 E ViewRootImpl: 201409092 enable acc for view=Starting com.android.settings
09-03 06:52:00.070  1877  1957 D InputMethodManagerService: --- calledFromForegroundUserOrSystemProcess ? calling uid = 10034 system uid = 1000 calling userId = 0, foreground user id = 0, calling pid = 2710com.android.server.InputMethodManagerService.startInput(InputMethodManagerService.java:1259)
09-03 06:52:00.087  1877  2176 D InputMethodManagerService: hide the small icon for the input method
09-03 06:52:00.087  1877  2245 D InputMethodManagerService: --- calledFromForegroundUserOrSystemProcess ? calling uid = 10034 system uid = 1000 calling userId = 0, foreground user id = 0, calling pid = 2710com.android.server.InputMethodManagerService.startInput(InputMethodManagerService.java:1259)
09-03 06:52:00.088  1877  1959 D InputMethodManagerService: hide the small icon for the input method
09-03 06:52:00.089  1877  2203 D InputMethodManagerService: --- calledFromForegroundUserOrSystemProcess ? calling uid = 10034 system uid = 1000 calling userId = 0, foreground user id = 0, calling pid = 2710com.android.server.InputMethodManagerService.windowGainedFocus(InputMethodManagerService.java:1890)
09-03 06:52:00.089  1877  2203 V InputMethodManagerService: windowGainedFocus: android.os.BinderProxy@2d6d7fd8 controlFlags=#1 softInputMode=#22 windowFlags=#5810580
09-03 06:52:00.139  1877  1879 D dalvikvm: GC_CONCURRENT freed 181K, 50% free 10233K/20120K, paused 4ms+12ms, total 100ms
09-03 06:52:00.144  2710  3450 E SQLiteLog: (1) near "page_name": syntax error
09-03 06:52:00.156  2710  3167 I TDLog   : New data found, Submitting...
09-03 06:52:00.163  1407  4856 D logc    : after res_setservers u is 0.0.0.0
09-03 06:52:00.163  1407  4856 D logc    : res_nsend statp->nscount dns is 0.0.0.0, nscount is 2
09-03 06:52:00.163  1407  4856 D logc    : nstimes is set to RES_MAXTIME 202.99.96.68
09-03 06:52:00.163  1407  4856 D logc    : use send_dg res_nsend
09-03 06:52:00.168  1407  4856 E logc    : after use send_dg res_nsend with server 202.99.96.68, n is:59
09-03 06:52:00.168  1407  4856 D logc    : [res_nsend] Add dns result to resolve_cache
09-03 06:52:00.168  1407  4856 D logc    : res_nsend statp->nscount dns is 0.0.0.0, nscount is 2
09-03 06:52:00.168  1407  4856 D logc    : use send_dg res_nsend
09-03 06:52:00.169  1407  4856 E logc    : after use send_dg res_nsend with server 202.99.96.68, n is:498
09-03 06:52:00.169  1407  4856 D logc    : [res_nsend] Add dns result to resolve_cache
09-03 06:52:00.188  4495  4495 I Settings_MenuConfigure: -------- getInstance----------
09-03 06:52:00.191  4495  4495 I Settings_ConfigurationEx: nameLNDX_PPPOE_CHANGE_ACTION
09-03 06:52:00.194  4495  4495 I Settings_ConfigurationBase: nameLNDX_PPPOE_CHANGE_ACTION
09-03 06:52:00.236  4495  4495 I Settings_MainActivity: testKey --- enter oncreate
09-03 06:52:00.254  4495  4495 I Settings_MenuConfigure: -------- getInstance----------
09-03 06:52:00.255  4495  4495 D Settings_ConfigurationEx: getItemArray() name=miscMenu
09-03 06:52:00.334  2179  2515 D HMW     :  6:52: 0|0020958683|Run|DEBUG|       HAL|0x000009d3:HMW_disk_core.c:3032:DSK_Core_ListenForAndroidBasic|code:0|listen start!
09-03 06:52:00.335  2179  2515 I HMW     :  6:52: 0|0020958683|Run| INFO|       HAL|0x000009d3:HMW_disk_core.c:2287:DSK_Core_ParsePrimalDiskInfoBasic|code:0|Enter HMW_disk_parsePrimalDiskInfoForAndroid
09-03 06:52:00.335  2179  2515 I HMW     :  6:52: 0|0020958683|Run| INFO|       HAL|0x000009d3:HMW_disk_core.c:2745:DSK_Core_CheckForAndroidBasic|code:0|============Old diskCount=0, olddisk[0], partion_cn[0]
09-03 06:52:00.335  2179  2515 I HMW     :  6:52: 0|0020958683|Run| INFO|       HAL|0x000009d3:HMW_disk_core.c:151:DSK_Core_PrintDiskInfo|code:0|******
09-03 06:52:00.335  2179  2515 I HMW     : NodeName=
09-03 06:52:00.335  2179  2515 I HMW     : DirName=
09-03 06:52:00.335  2179  2515 I HMW     : MountStatus=0
09-03 06:52:00.335  2179  2515 I HMW     : bPluged=0
09-03 06:52:00.335  2179  2515 I HMW     : connectedPort=0
09-03 06:52:00.335  2179  2515 I HMW     : PartCnt=0  
09-03 06:52:00.335  2179  2515 I HMW     :  6:52: 0|0020958683|Run| INFO|       HAL|0x000009d3:HMW_disk_core.c:2745:DSK_Core_CheckForAndroidBasic|code:0|============Old diskCount=0, olddisk[1], partion_cn[0]
09-03 06:52:00.335  2179  2515 I HMW     :  6:52: 0|0020958683|Run| INFO|       HAL|0x000009d3:HMW_disk_core.c:151:DSK_Core_PrintDiskInfo|code:0|******
09-03 06:52:00.335  2179  2515 I HMW     : NodeName=
09-03 06:52:00.335  2179  2515 I HMW     : DirName=
09-03 06:52:00.335  2179  2515 I HMW     : MountStatus=0
09-03 06:52:00.335  2179  2515 I HMW     : bPluged=0
09-03 06:52:00.335  2179  2515 I HMW     : connectedPort=0
09-03 06:52:00.335  2179  2515 I HMW     : PartCnt=0  
09-03 06:52:00.335  2179  2515 I HMW     :  6:52: 0|0020958683|Run| INFO|       HAL|0x000009d3:HMW_disk_core.c:2745:DSK_Core_CheckForAndroidBasic|code:0|============Old diskCount=0, olddisk[2], partion_cn[0]
09-03 06:52:00.335  2179  2515 I HMW     :  6:52: 0|0020958683|Run| INFO|       HAL|0x000009d3:HMW_disk_core.c:151:DSK_Core_PrintDiskInfo|code:0|******
09-03 06:52:00.335  2179  2515 I HMW     : NodeName=
09-03 06:52:00.335  2179  2515 I HMW     : DirName=
09-03 06:52:00.335  2179  2515 I HMW     : MountStatus=0
09-03 06:52:00.335  2179  2515 I HMW     : bPluged=0
09-03 06:52:00.335  2179  2515 I HMW     : connectedPort=0
09-03 06:52:00.335  2179  2515 I HMW     : PartCnt=0  
09-03 06:52:00.335  2179  2515 I HMW     :  6:52: 0|0020958683|Run| INFO|       HAL|0x000009d3:HMW_disk_core.c:2745:DSK_Core_CheckForAndroidBasic|code:0|============Old diskCount=0, olddisk[3], partion_cn[0]
09-03 06:52:00.335  2179  2515 I HMW     :  6:52: 0|0020958683|Run| INFO|       HAL|0x000009d3:HMW_disk_core.c:151:DSK_Core_PrintDiskInfo|code:0|******
09-03 06:52:00.335  2179  2515 I HMW     : NodeName=
09-03 06:52:00.335  2179  2515 I HMW     : DirName=
09-03 06:52:00.335  2179  2515 I HMW     : MountStatus=0
09-03 06:52:00.335  2179  2515 I HMW     : bPluged=0
09-03 06:52:00.335  2179  2515 I HMW     : connectedPort=0
09-03 06:52:00.335  2179  2515 I HMW     : PartCnt=0  
09-03 06:52:00.335  2179  2515 I HMW     :  6:52: 0|0020958683|Run| INFO|       HAL|0x000009d3:HMW_disk_core.c:2745:DSK_Core_CheckForAndroidBasic|code:0|============Old diskCount=0, olddisk[4], partion_cn[0]
09-03 06:52:00.335  2179  2515 I HMW     :  6:52: 0|0020958683|Run| INFO|       HAL|0x000009d3:HMW_disk_core.c:151:DSK_Core_PrintDiskInfo|code:0|******
09-03 06:52:00.335  2179  2515 I HMW     : NodeName=
09-03 06:52:00.335  2179  2515 I HMW     : DirName=
09-03 06:52:00.335  2179  2515 I HMW     : MountStatus=0
09-03 06:52:00.335  2179  2515 I HMW     : bPluged=0
09-03 06:52:00.335  2179  2515 I HMW     : connectedPort=0
09-03 06:52:00.335  2179  2515 I HMW     : PartCnt=0  
09-03 06:52:00.335  2179  2515 I HMW     :  6:52: 0|0020958683|Run| INFO|       HAL|0x000009d3:HMW_disk_core.c:2745:DSK_Core_CheckForAndroidBasic|code:0|============Old diskCount=0, olddisk[5], partion_cn[0]
09-03 06:52:00.335  2179  2515 I HMW     :  6:52: 0|0020958683|Run| INFO|       HAL|0x000009d3:HMW_disk_core.c:151:DSK_Core_PrintDiskInfo|code:0|******
09-03 06:52:00.335  2179  2515 I HMW     : NodeName=
09-03 06:52:00.335  2179  2515 I HMW     : DirName=
09-03 06:52:00.335  2179  2515 I HMW     : MountStatus=0
09-03 06:52:00.335  2179  2515 I HMW     : bPluged=0
09-03 06:52:00.335  2179  2515 I HMW     : connectedPort=0
09-03 06:52:00.335  2179  2515 I HMW     : PartCnt=0  
09-03 06:52:00.335  2179  2515 I HMW     :  6:52: 0|0020958683|Run| INFO|       HAL|0x000009d3:HMW_disk_core.c:2745:DSK_Core_CheckForAndroidBasic|code:0|============Old diskCount=0, olddisk[6], partion_cn[0]
09-03 06:52:00.335  2179  2515 I HMW     :  6:52: 0|0020958683|Run| INFO|       HAL|0x000009d3:HMW_disk_core.c:151:DSK_Core_PrintDiskInfo|code:0|******
09-03 06:52:00.335  2179  2515 I HMW     : NodeName=
09-03 06:52:00.335  2179  2515 I HMW     : DirName=
09-03 06:52:00.335  2179  2515 I HMW     : MountStatus=0
09-03 06:52:00.335  2179  2515 I HMW     : bPluged=0
09-03 06:52:00.335  2179  2515 I HMW     : connectedPort=0
09-03 06:52:00.335  2179  2515 I HMW     : PartCnt=0  
09-03 06:52:00.335  2179  2515 I HMW     :  6:52: 0|0020958683|Run| INFO|       HAL|0x000009d3:HMW_disk_core.c:2745:DSK_Core_CheckForAndroidBasic|code:0|============Old diskCount=0, olddisk[7], partion_cn[0]
09-03 06:52:00.336  2179  2515 I HMW     :  6:52: 0|0020958683|Run| INFO|       HAL|0x000009d3:HMW_disk_core.c:151:DSK_Core_PrintDiskInfo|code:0|******
09-03 06:52:00.336  2179  2515 I HMW     : NodeName=
09-03 06:52:00.336  2179  2515 I HMW     : DirName=
09-03 06:52:00.336  2179  2515 I HMW     : MountStatus=0
09-03 06:52:00.336  2179  2515 I HMW     : bPluged=0
09-03 06:52:00.336  2179  2515 I HMW     : connectedPort=0
09-03 06:52:00.336  2179  2515 I HMW     : PartCnt=0  
09-03 06:52:00.336  2179  2515 I HMW     :  6:52: 0|0020958683|Run| INFO|       HAL|0x000009d3:HMW_disk_core.c:2745:DSK_Core_CheckForAndroidBasic|code:0|============Old diskCount=0, olddisk[8], partion_cn[0]
09-03 06:52:00.336  2179  2515 I HMW     :  6:52: 0|0020958683|Run| INFO|       HAL|0x000009d3:HMW_disk_core.c:151:DSK_Core_PrintDiskInfo|code:0|******
09-03 06:52:00.336  2179  2515 I HMW     : NodeName=
09-03 06:52:00.336  2179  2515 I HMW     : DirName=
09-03 06:52:00.336  2179  2515 I HMW     : MountStatus=0
09-03 06:52:00.336  2179  2515 I HMW     : bPluged=0
09-03 06:52:00.336  2179  2515 I HMW     : connectedPort=0
09-03 06:52:00.336  2179  2515 I HMW     : PartCnt=0  
09-03 06:52:00.336  2179  2515 I HMW     :  6:52: 0|0020958683|Run| INFO|       HAL|0x000009d3:HMW_disk_core.c:2745:DSK_Core_CheckForAndroidBasic|code:0|============Old diskCount=0, olddisk[9], partion_cn[0]
09-03 06:52:00.336  2179  2515 I HMW     :  6:52: 0|0020958683|Run| INFO|       HAL|0x000009d3:HMW_disk_core.c:151:DSK_Core_PrintDiskInfo|code:0|******
09-03 06:52:00.336  2179  2515 I HMW     : NodeName=
09-03 06:52:00.336  2179  2515 I HMW     : DirName=
09-03 06:52:00.336  2179  2515 I HMW     : MountStatus=0
09-03 06:52:00.336  2179  2515 I HMW     : bPluged=0
09-03 06:52:00.336  2179  2515 I HMW     : connectedPort=0
09-03 06:52:00.336  2179  2515 I HMW     : PartCnt=0  
09-03 06:52:00.336  2179  2515 I HMW     :  6:52: 0|0020958683|Run| INFO|       HAL|0x000009d3:HMW_disk.c:867:HMW_disk_diskCount|code:0|get diskCount[0]!
09-03 06:52:00.352  2710  3167 I TDLog   : Data submitted successfully!
09-03 06:52:00.384  4495  4495 D dalvikvm: GC_FOR_ALLOC freed 123K, 10% free 2853K/3156K, paused 22ms, total 22ms
09-03 06:52:00.398  4495  4495 I dalvikvm-heap: Grow heap (frag case) to 6.326MB for 3686416-byte allocation
09-03 06:52:00.418  4495  4503 D dalvikvm: GC_FOR_ALLOC freed <1K, 5% free 6452K/6760K, paused 20ms, total 20ms
09-03 06:52:00.442  4495  4499 D dalvikvm: GC_CONCURRENT freed <1K, 5% free 6452K/6760K, paused 3ms+3ms, total 24ms
09-03 06:52:00.586  2543  2835 W ProcessManager: waitpid on failed exec failed: No child processes
09-03 06:52:00.649  2710  4699 I ScreensaverService: 2
09-03 06:52:00.681  2543  2835 W ProcessManager: waitpid on failed exec failed: No child processes
09-03 06:52:00.786  4495  4495 D Settings_ConfigurationEx: getItemArray() name=mainMenu
09-03 06:52:00.786  4495  4495 I Settings_ConfigurationBase: getItemArray() name=mainMenu
09-03 06:52:00.786  4495  4495 D Settings_ConfigurationEx: getItemArray() name=resolutionMenu
09-03 06:52:00.786  4495  4495 I Settings_ConfigurationBase: getItemArray() name=resolutionMenu
09-03 06:52:00.797  2124  2423 D HMW     :  6:52: 0|0020959410|Run|DEBUG|    CfgMgr|0x00000977:HMW_configMgr.cpp:2371:HMW_config_read|code:0|enter Android Version,pName=[Device.LAN.DNSServers], gConfigNative=[0].
09-03 06:52:00.798  2124  2423 I HMW     :  6:52: 0|0020959410|Run| INFO|    CfgMgr|0x00000977:HMW_configMgr.cpp:2474:HMW_config_read|code:0|Device.LAN.DNSServers Succeed!
09-03 06:52:00.798  2124  2423 D HMW     :  6:52: 0|0020959410|Run|DEBUG|    CfgMgr|0x00000977:HMW_configMgr.cpp:2371:HMW_config_read|code:0|enter Android Version,pName=[Device.LAN.DefaultGateway], gConfigNative=[0].
09-03 06:52:00.798  2124  2423 I HMW     :  6:52: 0|0020959410|Run| INFO|    CfgMgr|0x00000977:HMW_configMgr.cpp:2474:HMW_config_read|code:0|Device.LAN.DefaultGateway Succeed!
09-03 06:52:00.799  2124  2423 D HMW     :  6:52: 0|0020959413|Run|DEBUG|    CfgMgr|0x00000977:HMW_configMgr.cpp:2371:HMW_config_read|code:0|enter Android Version,pName=[Device.LAN.SubnetMask], gConfigNative=[0].
09-03 06:52:00.799  2124  2423 I HMW     :  6:52: 0|0020959413|Run| INFO|    CfgMgr|0x00000977:HMW_configMgr.cpp:2474:HMW_config_read|code:0|Device.LAN.SubnetMask Succeed!
09-03 06:52:00.799  4495  4495 D HmtStbConfigImpl: getString name[SettingPasswordStatus] caller[com.android.settings.utils.StbconfigTool.getStbConfigValue:70 com.android.settings.Settings.onCreate:320 android.app.Activity.performCreate:5279 android.app.Instrumentation.callActivityOnCreate:1087 ]
09-03 06:52:00.799  2124  2423 D HMW     :  6:52: 0|0020959413|Run|DEBUG|    CfgMgr|0x00000977:HMW_configMgr.cpp:2371:HMW_config_read|code:0|enter Android Version,pName=[Device.LAN.IPAddress], gConfigNative=[0].
09-03 06:52:00.799  2124  2423 I HMW     :  6:52: 0|0020959413|Run| INFO|    CfgMgr|0x00000977:HMW_configMgr.cpp:2474:HMW_config_read|code:0|Device.LAN.IPAddress Succeed!
09-03 06:52:00.802  1877  2229 W HmtStbConfigAdapter: Can't find name[SettingPasswordStatus] in stbconfig
09-03 06:52:00.803  1877  2229 W HmtStbConfigService: stbconfig getString warn
09-03 06:52:00.803  1877  2229 W HmtStbConfigService: com.huawei.hmt.provider.HmtStbConfigAdapter$StbConfigNotFoundException: Can't find name[SettingPasswordStatus] in stbconfig
09-03 06:52:00.803  1877  2229 W HmtStbConfigService: 	at com.huawei.hmt.provider.HmtStbConfigAdapter$Stbconfig.getString(HmtStbConfigAdapter.java:119)
09-03 06:52:00.803  1877  2229 W HmtStbConfigService: 	at com.huawei.hmt.server.app.HmtStbConfigService.getString(HmtStbConfigService.java:148)
09-03 06:52:00.803  1877  2229 W HmtStbConfigService: 	at com.huawei.hmt.app.impl.IHmtStbConfig$Stub.onTransact(IHmtStbConfig.java:60)
09-03 06:52:00.803  1877  2229 W HmtStbConfigService: 	at android.os.Binder.execTransact(Binder.java:404)
09-03 06:52:00.803  1877  2229 W HmtStbConfigService: 	at dalvik.system.NativeStart.run(Native Method)
09-03 06:52:00.847  4495  4495 E Settings_MainActivity: SettingNotFoundException-->android.provider.Settings$SettingNotFoundException: spell_checker_enabled
09-03 06:52:00.847  4495  4495 I Settings_SettingsWifiManager: mWifiManager.isWifiEnabled() =true
09-03 06:52:00.852  4495  4495 I Settings_MainActivity: testKey --- exit oncreate
09-03 06:52:00.852  4495  4495 I Settings_MainActivity: testKey --- enter onStart
09-03 06:52:00.852  4495  4495 I Settings_MainActivity: testKey --- exit onStart
09-03 06:52:00.854  4495  4495 I Activity: Current activity's input mode is :auto-switch
09-03 06:52:00.854  1877  2151 D         :  mouse-utils set Mouse Mode is 2
09-03 06:52:00.854  1877  2151 I InputManager: initInputMode! mode:auto-switch
09-03 06:52:00.854  4495  4495 I Settings_MainActivity: testKey --- enter onResume
09-03 06:52:00.856  4495  4495 I Settings_MainActivity: getNetworkMode = 1
09-03 06:52:00.862  4495  4495 I Settings_MainActivity: mGrideView.getChildAt is null
09-03 06:52:00.864  4495  4495 W ContextImpl: Calling a method in the system process without a qualified user: android.app.ContextImpl.sendBroadcast:1338 android.content.ContextWrapper.sendBroadcast:365 android.app.ActivityThread.performResumeActivity:2785 android.app.ActivityThread.handleResumeActivity:2823 android.app.ActivityThread.handleLaunchActivity:2250 
09-03 06:52:00.891  1877  2244 D InputMethodManagerService: --- calledFromForegroundUserOrSystemProcess ? calling uid = 1000 system uid = 1000 calling userId = 0, foreground user id = 0, calling pid = 1877com.android.server.wm.WindowManagerService.openSession(WindowManagerService.java:7584)
09-03 06:52:00.897  4495  4495 E ViewRootImpl: 201409092 enable acc for view=com.android.settings/com.android.settings.Settings
09-03 06:52:00.901  4495  4495 D Settings_MainActivity: ---MainActivity mReceiver action = android.net.ethernet.ETHERNET_STATE_CHANGE
09-03 06:52:00.902  1877  2176 D HmtPppoeManagerService: getPppoeConnectStatus()
09-03 06:52:00.906  1877  2176 I PppoeManager: getPppoeConnectStatus(): false
09-03 06:52:00.908  4495  4495 I Settings_SettingsEthernetManager: ethStatus =-1
