--------- beginning of /dev/log/system
09-03 03:52:58.677  1877  1986 D ConnectivityService: Sampling interval elapsed, updating statistics ..
09-03 03:52:58.682  1877  1986 D ConnectivityService: Done.
09-03 03:52:58.682  1877  1986 D ConnectivityService: Setting timer for 30seconds
09-03 03:53:06.863  1877  1942 D NetworkManagementService: notifyInterfaceLinkStateChanged wlan0 false
09-03 03:53:21.877  1877  1942 D NetworkManagementService: notifyInterfaceLinkStateChanged wlan0 false
09-03 03:53:28.685  1877  1986 D ConnectivityService: Sampling interval elapsed, updating statistics ..
09-03 03:53:28.688  1877  1986 D ConnectivityService: Done.
09-03 03:53:28.688  1877  1986 D ConnectivityService: Setting timer for 30seconds
09-03 03:53:36.904  1877  1942 D NetworkManagementService: notifyInterfaceLinkStateChanged wlan0 false
09-03 03:53:51.914  1877  1942 D NetworkManagementService: notifyInterfaceLinkStateChanged wlan0 false
09-03 03:53:54.977  2272  2347 W ContextImpl: Calling a method in the system process without a qualified user: android.app.ContextImpl.startService:1694 android.content.ContextWrapper.startService:494 com.iflytek.xirihelpersupervisor.service.DaemonService$2.run:129 android.os.Handler.handleCallback:733 android.os.Handler.dispatchMessage:95 
09-03 03:53:54.979  1877  1894 W ActivityManager: Unable to start service Intent { act=com.iflytek.xiri2.helperService } U=0: not found
09-03 03:53:58.691  1877  1986 D ConnectivityService: Sampling interval elapsed, updating statistics ..
09-03 03:53:58.695  1877  1986 D ConnectivityService: Done.
09-03 03:53:58.695  1877  1986 D ConnectivityService: Setting timer for 30seconds
09-03 03:54:06.918  1877  1942 D NetworkManagementService: notifyInterfaceLinkStateChanged wlan0 false
09-03 03:54:21.932  1877  1942 D NetworkManagementService: notifyInterfaceLinkStateChanged wlan0 false
09-03 03:54:28.698  1877  1986 D ConnectivityService: Sampling interval elapsed, updating statistics ..
09-03 03:54:28.702  1877  1986 D ConnectivityService: Done.
09-03 03:54:28.702  1877  1986 D ConnectivityService: Setting timer for 30seconds
09-03 03:54:36.946  1877  1942 D NetworkManagementService: notifyInterfaceLinkStateChanged wlan0 false
09-03 03:54:51.951  1877  1942 D NetworkManagementService: notifyInterfaceLinkStateChanged wlan0 false
09-03 03:54:55.046  2272  2347 W ContextImpl: Calling a method in the system process without a qualified user: android.app.ContextImpl.startService:1694 android.content.ContextWrapper.startService:494 com.iflytek.xirihelpersupervisor.service.DaemonService$2.run:129 android.os.Handler.handleCallback:733 android.os.Handler.dispatchMessage:95 
09-03 03:54:55.048  1877  1957 W ActivityManager: Unable to start service Intent { act=com.iflytek.xiri2.helperService } U=0: not found
09-03 03:55:06.970  1877  1942 D NetworkManagementService: notifyInterfaceLinkStateChanged wlan0 false
09-03 03:55:20.639  1877  1986 D ConnectivityService: Sampling interval elapsed, updating statistics ..
09-03 03:55:20.642  1877  1986 D ConnectivityService: Done.
09-03 03:55:20.643  1877  1986 D ConnectivityService: Setting timer for 30seconds
09-03 03:55:21.982  1877  1942 D NetworkManagementService: notifyInterfaceLinkStateChanged wlan0 false
09-03 03:55:36.988  1877  1942 D NetworkManagementService: notifyInterfaceLinkStateChanged wlan0 false
09-03 03:55:50.647  1877  1986 D ConnectivityService: Sampling interval elapsed, updating statistics ..
09-03 03:55:50.651  1877  1986 D ConnectivityService: Done.
09-03 03:55:50.651  1877  1986 D ConnectivityService: Setting timer for 30seconds
09-03 03:55:52.019  1877  1942 D NetworkManagementService: notifyInterfaceLinkStateChanged wlan0 false
09-03 03:55:55.114  2272  2347 W ContextImpl: Calling a method in the system process without a qualified user: android.app.ContextImpl.startService:1694 android.content.ContextWrapper.startService:494 com.iflytek.xirihelpersupervisor.service.DaemonService$2.run:129 android.os.Handler.handleCallback:733 android.os.Handler.dispatchMessage:95 
09-03 03:55:55.116  1877  2245 W ActivityManager: Unable to start service Intent { act=com.iflytek.xiri2.helperService } U=0: not found
09-03 03:56:07.021  1877  1942 D NetworkManagementService: notifyInterfaceLinkStateChanged wlan0 false
09-03 03:56:20.654  1877  1986 D ConnectivityService: Sampling interval elapsed, updating statistics ..
09-03 03:56:20.658  1877  1986 D ConnectivityService: Done.
09-03 03:56:20.658  1877  1986 D ConnectivityService: Setting timer for 30seconds
09-03 03:56:22.029  1877  1942 D NetworkManagementService: notifyInterfaceLinkStateChanged wlan0 false
09-03 03:56:37.066  1877  1942 D NetworkManagementService: notifyInterfaceLinkStateChanged wlan0 false
09-03 03:56:50.661  1877  1986 D ConnectivityService: Sampling interval elapsed, updating statistics ..
09-03 03:56:50.664  1877  1986 D ConnectivityService: Done.
09-03 03:56:50.664  1877  1986 D ConnectivityService: Setting timer for 30seconds
09-03 03:56:52.065  1877  1942 D NetworkManagementService: notifyInterfaceLinkStateChanged wlan0 false
09-03 03:56:55.178  2272  2347 W ContextImpl: Calling a method in the system process without a qualified user: android.app.ContextImpl.startService:1694 android.content.ContextWrapper.startService:494 com.iflytek.xirihelpersupervisor.service.DaemonService$2.run:129 android.os.Handler.handleCallback:733 android.os.Handler.dispatchMessage:95 
09-03 03:56:55.180  1877  1959 W ActivityManager: Unable to start service Intent { act=com.iflytek.xiri2.helperService } U=0: not found
09-03 03:57:07.075  1877  1942 D NetworkManagementService: notifyInterfaceLinkStateChanged wlan0 false
09-03 03:57:20.669  1877  1986 D ConnectivityService: Sampling interval elapsed, updating statistics ..
09-03 03:57:20.675  1877  1986 D ConnectivityService: Done.
09-03 03:57:20.675  1877  1986 D ConnectivityService: Setting timer for 30seconds
09-03 03:57:22.091  1877  1942 D NetworkManagementService: notifyInterfaceLinkStateChanged wlan0 false
09-03 03:57:37.098  1877  1942 D NetworkManagementService: notifyInterfaceLinkStateChanged wlan0 false
09-03 03:57:52.119  1877  1942 D NetworkManagementService: notifyInterfaceLinkStateChanged wlan0 false
09-03 03:57:55.246  2272  2347 W ContextImpl: Calling a method in the system process without a qualified user: android.app.ContextImpl.startService:1694 android.content.ContextWrapper.startService:494 com.iflytek.xirihelpersupervisor.service.DaemonService$2.run:129 android.os.Handler.handleCallback:733 android.os.Handler.dispatchMessage:95 
09-03 03:57:55.248  1877  2228 W ActivityManager: Unable to start service Intent { act=com.iflytek.xiri2.helperService } U=0: not found
09-03 03:57:58.677  1877  1986 D ConnectivityService: Sampling interval elapsed, updating statistics ..
09-03 03:57:58.683  1877  1986 D ConnectivityService: Done.
09-03 03:57:58.683  1877  1986 D ConnectivityService: Setting timer for 30seconds
09-03 03:58:07.120  1877  1942 D NetworkManagementService: notifyInterfaceLinkStateChanged wlan0 false
09-03 03:58:22.144  1877  1942 D NetworkManagementService: notifyInterfaceLinkStateChanged wlan0 false
09-03 03:58:28.688  1877  1986 D ConnectivityService: Sampling interval elapsed, updating statistics ..
09-03 03:58:28.693  1877  1986 D ConnectivityService: Done.
09-03 03:58:28.694  1877  1986 D ConnectivityService: Setting timer for 30seconds
09-03 03:58:37.163  1877  1942 D NetworkManagementService: notifyInterfaceLinkStateChanged wlan0 false
09-03 03:58:52.154  1877  1942 D NetworkManagementService: notifyInterfaceLinkStateChanged wlan0 false
09-03 03:58:55.322  2272  2347 W ContextImpl: Calling a method in the system process without a qualified user: android.app.ContextImpl.startService:1694 android.content.ContextWrapper.startService:494 com.iflytek.xirihelpersupervisor.service.DaemonService$2.run:129 android.os.Handler.handleCallback:733 android.os.Handler.dispatchMessage:95 
09-03 03:58:55.327  1877  2244 W ActivityManager: Unable to start service Intent { act=com.iflytek.xiri2.helperService } U=0: not found
09-03 03:58:58.700  1877  1986 D ConnectivityService: Sampling interval elapsed, updating statistics ..
09-03 03:58:58.704  1877  1986 D ConnectivityService: Done.
09-03 03:58:58.704  1877  1986 D ConnectivityService: Setting timer for 30seconds
09-03 03:59:07.198  1877  1942 D NetworkManagementService: notifyInterfaceLinkStateChanged wlan0 false
09-03 03:59:22.187  1877  1942 D NetworkManagementService: notifyInterfaceLinkStateChanged wlan0 false
09-03 03:59:28.707  1877  1986 D ConnectivityService: Sampling interval elapsed, updating statistics ..
09-03 03:59:28.711  1877  1986 D ConnectivityService: Done.
09-03 03:59:28.711  1877  1986 D ConnectivityService: Setting timer for 30seconds
09-03 03:59:37.208  1877  1942 D NetworkManagementService: notifyInterfaceLinkStateChanged wlan0 false
09-03 03:59:52.226  1877  1942 D NetworkManagementService: notifyInterfaceLinkStateChanged wlan0 false
09-03 03:59:55.390  2272  2347 W ContextImpl: Calling a method in the system process without a qualified user: android.app.ContextImpl.startService:1694 android.content.ContextWrapper.startService:494 com.iflytek.xirihelpersupervisor.service.DaemonService$2.run:129 android.os.Handler.handleCallback:733 android.os.Handler.dispatchMessage:95 
09-03 03:59:55.391  1877  2150 W ActivityManager: Unable to start service Intent { act=com.iflytek.xiri2.helperService } U=0: not found
09-03 03:59:58.714  1877  1986 D ConnectivityService: Sampling interval elapsed, updating statistics ..
09-03 03:59:58.717  1877  1986 D ConnectivityService: Done.
09-03 03:59:58.717  1877  1986 D ConnectivityService: Setting timer for 30seconds
09-03 04:00:07.231  1877  1942 D NetworkManagementService: notifyInterfaceLinkStateChanged wlan0 false
09-03 04:00:22.242  1877  1942 D NetworkManagementService: notifyInterfaceLinkStateChanged wlan0 false
09-03 04:00:28.722  1877  1986 D ConnectivityService: Sampling interval elapsed, updating statistics ..
09-03 04:00:28.726  1877  1986 D ConnectivityService: Done.
09-03 04:00:28.726  1877  1986 D ConnectivityService: Setting timer for 30seconds
09-03 04:00:30.387  1877  1942 D NetworkManagementService: notifyInterfaceLinkStateChanged wlan0 false
09-03 04:00:37.246  1877  1942 D NetworkManagementService: notifyInterfaceLinkStateChanged wlan0 false
09-03 04:00:52.254  1877  1942 D NetworkManagementService: notifyInterfaceLinkStateChanged wlan0 false
09-03 04:00:55.458  2272  2347 W ContextImpl: Calling a method in the system process without a qualified user: android.app.ContextImpl.startService:1694 android.content.ContextWrapper.startService:494 com.iflytek.xirihelpersupervisor.service.DaemonService$2.run:129 android.os.Handler.handleCallback:733 android.os.Handler.dispatchMessage:95 
09-03 04:00:55.459  1877  1894 W ActivityManager: Unable to start service Intent { act=com.iflytek.xiri2.helperService } U=0: not found
09-03 04:00:58.729  1877  1986 D ConnectivityService: Sampling interval elapsed, updating statistics ..
09-03 04:00:58.733  1877  1986 D ConnectivityService: Done.
09-03 04:00:58.733  1877  1986 D ConnectivityService: Setting timer for 30seconds
09-03 04:01:07.292  1877  1942 D NetworkManagementService: notifyInterfaceLinkStateChanged wlan0 false
09-03 04:01:22.277  1877  1942 D NetworkManagementService: notifyInterfaceLinkStateChanged wlan0 false
09-03 04:01:28.738  1877  1986 D ConnectivityService: Sampling interval elapsed, updating statistics ..
09-03 04:01:28.743  1877  1986 D ConnectivityService: Done.
09-03 04:01:28.743  1877  1986 D ConnectivityService: Setting timer for 30seconds
09-03 04:01:37.300  1877  1942 D NetworkManagementService: notifyInterfaceLinkStateChanged wlan0 false
09-03 04:01:52.304  1877  1942 D NetworkManagementService: notifyInterfaceLinkStateChanged wlan0 false
09-03 04:01:55.525  2272  2347 W ContextImpl: Calling a method in the system process without a qualified user: android.app.ContextImpl.startService:1694 android.content.ContextWrapper.startService:494 com.iflytek.xirihelpersupervisor.service.DaemonService$2.run:129 android.os.Handler.handleCallback:733 android.os.Handler.dispatchMessage:95 
09-03 04:01:55.526  1877  2151 W ActivityManager: Unable to start service Intent { act=com.iflytek.xiri2.helperService } U=0: not found
09-03 04:02:07.326  1877  1942 D NetworkManagementService: notifyInterfaceLinkStateChanged wlan0 false
09-03 04:02:19.995  1877  1986 D ConnectivityService: Sampling interval elapsed, updating statistics ..
09-03 04:02:20.000  1877  1986 D ConnectivityService: Done.
09-03 04:02:20.000  1877  1986 D ConnectivityService: Setting timer for 30seconds
09-03 04:02:22.344  1877  1942 D NetworkManagementService: notifyInterfaceLinkStateChanged wlan0 false
09-03 04:02:28.052  1877  1945 W BatteryStatsImpl: Couldn't get kernel wake lock stats
09-03 04:02:37.355  1877  1942 D NetworkManagementService: notifyInterfaceLinkStateChanged wlan0 false
09-03 04:02:38.053  1877  1877 I EntropyMixer: Writing entropy...
09-03 04:02:49.528  1877  1922 I ProcessStatsService: Prepared write state in 11ms
09-03 04:02:49.536  1877  1940 I ProcessStatsService: Pruning old procstats: /data/system/procstats/state-2014-01-01-00-00-02.bin
09-03 04:02:50.011  1877  1986 D ConnectivityService: Sampling interval elapsed, updating statistics ..
09-03 04:02:50.019  1877  1986 D ConnectivityService: Done.
09-03 04:02:50.019  1877  1986 D ConnectivityService: Setting timer for 30seconds
09-03 04:02:52.355  1877  1942 D NetworkManagementService: notifyInterfaceLinkStateChanged wlan0 false
09-03 04:02:55.596  2272  2347 W ContextImpl: Calling a method in the system process without a qualified user: android.app.ContextImpl.startService:1694 android.content.ContextWrapper.startService:494 com.iflytek.xirihelpersupervisor.service.DaemonService$2.run:129 android.os.Handler.handleCallback:733 android.os.Handler.dispatchMessage:95 
09-03 04:02:55.597  1877  2271 W ActivityManager: Unable to start service Intent { act=com.iflytek.xiri2.helperService } U=0: not found
09-03 04:03:07.394  1877  1942 D NetworkManagementService: notifyInterfaceLinkStateChanged wlan0 false
09-03 04:03:20.022  1877  1986 D ConnectivityService: Sampling interval elapsed, updating statistics ..
09-03 04:03:20.026  1877  1986 D ConnectivityService: Done.
09-03 04:03:20.026  1877  1986 D ConnectivityService: Setting timer for 30seconds
09-03 04:03:22.393  1877  1942 D NetworkManagementService: notifyInterfaceLinkStateChanged wlan0 false
09-03 04:03:37.407  1877  1942 D NetworkManagementService: notifyInterfaceLinkStateChanged wlan0 false
09-03 04:03:50.029  1877  1986 D ConnectivityService: Sampling interval elapsed, updating statistics ..
09-03 04:03:50.035  1877  1986 D ConnectivityService: Done.
09-03 04:03:50.036  1877  1986 D ConnectivityService: Setting timer for 30seconds
09-03 04:03:52.406  1877  1942 D NetworkManagementService: notifyInterfaceLinkStateChanged wlan0 false
09-03 04:03:55.662  2272  2347 W ContextImpl: Calling a method in the system process without a qualified user: android.app.ContextImpl.startService:1694 android.content.ContextWrapper.startService:494 com.iflytek.xirihelpersupervisor.service.DaemonService$2.run:129 android.os.Handler.handleCallback:733 android.os.Handler.dispatchMessage:95 
09-03 04:03:55.664  1877  1959 W ActivityManager: Unable to start service Intent { act=com.iflytek.xiri2.helperService } U=0: not found
09-03 04:04:07.425  1877  1942 D NetworkManagementService: notifyInterfaceLinkStateChanged wlan0 false
09-03 04:04:20.039  1877  1986 D ConnectivityService: Sampling interval elapsed, updating statistics ..
09-03 04:04:20.043  1877  1986 D ConnectivityService: Done.
09-03 04:04:20.043  1877  1986 D ConnectivityService: Setting timer for 30seconds
09-03 04:04:22.472  1877  1942 D NetworkManagementService: notifyInterfaceLinkStateChanged wlan0 false
09-03 04:04:37.464  1877  1942 D NetworkManagementService: notifyInterfaceLinkStateChanged wlan0 false
09-03 04:04:50.045  1877  1986 D ConnectivityService: Sampling interval elapsed, updating statistics ..
09-03 04:04:50.050  1877  1986 D ConnectivityService: Done.
09-03 04:04:50.050  1877  1986 D ConnectivityService: Setting timer for 30seconds
09-03 04:04:52.467  1877  1942 D NetworkManagementService: notifyInterfaceLinkStateChanged wlan0 false
09-03 04:04:55.730  2272  2347 W ContextImpl: Calling a method in the system process without a qualified user: android.app.ContextImpl.startService:1694 android.content.ContextWrapper.startService:494 com.iflytek.xirihelpersupervisor.service.DaemonService$2.run:129 android.os.Handler.handleCallback:733 android.os.Handler.dispatchMessage:95 
09-03 04:04:55.732  1877  2270 W ActivityManager: Unable to start service Intent { act=com.iflytek.xiri2.helperService } U=0: not found
09-03 04:05:07.495  1877  1942 D NetworkManagementService: notifyInterfaceLinkStateChanged wlan0 false
09-03 04:05:20.058  1877  1986 D ConnectivityService: Sampling interval elapsed, updating statistics ..
09-03 04:05:20.061  1877  1986 D ConnectivityService: Done.
09-03 04:05:20.061  1877  1986 D ConnectivityService: Setting timer for 30seconds
09-03 04:05:21.747  1877  1942 D NetworkManagementService: notifyInterfaceLinkStateChanged wlan0 false
09-03 04:05:37.509  1877  1942 D NetworkManagementService: notifyInterfaceLinkStateChanged wlan0 false
09-03 04:05:50.065  1877  1986 D ConnectivityService: Sampling interval elapsed, updating statistics ..
09-03 04:05:50.068  1877  1986 D ConnectivityService: Done.
09-03 04:05:50.068  1877  1986 D ConnectivityService: Setting timer for 30seconds
09-03 04:05:52.515  1877  1942 D NetworkManagementService: notifyInterfaceLinkStateChanged wlan0 false
09-03 04:05:55.798  2272  2347 W ContextImpl: Calling a method in the system process without a qualified user: android.app.ContextImpl.startService:1694 android.content.ContextWrapper.startService:494 com.iflytek.xirihelpersupervisor.service.DaemonService$2.run:129 android.os.Handler.handleCallback:733 android.os.Handler.dispatchMessage:95 
09-03 04:05:55.800  1877  1890 W ActivityManager: Unable to start service Intent { act=com.iflytek.xiri2.helperService } U=0: not found
09-03 04:06:07.520  1877  1942 D NetworkManagementService: notifyInterfaceLinkStateChanged wlan0 false
09-03 04:06:20.071  1877  1986 D ConnectivityService: Sampling interval elapsed, updating statistics ..
09-03 04:06:20.074  1877  1986 D ConnectivityService: Done.
09-03 04:06:20.074  1877  1986 D ConnectivityService: Setting timer for 30seconds
09-03 04:06:22.563  1877  1942 D NetworkManagementService: notifyInterfaceLinkStateChanged wlan0 false
09-03 04:06:37.547  1877  1942 D NetworkManagementService: notifyInterfaceLinkStateChanged wlan0 false
09-03 04:06:50.078  1877  1986 D ConnectivityService: Sampling interval elapsed, updating statistics ..
09-03 04:06:50.091  1877  1986 D ConnectivityService: Done.
09-03 04:06:50.091  1877  1986 D ConnectivityService: Setting timer for 30seconds
09-03 04:06:52.558  1877  1942 D NetworkManagementService: notifyInterfaceLinkStateChanged wlan0 false
09-03 04:06:55.864  2272  2347 W ContextImpl: Calling a method in the system process without a qualified user: android.app.ContextImpl.startService:1694 android.content.ContextWrapper.startService:494 com.iflytek.xirihelpersupervisor.service.DaemonService$2.run:129 android.os.Handler.handleCallback:733 android.os.Handler.dispatchMessage:95 
09-03 04:06:55.865  1877  1890 W ActivityManager: Unable to start service Intent { act=com.iflytek.xiri2.helperService } U=0: not found
09-03 04:07:07.582  1877  1942 D NetworkManagementService: notifyInterfaceLinkStateChanged wlan0 false
09-03 04:07:22.590  1877  1942 D NetworkManagementService: notifyInterfaceLinkStateChanged wlan0 false
09-03 04:07:28.677  1877  1986 D ConnectivityService: Sampling interval elapsed, updating statistics ..
09-03 04:07:28.681  1877  1986 D ConnectivityService: Done.
09-03 04:07:28.681  1877  1986 D ConnectivityService: Setting timer for 30seconds
09-03 04:07:37.617  1877  1942 D NetworkManagementService: notifyInterfaceLinkStateChanged wlan0 false
09-03 04:07:52.613  1877  1942 D NetworkManagementService: notifyInterfaceLinkStateChanged wlan0 false
09-03 04:07:55.931  2272  2347 W ContextImpl: Calling a method in the system process without a qualified user: android.app.ContextImpl.startService:1694 android.content.ContextWrapper.startService:494 com.iflytek.xirihelpersupervisor.service.DaemonService$2.run:129 android.os.Handler.handleCallback:733 android.os.Handler.dispatchMessage:95 
09-03 04:07:55.932  1877  2151 W ActivityManager: Unable to start service Intent { act=com.iflytek.xiri2.helperService } U=0: not found
09-03 04:07:58.684  1877  1986 D ConnectivityService: Sampling interval elapsed, updating statistics ..
09-03 04:07:58.687  1877  1986 D ConnectivityService: Done.
09-03 04:07:58.687  1877  1986 D ConnectivityService: Setting timer for 30seconds
09-03 04:08:07.623  1877  1942 D NetworkManagementService: notifyInterfaceLinkStateChanged wlan0 false
09-03 04:08:22.659  1877  1942 D NetworkManagementService: notifyInterfaceLinkStateChanged wlan0 false
09-03 04:08:28.691  1877  1986 D ConnectivityService: Sampling interval elapsed, updating statistics ..
09-03 04:08:28.694  1877  1986 D ConnectivityService: Done.
09-03 04:08:28.694  1877  1986 D ConnectivityService: Setting timer for 30seconds
09-03 04:08:37.660  1877  1942 D NetworkManagementService: notifyInterfaceLinkStateChanged wlan0 false
09-03 04:08:52.681  1877  1942 D NetworkManagementService: notifyInterfaceLinkStateChanged wlan0 false
09-03 04:08:55.998  2272  2347 W ContextImpl: Calling a method in the system process without a qualified user: android.app.ContextImpl.startService:1694 android.content.ContextWrapper.startService:494 com.iflytek.xirihelpersupervisor.service.DaemonService$2.run:129 android.os.Handler.handleCallback:733 android.os.Handler.dispatchMessage:95 
09-03 04:08:56.000  1877  1959 W ActivityManager: Unable to start service Intent { act=com.iflytek.xiri2.helperService } U=0: not found
09-03 04:08:58.697  1877  1986 D ConnectivityService: Sampling interval elapsed, updating statistics ..
09-03 04:08:58.700  1877  1986 D ConnectivityService: Done.
09-03 04:08:58.701  1877  1986 D ConnectivityService: Setting timer for 30seconds
09-03 04:09:07.680  1877  1942 D NetworkManagementService: notifyInterfaceLinkStateChanged wlan0 false
09-03 04:09:22.697  1877  1942 D NetworkManagementService: notifyInterfaceLinkStateChanged wlan0 false
09-03 04:09:28.705  1877  1986 D ConnectivityService: Sampling interval elapsed, updating statistics ..
09-03 04:09:28.708  1877  1986 D ConnectivityService: Done.
09-03 04:09:28.708  1877  1986 D ConnectivityService: Setting timer for 30seconds
09-03 04:09:37.729  1877  1942 D NetworkManagementService: notifyInterfaceLinkStateChanged wlan0 false
09-03 04:09:52.715  1877  1942 D NetworkManagementService: notifyInterfaceLinkStateChanged wlan0 false
09-03 04:09:56.067  2272  2347 W ContextImpl: Calling a method in the system process without a qualified user: android.app.ContextImpl.startService:1694 android.content.ContextWrapper.startService:494 com.iflytek.xirihelpersupervisor.service.DaemonService$2.run:129 android.os.Handler.handleCallback:733 android.os.Handler.dispatchMessage:95 
09-03 04:09:56.070  1877  2271 W ActivityManager: Unable to start service Intent { act=com.iflytek.xiri2.helperService } U=0: not found
09-03 04:10:07.733  1877  1942 D NetworkManagementService: notifyInterfaceLinkStateChanged wlan0 false
09-03 04:10:20.700  1877  1986 D ConnectivityService: Sampling interval elapsed, updating statistics ..
09-03 04:10:20.711  1877  1986 D ConnectivityService: Done.
09-03 04:10:20.711  1877  1986 D ConnectivityService: Setting timer for 30seconds
09-03 04:10:22.361  1877  1942 D NetworkManagementService: notifyInterfaceLinkStateChanged wlan0 false
09-03 04:10:37.744  1877  1942 D NetworkManagementService: notifyInterfaceLinkStateChanged wlan0 false
09-03 04:10:50.714  1877  1986 D ConnectivityService: Sampling interval elapsed, updating statistics ..
09-03 04:10:50.718  1877  1986 D ConnectivityService: Done.
09-03 04:10:50.718  1877  1986 D ConnectivityService: Setting timer for 30seconds
09-03 04:10:52.780  1877  1942 D NetworkManagementService: notifyInterfaceLinkStateChanged wlan0 false
09-03 04:10:56.135  2272  2347 W ContextImpl: Calling a method in the system process without a qualified user: android.app.ContextImpl.startService:1694 android.content.ContextWrapper.startService:494 com.iflytek.xirihelpersupervisor.service.DaemonService$2.run:129 android.os.Handler.handleCallback:733 android.os.Handler.dispatchMessage:95 
09-03 04:10:56.137  1877  2150 W ActivityManager: Unable to start service Intent { act=com.iflytek.xiri2.helperService } U=0: not found
09-03 04:11:07.777  1877  1942 D NetworkManagementService: notifyInterfaceLinkStateChanged wlan0 false
09-03 04:11:20.722  1877  1986 D ConnectivityService: Sampling interval elapsed, updating statistics ..
09-03 04:11:20.725  1877  1986 D ConnectivityService: Done.
09-03 04:11:20.725  1877  1986 D ConnectivityService: Setting timer for 30seconds
09-03 04:11:22.786  1877  1942 D NetworkManagementService: notifyInterfaceLinkStateChanged wlan0 false
09-03 04:11:37.809  1877  1942 D NetworkManagementService: notifyInterfaceLinkStateChanged wlan0 false
09-03 04:11:50.728  1877  1986 D ConnectivityService: Sampling interval elapsed, updating statistics ..
09-03 04:11:50.734  1877  1986 D ConnectivityService: Done.
09-03 04:11:50.734  1877  1986 D ConnectivityService: Setting timer for 30seconds
09-03 04:11:52.810  1877  1942 D NetworkManagementService: notifyInterfaceLinkStateChanged wlan0 false
09-03 04:11:56.201  2272  2347 W ContextImpl: Calling a method in the system process without a qualified user: android.app.ContextImpl.startService:1694 android.content.ContextWrapper.startService:494 com.iflytek.xirihelpersupervisor.service.DaemonService$2.run:129 android.os.Handler.handleCallback:733 android.os.Handler.dispatchMessage:95 
09-03 04:11:56.202  1877  2205 W ActivityManager: Unable to start service Intent { act=com.iflytek.xiri2.helperService } U=0: not found
09-03 04:12:07.822  1877  1942 D NetworkManagementService: notifyInterfaceLinkStateChanged wlan0 false
09-03 04:12:22.834  1877  1942 D NetworkManagementService: notifyInterfaceLinkStateChanged wlan0 false
09-03 04:12:28.677  1877  1986 D ConnectivityService: Sampling interval elapsed, updating statistics ..
09-03 04:12:28.684  1877  1986 D ConnectivityService: Done.
09-03 04:12:28.684  1877  1986 D ConnectivityService: Setting timer for 30seconds
09-03 04:12:37.845  1877  1942 D NetworkManagementService: notifyInterfaceLinkStateChanged wlan0 false
09-03 04:12:52.883  1877  1942 D NetworkManagementService: notifyInterfaceLinkStateChanged wlan0 false
09-03 04:12:56.264  2272  2347 W ContextImpl: Calling a method in the system process without a qualified user: android.app.ContextImpl.startService:1694 android.content.ContextWrapper.startService:494 com.iflytek.xirihelpersupervisor.service.DaemonService$2.run:129 android.os.Handler.handleCallback:733 android.os.Handler.dispatchMessage:95 
09-03 04:12:56.266  1877  2228 W ActivityManager: Unable to start service Intent { act=com.iflytek.xiri2.helperService } U=0: not found
09-03 04:12:58.687  1877  1986 D ConnectivityService: Sampling interval elapsed, updating statistics ..
09-03 04:12:58.690  1877  1986 D ConnectivityService: Done.
09-03 04:12:58.690  1877  1986 D ConnectivityService: Setting timer for 30seconds
09-03 04:13:07.879  1877  1942 D NetworkManagementService: notifyInterfaceLinkStateChanged wlan0 false
09-03 04:13:22.902  1877  1942 D NetworkManagementService: notifyInterfaceLinkStateChanged wlan0 false
09-03 04:13:28.694  1877  1986 D ConnectivityService: Sampling interval elapsed, updating statistics ..
09-03 04:13:28.697  1877  1986 D ConnectivityService: Done.
09-03 04:13:28.698  1877  1986 D ConnectivityService: Setting timer for 30seconds
09-03 04:13:37.922  1877  1942 D NetworkManagementService: notifyInterfaceLinkStateChanged wlan0 false
09-03 04:13:52.910  1877  1942 D NetworkManagementService: notifyInterfaceLinkStateChanged wlan0 false
09-03 04:13:56.333  2272  2347 W ContextImpl: Calling a method in the system process without a qualified user: android.app.ContextImpl.startService:1694 android.content.ContextWrapper.startService:494 com.iflytek.xirihelpersupervisor.service.DaemonService$2.run:129 android.os.Handler.handleCallback:733 android.os.Handler.dispatchMessage:95 
09-03 04:13:56.335  1877  2271 W ActivityManager: Unable to start service Intent { act=com.iflytek.xiri2.helperService } U=0: not found
09-03 04:13:58.701  1877  1986 D ConnectivityService: Sampling interval elapsed, updating statistics ..
09-03 04:13:58.704  1877  1986 D ConnectivityService: Done.
09-03 04:13:58.704  1877  1986 D ConnectivityService: Setting timer for 30seconds
09-03 04:14:07.955  1877  1942 D NetworkManagementService: notifyInterfaceLinkStateChanged wlan0 false
09-03 04:14:22.943  1877  1942 D NetworkManagementService: notifyInterfaceLinkStateChanged wlan0 false
09-03 04:14:28.708  1877  1986 D ConnectivityService: Sampling interval elapsed, updating statistics ..
09-03 04:14:28.712  1877  1986 D ConnectivityService: Done.
09-03 04:14:28.712  1877  1986 D ConnectivityService: Setting timer for 30seconds
09-03 04:14:37.958  1877  1942 D NetworkManagementService: notifyInterfaceLinkStateChanged wlan0 false
09-03 04:14:52.982  1877  1942 D NetworkManagementService: notifyInterfaceLinkStateChanged wlan0 false
09-03 04:14:56.400  2272  2347 W ContextImpl: Calling a method in the system process without a qualified user: android.app.ContextImpl.startService:1694 android.content.ContextWrapper.startService:494 com.iflytek.xirihelpersupervisor.service.DaemonService$2.run:129 android.os.Handler.handleCallback:733 android.os.Handler.dispatchMessage:95 
09-03 04:14:56.402  1877  2229 W ActivityManager: Unable to start service Intent { act=com.iflytek.xiri2.helperService } U=0: not found
09-03 04:14:58.715  1877  1986 D ConnectivityService: Sampling interval elapsed, updating statistics ..
09-03 04:14:58.718  1877  1986 D ConnectivityService: Done.
09-03 04:14:58.718  1877  1986 D ConnectivityService: Setting timer for 30seconds
09-03 04:15:07.978  1877  1942 D NetworkManagementService: notifyInterfaceLinkStateChanged wlan0 false
09-03 04:15:22.993  1877  1942 D NetworkManagementService: notifyInterfaceLinkStateChanged wlan0 false
09-03 04:15:28.727  1877  1986 D ConnectivityService: Sampling interval elapsed, updating statistics ..
09-03 04:15:28.735  1877  1986 D ConnectivityService: Done.
09-03 04:15:28.735  1877  1986 D ConnectivityService: Setting timer for 30seconds
09-03 04:15:30.388  1877  1942 D NetworkManagementService: notifyInterfaceLinkStateChanged wlan0 false
09-03 04:15:38.002  1877  1942 D NetworkManagementService: notifyInterfaceLinkStateChanged wlan0 false
09-03 04:15:53.003  1877  1942 D NetworkManagementService: notifyInterfaceLinkStateChanged wlan0 false
09-03 04:15:56.469  2272  2347 W ContextImpl: Calling a method in the system process without a qualified user: android.app.ContextImpl.startService:1694 android.content.ContextWrapper.startService:494 com.iflytek.xirihelpersupervisor.service.DaemonService$2.run:129 android.os.Handler.handleCallback:733 android.os.Handler.dispatchMessage:95 
09-03 04:15:56.470  1877  2270 W ActivityManager: Unable to start service Intent { act=com.iflytek.xiri2.helperService } U=0: not found
09-03 04:15:58.738  1877  1986 D ConnectivityService: Sampling interval elapsed, updating statistics ..
09-03 04:15:58.742  1877  1986 D ConnectivityService: Done.
09-03 04:15:58.742  1877  1986 D ConnectivityService: Setting timer for 30seconds
09-03 04:16:08.045  1877  1942 D NetworkManagementService: notifyInterfaceLinkStateChanged wlan0 false
09-03 04:16:23.039  1877  1942 D NetworkManagementService: notifyInterfaceLinkStateChanged wlan0 false
09-03 04:16:38.047  1877  1942 D NetworkManagementService: notifyInterfaceLinkStateChanged wlan0 false
09-03 04:16:50.024  1877  1986 D ConnectivityService: Sampling interval elapsed, updating statistics ..
09-03 04:16:50.029  1877  1986 D ConnectivityService: Done.
09-03 04:16:50.029  1877  1986 D ConnectivityService: Setting timer for 30seconds
09-03 04:16:53.062  1877  1942 D NetworkManagementService: notifyInterfaceLinkStateChanged wlan0 false
09-03 04:16:56.535  2272  2347 W ContextImpl: Calling a method in the system process without a qualified user: android.app.ContextImpl.startService:1694 android.content.ContextWrapper.startService:494 com.iflytek.xirihelpersupervisor.service.DaemonService$2.run:129 android.os.Handler.handleCallback:733 android.os.Handler.dispatchMessage:95 
09-03 04:16:56.536  1877  2270 W ActivityManager: Unable to start service Intent { act=com.iflytek.xiri2.helperService } U=0: not found
09-03 04:17:08.077  1877  1942 D NetworkManagementService: notifyInterfaceLinkStateChanged wlan0 false
09-03 04:17:20.032  1877  1986 D ConnectivityService: Sampling interval elapsed, updating statistics ..
09-03 04:17:20.035  1877  1986 D ConnectivityService: Done.
09-03 04:17:20.035  1877  1986 D ConnectivityService: Setting timer for 30seconds
09-03 04:17:23.091  1877  1942 D NetworkManagementService: notifyInterfaceLinkStateChanged wlan0 false
09-03 04:17:38.108  1877  1942 D NetworkManagementService: notifyInterfaceLinkStateChanged wlan0 false
09-03 04:17:50.038  1877  1986 D ConnectivityService: Sampling interval elapsed, updating statistics ..
09-03 04:17:50.041  1877  1986 D ConnectivityService: Done.
09-03 04:17:50.041  1877  1986 D ConnectivityService: Setting timer for 30seconds
09-03 04:17:53.112  1877  1942 D NetworkManagementService: notifyInterfaceLinkStateChanged wlan0 false
09-03 04:17:56.602  2272  2347 W ContextImpl: Calling a method in the system process without a qualified user: android.app.ContextImpl.startService:1694 android.content.ContextWrapper.startService:494 com.iflytek.xirihelpersupervisor.service.DaemonService$2.run:129 android.os.Handler.handleCallback:733 android.os.Handler.dispatchMessage:95 
09-03 04:17:56.604  1877  1890 W ActivityManager: Unable to start service Intent { act=com.iflytek.xiri2.helperService } U=0: not found
09-03 04:18:08.137  1877  1942 D NetworkManagementService: notifyInterfaceLinkStateChanged wlan0 false
09-03 04:18:20.044  1877  1986 D ConnectivityService: Sampling interval elapsed, updating statistics ..
09-03 04:18:20.048  1877  1986 D ConnectivityService: Done.
09-03 04:18:20.048  1877  1986 D ConnectivityService: Setting timer for 30seconds
09-03 04:18:23.135  1877  1942 D NetworkManagementService: notifyInterfaceLinkStateChanged wlan0 false
09-03 04:18:38.148  1877  1942 D NetworkManagementService: notifyInterfaceLinkStateChanged wlan0 false
09-03 04:18:50.051  1877  1986 D ConnectivityService: Sampling interval elapsed, updating statistics ..
09-03 04:18:50.055  1877  1986 D ConnectivityService: Done.
09-03 04:18:50.055  1877  1986 D ConnectivityService: Setting timer for 30seconds
09-03 04:18:53.163  1877  1942 D NetworkManagementService: notifyInterfaceLinkStateChanged wlan0 false
09-03 04:18:56.672  2272  2347 W ContextImpl: Calling a method in the system process without a qualified user: android.app.ContextImpl.startService:1694 android.content.ContextWrapper.startService:494 com.iflytek.xirihelpersupervisor.service.DaemonService$2.run:129 android.os.Handler.handleCallback:733 android.os.Handler.dispatchMessage:95 
09-03 04:18:56.674  1877  2271 W ActivityManager: Unable to start service Intent { act=com.iflytek.xiri2.helperService } U=0: not found
09-03 04:19:08.172  1877  1942 D NetworkManagementService: notifyInterfaceLinkStateChanged wlan0 false
09-03 04:19:20.058  1877  1986 D ConnectivityService: Sampling interval elapsed, updating statistics ..
09-03 04:19:20.062  1877  1986 D ConnectivityService: Done.
09-03 04:19:20.062  1877  1986 D ConnectivityService: Setting timer for 30seconds
09-03 04:19:23.200  1877  1942 D NetworkManagementService: notifyInterfaceLinkStateChanged wlan0 false
09-03 04:19:38.208  1877  1942 D NetworkManagementService: notifyInterfaceLinkStateChanged wlan0 false
09-03 04:19:50.065  1877  1986 D ConnectivityService: Sampling interval elapsed, updating statistics ..
09-03 04:19:50.070  1877  1986 D ConnectivityService: Done.
09-03 04:19:50.070  1877  1986 D ConnectivityService: Setting timer for 30seconds
09-03 04:19:53.219  1877  1942 D NetworkManagementService: notifyInterfaceLinkStateChanged wlan0 false
09-03 04:19:56.739  2272  2347 W ContextImpl: Calling a method in the system process without a qualified user: android.app.ContextImpl.startService:1694 android.content.ContextWrapper.startService:494 com.iflytek.xirihelpersupervisor.service.DaemonService$2.run:129 android.os.Handler.handleCallback:733 android.os.Handler.dispatchMessage:95 
09-03 04:19:56.741  1877  1894 W ActivityManager: Unable to start service Intent { act=com.iflytek.xiri2.helperService } U=0: not found
09-03 04:20:08.245  1877  1942 D NetworkManagementService: notifyInterfaceLinkStateChanged wlan0 false
09-03 04:20:20.078  1877  1986 D ConnectivityService: Sampling interval elapsed, updating statistics ..
09-03 04:20:20.083  1877  1986 D ConnectivityService: Done.
09-03 04:20:20.083  1877  1986 D ConnectivityService: Setting timer for 30seconds
09-03 04:20:21.735  1877  1942 D NetworkManagementService: notifyInterfaceLinkStateChanged wlan0 false
09-03 04:20:38.248  1877  1942 D NetworkManagementService: notifyInterfaceLinkStateChanged wlan0 false
09-03 04:20:50.086  1877  1986 D ConnectivityService: Sampling interval elapsed, updating statistics ..
09-03 04:20:50.090  1877  1986 D ConnectivityService: Done.
09-03 04:20:50.090  1877  1986 D ConnectivityService: Setting timer for 30seconds
09-03 04:20:53.265  1877  1942 D NetworkManagementService: notifyInterfaceLinkStateChanged wlan0 false
09-03 04:20:56.804  2272  2347 W ContextImpl: Calling a method in the system process without a qualified user: android.app.ContextImpl.startService:1694 android.content.ContextWrapper.startService:494 com.iflytek.xirihelpersupervisor.service.DaemonService$2.run:129 android.os.Handler.handleCallback:733 android.os.Handler.dispatchMessage:95 
09-03 04:20:56.806  1877  2151 W ActivityManager: Unable to start service Intent { act=com.iflytek.xiri2.helperService } U=0: not found
09-03 04:21:08.271  1877  1942 D NetworkManagementService: notifyInterfaceLinkStateChanged wlan0 false
09-03 04:21:20.093  1877  1986 D ConnectivityService: Sampling interval elapsed, updating statistics ..
09-03 04:21:20.097  1877  1986 D ConnectivityService: Done.
09-03 04:21:20.097  1877  1986 D ConnectivityService: Setting timer for 30seconds
09-03 04:21:23.300  1877  1942 D NetworkManagementService: notifyInterfaceLinkStateChanged wlan0 false
09-03 04:21:38.310  1877  1942 D NetworkManagementService: notifyInterfaceLinkStateChanged wlan0 false
09-03 04:21:53.309  1877  1942 D NetworkManagementService: notifyInterfaceLinkStateChanged wlan0 false
09-03 04:21:56.874  2272  2347 W ContextImpl: Calling a method in the system process without a qualified user: android.app.ContextImpl.startService:1694 android.content.ContextWrapper.startService:494 com.iflytek.xirihelpersupervisor.service.DaemonService$2.run:129 android.os.Handler.handleCallback:733 android.os.Handler.dispatchMessage:95 
09-03 04:21:56.876  1877  2203 W ActivityManager: Unable to start service Intent { act=com.iflytek.xiri2.helperService } U=0: not found
09-03 04:21:58.677  1877  1986 D ConnectivityService: Sampling interval elapsed, updating statistics ..
09-03 04:21:58.686  1877  1986 D ConnectivityService: Done.
09-03 04:21:58.686  1877  1986 D ConnectivityService: Setting timer for 30seconds
09-03 04:22:08.327  1877  1942 D NetworkManagementService: notifyInterfaceLinkStateChanged wlan0 false
09-03 04:22:23.339  1877  1942 D NetworkManagementService: notifyInterfaceLinkStateChanged wlan0 false
09-03 04:22:28.691  1877  1986 D ConnectivityService: Sampling interval elapsed, updating statistics ..
09-03 04:22:28.695  1877  1986 D ConnectivityService: Done.
09-03 04:22:28.695  1877  1986 D ConnectivityService: Setting timer for 30seconds
09-03 04:22:38.362  1877  1942 D NetworkManagementService: notifyInterfaceLinkStateChanged wlan0 false
09-03 04:22:53.360  1877  1942 D NetworkManagementService: notifyInterfaceLinkStateChanged wlan0 false
09-03 04:22:56.943  2272  2347 W ContextImpl: Calling a method in the system process without a qualified user: android.app.ContextImpl.startService:1694 android.content.ContextWrapper.startService:494 com.iflytek.xirihelpersupervisor.service.DaemonService$2.run:129 android.os.Handler.handleCallback:733 android.os.Handler.dispatchMessage:95 
09-03 04:22:56.945  1877  1890 W ActivityManager: Unable to start service Intent { act=com.iflytek.xiri2.helperService } U=0: not found
09-03 04:22:58.698  1877  1986 D ConnectivityService: Sampling interval elapsed, updating statistics ..
09-03 04:22:58.702  1877  1986 D ConnectivityService: Done.
09-03 04:22:58.702  1877  1986 D ConnectivityService: Setting timer for 30seconds
09-03 04:23:08.377  1877  1942 D NetworkManagementService: notifyInterfaceLinkStateChanged wlan0 false
09-03 04:23:23.407  1877  1942 D NetworkManagementService: notifyInterfaceLinkStateChanged wlan0 false
09-03 04:23:28.705  1877  1986 D ConnectivityService: Sampling interval elapsed, updating statistics ..
09-03 04:23:28.708  1877  1986 D ConnectivityService: Done.
09-03 04:23:28.708  1877  1986 D ConnectivityService: Setting timer for 30seconds
09-03 04:23:38.397  1877  1942 D NetworkManagementService: notifyInterfaceLinkStateChanged wlan0 false
09-03 04:23:53.427  1877  1942 D NetworkManagementService: notifyInterfaceLinkStateChanged wlan0 false
09-03 04:23:57.010  2272  2347 W ContextImpl: Calling a method in the system process without a qualified user: android.app.ContextImpl.startService:1694 android.content.ContextWrapper.startService:494 com.iflytek.xirihelpersupervisor.service.DaemonService$2.run:129 android.os.Handler.handleCallback:733 android.os.Handler.dispatchMessage:95 
09-03 04:23:57.012  1877  1957 W ActivityManager: Unable to start service Intent { act=com.iflytek.xiri2.helperService } U=0: not found
09-03 04:23:58.711  1877  1986 D ConnectivityService: Sampling interval elapsed, updating statistics ..
09-03 04:23:58.714  1877  1986 D ConnectivityService: Done.
09-03 04:23:58.715  1877  1986 D ConnectivityService: Setting timer for 30seconds
09-03 04:24:08.433  1877  1942 D NetworkManagementService: notifyInterfaceLinkStateChanged wlan0 false
09-03 04:24:23.442  1877  1942 D NetworkManagementService: notifyInterfaceLinkStateChanged wlan0 false
09-03 04:24:28.719  1877  1986 D ConnectivityService: Sampling interval elapsed, updating statistics ..
09-03 04:24:28.724  1877  1986 D ConnectivityService: Done.
09-03 04:24:28.724  1877  1986 D ConnectivityService: Setting timer for 30seconds
09-03 04:24:38.472  1877  1942 D NetworkManagementService: notifyInterfaceLinkStateChanged wlan0 false
09-03 04:24:53.482  1877  1942 D NetworkManagementService: notifyInterfaceLinkStateChanged wlan0 false
09-03 04:24:57.075  2272  2347 W ContextImpl: Calling a method in the system process without a qualified user: android.app.ContextImpl.startService:1694 android.content.ContextWrapper.startService:494 com.iflytek.xirihelpersupervisor.service.DaemonService$2.run:129 android.os.Handler.handleCallback:733 android.os.Handler.dispatchMessage:95 
09-03 04:24:57.077  1877  2270 W ActivityManager: Unable to start service Intent { act=com.iflytek.xiri2.helperService } U=0: not found
09-03 04:25:08.477  1877  1942 D NetworkManagementService: notifyInterfaceLinkStateChanged wlan0 false
09-03 04:25:20.679  1877  1986 D ConnectivityService: Sampling interval elapsed, updating statistics ..
09-03 04:25:20.683  1877  1986 D ConnectivityService: Done.
09-03 04:25:20.683  1877  1986 D ConnectivityService: Setting timer for 30seconds
09-03 04:25:22.332  1877  1942 D NetworkManagementService: notifyInterfaceLinkStateChanged wlan0 false
09-03 04:25:38.486  1877  1942 D NetworkManagementService: notifyInterfaceLinkStateChanged wlan0 false
09-03 04:25:50.687  1877  1986 D ConnectivityService: Sampling interval elapsed, updating statistics ..
09-03 04:25:50.690  1877  1986 D ConnectivityService: Done.
09-03 04:25:50.690  1877  1986 D ConnectivityService: Setting timer for 30seconds
09-03 04:25:53.525  1877  1942 D NetworkManagementService: notifyInterfaceLinkStateChanged wlan0 false
09-03 04:25:57.143  2272  2347 W ContextImpl: Calling a method in the system process without a qualified user: android.app.ContextImpl.startService:1694 android.content.ContextWrapper.startService:494 com.iflytek.xirihelpersupervisor.service.DaemonService$2.run:129 android.os.Handler.handleCallback:733 android.os.Handler.dispatchMessage:95 
09-03 04:25:57.145  1877  2150 W ActivityManager: Unable to start service Intent { act=com.iflytek.xiri2.helperService } U=0: not found
09-03 04:26:08.527  1877  1942 D NetworkManagementService: notifyInterfaceLinkStateChanged wlan0 false
09-03 04:26:20.693  1877  1986 D ConnectivityService: Sampling interval elapsed, updating statistics ..
09-03 04:26:20.696  1877  1986 D ConnectivityService: Done.
09-03 04:26:20.696  1877  1986 D ConnectivityService: Setting timer for 30seconds
09-03 04:26:23.530  1877  1942 D NetworkManagementService: notifyInterfaceLinkStateChanged wlan0 false
09-03 04:26:38.552  1877  1942 D NetworkManagementService: notifyInterfaceLinkStateChanged wlan0 false
09-03 04:26:53.559  1877  1942 D NetworkManagementService: notifyInterfaceLinkStateChanged wlan0 false
09-03 04:26:57.211  2272  2347 W ContextImpl: Calling a method in the system process without a qualified user: android.app.ContextImpl.startService:1694 android.content.ContextWrapper.startService:494 com.iflytek.xirihelpersupervisor.service.DaemonService$2.run:129 android.os.Handler.handleCallback:733 android.os.Handler.dispatchMessage:95 
09-03 04:26:57.212  1877  2203 W ActivityManager: Unable to start service Intent { act=com.iflytek.xiri2.helperService } U=0: not found
09-03 04:27:08.577  1877  1942 D NetworkManagementService: notifyInterfaceLinkStateChanged wlan0 false
09-03 04:27:11.284  1877  1986 D ConnectivityService: Sampling interval elapsed, updating statistics ..
09-03 04:27:11.291  1877  1986 D ConnectivityService: Done.
09-03 04:27:11.291  1877  1986 D ConnectivityService: Setting timer for 30seconds
09-03 04:27:23.579  1877  1942 D NetworkManagementService: notifyInterfaceLinkStateChanged wlan0 false
09-03 04:27:38.590  1877  1942 D NetworkManagementService: notifyInterfaceLinkStateChanged wlan0 false
09-03 04:27:41.295  1877  1986 D ConnectivityService: Sampling interval elapsed, updating statistics ..
09-03 04:27:41.299  1877  1986 D ConnectivityService: Done.
09-03 04:27:41.299  1877  1986 D ConnectivityService: Setting timer for 30seconds
09-03 04:27:53.631  1877  1942 D NetworkManagementService: notifyInterfaceLinkStateChanged wlan0 false
09-03 04:27:57.277  2272  2347 W ContextImpl: Calling a method in the system process without a qualified user: android.app.ContextImpl.startService:1694 android.content.ContextWrapper.startService:494 com.iflytek.xirihelpersupervisor.service.DaemonService$2.run:129 android.os.Handler.handleCallback:733 android.os.Handler.dispatchMessage:95 
09-03 04:27:57.278  1877  2271 W ActivityManager: Unable to start service Intent { act=com.iflytek.xiri2.helperService } U=0: not found
09-03 04:28:08.627  1877  1942 D NetworkManagementService: notifyInterfaceLinkStateChanged wlan0 false
09-03 04:28:11.307  1877  1986 D ConnectivityService: Sampling interval elapsed, updating statistics ..
09-03 04:28:11.313  1877  1986 D ConnectivityService: Done.
09-03 04:28:11.313  1877  1986 D ConnectivityService: Setting timer for 30seconds
09-03 04:28:23.638  1877  1942 D NetworkManagementService: notifyInterfaceLinkStateChanged wlan0 false
09-03 04:28:38.651  1877  1942 D NetworkManagementService: notifyInterfaceLinkStateChanged wlan0 false
09-03 04:28:41.317  1877  1986 D ConnectivityService: Sampling interval elapsed, updating statistics ..
09-03 04:28:41.321  1877  1986 D ConnectivityService: Done.
09-03 04:28:41.321  1877  1986 D ConnectivityService: Setting timer for 30seconds
09-03 04:28:53.665  1877  1942 D NetworkManagementService: notifyInterfaceLinkStateChanged wlan0 false
09-03 04:28:57.346  2272  2347 W ContextImpl: Calling a method in the system process without a qualified user: android.app.ContextImpl.startService:1694 android.content.ContextWrapper.startService:494 com.iflytek.xirihelpersupervisor.service.DaemonService$2.run:129 android.os.Handler.handleCallback:733 android.os.Handler.dispatchMessage:95 
09-03 04:28:57.348  1877  2270 W ActivityManager: Unable to start service Intent { act=com.iflytek.xiri2.helperService } U=0: not found
09-03 04:29:08.683  1877  1942 D NetworkManagementService: notifyInterfaceLinkStateChanged wlan0 false
09-03 04:29:11.325  1877  1986 D ConnectivityService: Sampling interval elapsed, updating statistics ..
09-03 04:29:11.331  1877  1986 D ConnectivityService: Done.
09-03 04:29:11.331  1877  1986 D ConnectivityService: Setting timer for 30seconds
