W/ContextImpl( 2476): Calling a method in the system process without a qualified user: android.app.ContextImpl.startService:1694 android.content.ContextWrapper.startService:494 android.content.ContextWrapper.startService:494 com.android.settings.SettingBroadcastReceiver.onReceive:51 android.app.ActivityThread.handleReceiver:2425 
W/ContextImpl( 1944): Calling a method in the system process without a qualified user: android.app.ContextImpl.sendBroadcast:1338 com.huawei.iptv.stb.stbconfig.StbConfigProvider.sendDataChangeBroadcast:779 com.huawei.iptv.stb.stbconfig.StbConfigProvider.insert:198 android.content.ContentProvider$Transport.insert:220 android.content.ContentResolver.insert:1198 
I/ActivityManager( 1944): Delay finish: com.android.settings/.SettingBroadcastReceiver
D/ConnectivityService( 1944): sendStickyBroadcast: action=android.net.conn.CONNECTIVITY_CHANGE
W/ContextImpl( 2746): Calling a method in the system process without a qualified user: android.app.ContextImpl.sendBroadcast:1352 android.content.ContextWrapper.sendBroadcast:370 com.huawei.android.airsharing.netwrokmgr.NetWorkMgrEngineEthernet$EthernetStRecv.onReceive:221 android.app.LoadedApk$ReceiverDispatcher$Args.run:768 android.os.Handler.handleCallback:733 
D/ConnectivityService( 1944): sendStickyBroadcast: action=android.net.conn.CONNECTIVITY_CHANGE
W/ContextImpl( 2746): Calling a method in the system process without a qualified user: android.app.ContextImpl.sendBroadcast:1352 android.content.ContextWrapper.sendBroadcast:370 com.huawei.android.airsharing.netwrokmgr.NetWorkMgrEngineEthernet$EthernetStRecv.onReceive:221 android.app.LoadedApk$ReceiverDispatcher$Args.run:768 android.os.Handler.handleCallback:733 
D/NetworkManagementService( 1944): notifyInterfaceLinkStateChanged wlan0 false
I/ActivityManager( 1944): Waited long enough for: ServiceRecord{2cdf9140 u0 com.huawei.hmt.OfficeUpdateTableData/.UpdateDataService}
I/ActivityManager( 1944): Resuming delayed broadcast
W/ContextImpl( 2476): Calling a method in the system process without a qualified user: android.app.ContextImpl.startService:1694 android.content.ContextWrapper.startService:494 android.content.ContextWrapper.startService:494 com.android.settings.volume.MyBroadCastReceiver.onReceive:38 android.app.ActivityThread.handleReceiver:2425 
I/ActivityManager( 1944): Delay finish: com.android.settings/.volume.MyBroadCastReceiver
W/ContextImpl( 2476): Calling a method in the system process without a qualified user: android.app.ContextImpl.stopService:1710 android.content.ContextWrapper.stopService:499 com.android.settings.volume.MyAudioService.onStart:35 android.app.Service.onStartCommand:450 android.app.ActivityThread.handleServiceArgs:2724 
I/ActivityManager( 1944): Resuming delayed broadcast
W/ContextImpl( 2247): Calling a method in the system process without a qualified user: android.app.ContextImpl.startService:1694 android.content.ContextWrapper.startService:494 android.content.ContextWrapper.startService:494 com.huawei.bootanimation.BootReceiver.onReceive:51 android.app.ActivityThread.handleReceiver:2425 
W/ContextImpl( 2247): Calling a method in the system process without a qualified user: android.app.ContextImpl.startService:1694 android.content.ContextWrapper.startService:494 android.content.ContextWrapper.startService:494 com.huawei.bootanimation.BootReceiver.onReceive:52 android.app.ActivityThread.handleReceiver:2425 
W/ContextImpl( 2130): Calling a method in the system process without a qualified user: android.app.ContextImpl.startService:1694 android.content.ContextWrapper.startService:494 android.content.ContextWrapper.startService:494 com.huawei.sqmloaderboot.BootReceiver.onReceive:81 android.app.ActivityThread.handleReceiver:2425 
W/ActivityManager( 1944): Unable to start service Intent { act=com.baidu.pushservice.action.START cmp=com.dangbei.tvlauncher/com.baidu.android.pushservice.PushService } U=0: not found
W/ActivityManager( 1944): Unable to start service Intent { act=com.baidu.android.pushservice.action.PUSH_SERVICE pkg=com.dangbei.tvlauncher } U=0: not found
I/ActivityManager( 1944): START u0 {act=android.intent.action.MAIN cat=[android.intent.category.LAUNCHER] flg=0x10000000 pkg=com.dangbei.tvlauncher cmp=com.dangbei.tvlauncher/.activity.SplashActivity} from pid 2569
W/ContextImpl( 2402): Calling a method in the system process without a qualified user: android.app.ContextImpl.sendBroadcast:1338 android.content.ContextWrapper.sendBroadcast:365 android.app.ActivityThread.performPauseActivity:3083 android.app.ActivityThread.performPauseActivity:3045 android.app.ActivityThread.handlePauseActivity:3023 
I/UsageStats( 1944): Deleting usage file : usage-20131231
W/ContextImpl( 2476): Calling a method in the system process without a qualified user: android.app.ContextImpl.startService:1694 android.content.ContextWrapper.startService:494 android.content.ContextWrapper.startService:494 com.android.settings.receiver.SettingsReceiver.onReceive:37 android.app.ActivityThread.handleReceiver:2425 
I/ActivityManager( 1944): Delay finish: com.android.settings/.receiver.SettingsReceiver
I/ActivityManager( 1944): Resuming delayed broadcast
W/ContextImpl( 2476): Calling a method in the system process without a qualified user: android.app.ContextImpl.sendBroadcast:1338 android.content.ContextWrapper.sendBroadcast:365 android.content.ContextWrapper.sendBroadcast:365 com.android.settings.c10.util.GetConStateReceiver.onReceive:74 android.app.ActivityThread.handleReceiver:2425 
W/ContextImpl( 2476): Calling a method in the system process without a qualified user: android.app.ContextImpl.startService:1694 android.content.ContextWrapper.startService:494 android.content.ContextWrapper.startService:494 com.android.settings.receiver.SettingsReceiver.onReceive:37 android.app.ActivityThread.handleReceiver:2425 
I/ActivityManager( 1944): Delay finish: com.android.settings/.receiver.SettingsReceiver
I/ActivityManager( 1944): Resuming delayed broadcast
W/ContextImpl( 2476): Calling a method in the system process without a qualified user: android.app.ContextImpl.startService:1694 android.content.ContextWrapper.startService:494 android.content.ContextWrapper.startService:494 com.android.settings.receiver.SettingsReceiver.onReceive:37 android.app.ActivityThread.handleReceiver:2425 
I/ActivityManager( 1944): Delay finish: com.android.settings/.receiver.SettingsReceiver
I/ActivityManager( 1944): Resuming delayed broadcast
I/ActivityManager( 1944): Delay finish: com.android.providers.calendar/.CalendarProviderBroadcastReceiver
I/ActivityManager( 1944): Resuming delayed broadcast
W/ContextImpl( 2476): Calling a method in the system process without a qualified user: android.app.ContextImpl.startService:1694 android.content.ContextWrapper.startService:494 android.content.ContextWrapper.startService:494 com.android.settings.receiver.SettingsReceiver.onReceive:37 android.app.ActivityThread.handleReceiver:2425 
I/ActivityManager( 1944): Delay finish: com.android.settings/.receiver.SettingsReceiver
I/ActivityManager( 1944): Resuming delayed broadcast
W/ContextImpl( 2476): Calling a method in the system process without a qualified user: android.app.ContextImpl.sendBroadcast:1338 android.content.ContextWrapper.sendBroadcast:365 android.content.ContextWrapper.sendBroadcast:365 com.android.settings.c10.util.GetConStateReceiver.onReceive:74 android.app.ActivityThread.handleReceiver:2425 
W/ContextImpl( 2144): Calling a method in the system process without a qualified user: android.app.ContextImpl.startService:1694 android.content.ContextWrapper.startService:494 android.content.ContextWrapper.startService:494 com.huawei.iptv.stb.receiver.IPTVBroadcastReceiver.remoteRegisterHandle:167 com.huawei.iptv.stb.receiver.IPTVBroadcastReceiver.onReceive:102 
W/ContextImpl( 2476): Calling a method in the system process without a qualified user: android.app.ContextImpl.sendBroadcast:1338 android.content.ContextWrapper.sendBroadcast:365 android.content.ContextWrapper.sendBroadcast:365 com.android.settings.c10.util.GetConStateReceiver.onReceive:74 android.app.ActivityThread.handleReceiver:2425 
W/ContextImpl( 2476): Calling a method in the system process without a qualified user: android.app.ContextImpl.startService:1694 android.content.ContextWrapper.startService:494 android.content.ContextWrapper.startService:494 com.android.settings.receiver.SettingsReceiver.onReceive:37 android.app.ActivityThread.handleReceiver:2425 
I/ActivityManager( 1944): Delay finish: com.android.settings/.receiver.SettingsReceiver
I/ActivityManager( 1944): Resuming delayed broadcast
W/ActivityManager( 1944): Unable to start service Intent { act=com.baidu.pushservice.action.START cmp=com.dangbei.tvlauncher/com.baidu.android.pushservice.PushService } U=0: not found
D/ConnectivityService( 1944): Sampling interval elapsed, updating statistics ..
D/ConnectivityService( 1944): Done.
D/ConnectivityService( 1944): Setting timer for 30seconds
W/ActivityManager( 1944): Unable to start service Intent { act=com.baidu.pushservice.action.START cmp=com.dangbei.tvlauncher/com.baidu.android.pushservice.PushService } U=0: not found
W/ActivityManager( 1944): Unable to start service Intent { act=com.baidu.android.pushservice.action.METHOD flg=0x30 pkg=com.dangbei.tvlauncher cmp=com.dangbei.tvlauncher/com.baidu.android.pushservice.PushService (has extras) } U=0: not found
W/ActivityManager( 1944): Unable to start service Intent { act=com.baidu.android.pushservice.action.METHOD flg=0x30 cmp=com.dangbei.tvlauncher/com.baidu.android.pushservice.PushService (has extras) } U=0: not found
D/InputMethodManagerService( 1944): --- calledFromForegroundUserOrSystemProcess ? calling uid = 10033 system uid = 1000 calling userId = 0, foreground user id = 0, calling pid = 2569com.android.server.InputMethodManagerService.windowGainedFocus(InputMethodManagerService.java:1890)
V/InputMethodManagerService( 1944): windowGainedFocus: android.os.BinderProxy@2ce505b8 controlFlags=#101 softInputMode=#110 windowFlags=#1810500
V/InputMethodManagerService( 1944): Unspecified window will hide input
D/InputMethodManagerService( 1944): hide the small icon for the input method
D/NetworkManagementService( 1944): notifyInterfaceLinkStateChanged wlan0 false
I/ActivityManager( 1944): Waited long enough for: ServiceRecord{2ce0c780 u0 com.huawei.ma/com.huawei.media.service.MediaAnalyticService}
I/ActivityManager( 1944): START u0 {act=android.intent.action.MAIN cat=[android.intent.category.LAUNCHER] flg=0x10000000 pkg=com.huawei.iptv.stb cmp=com.huawei.iptv.stb/.ui.IPTVAPPActivity} from pid 2569
I/UsageStats( 1944): No package stats for pkg:com.dangbei.tvlauncher
W/ContextImpl( 2144): Calling a method in the system process without a qualified user: android.app.ContextImpl.sendBroadcast:1338 android.content.ContextWrapper.sendBroadcast:365 android.app.ActivityThread.performResumeActivity:2807 android.app.ActivityThread.handleResumeActivity:2845 android.app.ActivityThread$H.handleMessage:1241 
D/InputMethodManagerService( 1944): --- calledFromForegroundUserOrSystemProcess ? calling uid = 1000 system uid = 1000 calling userId = 0, foreground user id = 0, calling pid = 2144com.android.server.InputMethodManagerService.windowGainedFocus(InputMethodManagerService.java:1890)
V/InputMethodManagerService( 1944): windowGainedFocus: android.os.BinderProxy@2ce1c308 controlFlags=#105 softInputMode=#122 windowFlags=#1810500
V/InputMethodManagerService( 1944): Window asks to hide input going forward
V/InputMethodManagerService( 1944): unbindCurrentInputLocked: client = android.os.BinderProxy@2ce505b8
V/InputMethodManagerService( 1944): Hide switching menu
V/InputMethodManagerService( 1944): switching to client: client = android.os.BinderProxy@2ce1c308 keyguard=false
V/InputMethodManagerService( 1944): Creating new session for client ClientState{2ce1d080 uid 1000 pid 2144}
V/InputMethodManagerService( 1944): Disabling: SessionState{uid 10033 pid 2569 method 2cd464c8 session 2ce63960 channel ClientState{2cd9d008 uid 10033 pid 2569} (server)}
V/InputMethodManagerService( 1944): Enabling: SessionState{uid 1000 pid 2144 method 2cd464c8 session 2cc068c0 channel ClientState{2ce1d080 uid 1000 pid 2144} (server)}
D/InputMethodManagerService( 1944): hide the small icon for the input method
D/ConnectivityService( 1944): onUidRulesChanged(uid=10033, uidRules=0)
W/ContextImpl( 1944): Calling a method in the system process without a qualified user: android.app.ContextImpl.sendBroadcast:1338 com.huawei.iptv.stb.stbconfig.StbConfigProvider.sendDataChangeBroadcast:779 com.huawei.iptv.stb.stbconfig.StbConfigProvider.update:398 android.content.ContentProvider$Transport.update:287 android.content.ContentResolver.update:1324 
W/ContextImpl( 2476): Calling a method in the system process without a qualified user: android.app.ContextImpl.startService:1694 android.content.ContextWrapper.startService:494 android.content.ContextWrapper.startService:494 com.android.settings.receiver.SettingsReceiver.onReceive:37 android.app.ActivityThread.handleReceiver:2425 
I/ActivityManager( 1944): START u0 {flg=0x10000000 pkg=com.chinaunicom.duer.apps.xtv cmp=com.chinaunicom.duer.apps.xtv/com.chinaunicom.duer.apps.activity.TransActivity (has extras)} from pid 2144
I/ActivityManager( 1944): Waited long enough for: ServiceRecord{2cec98a0 u0 com.android.settings/.MySuspendOffService}
D/NetworkManagementService( 1944): notifyInterfaceLinkStateChanged wlan0 false
D/NetworkManagementService( 1944): notifyInterfaceLinkStateChanged wlan0 false
D/ConnectivityService( 1944): Sampling interval elapsed, updating statistics ..
D/ConnectivityService( 1944): Done.
D/ConnectivityService( 1944): Setting timer for 30seconds
D/NetworkManagementService( 1944): notifyInterfaceLinkStateChanged wlan0 false
D/NetworkManagementService( 1944): notifyInterfaceLinkStateChanged wlan0 false
D/NetworkManagementService( 1944): notifyInterfaceLinkStateChanged wlan0 false
W/ActivityThread( 2247): ClassLoader.loadClass: The class loader returned by Thread.getContextClassLoader() may fail for processes that host multiple applications. You should explicitly specify a context class loader. For example: Thread.setContextClassLoader(getClass().getClassLoader());
D/ConnectivityService( 1944): Sampling interval elapsed, updating statistics ..
D/ConnectivityService( 1944): Done.
D/ConnectivityService( 1944): Setting timer for 30seconds
D/NetworkManagementService( 1944): notifyInterfaceLinkStateChanged wlan0 false
D/NetworkManagementService( 1944): notifyInterfaceLinkStateChanged wlan0 false
D/ConnectivityService( 1944): Sampling interval elapsed, updating statistics ..
D/ConnectivityService( 1944): Done.
D/ConnectivityService( 1944): Setting timer for 30seconds
D/NetworkManagementService( 1944): notifyInterfaceLinkStateChanged wlan0 false
D/NetworkManagementService( 1944): notifyInterfaceLinkStateChanged wlan0 false
D/ConnectivityService( 1944): Sampling interval elapsed, updating statistics ..
D/ConnectivityService( 1944): Done.
D/ConnectivityService( 1944): Setting timer for 30seconds
D/NetworkManagementService( 1944): notifyInterfaceLinkStateChanged wlan0 false
D/NetworkManagementService( 1944): notifyInterfaceLinkStateChanged wlan0 false
D/ConnectivityService( 1944): Sampling interval elapsed, updating statistics ..
D/ConnectivityService( 1944): Done.
D/ConnectivityService( 1944): Setting timer for 30seconds
D/NetworkManagementService( 1944): notifyInterfaceLinkStateChanged wlan0 false
D/NetworkManagementService( 1944): notifyInterfaceLinkStateChanged wlan0 false
D/ConnectivityService( 1944): Sampling interval elapsed, updating statistics ..
D/ConnectivityService( 1944): Done.
D/ConnectivityService( 1944): Setting timer for 30seconds
D/NetworkManagementService( 1944): notifyInterfaceLinkStateChanged wlan0 false
D/NetworkManagementService( 1944): notifyInterfaceLinkStateChanged wlan0 false
D/ConnectivityService( 1944): Sampling interval elapsed, updating statistics ..
D/ConnectivityService( 1944): Done.
D/ConnectivityService( 1944): Setting timer for 30seconds
D/WindowManager( 1944): Unhandled key: win=Window{2cce5c28 u0 com.huawei.iptv.stb/com.huawei.iptv.stb.ui.IPTVAPPActivity}, action=0, flags=8, keyCode=22, scanCode=106, metaState=0, repeatCount=0, policyFlags=1107296256
D/WindowManager( 1944): No fallback.
D/WindowManager( 1944): Unhandled key: win=Window{2cce5c28 u0 com.huawei.iptv.stb/com.huawei.iptv.stb.ui.IPTVAPPActivity}, action=1, flags=8, keyCode=22, scanCode=106, metaState=0, repeatCount=0, policyFlags=1107296256
D/WindowManager( 1944): No fallback.
D/WindowManager( 1944): Unhandled key: win=Window{2cce5c28 u0 com.huawei.iptv.stb/com.huawei.iptv.stb.ui.IPTVAPPActivity}, action=0, flags=8, keyCode=20, scanCode=108, metaState=0, repeatCount=0, policyFlags=1107296256
D/WindowManager( 1944): No fallback.
D/WindowManager( 1944): Unhandled key: win=Window{2cce5c28 u0 com.huawei.iptv.stb/com.huawei.iptv.stb.ui.IPTVAPPActivity}, action=1, flags=8, keyCode=20, scanCode=108, metaState=0, repeatCount=0, policyFlags=1107296256
D/WindowManager( 1944): No fallback.
D/WindowManager( 1944): Unhandled key: win=Window{2cce5c28 u0 com.huawei.iptv.stb/com.huawei.iptv.stb.ui.IPTVAPPActivity}, action=0, flags=8, keyCode=20, scanCode=108, metaState=0, repeatCount=0, policyFlags=1107296256
D/WindowManager( 1944): No fallback.
D/WindowManager( 1944): Unhandled key: win=Window{2cce5c28 u0 com.huawei.iptv.stb/com.huawei.iptv.stb.ui.IPTVAPPActivity}, action=1, flags=8, keyCode=20, scanCode=108, metaState=0, repeatCount=0, policyFlags=1107296256
D/WindowManager( 1944): No fallback.
D/WindowManager( 1944): Unhandled key: win=Window{2cce5c28 u0 com.huawei.iptv.stb/com.huawei.iptv.stb.ui.IPTVAPPActivity}, action=0, flags=8, keyCode=22, scanCode=106, metaState=0, repeatCount=0, policyFlags=1107296256
D/WindowManager( 1944): No fallback.
D/WindowManager( 1944): Unhandled key: win=Window{2cce5c28 u0 com.huawei.iptv.stb/com.huawei.iptv.stb.ui.IPTVAPPActivity}, action=1, flags=8, keyCode=22, scanCode=106, metaState=0, repeatCount=0, policyFlags=1107296256
D/WindowManager( 1944): No fallback.
D/WindowManager( 1944): Unhandled key: win=Window{2cce5c28 u0 com.huawei.iptv.stb/com.huawei.iptv.stb.ui.IPTVAPPActivity}, action=0, flags=8, keyCode=23, scanCode=28, metaState=0, repeatCount=0, policyFlags=1107296256
D/WindowManager( 1944): No fallback.
D/WindowManager( 1944): Unhandled key: win=Window{2cce5c28 u0 com.huawei.iptv.stb/com.huawei.iptv.stb.ui.IPTVAPPActivity}, action=1, flags=8, keyCode=23, scanCode=28, metaState=0, repeatCount=0, policyFlags=1107296256
D/WindowManager( 1944): No fallback.
D/NetworkManagementService( 1944): notifyInterfaceLinkStateChanged wlan0 false
D/WindowManager( 1944): Unhandled key: win=Window{2cce5c28 u0 com.huawei.iptv.stb/com.huawei.iptv.stb.ui.IPTVAPPActivity}, action=0, flags=8, keyCode=23, scanCode=28, metaState=0, repeatCount=0, policyFlags=1107296256
D/WindowManager( 1944): No fallback.
D/WindowManager( 1944): Unhandled key: win=Window{2cce5c28 u0 com.huawei.iptv.stb/com.huawei.iptv.stb.ui.IPTVAPPActivity}, action=1, flags=8, keyCode=23, scanCode=28, metaState=0, repeatCount=0, policyFlags=1107296256
D/WindowManager( 1944): No fallback.
D/WindowManager( 1944): Unhandled key: win=Window{2cce5c28 u0 com.huawei.iptv.stb/com.huawei.iptv.stb.ui.IPTVAPPActivity}, action=0, flags=8, keyCode=22, scanCode=106, metaState=0, repeatCount=0, policyFlags=1107296256
D/WindowManager( 1944): No fallback.
D/WindowManager( 1944): Unhandled key: win=Window{2cce5c28 u0 com.huawei.iptv.stb/com.huawei.iptv.stb.ui.IPTVAPPActivity}, action=1, flags=8, keyCode=22, scanCode=106, metaState=0, repeatCount=0, policyFlags=1107296256
D/WindowManager( 1944): No fallback.
D/WindowManager( 1944): Unhandled key: win=Window{2cce5c28 u0 com.huawei.iptv.stb/com.huawei.iptv.stb.ui.IPTVAPPActivity}, action=0, flags=8, keyCode=20, scanCode=108, metaState=0, repeatCount=0, policyFlags=1107296256
D/WindowManager( 1944): No fallback.
D/WindowManager( 1944): Unhandled key: win=Window{2cce5c28 u0 com.huawei.iptv.stb/com.huawei.iptv.stb.ui.IPTVAPPActivity}, action=1, flags=8, keyCode=20, scanCode=108, metaState=0, repeatCount=0, policyFlags=1107296256
D/WindowManager( 1944): No fallback.
D/WindowManager( 1944): Unhandled key: win=Window{2cce5c28 u0 com.huawei.iptv.stb/com.huawei.iptv.stb.ui.IPTVAPPActivity}, action=0, flags=8, keyCode=20, scanCode=108, metaState=0, repeatCount=0, policyFlags=1107296256
D/WindowManager( 1944): No fallback.
D/WindowManager( 1944): Unhandled key: win=Window{2cce5c28 u0 com.huawei.iptv.stb/com.huawei.iptv.stb.ui.IPTVAPPActivity}, action=1, flags=8, keyCode=20, scanCode=108, metaState=0, repeatCount=0, policyFlags=1107296256
D/WindowManager( 1944): No fallback.
D/WindowManager( 1944): Unhandled key: win=Window{2cce5c28 u0 com.huawei.iptv.stb/com.huawei.iptv.stb.ui.IPTVAPPActivity}, action=0, flags=8, keyCode=20, scanCode=108, metaState=0, repeatCount=0, policyFlags=1107296256
D/WindowManager( 1944): No fallback.
D/WindowManager( 1944): Unhandled key: win=Window{2cce5c28 u0 com.huawei.iptv.stb/com.huawei.iptv.stb.ui.IPTVAPPActivity}, action=1, flags=8, keyCode=20, scanCode=108, metaState=0, repeatCount=0, policyFlags=1107296256
D/WindowManager( 1944): No fallback.
D/WindowManager( 1944): Unhandled key: win=Window{2cce5c28 u0 com.huawei.iptv.stb/com.huawei.iptv.stb.ui.IPTVAPPActivity}, action=0, flags=8, keyCode=23, scanCode=28, metaState=0, repeatCount=0, policyFlags=1107296256
D/WindowManager( 1944): No fallback.
D/WindowManager( 1944): Unhandled key: win=Window{2cce5c28 u0 com.huawei.iptv.stb/com.huawei.iptv.stb.ui.IPTVAPPActivity}, action=1, flags=8, keyCode=23, scanCode=28, metaState=0, repeatCount=0, policyFlags=1107296256
D/WindowManager( 1944): No fallback.
D/WindowManager( 1944): Unhandled key: win=Window{2cce5c28 u0 com.huawei.iptv.stb/com.huawei.iptv.stb.ui.IPTVAPPActivity}, action=0, flags=8, keyCode=22, scanCode=106, metaState=0, repeatCount=0, policyFlags=1107296256
D/WindowManager( 1944): No fallback.
D/NetworkManagementService( 1944): notifyInterfaceLinkStateChanged wlan0 false
D/WindowManager( 1944): Unhandled key: win=Window{2cce5c28 u0 com.huawei.iptv.stb/com.huawei.iptv.stb.ui.IPTVAPPActivity}, action=1, flags=8, keyCode=22, scanCode=106, metaState=0, repeatCount=0, policyFlags=1107296256
D/WindowManager( 1944): No fallback.
D/WindowManager( 1944): Unhandled key: win=Window{2cce5c28 u0 com.huawei.iptv.stb/com.huawei.iptv.stb.ui.IPTVAPPActivity}, action=0, flags=8, keyCode=20, scanCode=108, metaState=0, repeatCount=0, policyFlags=1107296256
D/WindowManager( 1944): No fallback.
D/WindowManager( 1944): Unhandled key: win=Window{2cce5c28 u0 com.huawei.iptv.stb/com.huawei.iptv.stb.ui.IPTVAPPActivity}, action=1, flags=8, keyCode=20, scanCode=108, metaState=0, repeatCount=0, policyFlags=1107296256
D/WindowManager( 1944): No fallback.
D/WindowManager( 1944): Unhandled key: win=Window{2cce5c28 u0 com.huawei.iptv.stb/com.huawei.iptv.stb.ui.IPTVAPPActivity}, action=0, flags=8, keyCode=20, scanCode=108, metaState=0, repeatCount=0, policyFlags=1107296256
D/WindowManager( 1944): No fallback.
D/WindowManager( 1944): Unhandled key: win=Window{2cce5c28 u0 com.huawei.iptv.stb/com.huawei.iptv.stb.ui.IPTVAPPActivity}, action=1, flags=8, keyCode=20, scanCode=108, metaState=0, repeatCount=0, policyFlags=1107296256
D/WindowManager( 1944): No fallback.
D/WindowManager( 1944): Unhandled key: win=Window{2cce5c28 u0 com.huawei.iptv.stb/com.huawei.iptv.stb.ui.IPTVAPPActivity}, action=0, flags=8, keyCode=20, scanCode=108, metaState=0, repeatCount=0, policyFlags=1107296256
D/WindowManager( 1944): No fallback.
D/WindowManager( 1944): Unhandled key: win=Window{2cce5c28 u0 com.huawei.iptv.stb/com.huawei.iptv.stb.ui.IPTVAPPActivity}, action=1, flags=8, keyCode=20, scanCode=108, metaState=0, repeatCount=0, policyFlags=1107296256
D/WindowManager( 1944): No fallback.
D/WindowManager( 1944): Unhandled key: win=Window{2cce5c28 u0 com.huawei.iptv.stb/com.huawei.iptv.stb.ui.IPTVAPPActivity}, action=0, flags=8, keyCode=23, scanCode=28, metaState=0, repeatCount=0, policyFlags=1107296256
D/WindowManager( 1944): No fallback.
D/WindowManager( 1944): Unhandled key: win=Window{2cce5c28 u0 com.huawei.iptv.stb/com.huawei.iptv.stb.ui.IPTVAPPActivity}, action=1, flags=8, keyCode=23, scanCode=28, metaState=0, repeatCount=0, policyFlags=1107296256
D/WindowManager( 1944): No fallback.
D/ConnectivityService( 1944): Sampling interval elapsed, updating statistics ..
D/ConnectivityService( 1944): Done.
D/ConnectivityService( 1944): Setting timer for 30seconds
D/NetworkManagementService( 1944): notifyInterfaceLinkStateChanged wlan0 false
D/NetworkManagementService( 1944): notifyInterfaceLinkStateChanged wlan0 false
D/ConnectivityService( 1944): Sampling interval elapsed, updating statistics ..
D/ConnectivityService( 1944): Done.
D/ConnectivityService( 1944): Setting timer for 30seconds
D/NetworkManagementService( 1944): notifyInterfaceLinkStateChanged wlan0 false
D/WindowManager( 1944): Unhandled key: win=Window{2cce5c28 u0 com.huawei.iptv.stb/com.huawei.iptv.stb.ui.IPTVAPPActivity}, action=0, flags=8, keyCode=22, scanCode=106, metaState=0, repeatCount=0, policyFlags=1107296256
D/WindowManager( 1944): No fallback.
D/WindowManager( 1944): Unhandled key: win=Window{2cce5c28 u0 com.huawei.iptv.stb/com.huawei.iptv.stb.ui.IPTVAPPActivity}, action=1, flags=8, keyCode=22, scanCode=106, metaState=0, repeatCount=0, policyFlags=1107296256
D/WindowManager( 1944): No fallback.
D/WindowManager( 1944): Unhandled key: win=Window{2cce5c28 u0 com.huawei.iptv.stb/com.huawei.iptv.stb.ui.IPTVAPPActivity}, action=0, flags=8, keyCode=20, scanCode=108, metaState=0, repeatCount=0, policyFlags=1107296256
D/WindowManager( 1944): No fallback.
D/WindowManager( 1944): Unhandled key: win=Window{2cce5c28 u0 com.huawei.iptv.stb/com.huawei.iptv.stb.ui.IPTVAPPActivity}, action=1, flags=8, keyCode=20, scanCode=108, metaState=0, repeatCount=0, policyFlags=1107296256
D/WindowManager( 1944): No fallback.
D/WindowManager( 1944): Unhandled key: win=Window{2cce5c28 u0 com.huawei.iptv.stb/com.huawei.iptv.stb.ui.IPTVAPPActivity}, action=0, flags=8, keyCode=20, scanCode=108, metaState=0, repeatCount=0, policyFlags=1107296256
D/WindowManager( 1944): No fallback.
D/WindowManager( 1944): Unhandled key: win=Window{2cce5c28 u0 com.huawei.iptv.stb/com.huawei.iptv.stb.ui.IPTVAPPActivity}, action=1, flags=8, keyCode=20, scanCode=108, metaState=0, repeatCount=0, policyFlags=1107296256
D/WindowManager( 1944): No fallback.
D/WindowManager( 1944): Unhandled key: win=Window{2cce5c28 u0 com.huawei.iptv.stb/com.huawei.iptv.stb.ui.IPTVAPPActivity}, action=0, flags=8, keyCode=20, scanCode=108, metaState=0, repeatCount=0, policyFlags=1107296256
D/WindowManager( 1944): No fallback.
D/WindowManager( 1944): Unhandled key: win=Window{2cce5c28 u0 com.huawei.iptv.stb/com.huawei.iptv.stb.ui.IPTVAPPActivity}, action=1, flags=8, keyCode=20, scanCode=108, metaState=0, repeatCount=0, policyFlags=1107296256
D/WindowManager( 1944): No fallback.
D/WindowManager( 1944): Unhandled key: win=Window{2cce5c28 u0 com.huawei.iptv.stb/com.huawei.iptv.stb.ui.IPTVAPPActivity}, action=0, flags=8, keyCode=23, scanCode=28, metaState=0, repeatCount=0, policyFlags=1107296256
D/WindowManager( 1944): No fallback.
D/WindowManager( 1944): Unhandled key: win=Window{2cce5c28 u0 com.huawei.iptv.stb/com.huawei.iptv.stb.ui.IPTVAPPActivity}, action=1, flags=8, keyCode=23, scanCode=28, metaState=0, repeatCount=0, policyFlags=1107296256
D/WindowManager( 1944): No fallback.
D/NetworkManagementService( 1944): notifyInterfaceLinkStateChanged wlan0 false
D/ConnectivityService( 1944): Sampling interval elapsed, updating statistics ..
D/ConnectivityService( 1944): Done.
D/ConnectivityService( 1944): Setting timer for 30seconds
D/NetworkManagementService( 1944): notifyInterfaceLinkStateChanged wlan0 false
D/WindowManager( 1944): Unhandled key: win=Window{2cce5c28 u0 com.huawei.iptv.stb/com.huawei.iptv.stb.ui.IPTVAPPActivity}, action=0, flags=8, keyCode=22, scanCode=106, metaState=0, repeatCount=0, policyFlags=1107296256
D/WindowManager( 1944): No fallback.
D/WindowManager( 1944): Unhandled key: win=Window{2cce5c28 u0 com.huawei.iptv.stb/com.huawei.iptv.stb.ui.IPTVAPPActivity}, action=1, flags=8, keyCode=22, scanCode=106, metaState=0, repeatCount=0, policyFlags=1107296256
D/WindowManager( 1944): No fallback.
D/WindowManager( 1944): Unhandled key: win=Window{2cce5c28 u0 com.huawei.iptv.stb/com.huawei.iptv.stb.ui.IPTVAPPActivity}, action=0, flags=8, keyCode=20, scanCode=108, metaState=0, repeatCount=0, policyFlags=1107296256
D/WindowManager( 1944): No fallback.
D/WindowManager( 1944): Unhandled key: win=Window{2cce5c28 u0 com.huawei.iptv.stb/com.huawei.iptv.stb.ui.IPTVAPPActivity}, action=1, flags=8, keyCode=20, scanCode=108, metaState=0, repeatCount=0, policyFlags=1107296256
D/WindowManager( 1944): No fallback.
D/WindowManager( 1944): Unhandled key: win=Window{2cce5c28 u0 com.huawei.iptv.stb/com.huawei.iptv.stb.ui.IPTVAPPActivity}, action=0, flags=8, keyCode=20, scanCode=108, metaState=0, repeatCount=0, policyFlags=1107296256
D/WindowManager( 1944): No fallback.
D/WindowManager( 1944): Unhandled key: win=Window{2cce5c28 u0 com.huawei.iptv.stb/com.huawei.iptv.stb.ui.IPTVAPPActivity}, action=1, flags=8, keyCode=20, scanCode=108, metaState=0, repeatCount=0, policyFlags=1107296256
D/WindowManager( 1944): No fallback.
D/WindowManager( 1944): Unhandled key: win=Window{2cce5c28 u0 com.huawei.iptv.stb/com.huawei.iptv.stb.ui.IPTVAPPActivity}, action=0, flags=8, keyCode=20, scanCode=108, metaState=0, repeatCount=0, policyFlags=1107296256
D/WindowManager( 1944): No fallback.
D/WindowManager( 1944): Unhandled key: win=Window{2cce5c28 u0 com.huawei.iptv.stb/com.huawei.iptv.stb.ui.IPTVAPPActivity}, action=1, flags=8, keyCode=20, scanCode=108, metaState=0, repeatCount=0, policyFlags=1107296256
D/WindowManager( 1944): No fallback.
D/WindowManager( 1944): Unhandled key: win=Window{2cce5c28 u0 com.huawei.iptv.stb/com.huawei.iptv.stb.ui.IPTVAPPActivity}, action=0, flags=8, keyCode=23, scanCode=28, metaState=0, repeatCount=0, policyFlags=1107296256
D/WindowManager( 1944): No fallback.
D/WindowManager( 1944): Unhandled key: win=Window{2cce5c28 u0 com.huawei.iptv.stb/com.huawei.iptv.stb.ui.IPTVAPPActivity}, action=1, flags=8, keyCode=23, scanCode=28, metaState=0, repeatCount=0, policyFlags=1107296256
D/WindowManager( 1944): No fallback.
D/WindowManager( 1944): Unhandled key: win=Window{2cce5c28 u0 com.huawei.iptv.stb/com.huawei.iptv.stb.ui.IPTVAPPActivity}, action=0, flags=8, keyCode=22, scanCode=106, metaState=0, repeatCount=0, policyFlags=1107296256
D/WindowManager( 1944): No fallback.
D/WindowManager( 1944): Unhandled key: win=Window{2cce5c28 u0 com.huawei.iptv.stb/com.huawei.iptv.stb.ui.IPTVAPPActivity}, action=1, flags=8, keyCode=22, scanCode=106, metaState=0, repeatCount=0, policyFlags=1107296256
D/WindowManager( 1944): No fallback.
D/WindowManager( 1944): Unhandled key: win=Window{2cce5c28 u0 com.huawei.iptv.stb/com.huawei.iptv.stb.ui.IPTVAPPActivity}, action=0, flags=8, keyCode=20, scanCode=108, metaState=0, repeatCount=0, policyFlags=1107296256
D/WindowManager( 1944): No fallback.
D/WindowManager( 1944): Unhandled key: win=Window{2cce5c28 u0 com.huawei.iptv.stb/com.huawei.iptv.stb.ui.IPTVAPPActivity}, action=1, flags=8, keyCode=20, scanCode=108, metaState=0, repeatCount=0, policyFlags=1107296256
D/WindowManager( 1944): No fallback.
D/WindowManager( 1944): Unhandled key: win=Window{2cce5c28 u0 com.huawei.iptv.stb/com.huawei.iptv.stb.ui.IPTVAPPActivity}, action=0, flags=8, keyCode=20, scanCode=108, metaState=0, repeatCount=0, policyFlags=1107296256
D/WindowManager( 1944): No fallback.
D/WindowManager( 1944): Unhandled key: win=Window{2cce5c28 u0 com.huawei.iptv.stb/com.huawei.iptv.stb.ui.IPTVAPPActivity}, action=1, flags=8, keyCode=20, scanCode=108, metaState=0, repeatCount=0, policyFlags=1107296256
D/WindowManager( 1944): No fallback.
D/WindowManager( 1944): Unhandled key: win=Window{2cce5c28 u0 com.huawei.iptv.stb/com.huawei.iptv.stb.ui.IPTVAPPActivity}, action=0, flags=8, keyCode=20, scanCode=108, metaState=0, repeatCount=0, policyFlags=1107296256
D/WindowManager( 1944): No fallback.
D/WindowManager( 1944): Unhandled key: win=Window{2cce5c28 u0 com.huawei.iptv.stb/com.huawei.iptv.stb.ui.IPTVAPPActivity}, action=1, flags=8, keyCode=20, scanCode=108, metaState=0, repeatCount=0, policyFlags=1107296256
D/WindowManager( 1944): No fallback.
D/WindowManager( 1944): Unhandled key: win=Window{2cce5c28 u0 com.huawei.iptv.stb/com.huawei.iptv.stb.ui.IPTVAPPActivity}, action=0, flags=8, keyCode=23, scanCode=28, metaState=0, repeatCount=0, policyFlags=1107296256
D/WindowManager( 1944): No fallback.
D/WindowManager( 1944): Unhandled key: win=Window{2cce5c28 u0 com.huawei.iptv.stb/com.huawei.iptv.stb.ui.IPTVAPPActivity}, action=1, flags=8, keyCode=23, scanCode=28, metaState=0, repeatCount=0, policyFlags=1107296256
D/WindowManager( 1944): No fallback.
D/WindowManager( 1944): Unhandled key: win=Window{2cce5c28 u0 com.huawei.iptv.stb/com.huawei.iptv.stb.ui.IPTVAPPActivity}, action=0, flags=8, keyCode=22, scanCode=106, metaState=0, repeatCount=0, policyFlags=1107296256
D/WindowManager( 1944): No fallback.
D/WindowManager( 1944): Unhandled key: win=Window{2cce5c28 u0 com.huawei.iptv.stb/com.huawei.iptv.stb.ui.IPTVAPPActivity}, action=1, flags=8, keyCode=22, scanCode=106, metaState=0, repeatCount=0, policyFlags=1107296256
D/WindowManager( 1944): No fallback.
D/WindowManager( 1944): Unhandled key: win=Window{2cce5c28 u0 com.huawei.iptv.stb/com.huawei.iptv.stb.ui.IPTVAPPActivity}, action=0, flags=8, keyCode=20, scanCode=108, metaState=0, repeatCount=0, policyFlags=1107296256
D/WindowManager( 1944): No fallback.
D/WindowManager( 1944): Unhandled key: win=Window{2cce5c28 u0 com.huawei.iptv.stb/com.huawei.iptv.stb.ui.IPTVAPPActivity}, action=1, flags=8, keyCode=20, scanCode=108, metaState=0, repeatCount=0, policyFlags=1107296256
D/WindowManager( 1944): No fallback.
D/WindowManager( 1944): Unhandled key: win=Window{2cce5c28 u0 com.huawei.iptv.stb/com.huawei.iptv.stb.ui.IPTVAPPActivity}, action=0, flags=8, keyCode=20, scanCode=108, metaState=0, repeatCount=0, policyFlags=1107296256
D/WindowManager( 1944): No fallback.
D/WindowManager( 1944): Unhandled key: win=Window{2cce5c28 u0 com.huawei.iptv.stb/com.huawei.iptv.stb.ui.IPTVAPPActivity}, action=1, flags=8, keyCode=20, scanCode=108, metaState=0, repeatCount=0, policyFlags=1107296256
D/WindowManager( 1944): No fallback.
D/WindowManager( 1944): Unhandled key: win=Window{2cce5c28 u0 com.huawei.iptv.stb/com.huawei.iptv.stb.ui.IPTVAPPActivity}, action=0, flags=8, keyCode=20, scanCode=108, metaState=0, repeatCount=0, policyFlags=1107296256
D/WindowManager( 1944): No fallback.
D/WindowManager( 1944): Unhandled key: win=Window{2cce5c28 u0 com.huawei.iptv.stb/com.huawei.iptv.stb.ui.IPTVAPPActivity}, action=1, flags=8, keyCode=20, scanCode=108, metaState=0, repeatCount=0, policyFlags=1107296256
D/WindowManager( 1944): No fallback.
D/WindowManager( 1944): Unhandled key: win=Window{2cce5c28 u0 com.huawei.iptv.stb/com.huawei.iptv.stb.ui.IPTVAPPActivity}, action=0, flags=8, keyCode=23, scanCode=28, metaState=0, repeatCount=0, policyFlags=1107296256
D/WindowManager( 1944): No fallback.
D/WindowManager( 1944): Unhandled key: win=Window{2cce5c28 u0 com.huawei.iptv.stb/com.huawei.iptv.stb.ui.IPTVAPPActivity}, action=1, flags=8, keyCode=23, scanCode=28, metaState=0, repeatCount=0, policyFlags=1107296256
D/WindowManager( 1944): No fallback.
D/NetworkManagementService( 1944): notifyInterfaceLinkStateChanged wlan0 false
D/WindowManager( 1944): Unhandled key: win=Window{2cce5c28 u0 com.huawei.iptv.stb/com.huawei.iptv.stb.ui.IPTVAPPActivity}, action=0, flags=8, keyCode=22, scanCode=106, metaState=0, repeatCount=0, policyFlags=1107296256
D/WindowManager( 1944): No fallback.
D/WindowManager( 1944): Unhandled key: win=Window{2cce5c28 u0 com.huawei.iptv.stb/com.huawei.iptv.stb.ui.IPTVAPPActivity}, action=1, flags=8, keyCode=22, scanCode=106, metaState=0, repeatCount=0, policyFlags=1107296256
D/WindowManager( 1944): No fallback.
D/WindowManager( 1944): Unhandled key: win=Window{2cce5c28 u0 com.huawei.iptv.stb/com.huawei.iptv.stb.ui.IPTVAPPActivity}, action=0, flags=8, keyCode=20, scanCode=108, metaState=0, repeatCount=0, policyFlags=1107296256
D/WindowManager( 1944): No fallback.
D/WindowManager( 1944): Unhandled key: win=Window{2cce5c28 u0 com.huawei.iptv.stb/com.huawei.iptv.stb.ui.IPTVAPPActivity}, action=1, flags=8, keyCode=20, scanCode=108, metaState=0, repeatCount=0, policyFlags=1107296256
D/WindowManager( 1944): No fallback.
D/WindowManager( 1944): Unhandled key: win=Window{2cce5c28 u0 com.huawei.iptv.stb/com.huawei.iptv.stb.ui.IPTVAPPActivity}, action=0, flags=8, keyCode=20, scanCode=108, metaState=0, repeatCount=0, policyFlags=1107296256
D/WindowManager( 1944): No fallback.
D/WindowManager( 1944): Unhandled key: win=Window{2cce5c28 u0 com.huawei.iptv.stb/com.huawei.iptv.stb.ui.IPTVAPPActivity}, action=1, flags=8, keyCode=20, scanCode=108, metaState=0, repeatCount=0, policyFlags=1107296256
D/WindowManager( 1944): No fallback.
D/WindowManager( 1944): Unhandled key: win=Window{2cce5c28 u0 com.huawei.iptv.stb/com.huawei.iptv.stb.ui.IPTVAPPActivity}, action=0, flags=8, keyCode=20, scanCode=108, metaState=0, repeatCount=0, policyFlags=1107296256
D/WindowManager( 1944): No fallback.
D/WindowManager( 1944): Unhandled key: win=Window{2cce5c28 u0 com.huawei.iptv.stb/com.huawei.iptv.stb.ui.IPTVAPPActivity}, action=1, flags=8, keyCode=20, scanCode=108, metaState=0, repeatCount=0, policyFlags=1107296256
D/WindowManager( 1944): No fallback.
D/WindowManager( 1944): Unhandled key: win=Window{2cce5c28 u0 com.huawei.iptv.stb/com.huawei.iptv.stb.ui.IPTVAPPActivity}, action=0, flags=8, keyCode=23, scanCode=28, metaState=0, repeatCount=0, policyFlags=1107296256
D/WindowManager( 1944): No fallback.
D/WindowManager( 1944): Unhandled key: win=Window{2cce5c28 u0 com.huawei.iptv.stb/com.huawei.iptv.stb.ui.IPTVAPPActivity}, action=1, flags=8, keyCode=23, scanCode=28, metaState=0, repeatCount=0, policyFlags=1107296256
D/WindowManager( 1944): No fallback.
D/WindowManager( 1944): Unhandled key: win=Window{2cce5c28 u0 com.huawei.iptv.stb/com.huawei.iptv.stb.ui.IPTVAPPActivity}, action=0, flags=8, keyCode=22, scanCode=106, metaState=0, repeatCount=0, policyFlags=1107296256
D/WindowManager( 1944): No fallback.
D/WindowManager( 1944): Unhandled key: win=Window{2cce5c28 u0 com.huawei.iptv.stb/com.huawei.iptv.stb.ui.IPTVAPPActivity}, action=1, flags=8, keyCode=22, scanCode=106, metaState=0, repeatCount=0, policyFlags=1107296256
D/WindowManager( 1944): No fallback.
D/WindowManager( 1944): Unhandled key: win=Window{2cce5c28 u0 com.huawei.iptv.stb/com.huawei.iptv.stb.ui.IPTVAPPActivity}, action=0, flags=8, keyCode=20, scanCode=108, metaState=0, repeatCount=0, policyFlags=1107296256
D/WindowManager( 1944): No fallback.
D/WindowManager( 1944): Unhandled key: win=Window{2cce5c28 u0 com.huawei.iptv.stb/com.huawei.iptv.stb.ui.IPTVAPPActivity}, action=1, flags=8, keyCode=20, scanCode=108, metaState=0, repeatCount=0, policyFlags=1107296256
D/WindowManager( 1944): No fallback.
D/WindowManager( 1944): Unhandled key: win=Window{2cce5c28 u0 com.huawei.iptv.stb/com.huawei.iptv.stb.ui.IPTVAPPActivity}, action=0, flags=8, keyCode=20, scanCode=108, metaState=0, repeatCount=0, policyFlags=1107296256
D/WindowManager( 1944): No fallback.
D/WindowManager( 1944): Unhandled key: win=Window{2cce5c28 u0 com.huawei.iptv.stb/com.huawei.iptv.stb.ui.IPTVAPPActivity}, action=1, flags=8, keyCode=20, scanCode=108, metaState=0, repeatCount=0, policyFlags=1107296256
D/WindowManager( 1944): No fallback.
D/WindowManager( 1944): Unhandled key: win=Window{2cce5c28 u0 com.huawei.iptv.stb/com.huawei.iptv.stb.ui.IPTVAPPActivity}, action=0, flags=8, keyCode=20, scanCode=108, metaState=0, repeatCount=0, policyFlags=1107296256
D/WindowManager( 1944): No fallback.
D/WindowManager( 1944): Unhandled key: win=Window{2cce5c28 u0 com.huawei.iptv.stb/com.huawei.iptv.stb.ui.IPTVAPPActivity}, action=1, flags=8, keyCode=20, scanCode=108, metaState=0, repeatCount=0, policyFlags=1107296256
D/WindowManager( 1944): No fallback.
D/WindowManager( 1944): Unhandled key: win=Window{2cce5c28 u0 com.huawei.iptv.stb/com.huawei.iptv.stb.ui.IPTVAPPActivity}, action=0, flags=8, keyCode=23, scanCode=28, metaState=0, repeatCount=0, policyFlags=1107296256
D/WindowManager( 1944): No fallback.
D/WindowManager( 1944): Unhandled key: win=Window{2cce5c28 u0 com.huawei.iptv.stb/com.huawei.iptv.stb.ui.IPTVAPPActivity}, action=1, flags=8, keyCode=23, scanCode=28, metaState=0, repeatCount=0, policyFlags=1107296256
D/WindowManager( 1944): No fallback.
D/ConnectivityService( 1944): Sampling interval elapsed, updating statistics ..
D/ConnectivityService( 1944): Done.
D/ConnectivityService( 1944): Setting timer for 30seconds
D/WindowManager( 1944): Unhandled key: win=Window{2cce5c28 u0 com.huawei.iptv.stb/com.huawei.iptv.stb.ui.IPTVAPPActivity}, action=0, flags=8, keyCode=22, scanCode=106, metaState=0, repeatCount=0, policyFlags=1107296256
D/WindowManager( 1944): No fallback.
D/WindowManager( 1944): Unhandled key: win=Window{2cce5c28 u0 com.huawei.iptv.stb/com.huawei.iptv.stb.ui.IPTVAPPActivity}, action=1, flags=8, keyCode=22, scanCode=106, metaState=0, repeatCount=0, policyFlags=1107296256
D/WindowManager( 1944): No fallback.
D/WindowManager( 1944): Unhandled key: win=Window{2cce5c28 u0 com.huawei.iptv.stb/com.huawei.iptv.stb.ui.IPTVAPPActivity}, action=0, flags=8, keyCode=20, scanCode=108, metaState=0, repeatCount=0, policyFlags=1107296256
D/WindowManager( 1944): No fallback.
D/WindowManager( 1944): Unhandled key: win=Window{2cce5c28 u0 com.huawei.iptv.stb/com.huawei.iptv.stb.ui.IPTVAPPActivity}, action=1, flags=8, keyCode=20, scanCode=108, metaState=0, repeatCount=0, policyFlags=1107296256
D/WindowManager( 1944): No fallback.
D/WindowManager( 1944): Unhandled key: win=Window{2cce5c28 u0 com.huawei.iptv.stb/com.huawei.iptv.stb.ui.IPTVAPPActivity}, action=0, flags=8, keyCode=20, scanCode=108, metaState=0, repeatCount=0, policyFlags=1107296256
D/WindowManager( 1944): No fallback.
D/WindowManager( 1944): Unhandled key: win=Window{2cce5c28 u0 com.huawei.iptv.stb/com.huawei.iptv.stb.ui.IPTVAPPActivity}, action=1, flags=8, keyCode=20, scanCode=108, metaState=0, repeatCount=0, policyFlags=1107296256
D/WindowManager( 1944): No fallback.
D/WindowManager( 1944): Unhandled key: win=Window{2cce5c28 u0 com.huawei.iptv.stb/com.huawei.iptv.stb.ui.IPTVAPPActivity}, action=0, flags=8, keyCode=20, scanCode=108, metaState=0, repeatCount=0, policyFlags=1107296256
D/WindowManager( 1944): No fallback.
D/NetworkManagementService( 1944): notifyInterfaceLinkStateChanged wlan0 false
D/WindowManager( 1944): Unhandled key: win=Window{2cce5c28 u0 com.huawei.iptv.stb/com.huawei.iptv.stb.ui.IPTVAPPActivity}, action=1, flags=8, keyCode=20, scanCode=108, metaState=0, repeatCount=0, policyFlags=1107296256
D/WindowManager( 1944): No fallback.
D/WindowManager( 1944): Unhandled key: win=Window{2cce5c28 u0 com.huawei.iptv.stb/com.huawei.iptv.stb.ui.IPTVAPPActivity}, action=0, flags=8, keyCode=23, scanCode=28, metaState=0, repeatCount=0, policyFlags=1107296256
D/WindowManager( 1944): No fallback.
D/WindowManager( 1944): Unhandled key: win=Window{2cce5c28 u0 com.huawei.iptv.stb/com.huawei.iptv.stb.ui.IPTVAPPActivity}, action=1, flags=8, keyCode=23, scanCode=28, metaState=0, repeatCount=0, policyFlags=1107296256
D/WindowManager( 1944): No fallback.
D/WindowManager( 1944): Unhandled key: win=Window{2cce5c28 u0 com.huawei.iptv.stb/com.huawei.iptv.stb.ui.IPTVAPPActivity}, action=0, flags=8, keyCode=22, scanCode=106, metaState=0, repeatCount=0, policyFlags=1107296256
D/WindowManager( 1944): No fallback.
D/WindowManager( 1944): Unhandled key: win=Window{2cce5c28 u0 com.huawei.iptv.stb/com.huawei.iptv.stb.ui.IPTVAPPActivity}, action=1, flags=8, keyCode=22, scanCode=106, metaState=0, repeatCount=0, policyFlags=1107296256
D/WindowManager( 1944): No fallback.
D/WindowManager( 1944): Unhandled key: win=Window{2cce5c28 u0 com.huawei.iptv.stb/com.huawei.iptv.stb.ui.IPTVAPPActivity}, action=0, flags=8, keyCode=20, scanCode=108, metaState=0, repeatCount=0, policyFlags=1107296256
D/WindowManager( 1944): No fallback.
D/WindowManager( 1944): Unhandled key: win=Window{2cce5c28 u0 com.huawei.iptv.stb/com.huawei.iptv.stb.ui.IPTVAPPActivity}, action=1, flags=8, keyCode=20, scanCode=108, metaState=0, repeatCount=0, policyFlags=1107296256
D/WindowManager( 1944): No fallback.
D/WindowManager( 1944): Unhandled key: win=Window{2cce5c28 u0 com.huawei.iptv.stb/com.huawei.iptv.stb.ui.IPTVAPPActivity}, action=0, flags=8, keyCode=20, scanCode=108, metaState=0, repeatCount=0, policyFlags=1107296256
D/WindowManager( 1944): No fallback.
D/WindowManager( 1944): Unhandled key: win=Window{2cce5c28 u0 com.huawei.iptv.stb/com.huawei.iptv.stb.ui.IPTVAPPActivity}, action=1, flags=8, keyCode=20, scanCode=108, metaState=0, repeatCount=0, policyFlags=1107296256
D/WindowManager( 1944): No fallback.
D/WindowManager( 1944): Unhandled key: win=Window{2cce5c28 u0 com.huawei.iptv.stb/com.huawei.iptv.stb.ui.IPTVAPPActivity}, action=0, flags=8, keyCode=20, scanCode=108, metaState=0, repeatCount=0, policyFlags=1107296256
D/WindowManager( 1944): No fallback.
D/WindowManager( 1944): Unhandled key: win=Window{2cce5c28 u0 com.huawei.iptv.stb/com.huawei.iptv.stb.ui.IPTVAPPActivity}, action=1, flags=8, keyCode=20, scanCode=108, metaState=0, repeatCount=0, policyFlags=1107296256
D/WindowManager( 1944): No fallback.
D/WindowManager( 1944): Unhandled key: win=Window{2cce5c28 u0 com.huawei.iptv.stb/com.huawei.iptv.stb.ui.IPTVAPPActivity}, action=0, flags=8, keyCode=23, scanCode=28, metaState=0, repeatCount=0, policyFlags=1107296256
D/WindowManager( 1944): No fallback.
D/WindowManager( 1944): Unhandled key: win=Window{2cce5c28 u0 com.huawei.iptv.stb/com.huawei.iptv.stb.ui.IPTVAPPActivity}, action=1, flags=8, keyCode=23, scanCode=28, metaState=0, repeatCount=0, policyFlags=1107296256
D/WindowManager( 1944): No fallback.
D/NetworkManagementService( 1944): notifyInterfaceLinkStateChanged wlan0 false
D/NetworkManagementService( 1944): notifyInterfaceLinkStateChanged wlan0 false
D/ConnectivityService( 1944): Sampling interval elapsed, updating statistics ..
D/ConnectivityService( 1944): Done.
D/ConnectivityService( 1944): Setting timer for 30seconds
D/NetworkManagementService( 1944): notifyInterfaceLinkStateChanged wlan0 false
D/NetworkManagementService( 1944): notifyInterfaceLinkStateChanged wlan0 false
D/ConnectivityService( 1944): Sampling interval elapsed, updating statistics ..
D/ConnectivityService( 1944): Done.
D/ConnectivityService( 1944): Setting timer for 30seconds
D/NetworkManagementService( 1944): notifyInterfaceLinkStateChanged wlan0 false
D/NetworkManagementService( 1944): notifyInterfaceLinkStateChanged wlan0 false
D/ConnectivityService( 1944): Sampling interval elapsed, updating statistics ..
D/ConnectivityService( 1944): Done.
D/ConnectivityService( 1944): Setting timer for 30seconds
D/NetworkManagementService( 1944): notifyInterfaceLinkStateChanged wlan0 false
D/NetworkManagementService( 1944): notifyInterfaceLinkStateChanged wlan0 false
D/ConnectivityService( 1944): Sampling interval elapsed, updating statistics ..
D/ConnectivityService( 1944): Done.
D/ConnectivityService( 1944): Setting timer for 30seconds
D/NetworkManagementService( 1944): notifyInterfaceLinkStateChanged wlan0 false
D/NetworkManagementService( 1944): notifyInterfaceLinkStateChanged wlan0 false
D/ConnectivityService( 1944): Sampling interval elapsed, updating statistics ..
D/ConnectivityService( 1944): Done.
D/ConnectivityService( 1944): Setting timer for 30seconds
D/NetworkManagementService( 1944): notifyInterfaceLinkStateChanged wlan0 false
D/NetworkManagementService( 1944): notifyInterfaceLinkStateChanged wlan0 false
D/ConnectivityService( 1944): Sampling interval elapsed, updating statistics ..
D/ConnectivityService( 1944): Done.
D/ConnectivityService( 1944): Setting timer for 30seconds
D/NetworkManagementService( 1944): notifyInterfaceLinkStateChanged wlan0 false
D/NetworkManagementService( 1944): notifyInterfaceLinkStateChanged wlan0 false
D/ConnectivityService( 1944): Sampling interval elapsed, updating statistics ..
D/ConnectivityService( 1944): Done.
D/ConnectivityService( 1944): Setting timer for 30seconds
D/NetworkManagementService( 1944): notifyInterfaceLinkStateChanged wlan0 false
D/NetworkManagementService( 1944): notifyInterfaceLinkStateChanged wlan0 false
D/ConnectivityService( 1944): Sampling interval elapsed, updating statistics ..
D/ConnectivityService( 1944): Done.
D/ConnectivityService( 1944): Setting timer for 30seconds
D/NetworkManagementService( 1944): notifyInterfaceLinkStateChanged wlan0 false
D/NetworkManagementService( 1944): notifyInterfaceLinkStateChanged wlan0 false
D/ConnectivityService( 1944): Sampling interval elapsed, updating statistics ..
D/ConnectivityService( 1944): Done.
D/ConnectivityService( 1944): Setting timer for 30seconds
D/NetworkManagementService( 1944): notifyInterfaceLinkStateChanged wlan0 false
D/NetworkManagementService( 1944): notifyInterfaceLinkStateChanged wlan0 false
D/ConnectivityService( 1944): Sampling interval elapsed, updating statistics ..
D/ConnectivityService( 1944): Done.
D/ConnectivityService( 1944): Setting timer for 30seconds
D/NetworkManagementService( 1944): notifyInterfaceLinkStateChanged wlan0 false
