I/ActivityManager( 1944): set proc: com.android.systemuito be persistent app
I/AppOps  ( 1944): Pruning old package media/1013: new uid=-1
I/ActivityManager( 1944): System now ready
I/SystemServer( 1944): Making services ready
D/NetworkManagementService( 1944): enabling bandwidth control
W/MountService( 1944): output =null
W/MountService( 1944): output =null
D/MountService( 1944): /mnt/sdcard is default volume
W/MountService( 1944): output =null
W/MountService( 1944): output =null
D/MountService( 1944): /mnt/sdcard is default volume
W/MountService( 1944): Duplicate state transition (mounted -> mounted) for /mnt/sdcard
I/StatusBarManagerService( 1944): registerStatusBar bar=com.android.internal.statusbar.IStatusBar$Stub$Proxy@2cce0e18
D/NetworkManagementService( 1944): Prepared
I/ActivityManager( 1944): Config changes=200 {1.0 ?mcc?mnc zh_CN ldltr sw720dp w1280dp h720dp 160dpi xlrg long land finger -keyb/v/h dpad/v s.4}
W/RecognitionManagerService( 1944): no available voice recognition services found for user 0
W/AppWidgetServiceImpl( 1944): Failed to read state: java.io.FileNotFoundException: /data/system/users/0/appwidgets.xml: open failed: ENOENT (No such file or directory)
D/InputMethodManagerService( 1944): --- systemReady
W/InputMethodManagerService( 1944): Ignoring setImeWindowStatus of uid 1000 token: null
D/InputMethodManagerService( 1944): --- re-buildInputMethodList reset = false 
D/InputMethodManagerService( 1944):  ------ 
D/InputMethodManagerService( 1944): com.android.server.InputMethodManagerService.buildInputMethodListLocked(InputMethodManagerService.java:2520)
D/InputMethodManagerService( 1944): com.android.server.InputMethodManagerService.systemRunning(InputMethodManagerService.java:865)
D/InputMethodManagerService( 1944): com.android.server.ServerThread$2.run(SystemServer.java:1192)
D/InputMethodManagerService( 1944): com.android.server.am.ActivityManagerService.systemReady(ActivityManagerService.java:10339)
D/InputMethodManagerService( 1944): com.android.server.ServerThread.initAndLoop(SystemServer.java:1110)
D/InputMethodManagerService( 1944): com.android.server.SystemServer.main(SystemServer.java:1443)
D/InputMethodManagerService( 1944): java.lang.reflect.Method.invokeNative(Native Method)
D/InputMethodManagerService( 1944): java.lang.reflect.Method.invoke(Method.java:515)
D/InputMethodManagerService( 1944): com.android.internal.os.ZygoteInit$MethodAndArgsCaller.run(ZygoteInit.java:786)
D/InputMethodManagerService( 1944): com.android.internal.os.ZygoteInit.main(ZygoteInit.java:602)
D/InputMethodManagerService( 1944): dalvik.system.NativeStart.main(Native Method)
D/InputMethodManagerService( 1944): Checking ComponentInfo{com.hisilicon.android.inputmethod.remote/com.hisilicon.android.inputmethod.remote.RemoteIME}
D/InputMethodManagerService( 1944): Found an input method InputMethodInfo{com.hisilicon.android.inputmethod.remote/.RemoteIME, settings: com.hisilicon.android.inputmethod.remote.SettingsActivity}
E/dalvikvm( 2094): tony dalvik_system_Zygote.cpp mountEmulatedStorage() return 0
I/ActivityManager( 1944): Start proc com.hisilicon.android.inputmethod.remote for service com.hisilicon.android.inputmethod.remote/.RemoteIME: pid=2094 uid=10002 gids={50002}
V/InputMethodManagerService( 1944): Adding window token: android.os.Binder@2ccf01b0
D/NetworkTimeUpdateService( 1944): useSTBSpecified systemRunning
E/dalvikvm( 2106): tony dalvik_system_Zygote.cpp mountEmulatedStorage() return 0
I/ActivityManager( 1944): Start proc com.huawei.iptv.stb.manage for added application com.huawei.iptv.stb.manage: pid=2106 uid=1000 gids={41000, 2001, 3003, 1028, 1015, 3001, 3002}
E/dalvikvm( 2117): tony dalvik_system_Zygote.cpp mountEmulatedStorage() return 0
I/ActivityManager( 1944): Start proc com.huawei.iptv.remoteserver for added application com.huawei.iptv.remoteserver: pid=2117 uid=1000 gids={41000, 2001, 3003, 1028, 1015, 3001, 3002}
E/dalvikvm( 2130): tony dalvik_system_Zygote.cpp mountEmulatedStorage() return 0
I/ActivityManager( 1944): Start proc com.huawei.sqmloaderboot for added application com.huawei.sqmloaderboot: pid=2130 uid=1000 gids={41000, 2001, 3003, 1028, 1015, 3001, 3002}
E/dalvikvm( 2144): tony dalvik_system_Zygote.cpp mountEmulatedStorage() return 0
I/ActivityManager( 1944): Start proc com.huawei.iptv.stb for added application com.huawei.iptv.stb: pid=2144 uid=1000 gids={41000, 2001, 3003, 1028, 1015, 3001, 3002}
E/dalvikvm( 2155): tony dalvik_system_Zygote.cpp mountEmulatedStorage() return 0
I/ActivityManager( 1944): Start proc com.huawei.stb.xmpp for added application com.huawei.stb.xmpp: pid=2155 uid=1000 gids={41000, 2001, 3003, 1028, 1015, 3001, 3002}
E/dalvikvm( 2171): tony dalvik_system_Zygote.cpp mountEmulatedStorage() return 0
I/ActivityManager( 1944): Start proc com.huawei.mediacenter.localscan for added application com.huawei.mediacenter.localscan: pid=2171 uid=10022 gids={50022, 1028, 1015}
E/dalvikvm( 2184): tony dalvik_system_Zygote.cpp mountEmulatedStorage() return 0
I/ActivityManager( 1944): Start proc com.huawei.mediacenter.dlna for added application com.huawei.mediacenter.dlna: pid=2184 uid=10013 gids={50013, 1028, 1015}
D/NetworkManagementService( 1944): notifyInterfaceLinkStateChanged wlan0 false
W/ContextImpl( 1944): Calling a method in the system process without a qualified user: android.app.ContextImpl.sendBroadcast:1338 com.android.server.usb.UsbSettingsManager.deviceAttached:621 com.android.server.usb.UsbHostManager.usbDeviceAdded:156 com.android.server.usb.UsbHostManager.monitorUsbHostBus:-2 com.android.server.usb.UsbHostManager.access$000:38 
D/NetworkManagementService( 1944): notifyInterfaceLinkStateChanged p2p0 false
E/dalvikvm( 2221): tony dalvik_system_Zygote.cpp mountEmulatedStorage() return 0
I/ActivityManager( 1944): Start proc com.hisilicon.android.hiRMService for added application com.hisilicon.android.hiRMService: pid=2221 uid=1000 gids={41000, 2001, 3003, 1028, 1015, 3001, 3002}
E/dalvikvm( 2231): tony dalvik_system_Zygote.cpp mountEmulatedStorage() return 0
I/ActivityManager( 1944): Start proc com.hisilicon.android.inputmethod.remote for added application com.hisilicon.android.inputmethod.remote: pid=2231 uid=10002 gids={50002}
E/dalvikvm( 2247): tony dalvik_system_Zygote.cpp mountEmulatedStorage() return 0
I/ActivityManager( 1944): Start proc com.huawei.bootanimation for added application com.huawei.bootanimation: pid=2247 uid=1000 gids={41000, 2001, 3003, 1028, 1015, 3001, 3002}
E/dalvikvm( 2258): tony dalvik_system_Zygote.cpp mountEmulatedStorage() return 0
I/ActivityManager( 1944): Start proc com.android.hisilicon.powercontrol for added application com.android.hisilicon.powercontrol: pid=2258 uid=10027 gids={50027, 3003}
E/dalvikvm( 2274): tony dalvik_system_Zygote.cpp mountEmulatedStorage() return 0
I/ActivityManager( 1944): Start proc com.huawei.hmt.combinedkeyService for added application com.huawei.hmt.combinedkeyService: pid=2274 uid=1000 gids={41000, 2001, 3003, 1028, 1015, 3001, 3002}
I/ActivityManager( 1944): resumeHomeActivity(): mIsHomeActivityStarted=false
I/ActivityManager( 1944): resumeHomeActivity(): mProbeThread.getState()=NEW
I/ActivityManager( 1944): persist.sys.fastplay.fullyplay is false
I/ActivityManager( 1944): persist.sys.bootvideo.exit is 1
W/ActivityManager( 1944): No pending application record for pid 2094 (IApplicationThread android.app.ApplicationThreadProxy@2ccf4470); dropping process
W/ActivityManager( 1944): Unable to start service Intent { cmp=com.android.printspooler/.PrintSpoolerService } U=0: not found
D/InputMethodManagerService( 1944): --- calledFromForegroundUserOrSystemProcess ? calling uid = 1000 system uid = 1000 calling userId = 0, foreground user id = 0, calling pid = 1944dalvik.system.NativeStart.main(Native Method)
V/InputMethodManagerService( 1944): windowGainedFocus: android.view.inputmethod.InputMethodManager$1@2ccc8358 controlFlags=#104 softInputMode=#10 windowFlags=#110900
W/InputMethodManagerService( 1944): Focus gain on non-focused client android.view.inputmethod.InputMethodManager$1@2ccc8358 (uid=1000 pid=1944)
I/ActivityManager( 1944): Start home activity
W/ContextImpl( 1944): Calling a method in the system process without a qualified user: android.app.ContextImpl.sendBroadcast:1338 com.huawei.iptv.stb.stbconfig.StbConfigProvider.sendDataChangeBroadcast:779 com.huawei.iptv.stb.stbconfig.StbConfigProvider.insert:198 android.content.ContentProvider$Transport.insert:220 android.content.ContentResolver.insert:1198 
W/ContextImpl( 1944): Calling a method in the system process without a qualified user: android.app.ContextImpl.startService:1694 com.android.server.am.ActivityManagerService.startMgmtService:3334 com.android.server.am.ActivityManagerService.startHomeActivityLocked:3400 com.android.server.am.ActivityStackSupervisor$2.handleMessage:2681 android.os.Handler.dispatchMessage:102 
W/ContextImpl( 1944): Calling a method in the system process without a qualified user: android.app.ContextImpl.sendBroadcast:1338 com.android.server.am.ActivityManagerService.startServiceByUtil:3729 com.android.server.am.ActivityManagerService.startHomeActivityLocked:3413 com.android.server.am.ActivityStackSupervisor$2.handleMessage:2681 android.os.Handler.dispatchMessage:102 
W/ContextImpl( 1944): Calling a method in the system process without a qualified user: android.app.ContextImpl.startActivity:1235 com.android.server.am.ActivityManagerService.startStbIPTVAPPActivity:3221 com.android.server.am.ActivityManagerService.startHomeActivityLocked:3544 com.android.server.am.ActivityStackSupervisor$2.handleMessage:2681 android.os.Handler.dispatchMessage:102 
W/ContextImpl( 1944): Calling a method in the system process without a qualified user: android.app.ContextImpl.startActivity:1247 android.app.ContextImpl.startActivity:1236 com.android.server.am.ActivityManagerService.startStbIPTVAPPActivity:3221 com.android.server.am.ActivityManagerService.startHomeActivityLocked:3544 com.android.server.am.ActivityStackSupervisor$2.handleMessage:2681 
I/ActivityManager( 1944): START u0 {act=android.intent.action.MAIN cat=[android.intent.category.LAUNCHER] flg=0x10000000 pkg=com.huawei.iptv.stb cmp=com.huawei.iptv.stb/.ui.IPTVAPPActivity} from pid 1944
W/ActivityManager( 1944): Broadcast Intent { act=android.intent.action.BOOT_COMPLETED flg=0x8000010 (has extras) } not ordered but result callback requested!
I/PackageManager( 1944): get CTION_BOOT_COMPLETED to later scan
I/PackageManager( 1944): get DATA_APP_SCAN_START msg=0001
I/ActivityManager( 1944): testtest, sys.check_ca_file = 0
I/ActivityManager( 1944): testtest, show dialog start
D/InputMethodManagerService( 1944): --- calledFromForegroundUserOrSystemProcess ? calling uid = 1000 system uid = 1000 calling userId = 0, foreground user id = 0, calling pid = 1944com.android.server.wm.WindowManagerService.openSession(WindowManagerService.java:7580)
D/WifiService( 1944): onReceive android.intent.action.BATTERY_CHANGED
V/BackupManagerService( 1944): Connected to transport ComponentInfo{android/com.android.internal.backup.LocalTransportService}
V/BackupManagerService( 1944): Registering transport android/com.android.internal.backup.LocalTransportService::android/com.android.internal.backup.LocalTransport = com.android.internal.backup.LocalTransport@2cd0e590
D/WifiService( 1944): onReceive android.net.wifi.WIFI_STATE_CHANGED
D/WifiService( 1944): Receive WIFI_STATE_CHANGED_ACTION, isWifiEnabled:false
I/PackageManager( 1944): **********scan data/app begin: 
I/PackageManager( 1944): Time to scan data app over: 0.001 seconds
I/PackageManager( 1944): get DATA_APP_SCAN_END msg 00005 write and send get ret
W/PackageManager( 1944): Not granting permission android.permission.GLOBAL_SEARCH to package com.android.quicksearchbox (protectionLevel=18 flags=0x88be45)
W/PackageManager( 1944): Unknown permission com.google.android.gallery3d.permission.GALLERY_PROVIDER in package com.android.bluetooth
W/PackageManager( 1944): Unknown permission com.android.gallery3d.permission.GALLERY_PROVIDER in package com.android.bluetooth
V/CameraObserver( 1944): Intent.ACTION_CAMERA_PLUG: state: 0:name:video0
W/PackageManager( 1944): Unknown permission android.permission.MMS_SEND_OUTBOX_MSG in package com.android.bluetooth
W/ContextImpl( 1944): Calling a method in the system process without a qualified user: android.app.ContextImpl.sendBroadcast:1338 com.android.server.CameraObserver.sendIntent:116 com.android.server.CameraObserver.access$000:37 com.android.server.CameraObserver$1.handleMessage:122 android.os.Handler.dispatchMessage:102 
W/PackageManager( 1944): Unknown permission com.google.android.googleapps.permission.GOOGLE_AUTH in package com.android.providers.calendar
W/PackageManager( 1944): Unknown permission com.google.android.googleapps.permission.GOOGLE_AUTH.cl in package com.android.providers.calendar
D/WifiService( 1944): onReceive android.intent.action.USER_PRESENT
D/WifiService( 1944): onReceive android.intent.action.USER_PRESENT
V/InputMethodManagerService( 1944): Initiating attach with token: android.os.Binder@2ccf01b0
V/InputMethodManagerService( 1944): Sending attach of token: android.os.Binder@2ccf01b0
W/ContextImpl( 1944): Calling a method in the system process without a qualified user: android.app.ContextImpl.bindService:1768 android.bluetooth.BluetoothHeadset.doBind:283 android.bluetooth.BluetoothHeadset.<init>:276 android.bluetooth.BluetoothAdapter.getProfileProxy:1181 android.media.AudioService.getBluetoothHeadset:2325 
W/ContextImpl( 1944): Calling a method in the system process without a qualified user: android.app.ContextImpl.bindService:1768 android.bluetooth.BluetoothA2dp.doBind:165 android.bluetooth.BluetoothA2dp.<init>:158 android.bluetooth.BluetoothAdapter.getProfileProxy:1184 android.media.AudioService$AudioServiceBroadcastReceiver.onReceive:4259 
V/WiredAccessoryManager( 1944): init()
V/WiredAccessoryManager( 1944): newName=hdmi newState=16 headsetState=16 prev headsetState=0
W/PackageManager( 1944): Unknown permission com.google.android.googleapps.permission.GOOGLE_AUTH in package com.android.settings
E/dalvikvm( 2316): tony dalvik_system_Zygote.cpp mountEmulatedStorage() return 0
I/ActivityManager( 1944): Start proc com.dangbei.tvlauncher:bdservice_v1 for broadcast com.dangbei.tvlauncher/com.baidu.android.pushservice.PushServiceReceiver: pid=2316 uid=10033 gids={50033, 3002, 3001, 3003, 1028, 1015}
V/WiredAccessoryManager( 1944): device hdmi connected
W/ContextImpl( 1944): Calling a method in the system process without a qualified user: android.app.ContextImpl.sendBroadcast:1338 com.android.server.WiredAccessoryManager.setDeviceStateLocked:275 com.android.server.WiredAccessoryManager.setDevicesState:234 com.android.server.WiredAccessoryManager.access$100:54 com.android.server.WiredAccessoryManager$2.handleMessage:222 
I/ActivityManager( 1944): testtest, show dialog end
W/PackageManager( 1944): Unknown permission android.permission.ACCESS_DRM in package com.android.providers.sdcardupdate
W/PackageManager( 1944): Unknown permission android.permission.READ_OWNER_DATA in package com.huawei.bootanimation
W/PackageManager( 1944): Not granting permission android.permission.MOUNT_UNMOUNT_FILESYSTEMS to package com.dangbei.tvlauncher (protectionLevel=18 flags=0xc8be45)
W/PackageManager( 1944): Unknown permission android.permission.SYSTEM_OVERLAY_WINDOW in package com.dangbei.tvlauncher
W/PackageManager( 1944): Not granting permission android.permission.INTERACT_ACROSS_USERS_FULL to package com.dangbei.tvlauncher (protectionLevel=2 flags=0xc8be45)
W/PackageManager( 1944): Not granting permission android.permission.ACCESS_DOWNLOAD_MANAGER to package com.dangbei.tvlauncher (protectionLevel=18 flags=0xc8be45)
W/PackageManager( 1944): Not granting permission android.permission.DEVICE_POWER to package com.android.deskclock (protectionLevel=2 flags=0xc8be45)
W/PackageManager( 1944): Unknown permission android.permission.ACCESS_DRM in package com.huawei.iptv.stb.stbconfig
W/ContextImpl( 2106): Calling a method in the system process without a qualified user: android.app.ContextImpl.bindService:1768 android.content.ContextWrapper.bindService:517 com.huawei.iptv.stb.manage.MGMTService.onCreate:207 android.app.ActivityThread.handleCreateService:2594 android.app.ActivityThread.access$1800:135 
W/ActivityManager( 1944): Unable to start service Intent { act=android.intent.action.zoneservice pkg=com.android.settings } U=0: not found
W/ContextImpl( 2144): Calling a method in the system process without a qualified user: android.app.ContextImpl.bindService:1768 android.content.ContextWrapper.bindService:517 com.huawei.stb.xmpp.XmppSender.bindService:275 com.huawei.stb.xmpp.XmppSender.<init>:51 com.huawei.stb.xmpp.XmppSender.getXmppSender:58 
W/PackageManager( 1944): Unknown permission com.mele.auth.permission.WRITE_CONFIG in package com.huawei.dsm
W/PackageManager( 1944): Unknown permission com.mele.auth.permission.READ_CONFIG in package com.huawei.dsm
E/dalvikvm( 2349): tony dalvik_system_Zygote.cpp mountEmulatedStorage() return 0
I/ActivityManager( 1944): Start proc com.huawei.stb.xmpp:remote for service com.huawei.stb.xmpp/.XMPPService: pid=2349 uid=1000 gids={41000, 2001, 3003, 1028, 1015, 3001, 3002}
W/ContextImpl( 1944): Calling a method in the system process without a qualified user: android.app.ContextImpl.sendBroadcast:1338 android.media.AudioService.onSetWiredDeviceConnectionState:4081 android.media.AudioService.access$6900:115 android.media.AudioService$AudioHandler.handleMessage:3726 android.os.Handler.dispatchMessage:102 
E/dalvikvm( 2387): tony dalvik_system_Zygote.cpp mountEmulatedStorage() return 0
I/ActivityManager( 1944): Start proc android.process.acore for content provider com.android.providers.contacts/.ContactsProvider2: pid=2387 uid=10002 gids={50002}
D/InputMethodManagerService( 1944): --- calledFromForegroundUserOrSystemProcess ? calling uid = 1000 system uid = 1000 calling userId = 0, foreground user id = 0, calling pid = 1944com.android.server.wm.WindowManagerService.openSession(WindowManagerService.java:7580)
I/ActivityManager( 1944): START u0 {act=android.intent.action.MAIN cat=[android.intent.category.HOME] flg=0x4000000 cmp=android/com.android.internal.app.ResolverActivity} from pid 2144
D/InputMethodManagerService( 1944): --- calledFromForegroundUserOrSystemProcess ? calling uid = 10006 system uid = 1000 calling userId = 0, foreground user id = 0, calling pid = 2016com.android.server.InputMethodManagerService.getInputMethodList(InputMethodManagerService.java:961)
D/InputMethodManagerService( 1944): --- calledFromForegroundUserOrSystemProcess ? calling uid = 10006 system uid = 1000 calling userId = 0, foreground user id = 0, calling pid = 2016com.android.server.InputMethodManagerService.getCurrentInputMethodSubtype(InputMethodManagerService.java:3091)
E/dalvikvm( 2402): tony dalvik_system_Zygote.cpp mountEmulatedStorage() return 0
I/ActivityManager( 1944): Start proc system:ui for activity android/com.android.internal.app.ResolverActivity: pid=2402 uid=1000 gids={41000, 2001, 3003, 1028, 1015, 3001, 3002}
I/ActivityManager( 1944): set proc: android.process.acoreto be persistent app
I/PackageManager( 1944): get DATA_APP_SCAN_END msg over=0.686seconds
W/ContextImpl( 1944): Calling a method in the system process without a qualified user: android.app.ContextImpl.sendBroadcast:1338 com.huawei.iptv.stb.stbconfig.StbConfigProvider.sendDataChangeBroadcast:779 com.huawei.iptv.stb.stbconfig.StbConfigProvider.update:398 android.content.ContentProvider$Transport.update:287 android.content.ContentResolver.update:1324 
W/ContextImpl( 2144): Calling a method in the system process without a qualified user: android.app.ContextImpl.sendBroadcast:1338 android.content.ContextWrapper.sendBroadcast:365 com.huawei.iptv.stb.utils.NativeUtil.sendAuthChangeBroadcast:335 com.huawei.android.jni.HMWManagerNative.nativeStartIPTVMiddleWare:-2 com.huawei.iptv.stb.utils.NativeUtil.startIPTVMiddleWare:101 
D/NetworkManagementService( 1944): notifyInterfaceLinkStateChanged p2p0 false
W/ActivityManager( 1944): Activity pause timeout for ActivityRecord{2cef2050 u0 com.huawei.iptv.stb/.ui.IPTVAPPActivity t1}
D/NetworkManagementService( 1944): notifyInterfaceLinkStateChanged wlan0 false
D/WifiService( 1944): onReceive android.net.wifi.WIFI_STATE_CHANGED
D/WifiService( 1944): Receive WIFI_STATE_CHANGED_ACTION, isWifiEnabled:true
W/ContextImpl( 2402): Calling a method in the system process without a qualified user: android.app.ContextImpl.sendBroadcast:1338 android.content.ContextWrapper.sendBroadcast:365 android.app.ActivityThread.performResumeActivity:2807 android.app.ActivityThread.handleResumeActivity:2845 android.app.ActivityThread.handleLaunchActivity:2253 
D/InputMethodManagerService( 1944): --- calledFromForegroundUserOrSystemProcess ? calling uid = 1000 system uid = 1000 calling userId = 0, foreground user id = 0, calling pid = 1944com.android.server.wm.WindowManagerService.openSession(WindowManagerService.java:7580)
W/ContextImpl( 2144): Calling a method in the system process without a qualified user: android.app.ContextImpl.sendBroadcast:1338 android.content.ContextWrapper.sendBroadcast:365 com.huawei.iptv.stb.ui.IPTVAPPActivity.startServiceAndSendBroadcast:543 com.huawei.iptv.stb.ui.IPTVAPPActivity.onCreate:507 android.app.Activity.performCreate:5279 
W/ContextImpl( 2144): Calling a method in the system process without a qualified user: android.app.ContextImpl.sendBroadcast:1338 android.content.ContextWrapper.sendBroadcast:365 android.app.ActivityThread.performResumeActivity:2807 android.app.ActivityThread.handleResumeActivity:2845 android.app.ActivityThread.handleLaunchActivity:2253 
D/InputMethodManagerService( 1944): --- calledFromForegroundUserOrSystemProcess ? calling uid = 1000 system uid = 1000 calling userId = 0, foreground user id = 0, calling pid = 1944com.android.server.wm.WindowManagerService.openSession(WindowManagerService.java:7580)
W/ContextImpl( 2144): Calling a method in the system process without a qualified user: android.app.ContextImpl.sendBroadcast:1338 android.content.ContextWrapper.sendBroadcast:365 android.app.ActivityThread.performPauseActivity:3083 android.app.ActivityThread.performPauseActivity:3045 android.app.ActivityThread.handlePauseActivity:3023 
E/dalvikvm( 2476): tony dalvik_system_Zygote.cpp mountEmulatedStorage() return 0
I/ActivityManager( 1944): Start proc com.android.settings for broadcast com.android.settings/.c10.util.GetConStateReceiver: pid=2476 uid=1000 gids={41000, 2001, 3003, 1028, 1015, 3001, 3002}
W/ActivityManager( 1944): Unable to start service Intent { act=com.baidu.pushservice.action.START cmp=com.dangbei.tvlauncher/com.baidu.android.pushservice.PushService } U=0: not found
W/ContextImpl( 1944): Calling a method in the system process without a qualified user: android.app.ContextImpl.sendBroadcast:1338 com.huawei.iptv.stb.stbconfig.StbConfigProvider.sendDataChangeBroadcast:779 com.huawei.iptv.stb.stbconfig.StbConfigProvider.update:398 android.content.ContentProvider$Transport.update:287 android.content.ContentResolver.update:1324 
W/ContextImpl( 1944): Calling a method in the system process without a qualified user: android.app.ContextImpl.sendBroadcast:1338 com.huawei.iptv.stb.stbconfig.StbConfigProvider.sendDataChangeBroadcast:779 com.huawei.iptv.stb.stbconfig.StbConfigProvider.insert:198 android.content.ContentProvider$Transport.insert:220 android.content.ContentResolver.insert:1198 
W/ContextImpl( 2476): Calling a method in the system process without a qualified user: android.app.ContextImpl.sendBroadcast:1338 android.content.ContextWrapper.sendBroadcast:365 android.content.ContextWrapper.sendBroadcast:365 com.android.settings.c10.util.GetConStateReceiver.onReceive:74 android.app.ActivityThread.handleReceiver:2425 
E/dalvikvm( 2503): tony dalvik_system_Zygote.cpp mountEmulatedStorage() return 0
I/ActivityManager( 1944): Start proc com.huawei.iptv.stb.setting for broadcast com.huawei.iptv.stb.setting/.receive.ConfigChangeReceiver: pid=2503 uid=1000 gids={41000, 2001, 3003, 1028, 1015, 3001, 3002}
D/NetworkManagementService( 1944): notifyInterfaceLinkStateChanged wlan0 false
W/ContextImpl( 2476): Calling a method in the system process without a qualified user: android.app.ContextImpl.startService:1694 android.content.ContextWrapper.startService:494 android.content.ContextWrapper.startService:494 com.android.settings.receiver.SettingsReceiver.onReceive:37 android.app.ActivityThread.handleReceiver:2425 
W/ActivityManager( 1944): Unable to start service Intent { act=com.baidu.pushservice.action.START cmp=com.dangbei.tvlauncher/com.baidu.android.pushservice.PushService } U=0: not found
E/dalvikvm( 2556): tony dalvik_system_Zygote.cpp mountEmulatedStorage() return 0
I/ActivityManager( 1944): Start proc com.huawei.toast for broadcast com.huawei.toast/.StatusToastReceiver: pid=2556 uid=1000 gids={41000, 2001, 3003, 1028, 1015, 3001, 3002}
W/ContextImpl( 2556): Calling a method in the system process without a qualified user: android.app.ContextImpl.startService:1694 android.content.ContextWrapper.startService:494 com.huawei.toast.StatusToastReceiver.onReceive:172 android.app.ActivityThread.handleReceiver:2425 android.app.ActivityThread.access$1700:135 
E/dalvikvm( 2569): tony dalvik_system_Zygote.cpp mountEmulatedStorage() return 0
I/ActivityManager( 1944): Start proc com.dangbei.tvlauncher for broadcast com.dangbei.tvlauncher/.BroadcastReceiver.BootReceiver: pid=2569 uid=10033 gids={50033, 3002, 3001, 3003, 1028, 1015}
D/InputMethodManagerService( 1944): --- calledFromForegroundUserOrSystemProcess ? calling uid = 1000 system uid = 1000 calling userId = 0, foreground user id = 0, calling pid = 1944com.android.server.wm.WindowManagerService.openSession(WindowManagerService.java:7580)
I/ActivityManager( 1944): START u0 {act=android.intent.action.MAIN cat=[android.intent.category.LAUNCHER] flg=0x10000000 pkg=com.dangbei.tvlauncher cmp=com.dangbei.tvlauncher/.activity.SplashActivity} from pid 2569
W/ContextImpl( 2402): Calling a method in the system process without a qualified user: android.app.ContextImpl.sendBroadcast:1338 android.content.ContextWrapper.sendBroadcast:365 android.app.ActivityThread.performPauseActivity:3083 android.app.ActivityThread.performPauseActivity:3045 android.app.ActivityThread.handlePauseActivity:3023 
W/ContextImpl( 2117): Calling a method in the system process without a qualified user: android.app.ContextImpl.startService:1694 android.content.ContextWrapper.startService:494 android.content.ContextWrapper.startService:494 com.huawei.iptv.remoteserver.BootUpReceiver.onReceive:20 android.app.ActivityThread.handleReceiver:2425 
D/ConnectivityService( 1944): onUidRulesChanged(uid=10033, uidRules=0)
E/dalvikvm( 2605): tony dalvik_system_Zygote.cpp mountEmulatedStorage() return 0
I/ActivityManager( 1944): Start proc com.android.providers.calendar for broadcast com.android.providers.calendar/.CalendarReceiver: pid=2605 uid=10001 gids={50001, 3003, 1028, 1015}
I/BootReceiver( 1944): Copying audit failures to DropBox
I/BootReceiver( 1944): Checking for fsck errors
I/ActivityManager( 1944): START u0 {cmp=com.dangbei.tvlauncher/.IndexActivity} from pid 2569
E/dalvikvm( 2625): tony dalvik_system_Zygote.cpp mountEmulatedStorage() return 0
I/ActivityManager( 1944): Start proc android.process.media for content provider com.android.providers.downloads/.DownloadProvider: pid=2625 uid=10004 gids={50004, 1028, 1015, 1023, 1024, 2001, 3003, 3007}
I/ActivityManager( 1944): set proc: android.process.mediato be persistent app
W/ActivityManager( 1944): Unable to start service Intent { cmp=com.dangbei.tvlauncher/com.apptalkingdata.push.service.PushService (has extras) } U=0: not found
E/dalvikvm( 2660): tony dalvik_system_Zygote.cpp mountEmulatedStorage() return 0
I/ActivityManager( 1944): Start proc com.android.onetimeinitializer for broadcast com.android.onetimeinitializer/.OneTimeInitializerReceiver: pid=2660 uid=10007 gids={50007}
I/ActivityManager( 1944): set proc: com.android.onetimeinitializerto be persistent app
E/dalvikvm( 2674): tony dalvik_system_Zygote.cpp mountEmulatedStorage() return 0
I/ActivityManager( 1944): Start proc com.huawei.dsm for broadcast com.huawei.dsm/.service.BootReceiver: pid=2674 uid=10011 gids={50011, 3003, 1028, 1015, 2001, 1023}
W/ActivityManager( 1944): Permission Denial: opening provider com.android.launcher2.LauncherProvider from ProcessRecord{2cdb6040 2660:com.android.onetimeinitializer/u0a7} (pid=2660, uid=10007) that is not exported from uid 10021
E/AndroidRuntime( 2660): FATAL EXCEPTION: IntentService[OneTimeInitializer Service]
E/AndroidRuntime( 2660): Process: com.android.onetimeinitializer, PID: 2660
E/AndroidRuntime( 2660): java.lang.SecurityException: Permission Denial: opening provider com.android.launcher2.LauncherProvider from ProcessRecord{2cdb6040 2660:com.android.onetimeinitializer/u0a7} (pid=2660, uid=10007) that is not exported from uid 10021
E/AndroidRuntime( 2660): 	at android.os.Parcel.readException(Parcel.java:1472)
E/AndroidRuntime( 2660): 	at android.os.Parcel.readException(Parcel.java:1426)
E/AndroidRuntime( 2660): 	at android.app.ActivityManagerProxy.getContentProvider(ActivityManagerNative.java:2870)
E/AndroidRuntime( 2660): 	at android.app.ActivityThread.acquireProvider(ActivityThread.java:4450)
E/AndroidRuntime( 2660): 	at android.app.ContextImpl$ApplicationContentResolver.acquireUnstableProvider(ContextImpl.java:2432)
E/AndroidRuntime( 2660): 	at android.content.ContentResolver.acquireUnstableProvider(ContentResolver.java:1433)
E/AndroidRuntime( 2660): 	at android.content.ContentResolver.query(ContentResolver.java:447)
E/AndroidRuntime( 2660): 	at android.content.ContentResolver.query(ContentResolver.java:406)
E/AndroidRuntime( 2660): 	at com.android.onetimeinitializer.OneTimeInitializerService.updateDialtactsLauncher(OneTimeInitializerService.java:104)
E/AndroidRuntime( 2660): 	at com.android.onetimeinitializer.OneTimeInitializerService.onHandleIntent(OneTimeInitializerService.java:84)
E/AndroidRuntime( 2660): 	at android.app.IntentService$ServiceHandler.handleMessage(IntentService.java:65)
E/AndroidRuntime( 2660): 	at android.os.Handler.dispatchMessage(Handler.java:102)
E/AndroidRuntime( 2660): 	at android.os.Looper.loop(Looper.java:136)
E/AndroidRuntime( 2660): 	at android.os.HandlerThread.run(HandlerThread.java:61)
W/ContextImpl( 1944): Calling a method in the system process without a qualified user: android.app.ContextImpl.sendBroadcast:1338 com.android.server.am.ActivityManagerService$5.handleMessage:1244 android.os.Handler.dispatchMessage:102 android.os.Looper.loop:136 com.android.server.am.ActivityManagerService$AThread.run:2112 
I/ActivityManager( 1944): Process com.android.onetimeinitializer (pid 2660) has died.
W/ActivityManager( 1944): Scheduling restart of crashed service com.android.onetimeinitializer/.OneTimeInitializerService in 1000ms
E/dalvikvm( 2694): tony dalvik_system_Zygote.cpp mountEmulatedStorage() return 0
I/ActivityManager( 1944): Start proc com.android.onetimeinitializer for restart com.android.onetimeinitializer: pid=2694 uid=10007 gids={50007}
W/SocketClient( 1399): write error (Broken pipe)
I/ActivityManager( 1944): Delay finish: com.huawei.dsm/.service.BootReceiver
W/SocketClient( 1399): write error (Broken pipe)
I/ActivityManager( 1944): Resuming delayed broadcast
E/dalvikvm( 2721): tony dalvik_system_Zygote.cpp mountEmulatedStorage() return 0
I/ActivityManager( 1944): Start proc com.huawei.checksoftversion for broadcast com.huawei.checksoftversion/.CheckSoftVersion: pid=2721 uid=1000 gids={41000, 2001, 3003, 1028, 1015, 3001, 3002}
I/rootServer( 1424): rootserver.c#do_reboot_factory_set prints return [0]
E/dalvikvm( 2734): tony dalvik_system_Zygote.cpp mountEmulatedStorage() return 0
I/ActivityManager( 1944): Start proc com.android.deskclock for broadcast com.android.deskclock/.AlarmInitReceiver: pid=2734 uid=10014 gids={50014, 1028}
E/dalvikvm( 2746): tony dalvik_system_Zygote.cpp mountEmulatedStorage() return 0
I/ActivityManager( 1944): Start proc com.huawei.android.airsharing for service com.huawei.android.airsharing/.service.MediaBrowserServices: pid=2746 uid=1000 gids={41000, 2001, 3003, 1028, 1015, 3001, 3002}
E/dalvikvm( 2760): tony dalvik_system_Zygote.cpp mountEmulatedStorage() return 0
I/ActivityManager( 1944): Start proc com.huawei.mediacenter for service com.huawei.mediacenter/.dlna.MediaCenterService: pid=2760 uid=1000 gids={41000, 2001, 3003, 1028, 1015, 3001, 3002}
I/ActivityManager( 1944): set proc: com.huawei.android.airsharingto be persistent app
I/ActivityManager( 1944): set proc: com.huawei.mediacenterto be persistent app
W/ContextImpl( 2221): Calling a method in the system process without a qualified user: android.app.ContextImpl.startService:1694 android.content.ContextWrapper.startService:494 android.content.ContextWrapper.startService:494 com.hisilicon.android.hiRMService.HiRMBroadcastReceiver.onReceive:35 android.app.ActivityThread.handleReceiver:2425 
W/ContextImpl( 2760): Calling a method in the system process without a qualified user: android.app.ContextImpl.bindService:1768 com.huawei.android.airsharing.client.MediaBrowserClient.bindResMediaBrowserService:490 com.huawei.android.airsharing.client.MediaBrowserClient.init:105 com.huawei.mediacenter.application.MediaCenterApplication.buildMediaBrowserClient:87 com.huawei.mediacenter.application.MediaCenterApplication.onCreate:53 
W/ContextImpl( 2746): Calling a method in the system process without a qualified user: android.app.ContextImpl.sendBroadcast:1352 android.content.ContextWrapper.sendBroadcast:370 com.huawei.android.airsharing.netwrokmgr.NetWorkMgrEngineWIFI$WifiStateChangeReceiver.onReceive:188 android.app.LoadedApk$ReceiverDispatcher$Args.run:768 android.os.Handler.handleCallback:733 
W/ContextImpl( 2746): Calling a method in the system process without a qualified user: android.app.ContextImpl.sendBroadcast:1352 android.content.ContextWrapper.sendBroadcast:370 com.huawei.android.airsharing.netwrokmgr.NetWorkMgrEngineWIFIP2P$WifiP2PStateReceiver.onReceive:241 android.app.LoadedApk$ReceiverDispatcher$Args.run:768 android.os.Handler.handleCallback:733 
W/ContextImpl( 2746): Calling a method in the system process without a qualified user: android.app.ContextImpl.sendBroadcast:1352 android.content.ContextWrapper.sendBroadcast:370 com.huawei.android.airsharing.netwrokmgr.NetWorkMgrEngineWIFIP2P$WifiP2PStateReceiver.onReceive:283 android.app.LoadedApk$ReceiverDispatcher$Args.run:768 android.os.Handler.handleCallback:733 
W/ContextImpl( 2274): Calling a method in the system process without a qualified user: android.app.ContextImpl.startService:1694 android.content.ContextWrapper.startService:494 android.content.ContextWrapper.startService:494 com.huawei.hmt.combinedkeyService.HmtBootReceiver.onReceive:22 android.app.ActivityThread.handleReceiver:2425 
E/dalvikvm( 2792): tony dalvik_system_Zygote.cpp mountEmulatedStorage() return 0
I/ActivityManager( 1944): Start proc com.huawei.hmt.equiptest for broadcast com.huawei.hmt.equiptest/.PowerReceiver: pid=2792 uid=1000 gids={41000, 2001, 3003, 1028, 1015, 3001, 3002}
W/ContextImpl( 2144): Calling a method in the system process without a qualified user: android.app.ContextImpl.startService:1694 android.content.ContextWrapper.startService:494 android.content.ContextWrapper.startService:494 com.huawei.iptv.stb.receiver.IPTVBroadcastReceiver.bootCompletedHandle:160 com.huawei.iptv.stb.receiver.IPTVBroadcastReceiver.onReceive:98 
W/ContextImpl( 2144): Calling a method in the system process without a qualified user: android.app.ContextImpl.bindService:1768 android.content.ContextWrapper.bindService:517 com.huawei.iptv.remote.framework.LiveRoomServerImpl.<init>:97 com.huawei.iptv.remote.framework.LiveRoomServer.getInstance:34 com.huawei.iptv.stb.listener.AppLiveRoomListener.register:54 
E/dalvikvm( 2805): tony dalvik_system_Zygote.cpp mountEmulatedStorage() return 0
I/ActivityManager( 1944): Start proc com.huawei.videotalk.installservice for broadcast com.huawei.videotalk.installservice/.StartupReceiver: pid=2805 uid=10020 gids={50020, 3003, 1028, 1015}
W/ContextImpl( 2144): Calling a method in the system process without a qualified user: android.app.ContextImpl.bindService:1768 android.content.ContextWrapper.bindService:517 com.huawei.iptv.remote.framework.LiveRoomServerImpl.reconnect:660 com.huawei.iptv.remote.framework.LiveRoomServerImpl.registerAppListner:724 com.huawei.iptv.stb.listener.AppLiveRoomListener.register:60 
I/ActivityManager( 1944): Delay finish: com.huawei.videotalk.installservice/.StartupReceiver
D/InputMethodManagerService( 1944): --- calledFromForegroundUserOrSystemProcess ? calling uid = 1000 system uid = 1000 calling userId = 0, foreground user id = 0, calling pid = 1944com.android.server.wm.WindowManagerService.openSession(WindowManagerService.java:7580)
W/ActivityManager( 1944): Activity ActivityRecord{2cda3978 u0 com.dangbei.tvlauncher/.activity.SplashActivity t3 f} being finished, but not in LRU list
I/PowerManagerService( 1944): Boot animation finished.
D/NetworkManagementService( 1944): notifyInterfaceLinkStateChanged wlan0 false
E/RemotePrintSpooler( 1944): Error removing obsolete print jobs .
E/RemotePrintSpooler( 1944): java.util.concurrent.TimeoutException: Cannot get spooler!
E/RemotePrintSpooler( 1944): 	at com.android.server.print.RemotePrintSpooler.bindLocked(RemotePrintSpooler.java:376)
E/RemotePrintSpooler( 1944): 	at com.android.server.print.RemotePrintSpooler.getRemoteInstanceLazy(RemotePrintSpooler.java:352)
E/RemotePrintSpooler( 1944): 	at com.android.server.print.RemotePrintSpooler.removeObsoletePrintJobs(RemotePrintSpooler.java:287)
E/RemotePrintSpooler( 1944): 	at com.android.server.print.UserState.removeObsoletePrintJobs(UserState.java:163)
E/RemotePrintSpooler( 1944): 	at com.android.server.print.PrintManagerService$1.run(PrintManagerService.java:94)
E/RemotePrintSpooler( 1944): 	at android.os.Handler.handleCallback(Handler.java:733)
E/RemotePrintSpooler( 1944): 	at android.os.Handler.dispatchMessage(Handler.java:95)
E/RemotePrintSpooler( 1944): 	at android.os.Looper.loop(Looper.java:136)
E/RemotePrintSpooler( 1944): 	at android.os.HandlerThread.run(HandlerThread.java:61)
W/ContextImpl( 2144): Calling a method in the system process without a qualified user: android.app.ContextImpl.sendBroadcast:1338 android.content.ContextWrapper.sendBroadcast:365 com.huawei.iptv.stb.utils.NativeUtil.sendAuthChangeBroadcast:335 com.huawei.android.jni.HMWManagerNative.native_re_authenticate:-2 com.huawei.iptv.stb.utils.NativeUtil.reAuthenticate:151 
W/ContextImpl( 1944): Calling a method in the system process without a qualified user: android.app.ContextImpl.sendBroadcast:1338 com.huawei.iptv.stb.stbconfig.StbConfigProvider.sendDataChangeBroadcast:779 com.huawei.iptv.stb.stbconfig.StbConfigProvider.update:398 android.content.ContentProvider$Transport.update:287 android.content.ContentResolver.update:1324 
D/NetworkManagementService( 1944): notifyInterfaceLinkStateChanged wlan0 false
I/ActivityManager( 1944): Waited long enough for: ServiceRecord{2cdcc540 u0 com.huawei.toast/.MainToastService}
I/ActivityManager( 1944): Resuming delayed broadcast
E/dalvikvm( 2857): tony dalvik_system_Zygote.cpp mountEmulatedStorage() return 0
I/ActivityManager( 1944): Start proc com.huawei.ma for broadcast com.huawei.ma/com.huawei.receiver.BootBroadcastReceiver: pid=2857 uid=10023 gids={50023, 3003}
E/dalvikvm( 2870): tony dalvik_system_Zygote.cpp mountEmulatedStorage() return 0
I/ActivityManager( 1944): Start proc com.huawei.hmt.OfficeUpdateTableData for broadcast com.huawei.hmt.OfficeUpdateTableData/.UpdateDataReseiver: pid=2870 uid=1000 gids={41000, 2001, 3003, 1028, 1015, 3001, 3002}
I/ActivityManager( 1944): Delaying start of: ServiceRecord{2ce0c780 u0 com.huawei.ma/com.huawei.media.service.MediaAnalyticService}
W/ContextImpl( 2870): Calling a method in the system process without a qualified user: android.app.ContextImpl.startService:1694 android.content.ContextWrapper.startService:494 android.content.ContextWrapper.startService:494 com.huawei.hmt.OfficeUpdateTableData.UpdateDataReseiver.onReceive:20 android.app.ActivityThread.handleReceiver:2425 
I/ActivityManager( 1944): Delay finish: com.huawei.hmt.OfficeUpdateTableData/.UpdateDataReseiver
I/ActivityManager( 1944): Waited long enough for: ServiceRecord{2cce5e00 u0 com.huawei.dsm/.service.DSMService}
D/InputMethodManagerService( 1944): --- calledFromForegroundUserOrSystemProcess ? calling uid = 10033 system uid = 1000 calling userId = 0, foreground user id = 0, calling pid = 2569com.android.server.InputMethodManagerService.windowGainedFocus(InputMethodManagerService.java:1890)
V/InputMethodManagerService( 1944): windowGainedFocus: android.os.BinderProxy@2ce505b8 controlFlags=#105 softInputMode=#110 windowFlags=#1810500
V/InputMethodManagerService( 1944): Unspecified window will hide input
V/InputMethodManagerService( 1944): switching to client: client = android.os.BinderProxy@2ce505b8 keyguard=false
V/InputMethodManagerService( 1944): Creating new session for client ClientState{2cd9d008 uid 10033 pid 2569}
V/InputMethodManagerService( 1944): Enabling: SessionState{uid 10033 pid 2569 method 2cd464c8 session 2ce63960 channel ClientState{2cd9d008 uid 10033 pid 2569} (server)}
D/InputMethodManagerService( 1944): hide the small icon for the input method
I/ActivityManager( 1944): Waited long enough for: ServiceRecord{2cdb36b8 u0 com.huawei.videotalk.installservice/.InstallService}
E/dalvikvm( 2883): tony dalvik_system_Zygote.cpp mountEmulatedStorage() return 0
I/ActivityManager( 1944): Start proc com.huawei.ma:remote for service com.huawei.ma/com.huawei.media.service.MediaAnalyticService: pid=2883 uid=10023 gids={50023, 3003}
V/InputMethodManagerService( 1944): Hide switching menu
I/ActivityManager( 1944): START u0 {act=android.intent.action.MAIN cat=[android.intent.category.HOME] flg=0x10200000 cmp=android/com.android.internal.app.ResolverActivity} from pid 1944
W/ContextImpl( 2402): Calling a method in the system process without a qualified user: android.app.ContextImpl.sendBroadcast:1338 android.content.ContextWrapper.sendBroadcast:365 android.app.ActivityThread.performResumeActivity:2807 android.app.ActivityThread.handleResumeActivity:2845 android.app.ActivityThread$H.handleMessage:1241 
D/InputMethodManagerService( 1944): --- calledFromForegroundUserOrSystemProcess ? calling uid = 10033 system uid = 1000 calling userId = 0, foreground user id = 0, calling pid = 2569com.android.server.InputMethodManagerService.windowGainedFocus(InputMethodManagerService.java:1890)
V/InputMethodManagerService( 1944): windowGainedFocus: android.os.BinderProxy@2ce505b8 controlFlags=#105 softInputMode=#120 windowFlags=#800002
V/InputMethodManagerService( 1944): Unspecified window will hide input
D/InputMethodManagerService( 1944): hide the small icon for the input method
D/NetworkManagementService( 1944): notifyInterfaceLinkStateChanged eth0 false
D/ConnectivityService( 1944): handleConnectivityChange: netType=9 doReset=false resetMask=0
D/ConnectivityService( 1944): handleConnectivityChange: changed linkProperty[9]: doReset=false resetMask=0 curLp=null newLp= null
D/Nat464Xlat( 1944): requiresClat: netType=9, hasIPv4Address=false
D/ConnectivityService( 1944): ConnectivityChange for ETHERNET: DISCONNECTED/DISCONNECTED
D/ConnectivityService( 1944): tryFailoverSTB prevNetType 9, mMode 1
D/ConnectivityService( 1944): handleConnectivityChange: netType=9 doReset=true resetMask=3
D/ConnectivityService( 1944): handleConnectivityChange: changed linkProperty[9]: doReset=true resetMask=3 curLp=null newLp= null
D/ConnectivityService( 1944): handleConnectivityChange: resetting
D/Nat464Xlat( 1944): requiresClat: netType=9, hasIPv4Address=false
D/ConnectivityService( 1944): updateLogicInterface info = NetworkInfo: type: ETHERNET[], state: DISCONNECTED/DISCONNECTED, reason: (unspecified), extra: (none), roaming: false, failover: false, isAvailable: false, isConnectedToProvisioningNetwork: false,type = 9
D/ConnectivityService( 1944): updateLogicInterface prop = net.linkdetailed.eth##0,eth0
D/ConnectivityService( 1944): Network Disconnect Set net.configure.isready to 0.
D/ConnectivityService( 1944): sendStickyBroadcast: action=android.net.conn.CONNECTIVITY_CHANGE_IMMEDIATE
D/ConnectivityService( 1944): sendStickyBroadcastDelayed: delayMs=3000, action=android.net.conn.CONNECTIVITY_CHANGE
D/ConnectivityService( 1944): onMeteredIfacesChanged(ifaces=[])
D/NetworkManagementService( 1944): notifyInterfaceLinkStateChanged eth0 true
W/ContextImpl( 1944): Calling a method in the system process without a qualified user: android.app.ContextImpl.sendStickyBroadcast:1496 android.net.hw.EthernetDataTrackerHW.postNotification:705 android.net.hw.EthernetDataTrackerHW.access$500:90 android.net.hw.EthernetDataTrackerHW$InterfaceObserver.interfaceLinkStateChanged:226 com.android.server.NetworkManagementService.notifyInterfaceLinkStateChanged:418 
D/ConnectivityService( 1944): handleConnectivityChange: netType=9 doReset=false resetMask=0
D/ConnectivityService( 1944): handleConnectivityChange: changed linkProperty[9]: doReset=false resetMask=0 curLp=null newLp= null
D/Nat464Xlat( 1944): requiresClat: netType=9, hasIPv4Address=false
W/ActivityThread( 2117): ClassLoader.getResources: The class loader returned by Thread.getContextClassLoader() may fail for processes that host multiple applications. You should explicitly specify a context class loader. For example: Thread.setContextClassLoader(getClass().getClassLoader());
W/ContextImpl( 2117): Calling a method in the system process without a qualified user: android.app.ContextImpl.sendBroadcast:1338 android.content.ContextWrapper.sendBroadcast:365 com.huawei.iptv.remoteserver.RemoteEventHub.initReceiver:620 com.huawei.iptv.remoteserver.RemoteEventHub.access$2:530 com.huawei.iptv.remoteserver.RemoteEventHub$ProcHandler.handleMessage:196 
W/ContextImpl( 2117): Calling a method in the system process without a qualified user: android.app.ContextImpl.startService:1694 android.content.ContextWrapper.startService:494 com.huawei.iptv.remoteserver.RemoteEventHub.init_apk_download_server:212 com.huawei.iptv.remoteserver.RemoteEventHub.access$3:208 com.huawei.iptv.remoteserver.RemoteEventHub$ProcHandler.handleMessage:199 
W/ActivityManager( 1944): Unable to start service Intent { cmp=com.huawei.iptv.stb.multiscreen.apkservice/.server.APKService } U=0: not found
D/ConnectivityService( 1944): ConnectivityChange for ETHERNET: CONNECTED/CONNECTED
D/ConnectivityService( 1944): handleConnect: E newNetType=9 thisIface=eth0 isFailoverfalse
W/ContextImpl( 1944): Calling a method in the system process without a qualified user: android.app.ContextImpl.sendStickyBroadcast:1496 android.net.hw.EthernetDataTrackerHW.postNotification:705 android.net.hw.EthernetDataTrackerHW.runDhcp:516 android.net.hw.EthernetDataTrackerHW.access$3200:90 android.net.hw.EthernetDataTrackerHW$InternalHandler.handleMessage:1661 
D/ConnectivityService( 1944): Setting TCP values: [524288,1048576,2097152,262144,524288,1048576] which comes from [net.tcp.buffersize.wifi]
E/ConnectivityService( 1944): Unexpected mtu value: android.net.hw.EthernetDataTrackerHW@2ceb78c8
D/ConnectivityService( 1944): handleConnectivityChange: netType=9 doReset=false resetMask=0
D/ConnectivityService( 1944): handleDnsConfigurationChange connect type is 9
D/ConnectivityService( 1944): handleConnectivityChange: changed linkProperty[9]: doReset=false resetMask=0 curLp=null newLp={InterfaceName: eth0 LinkAddresses: [192.168.70.141/23,]  Routes: [192.168.70.0/23 -> 0.0.0.0,0.0.0.0/0 -> 192.168.70.1,] DnsAddresses: [202.99.96.68,114.114.114.114,] Domains: MTU: 0}
D/ConnectivityService( 1944): Adding 192.168.70.0/23 -> 0.0.0.0 for interface eth0
D/NetworkManagementService( 1944): modifyRoute cmd: 192.168.70.0/23 -> 0.0.0.0 add eth0 192.168.70.0/23
D/ConnectivityService( 1944): modifyRoute bestRoute:192.168.70.0/23 -> 0.0.0.0
D/ConnectivityService( 1944): Adding 192.168.70.1/32 -> 0.0.0.0 for interface eth0
D/NetworkManagementService( 1944): modifyRoute cmd: 192.168.70.1/32 -> 0.0.0.0 add eth0 192.168.70.1/32
D/ConnectivityService( 1944): Adding 0.0.0.0/0 -> 192.168.70.1 for interface eth0
D/NetworkManagementService( 1944): modifyRoute cmd: 0.0.0.0/0 -> 192.168.70.1 add eth0 0.0.0.0/0
D/ConnectivityService( 1944): handleConnectivityChange: resetting
D/Nat464Xlat( 1944): requiresClat: netType=9, hasIPv4Address=true
D/ConnectivityService( 1944): updateLogicInterface info = NetworkInfo: type: ETHERNET[], state: CONNECTED/CONNECTED, reason: (unspecified), extra: (none), roaming: false, failover: false, isAvailable: true, isConnectedToProvisioningNetwork: false,type = 9
D/ConnectivityService( 1944): updateLogicInterface prop = net.linkdetailed.eth##1,eth0
D/ConnectivityService( 1944): Network Disconnect Set net.configure.isready to 1.
D/ConnectivityService( 1944): sendStickyBroadcast: action=android.net.conn.CONNECTIVITY_CHANGE_IMMEDIATE
D/ConnectivityService( 1944): sendStickyBroadcastDelayed: delayMs=3000, action=android.net.conn.CONNECTIVITY_CHANGE
D/ConnectivityService( 1944): onMeteredIfacesChanged(ifaces=[])
I/ActivityManager( 1944): Resuming delayed broadcast
