V/HisiMediaPlayer( 1404): Complete execute Cmd
V/MediaPlayerService( 1404): [9] getCurrentPosition = 2579964
V/HisiMediaPlayer( 1404): Receive Event: HI_SVR_PLAYER_EVENT_DOWNLOAD_PROGRESS, download progress is 96 
V/HiMediaPlayerManage( 1404): message received msg=3, ext1=96, ext2=0
V/HiMediaPlayerManage( 1404): buffering 96
V/MediaPlayerService( 1404): [9] notify (0x78efd098, 3, 96, 0)
V/HiMediaPlayerManage( 1404): back from callback
V/HisiMediaPlayer( 1404): Receive Event: Current play progress is 95 
V/MediaPlayer( 2144): message received msg=3, ext1=96, ext2=0
V/MediaPlayer( 2144): buffering 96
V/MediaPlayer( 2144): callback application
V/MediaPlayer( 2144): back from callback
E/HiPlayer-FFMpeg( 1404): [12:21:59.502]: [FFMPEG_MSG][hi_svr_msg.c:509] invalid param
I/HiPlayer-FFMpeg( 1404): [12:21:59.513]: [hi_svr_format.c,8872] type:3 0 ms, 0 bytes
E/HiPlayer-FFMpeg( 1404): [12:21:59.777]: [FFMPEG_MSG][hi_svr_msg.c:509] invalid param
I/HiPlayer-FFMpeg( 1404): [12:21:59.779]: [hi_svr_format.c,8872] type:3 0 ms, 0 bytes
V/HisiMediaPlayer( 1404): Receive Event: HI_SVR_PLAYER_EVENT_DOWNLOAD_PROGRESS, download progress is 96 
V/HiMediaPlayerManage( 1404): message received msg=3, ext1=96, ext2=0
V/HiMediaPlayerManage( 1404): buffering 96
V/MediaPlayerService( 1404): [9] notify (0x78efd098, 3, 96, 0)
V/MediaPlayer( 2144): message received msg=3, ext1=96, ext2=0
V/MediaPlayer( 2144): buffering 96
V/MediaPlayer( 2144): callback application
V/MediaPlayer( 2144): back from callback
V/HiMediaPlayerManage( 1404): back from callback
V/HisiMediaPlayer( 1404): Receive Event: Current play progress is 95 
D/HMW     ( 2106): 12:21:59|0003458289|Run|DEBUG|    CfgMgr|2344:HMW_configMgr.cpp:2369:HMW_config_read|code:0|enter Android Version,pName=[Device.LAN.DNSServers], gConfigNative=[0].
I/HMW     ( 2106): 12:21:59|0003458289|Run| INFO|    CfgMgr|2344:HMW_configMgr.cpp:2473:HMW_config_read|code:0|Device.LAN.DNSServers Succeed!
D/HMW     ( 2106): 12:21:59|0003458289|Run|DEBUG|    CfgMgr|2344:HMW_configMgr.cpp:2369:HMW_config_read|code:0|enter Android Version,pName=[Device.LAN.DefaultGateway], gConfigNative=[0].
I/HMW     ( 2106): 12:21:59|0003458292|Run| INFO|    CfgMgr|2344:HMW_configMgr.cpp:2473:HMW_config_read|code:0|Device.LAN.DefaultGateway Succeed!
I/HMW     ( 2144): 12:21:59|0003457688|Run| INFO|   MONITOR|2459:HMW_main.cpp:825:MonitorCPUMemory|code:2|CPU usage [19 ] MEM usage [62 ] at [3457688] monitor write media[0]
D/HMW     ( 2106): 12:21:59|0003458292|Run|DEBUG|    CfgMgr|2344:HMW_configMgr.cpp:2369:HMW_config_read|code:0|enter Android Version,pName=[Device.LAN.SubnetMask], gConfigNative=[0].
I/HMW     ( 2106): 12:21:59|0003458292|Run| INFO|    CfgMgr|2344:HMW_configMgr.cpp:2473:HMW_config_read|code:0|Device.LAN.SubnetMask Succeed!
D/HMW     ( 2106): 12:21:59|0003458292|Run|DEBUG|    CfgMgr|2344:HMW_configMgr.cpp:2369:HMW_config_read|code:0|enter Android Version,pName=[Device.LAN.IPAddress], gConfigNative=[0].
I/HMW     ( 2106): 12:21:59|0003458292|Run| INFO|    CfgMgr|2344:HMW_configMgr.cpp:2473:HMW_config_read|code:0|Device.LAN.IPAddress Succeed!
I/HMW     ( 2144): 12:21:59|0003457703|Run| INFO|   MONITOR|2459:HMW_main.cpp:601:DisplayMallinfo|code:2|arena:22757120 bytes, ordblks:299, smblks:0, hblks:0, hblkhd:79716608 bytes, usmblks:117030912 bytes, fsmblks:0 bytes, uordblks:100553208 bytes, fordblks:1920520 bytes, keepcost:90072 bytes
V/MediaPlayer( 2144): getCurrentPosition
V/HiMediaPlayerManage( 1404): Call getCurrentPosition IN
W/HiPlayer( 1404): [12:21:59.914] [svr_pctrl.c:6274] #Seek by POS, fixed TimePlayed:2580468
W/HiPlayer( 1404):  
V/HisiMediaPlayer( 1404): HiMediaPlayer::CommandQueue::completeCommand type [7]
V/HisiMediaPlayer( 1404): Complete execute Cmd
V/MediaPlayerService( 1404): [9] getCurrentPosition = 2580468
D/WebKit  ( 2144): [fired:116] DOMTimer fired, timer id is 785
D/WebKit  ( 2144): entry PilotMediaPlayer.cpp:getCurrentPlayTime
D/WebKit  ( 2144): [getCurrentPlayTime:383] MediaPlayerJSExt Instance :0x53bb6008,URL :http://202.99.114.10:35809/flyVideo/play.html
V/MediaPlayer( 2144): getCurrentPosition
V/HiMediaPlayerManage( 1404): Call getCurrentPosition IN
W/HiPlayer( 1404): [12:22:00.059] [svr_pctrl.c:6274] #Seek by POS, fixed TimePlayed:2580609
W/HiPlayer( 1404):  
V/HisiMediaPlayer( 1404): HiMediaPlayer::CommandQueue::completeCommand type [7]
V/MediaPlayerService( 1404): [9] getCurrentPosition = 2580609
V/HisiMediaPlayer( 1404): Complete execute Cmd
I/HMW     ( 2144): 12:22: 0|0003457876|Run| INFO|MediaJsExt|2419:HMW_mediaPlayerJSExtImpl.cpp:1400:getCurrentPlayTime|code:0|this=0x53bb6008, szTime:2580
D/WebKit  ( 2144): [getCurrentPlayTime:385] szTime:2580
D/WebKit  ( 2144):  exit PilotMediaPlayer.cpp:getCurrentPlayTime used time[1.343012 ms] threadTime[1 ms]
D/WebKit  ( 2144): entry PilotMediaPlayer.cpp:getMediaDuration
D/WebKit  ( 2144): [getMediaDuration:365] MediaPlayerJSExt Instance :0x53bb6008,URL :http://202.99.114.10:35809/flyVideo/play.html
I/HMW     ( 2144): 12:22: 0|0003457876|Run| INFO|MediaPlayMgr|2419:HMW_playerMgr.cpp:4703:getParam|code:0|Get player duration!
I/HMW     ( 2144): 12:22: 0|0003457876|Run| INFO|MediaJsExt|2419:HMW_mediaPlayerJSExtImpl.cpp:1379:getMediaDuration|code:0|0x53bb6008 getMediaDuration:[2694]
D/WebKit  ( 2144): [getMediaDuration:373] MediaDuration:2694
D/WebKit  ( 2144):  exit PilotMediaPlayer.cpp:getMediaDuration used time[0.297070 ms] threadTime[0 ms]
I/HiPlayer-FFMpeg( 1404): [12:22:00.089]: [hi_svr_format.c,8872] type:3 0 ms, 0 bytes
V/HisiMediaPlayer( 1404): Receive Event: HI_SVR_PLAYER_EVENT_DOWNLOAD_PROGRESS, download progress is 96 
V/HiMediaPlayerManage( 1404): message received msg=3, ext1=96, ext2=0
V/HiMediaPlayerManage( 1404): buffering 96
V/MediaPlayerService( 1404): [9] notify (0x78efd098, 3, 96, 0)
V/HiMediaPlayerManage( 1404): back from callback
V/HisiMediaPlayer( 1404): Receive Event: Current play progress is 95 
V/MediaPlayer( 2144): message received msg=3, ext1=96, ext2=0
V/MediaPlayer( 2144): buffering 96
V/MediaPlayer( 2144): callback application
V/MediaPlayer( 2144): back from callback
I/service_ParamsUtils( 2883): registerSqm() start
I/service_ParamsUtils( 2883): getVersionCode() start
I/service_ParamsUtils( 2883): register Sqm version code is :16030413
I/service_Attribute( 2883): create Attribute start
I/service_Attribute( 2883): create Attribute finish
I/service_ParamsUtils( 2883): register body is:[0, 1, 0, 8, 49, 54, 48, 51, 48, 52, 49, 51]
I/service_MakeInfoTitil( 2883): MakeInfoTitil start
I/service_MakeInfoTitil( 2883): encode info is:mCommandID==1,mInforVresion==1,mSequence==688,mLength==40
I/service_MakeInfoTitil( 2883): MakeInfoTitil finish
I/service_MakeInfoTitil( 2883): get title start
I/service_MakeInfoTitil( 2883): length is :40
I/service_MakeInfoTitil( 2883): mInforVresion is1 :1
I/service_MakeInfoTitil( 2883): mInforVresion is2 :1
I/service_MakeInfoTitil( 2883): mCommandID is1 :1
I/service_MakeInfoTitil( 2883): mCommandID is2 :1
I/service_MakeInfoTitil( 2883): mSequence is :688
I/service_MakeInfoTitil( 2883): sha256Encode() start
I/service_MakeInfoTitil( 2883): sha 256 data is:[-21, 61, 95, 54, 80, 18, 27, -90, -12, -90, 29, -32, 43, 91, 50, -18]
I/service_MakeInfoTitil( 2883): get title finish ,title is:[0, 0, 0, 40, 0, 1, 0, 1, 0, 0, 2, -80, -21, 61, 95, 54, 80, 18, 27, -90, -12, -90, 29, -32, 43, 91, 50, -18]
I/service_ParamsUtils( 2883): register title is:[0, 0, 0, 40, 0, 1, 0, 1, 0, 0, 2, -80, -21, 61, 95, 54, 80, 18, 27, -90, -12, -90, 29, -32, 43, 91, 50, -18]
I/service_ScocketSendThread( 2883): sendData() start
I/service_ParamsUtils( 2883): registerSqm() finish
E/service_ScocketSendThread( 2883): sendData failed ,failed info is:java.net.ConnectException: failed to connect to /127.0.0.1 (port 37001) after 3000ms: isConnected failed: ECONNREFUSED (Connection refused)
E/HiPlayer-FFMpeg( 1404): [12:22:00.182]: [FFMPEG_MSG][hi_svr_msg.c:509] invalid param
I/HiPlayer-FFMpeg( 1404): [12:22:00.185]: [hi_svr_format.c,8872] type:3 0 ms, 0 bytes
D/dalvikvm( 2117): GC_CONCURRENT freed 393K, 17% free 2843K/3420K, paused 2ms+2ms, total 23ms
D/HmtAutoSleepManagerService( 1944): boxSleepTime_start=14367000
D/HmtAutoSleepManagerService( 1944): keyTime2=3438708
V/HisiMediaPlayer( 1404): Receive Event: HI_SVR_PLAYER_EVENT_DOWNLOAD_PROGRESS, download progress is 96 
V/HiMediaPlayerManage( 1404): message received msg=3, ext1=96, ext2=0
V/HiMediaPlayerManage( 1404): buffering 96
V/MediaPlayerService( 1404): [9] notify (0x78efd098, 3, 96, 0)
V/HiMediaPlayerManage( 1404): back from callback
V/HisiMediaPlayer( 1404): Receive Event: Current play progress is 95 
V/MediaPlayer( 2144): message received msg=3, ext1=96, ext2=0
V/MediaPlayer( 2144): buffering 96
V/MediaPlayer( 2144): callback application
V/MediaPlayer( 2144): back from callback
V/MediaPlayer( 2144): getCurrentPosition
V/HiMediaPlayerManage( 1404): Call getCurrentPosition IN
W/HiPlayer( 1404): [12:22:00.421] [svr_pctrl.c:6274] #Seek by POS, fixed TimePlayed:2580971
W/HiPlayer( 1404):  
V/HisiMediaPlayer( 1404): HiMediaPlayer::CommandQueue::completeCommand type [7]
V/HisiMediaPlayer( 1404): Complete execute Cmd
V/MediaPlayerService( 1404): [9] getCurrentPosition = 2580971
V/HisiMediaPlayer( 1404): Receive Event: HI_SVR_PLAYER_EVENT_DOWNLOAD_PROGRESS, download progress is 96 
V/HiMediaPlayerManage( 1404): message received msg=3, ext1=96, ext2=0
V/HiMediaPlayerManage( 1404): buffering 96
V/MediaPlayerService( 1404): [9] notify (0x78efd098, 3, 96, 0)
V/HiMediaPlayerManage( 1404): back from callback
V/HisiMediaPlayer( 1404): Receive Event: Current play progress is 95 
V/MediaPlayer( 2144): message received msg=3, ext1=96, ext2=0
V/MediaPlayer( 2144): buffering 96
V/MediaPlayer( 2144): callback application
V/MediaPlayer( 2144): back from callback
E/HiPlayer-FFMpeg( 1404): [12:22:00.794]: [FFMPEG_MSG][hi_svr_msg.c:509] invalid param
I/HiPlayer-FFMpeg( 1404): [12:22:00.808]: [hi_svr_format.c,8872] type:3 0 ms, 0 bytes
E/HiPlayer-FFMpeg( 1404): [12:22:00.862]: [FFMPEG_MSG][hi_svr_msg.c:509] invalid param
I/HiPlayer-FFMpeg( 1404): [12:22:00.865]: [hi_svr_format.c,8872] type:3 0 ms, 0 bytes
D/HMW     ( 2106): 12:22: 0|0003459292|Run|DEBUG|    CfgMgr|2344:HMW_configMgr.cpp:2369:HMW_config_read|code:0|enter Android Version,pName=[Device.LAN.DNSServers], gConfigNative=[0].
I/HMW     ( 2106): 12:22: 0|0003459292|Run| INFO|    CfgMgr|2344:HMW_configMgr.cpp:2473:HMW_config_read|code:0|Device.LAN.DNSServers Succeed!
D/HMW     ( 2106): 12:22: 0|0003459295|Run|DEBUG|    CfgMgr|2344:HMW_configMgr.cpp:2369:HMW_config_read|code:0|enter Android Version,pName=[Device.LAN.DefaultGateway], gConfigNative=[0].
I/HMW     ( 2106): 12:22: 0|0003459295|Run| INFO|    CfgMgr|2344:HMW_configMgr.cpp:2473:HMW_config_read|code:0|Device.LAN.DefaultGateway Succeed!
D/HMW     ( 2106): 12:22: 0|0003459295|Run|DEBUG|    CfgMgr|2344:HMW_configMgr.cpp:2369:HMW_config_read|code:0|enter Android Version,pName=[Device.LAN.SubnetMask], gConfigNative=[0].
I/HMW     ( 2106): 12:22: 0|0003459295|Run| INFO|    CfgMgr|2344:HMW_configMgr.cpp:2473:HMW_config_read|code:0|Device.LAN.SubnetMask Succeed!
D/HMW     ( 2106): 12:22: 0|0003459295|Run|DEBUG|    CfgMgr|2344:HMW_configMgr.cpp:2369:HMW_config_read|code:0|enter Android Version,pName=[Device.LAN.IPAddress], gConfigNative=[0].
I/HMW     ( 2106): 12:22: 0|0003459295|Run| INFO|    CfgMgr|2344:HMW_configMgr.cpp:2473:HMW_config_read|code:0|Device.LAN.IPAddress Succeed!
V/MediaPlayer( 2144): getCurrentPosition
V/HiMediaPlayerManage( 1404): Call getCurrentPosition IN
W/HiPlayer( 1404): [12:22:00.928] [svr_pctrl.c:6274] #Seek by POS, fixed TimePlayed:2581495
W/HiPlayer( 1404):  
V/HisiMediaPlayer( 1404): HiMediaPlayer::CommandQueue::completeCommand type [7]
V/HisiMediaPlayer( 1404): Complete execute Cmd
V/MediaPlayerService( 1404): [9] getCurrentPosition = 2581495
I/service_ScocketSendThread( 2883): parse receive register sqm  data failed ,because :java.net.SocketTimeoutException
W/System.err( 2883): java.net.SocketTimeoutException
W/System.err( 2883): 	at java.net.PlainSocketImpl.read(PlainSocketImpl.java:491)
W/System.err( 2883): 	at java.net.PlainSocketImpl.access$000(PlainSocketImpl.java:46)
W/System.err( 2883): 	at java.net.PlainSocketImpl$PlainSocketInputStream.read(PlainSocketImpl.java:240)
W/System.err( 2883): 	at com.huawei.analytics.y.a(SourceFile:82)
W/System.err( 2883): 	at com.huawei.analytics.y.run(SourceFile:52)
I/service_ScocketSendThread( 2883): prepare receive data......
V/HisiMediaPlayer( 1404): Receive Event: HI_SVR_PLAYER_EVENT_DOWNLOAD_PROGRESS, download progress is 96 
V/HiMediaPlayerManage( 1404): message received msg=3, ext1=96, ext2=0
V/HiMediaPlayerManage( 1404): buffering 96
V/MediaPlayerService( 1404): [9] notify (0x78efd098, 3, 96, 0)
V/HiMediaPlayerManage( 1404): back from callback
V/HisiMediaPlayer( 1404): Receive Event: Current play progress is 95 
V/MediaPlayer( 2144): message received msg=3, ext1=96, ext2=0
V/MediaPlayer( 2144): buffering 96
V/MediaPlayer( 2144): callback application
V/MediaPlayer( 2144): back from callback
D/WebKit  ( 2144): [fired:116] DOMTimer fired, timer id is 785
D/WebKit  ( 2144): entry PilotMediaPlayer.cpp:getCurrentPlayTime
D/WebKit  ( 2144): [getCurrentPlayTime:383] MediaPlayerJSExt Instance :0x53bb6008,URL :http://202.99.114.10:35809/flyVideo/play.html
V/MediaPlayer( 2144): getCurrentPosition
V/HiMediaPlayerManage( 1404): Call getCurrentPosition IN
W/HiPlayer( 1404): [12:22:01.060] [svr_pctrl.c:6274] #Seek by POS, fixed TimePlayed:2581616
W/HiPlayer( 1404):  
V/HisiMediaPlayer( 1404): HiMediaPlayer::CommandQueue::completeCommand type [7]
V/HisiMediaPlayer( 1404): Complete execute Cmd
V/MediaPlayerService( 1404): [9] getCurrentPosition = 2581616
I/HMW     ( 2144): 12:22: 1|0003458879|Run| INFO|MediaJsExt|2419:HMW_mediaPlayerJSExtImpl.cpp:1400:getCurrentPlayTime|code:0|this=0x53bb6008, szTime:2581
D/WebKit  ( 2144): [getCurrentPlayTime:385] szTime:2581
D/WebKit  ( 2144):  exit PilotMediaPlayer.cpp:getCurrentPlayTime used time[1.281977 ms] threadTime[0 ms]
D/WebKit  ( 2144): entry PilotMediaPlayer.cpp:getMediaDuration
D/WebKit  ( 2144): [getMediaDuration:365] MediaPlayerJSExt Instance :0x53bb6008,URL :http://202.99.114.10:35809/flyVideo/play.html
I/HMW     ( 2144): 12:22: 1|0003458879|Run| INFO|MediaPlayMgr|2419:HMW_playerMgr.cpp:4703:getParam|code:0|Get player duration!
I/HMW     ( 2144): 12:22: 1|0003458879|Run| INFO|MediaJsExt|2419:HMW_mediaPlayerJSExtImpl.cpp:1379:getMediaDuration|code:0|0x53bb6008 getMediaDuration:[2694]
D/WebKit  ( 2144): [getMediaDuration:373] MediaDuration:2694
D/WebKit  ( 2144):  exit PilotMediaPlayer.cpp:getMediaDuration used time[0.266075 ms] threadTime[1 ms]
I/HiPlayer-FFMpeg( 1404): [12:22:01.095]: [hi_svr_format.c,8872] type:3 0 ms, 0 bytes
D/HmtAutoSleepManagerService( 1944): boxSleepTime_start=14366000
D/HmtAutoSleepManagerService( 1944): keyTime2=3438708
V/HisiMediaPlayer( 1404): Receive Event: HI_SVR_PLAYER_EVENT_DOWNLOAD_PROGRESS, download progress is 96 
V/HiMediaPlayerManage( 1404): message received msg=3, ext1=96, ext2=0
V/HiMediaPlayerManage( 1404): buffering 96
V/MediaPlayerService( 1404): [9] notify (0x78efd098, 3, 96, 0)
V/HiMediaPlayerManage( 1404): back from callback
V/HisiMediaPlayer( 1404): Receive Event: Current play progress is 95 
V/MediaPlayer( 2144): message received msg=3, ext1=96, ext2=0
V/MediaPlayer( 2144): buffering 96
V/MediaPlayer( 2144): callback application
V/MediaPlayer( 2144): back from callback
I/HiRMService( 2221):  ***** changeStats = 0
V/MediaPlayer( 2144): getCurrentPosition
V/HiMediaPlayerManage( 1404): Call getCurrentPosition IN
W/HiPlayer( 1404): [12:22:01.444] [svr_pctrl.c:6274] #Seek by POS, fixed TimePlayed:2581999
W/HiPlayer( 1404):  
V/HisiMediaPlayer( 1404): HiMediaPlayer::CommandQueue::completeCommand type [7]
V/HisiMediaPlayer( 1404): Complete execute Cmd
V/MediaPlayerService( 1404): [9] getCurrentPosition = 2581999
V/HisiMediaPlayer( 1404): Receive Event: HI_SVR_PLAYER_EVENT_DOWNLOAD_PROGRESS, download progress is 96 
V/HiMediaPlayerManage( 1404): message received msg=3, ext1=96, ext2=0
V/HiMediaPlayerManage( 1404): buffering 96
V/MediaPlayerService( 1404): [9] notify (0x78efd098, 3, 96, 0)
V/HiMediaPlayerManage( 1404): back from callback
V/HisiMediaPlayer( 1404): Receive Event: Current play progress is 95 
V/MediaPlayer( 2144): message received msg=3, ext1=96, ext2=0
V/MediaPlayer( 2144): buffering 96
V/MediaPlayer( 2144): callback application
V/MediaPlayer( 2144): back from callback
E/VPP_DLNA_LOG( 2746): [VPPDLNA]:SSDP recvd bad msg code = 1
E/HiPlayer-FFMpeg( 1404): [12:22:01.757]: [FFMPEG_MSG][hi_svr_msg.c:509] invalid param
I/HiPlayer-FFMpeg( 1404): [12:22:01.769]: [hi_svr_format.c,8872] type:3 0 ms, 0 bytes
D/HMW     ( 2106): 12:22: 1|0003460298|Run|DEBUG|    CfgMgr|2344:HMW_configMgr.cpp:2369:HMW_config_read|code:0|enter Android Version,pName=[Device.LAN.DNSServers], gConfigNative=[0].
I/HMW     ( 2106): 12:22: 1|0003460298|Run| INFO|    CfgMgr|2344:HMW_configMgr.cpp:2473:HMW_config_read|code:0|Device.LAN.DNSServers Succeed!
D/HMW     ( 2106): 12:22: 1|0003460298|Run|DEBUG|    CfgMgr|2344:HMW_configMgr.cpp:2369:HMW_config_read|code:0|enter Android Version,pName=[Device.LAN.DefaultGateway], gConfigNative=[0].
I/HMW     ( 2106): 12:22: 1|0003460298|Run| INFO|    CfgMgr|2344:HMW_configMgr.cpp:2473:HMW_config_read|code:0|Device.LAN.DefaultGateway Succeed!
D/HMW     ( 2106): 12:22: 1|0003460301|Run|DEBUG|    CfgMgr|2344:HMW_configMgr.cpp:2369:HMW_config_read|code:0|enter Android Version,pName=[Device.LAN.SubnetMask], gConfigNative=[0].
I/HMW     ( 2106): 12:22: 1|0003460301|Run| INFO|    CfgMgr|2344:HMW_configMgr.cpp:2473:HMW_config_read|code:0|Device.LAN.SubnetMask Succeed!
D/HMW     ( 2106): 12:22: 1|0003460301|Run|DEBUG|    CfgMgr|2344:HMW_configMgr.cpp:2369:HMW_config_read|code:0|enter Android Version,pName=[Device.LAN.IPAddress], gConfigNative=[0].
I/HMW     ( 2106): 12:22: 1|0003460301|Run| INFO|    CfgMgr|2344:HMW_configMgr.cpp:2473:HMW_config_read|code:0|Device.LAN.IPAddress Succeed!
V/HisiMediaPlayer( 1404): Receive Event: HI_SVR_PLAYER_EVENT_DOWNLOAD_PROGRESS, download progress is 96 
V/HiMediaPlayerManage( 1404): message received msg=3, ext1=96, ext2=0
V/HiMediaPlayerManage( 1404): buffering 96
V/MediaPlayerService( 1404): [9] notify (0x78efd098, 3, 96, 0)
V/HiMediaPlayerManage( 1404): back from callback
V/HisiMediaPlayer( 1404): Receive Event: Current play progress is 95 
V/MediaPlayer( 2144): message received msg=3, ext1=96, ext2=0
V/MediaPlayer( 2144): buffering 96
V/MediaPlayer( 2144): callback application
V/MediaPlayer( 2144): back from callback
V/MediaPlayer( 2144): getCurrentPosition
V/HiMediaPlayerManage( 1404): Call getCurrentPosition IN
W/HiPlayer( 1404): [12:22:01.951] [svr_pctrl.c:6274] #Seek by POS, fixed TimePlayed:2582522
W/HiPlayer( 1404):  
V/HisiMediaPlayer( 1404): HiMediaPlayer::CommandQueue::completeCommand type [7]
V/HisiMediaPlayer( 1404): Complete execute Cmd
V/MediaPlayerService( 1404): [9] getCurrentPosition = 2582522
E/VPP_DLNA_LOG( 2746): [VPPDLNA][Check_Connect_And_Wait_Connection][:156]:  select timeout
E/VPP_DLNA_LOG( 2746): [VPPDLNA][DlnaDmcProcAdvrOrSearchResponse][:575]: DlnaCtrlPointProcAdvrOrSearchResponse Failed, Returned Failure Error Code : 1 
I/EventHub( 1944): event->deviceId= 3, event->type= 1, event->code= 158, event->value= 1 
I/EventHub( 1944): after irBlink
D/InputReader( 1944): processEventsForDeviceLocked
D/InputReader( 1944): KeyboardInputMapper::process EV_KEY
D/InputReader( 1944): KeyboardInputMapper::process EV_KEY KeyboardOrGamepadKey
D/InputReader( 1944): KeyboardInputMapper::process EV_SYN
D/WindowManager( 1944): interceptKeyBeforeQueueing canceled[false]
D/WindowManager( 1944): interceptKeyTq keycode=4 screenIsOn=true keyguardActive=false policyFlags=2000002 isWakeKey=true
D/WindowManager( 1944): isAppOnForeground packageName=com.huawei.iptv.stb and keyCode=4
E/EventHub( 1944): getEvents
D/WindowManager( 1944): interceptKeyTi keyCode=4 down=true repeatCount=0 keyguardOn=false mHomePressed=false canceled=false runScreenSaver=true
D/WebKit  ( 2144): [fired:116] DOMTimer fired, timer id is 785
D/RemoteIME( 2231): keycode: 4, realAction: false
D/RemoteIME( 2231): isChineseTextWithHkb
D/WebKit  ( 2144): entry PilotMediaPlayer.cpp:getCurrentPlayTime
D/WebKit  ( 2144): [getCurrentPlayTime:383] MediaPlayerJSExt Instance :0x53bb6008,URL :http://202.99.114.10:35809/flyVideo/play.html
V/MediaPlayer( 2144): getCurrentPosition
V/HiMediaPlayerManage( 1404): Call getCurrentPosition IN
W/HiPlayer( 1404): [12:22:02.060] [svr_pctrl.c:6274] #Seek by POS, fixed TimePlayed:2582623
W/HiPlayer( 1404):  
V/HisiMediaPlayer( 1404): HiMediaPlayer::CommandQueue::completeCommand type [7]
V/MediaPlayerService( 1404): [9] getCurrentPosition = 2582623
V/HisiMediaPlayer( 1404): Complete execute Cmd
I/HMW     ( 2144): 12:22: 2|0003459880|Run| INFO|MediaJsExt|2419:HMW_mediaPlayerJSExtImpl.cpp:1400:getCurrentPlayTime|code:0|this=0x53bb6008, szTime:2582
D/WebKit  ( 2144): [getCurrentPlayTime:385] szTime:2582
D/WebKit  ( 2144):  exit PilotMediaPlayer.cpp:getCurrentPlayTime used time[1.136065 ms] threadTime[0 ms]
D/WebKit  ( 2144): entry PilotMediaPlayer.cpp:getMediaDuration
D/WebKit  ( 2144): [getMediaDuration:365] MediaPlayerJSExt Instance :0x53bb6008,URL :http://202.99.114.10:35809/flyVideo/play.html
I/HMW     ( 2144): 12:22: 2|0003459880|Run| INFO|MediaPlayMgr|2419:HMW_playerMgr.cpp:4703:getParam|code:0|Get player duration!
I/HMW     ( 2144): 12:22: 2|0003459880|Run| INFO|MediaJsExt|2419:HMW_mediaPlayerJSExtImpl.cpp:1379:getMediaDuration|code:0|0x53bb6008 getMediaDuration:[2694]
D/WebKit  ( 2144): [getMediaDuration:373] MediaDuration:2694
D/WebKit  ( 2144):  exit PilotMediaPlayer.cpp:getMediaDuration used time[0.312090 ms] threadTime[1 ms]
I/IPTVAPP_EpgKeyCode( 2144): translate, origin keycode = 4
I/LogTask ( 2144): LogWriter initialize
I/IPTVAPP_EpgKeyCode( 2144): doSystemAction keycode:4
D/IPTVAPP_IPTVAppActivity( 2144): onKeyDown.translatedKey: 8
I/IPTVAPP_EpgKeyCode( 2144): translated keycode = 8
I/LogTask ( 2144): LogWriter initialize
I/LogTask ( 2144): LogWriter initialize
I/huawei_iptv_IPTVManager( 2144): hw_iptv_HMW_rckey_input enter hw_iptv_HMW_rckey_input [type:0, event:0, p1:8, p2:0]
D/IPTVAPP_IPTVAppActivity( 2144): onKeyDown keyCode = 4, translatedKey = 8
I/LogTask ( 2144): LogWriter initialize
D/HMW     ( 2144): 12:22: 2|0003459889|Run|DEBUG|      main|2144:HMW_main.cpp:2302:HMW_rckey_input|code:11|HMW_rckey_input p1=8
I/HMW     ( 2144): 12:22: 2|0003459889|Run| INFO|     rckey|2144:HMW_rckey.cpp:1816:sendKey|code:11|sendKey:0,0,8,KEY_BACK
I/HMW     ( 2144): 12:22: 2|0003459889|Run| INFO|     rckey|2144:HMW_rckey.cpp:1823:sendKey|code:11|KPI:[3473536] cost[0] sendKey:0,0,8,KEY_BACK
I/HMW     ( 2144): 12:22: 2|0003459889|User| INFO|     rckey|2446:HMW_rckey.cpp:1559:onKey|code:0|### [3459889]: receive key 0x8
I/HMW     ( 2144): 12:22: 2|0003459889|Run| INFO|       hal|2446:HMW_porting_media.c:958:HMW_porting_mediastream_ioctl|code:0|HAL debug=HMW_porting_media_ioctl,stream: set teletxt HMW_porting_mediastream_ioctl 958
I/HMW     ( 2144): 12:22: 2|0003459889|Run| INFO|       hal|2446:HMW_porting_media.c:962:HMW_porting_mediastream_ioctl|code:0|HAL debug=HMW_MEDIA_GET_TELETXTFLAG -- CTC not implemented. HMW_porting_mediastream_ioctl 962
D/HMW     ( 2144): 12:22: 2|0003459889|Run|DEBUG|     rckey|2446:HMW_rckey.cpp:2159:onKeyPreference|code:0|onKeyPreference key=8
I/HMW     ( 2144): 12:22: 2|0003459889|Run| INFO|     rckey|2446:HMW_rckey.cpp:2333:rckeyServiceEntry|code:0|do not have service entry
I/HMW     ( 2144): 12:22: 2|0003459889|Run| INFO|     rckey|2446:HMW_rckey.cpp:2298:rckeyGlobalKey|code:0|do not have globalkey
I/HMW     ( 2144): 12:22: 2|0003459889|Run| INFO|     rckey|2446:HMW_rckey.cpp:1649:onKey0|code:0|onKey0:8
I/HMW     ( 2144): 12:22: 2|0003459889|Run| INFO|     rckey|2446:HMW_rckey.cpp:1696:onKey0|code:0|onKey0 do not deal this key:8
I/HMW     ( 2144): 12:22: 2|0003459889|Run| INFO|     TRACE|2446:HMW_basic.cpp:233:CHMW_Trace|code:0|calling CRcKey::onKey1------------> in file `external/br_TMW_V100R001C10L_HMTC20/./Source/Components/STBService/HMW_rckey.cpp' on line 1713.
I/HMW     ( 2144): 12:22: 2|0003459889|Run| INFO|     rckey|2446:HMW_rckey.cpp:1717:onKey1|code:0|onKey1:8
D/HMW     ( 2144): 12:22: 2|0003459889|Run|DEBUG|     rckey|2446:HMW_rckey.cpp:1749:onKey1|code:0|KPI:[3473536] cost[0] onKey1:0,0,8,KEY_BACK
I/HMW     ( 2144): 12:22: 2|0003459889|Run| INFO|     TRACE|2446:HMW_basic.cpp:233:CHMW_Trace|code:0|calling HMW_browser_key in file `external/br_TMW_V100R001C10L_HMTC20/./Source/Browser/Webkit/src/HMW_browser.cpp' on line 881.
I/HMW     ( 2144): 12:22: 2|0003459889|Run| INFO|   Browser|2446:HMW_browser.cpp:882:HMW_browser_key|code:0|send key to browser: key = 8, status = 0 iToEPG = 0
D/WebKit  ( 2144): [sh_browser_keyevent_page:347] recv stb event(type=0 key=8|0x8) name=[Page1],hwb version:3.8839,area:4,jit:0,ipanel:1
I/HMW     ( 2144): 12:22: 2|0003459889|Run| INFO|     TRACE|2446:HMW_basic.cpp:243:~CHMW_Trace|code:0|leaving HMW_browser_key .
I/HMW     ( 2144): 12:22: 2|0003459889|Run| INFO|     TRACE|2446:HMW_basic.cpp:243:~CHMW_Trace|code:0|leaving CRcKey::onKey1------------> .
I/huawei_iptv_IPTVManager( 2144): hw_iptv_HMW_rckey_input leave hw_iptv_HMW_rckey_input
D/WebKit  ( 2144): [onKeyDown:1344] Page::onKeyDown KeyValue=8
D/WebKit  ( 2144): [onKeyDown:1363] focusedFrame:http://202.99.114.10:35809/flyVideo/play.html
D/WebKit  ( 2144): [onKeyDown:1365] parentFrame:http://202.99.114.10:35809/flyVideo/homePage.html,Topframe:http://202.99.114.10:35809/flyVideo/homePage.html
D/WebKit  ( 2144): [keyEvent:2576] Element tag:BODY,Element id:body_div,Element name:
D/WebKit  ( 2144): entry PilotMediaPlayer.cpp:pause
D/WebKit  ( 2144): [pause:598] MediaPlayerJSExt Instance :0x53bb6008,URL :http://202.99.114.10:35809/flyVideo/play.html
D/HMW     ( 2144): 12:22: 2|0003459898|Run|DEBUG|MediaJsExt|2419:HMW_mediaPlayerJSExtImpl.cpp:2647:pause|code:0|Enter m_iInstanceId=2,this=0x53bb6008
I/HMW     ( 2144): 12:22: 2|0003459898|Run| INFO|     TRACE|2419:HMW_basic.cpp:233:CHMW_Trace|code:0|calling CPlayerMgr::addAction in file `external/br_TMW_V100R001C10L_HMTC20/./Source/MediaFramework/MediaPlayer/player/src/HMW_playerMgr.cpp' on line 1373.
I/HMW     ( 2144): 12:22: 2|0003459898|Run| INFO|MediaPlayMgr|2419:HMW_playerMgr.cpp:1399:addAction|code:0|addAction [0x53bb6008][2][6][-1]
I/HMW     ( 2144): 12:22: 2|0003459898|Run| INFO|     TRACE|2419:HMW_basic.cpp:243:~CHMW_Trace|code:0|leaving CPlayerMgr::addAction .
D/WebKit  ( 2144):  exit PilotMediaPlayer.cpp:pause used time[0.316858 ms] threadTime[1 ms]
D/WebKit  ( 2144): [consoleMessage:101] CONSOLE MESSAGE: [行为路径打点---{"clicode":"epgvideo","projectcode":"dot6365b2b92d7645fb91f10f2e3df56383","contentparams":{"pull":"7","pagetype":"5","accessChannel":3,"systemSource":"flyVideo","clientVersion":"830","carrierId":"201","userId":"sfsdfsd","pathid":"33fbc31f-6709-4796-8484-5688f7737a6d","deviceType":"EC6108V9U_pub_tjjlt","ordered":0,"authContentId":"","appType":"0","target":"4","programType":"电视剧","appId":"qyz"}}] At file[http://202.99.114.10:35809/flyVideo/js/dataReport/pathReport.js:42]
D/HMW     ( 2144): 12:22: 2|0003459905|Run|DEBUG|MediaPlayMgr|2461:HMW_playerMgr.cpp:1541:doAsynHandleThread|code:0|Aysn mediaplayer action [0x53bb6008][2][6][-1] 
D/HMW     ( 2144): 12:22: 2|0003459905|Run|DEBUG|MediaJsExt|2461:HMW_mediaPlayerJSExtImpl.cpp:4138:asynPause|code:0|Enter m_iInstanceId=2,this=0x53bb6008
V/MediaPlayer( 2144): pause
V/MediaPlayer( 2144): MediaReporter: send pause message!!
V/MediaPlayer( 2144): getCurrentPosition_l
V/HiMediaPlayerManage( 1404): Call getCurrentPosition IN
W/HiPlayer( 1404): [12:22:02.089] [svr_pctrl.c:6274] #Seek by POS, fixed TimePlayed:2582663
W/HiPlayer( 1404):  
V/HisiMediaPlayer( 1404): HiMediaPlayer::CommandQueue::completeCommand type [7]
V/HisiMediaPlayer( 1404): Complete execute Cmd
V/MediaPlayerService( 1404): [9] getCurrentPosition = 2582663
V/MediaReporter( 2144):  in MsgPush :time is 4207154793
V/MediaReporter( 2144):  out MsgPush
V/MediaReporter( 2144):  a new  msg in
V/MediaReporter( 2144):  out MsgPull
V/MediaReporter( 2144):  in DispatchMsg : time is 4207154793
V/MediaReporter( 2144):  in GetSendBuf_Pause !
V/MediaReporter( 2144):  in SetTLV_String !, pCursor = 1403348356, pData =1403348356
V/MediaReporter( 2144):  in SetTLV_Int !, pCursor = 1403348365, pData =1403348365
V/MediaReporter( 2144):  in SetTransMsgHead !, pCursor = 1403348365, pData =1403348365
V/MediaReporter( 2144):  in GetSHA256 !
V/MediaPlayerService( 1404): [9] pause
V/HiMediaPlayerManage( 1404): Call pause IN
V/HisiMediaPlayer( 1404): [SWITCH-PG ] Call HiMediaPlayer::pause IN 
V/MediaReporter( 2144):  Complete execute mCurMsg :time is 4207154793
V/MediaReporter( 2144):  in SQM_Report_Notify :time is 4207154794
V/MediaReporter( 2144):  SQM_Report_Notify: sendLen=45
V/MediaReporter( 2144):  :mSock = 100
V/HisiMediaPlayer( 1404): [SWITCH-PG ] Call doPause IN
I/HiPlayer-FFMpeg( 1404): [12:22:02.090]: user ope, pause cmd 
V/MediaReporter( 2144):  error: Connect Error :connectCode =-1,errno=111
V/MediaReporter( 2144):  error: connect Failed !
V/MediaReporter( 2144):  in MsgPull :time is 4207154794
I/HiPlayer-FFMpeg( 1404): [12:22:02.090]: [hi_svr_format.c,8872] type:3 0 ms, 0 bytes
E/HisiMediaPlayer( 1404): Receive Event: HI_SVR_PLAYER_EVENT_BUTT or UNKOWN EVENT[16]
V/HisiMediaPlayer( 1404): Receive Event: HI_SVR_PLAYER_EVENT_BUFFER_STATE 
V/HisiMediaPlayer( 1404): HI_SVR_PLAYER_EVENT_BUFFER unknow bufferType:4 
D/WebKit  ( 2144): [onKeyDown:1380] frame[video_page_iframe] returnFlag=0 
D/WebKit  ( 2144): [onKeyDown:1392] Will send key to other frame
D/WebKit  ( 2144): [onKeyDown:1448] At last,KeyValue=8 returnFlag=0
D/WebKit  ( 2144): [handleKeyboardEvent:2237] the browser handle KeyboardEvent self
D/WebKit  ( 2144): [handleSDLEvent:447] process SDL_KEYDOWN(page[1] key[8]) end esult=0
D/WebKit  ( 2144): [onExpose:1407] onExpose begin
I/HiPlayer( 1404): [12:22:02.134] [svr_unload_calc.c:179] stop unloadCalc 
V/HisiMediaPlayer( 1404): [SWITCH-PG ] Receive Event: HI_SVR_PLAYER_EVENT_STATE State [HI_SVR_PLAYER_STATE_PAUSE(5)]
V/HisiMediaPlayer( 1404): HiMediaPlayer::CommandQueue::completeCommand type [3]
V/HisiMediaPlayer( 1404): Complete execute Cmd
D/HMW     ( 2144): 12:22: 2|0003459952|Run|DEBUG|AbstractPlayer|2461:HMW_abstractPlayer.cpp:4037:reportPlayModeChange|code:0|Enter reportPlayModeChange
D/HMW     ( 2144): 12:22: 2|0003459952|Run|DEBUG| MP4Player|2461:HMW_MP4Player.cpp:487:pause|code:0|MP4Player pause iRet = [0]
D/HMW     ( 2144): 12:22: 2|0003459952|Run|DEBUG|MediaPlayMgr|2461:HMW_playerMgr.cpp:1654:doAsynHandleThread|code:0|action[6] cost[47] at [3459952]
V/HisiMediaPlayer( 1404): Receive Event: HI_SVR_PLAYER_EVENT_DOWNLOAD_PROGRESS, download progress is 96 
V/HiMediaPlayerManage( 1404): message received msg=3, ext1=96, ext2=0
V/HiMediaPlayerManage( 1404): buffering 96
V/MediaPlayerService( 1404): [9] notify (0x78efd098, 3, 96, 0)
V/HiMediaPlayerManage( 1404): back from callback
V/HisiMediaPlayer( 1404): Receive Event: Current play progress is 95 
V/MediaPlayer( 2144): message received msg=3, ext1=96, ext2=0
V/MediaPlayer( 2144): buffering 96
V/MediaPlayer( 2144): callback application
V/MediaPlayer( 2144): back from callback
D/WebKit  ( 2144): [onExpose:1420] onExpose end
D/WebKit  ( 2144): [responseText:250] receive AJAX responseText,url:http://202.99.114.10:35809/tvdatareport/datareport/gm/v2/savelogs
D/WebKit  ( 2144): [responseText:250] receive AJAX responseText,url:http://202.99.114.10:35809/tvdatareport/datareport/gm/v2/savelogs
D/WebKit  ( 2144): [consoleMessage:101] CONSOLE MESSAGE: [{"success":true,"errcode":0,"errmsgdesc":"success","result":null}] At file[http://202.99.114.10:35809/flyVideo/js/dataReport/pathReport.js:53]
D/HmtStbConfigImpl( 1944): getLong caller[com.huawei.hmt.server.app.HmtAutoSleepManagerService$1.handleMessage:85 android.os.Handler.dispatchMessage:98 android.os.Looper.loop:136 android.os.HandlerThread.run:61 ]
D/HmtStbConfigService( 1944): getLong name = System.AutoSleepTime
D/StbConfigProvider( 1944): StbConfigProvider.query url[content://stbconfig/stbconfig], name[System.AutoSleepTime], calling pid[1944], process[system]
D/StbConfigProvider( 1944): StbConfigProvider.query() no proxy, name = [System.AutoSleepTime]
I/EventHub( 1944): event->deviceId= 3, event->type= 1, event->code= 158, event->value= 0 
I/EventHub( 1944): after irBlink
D/InputReader( 1944): processEventsForDeviceLocked
D/InputReader( 1944): KeyboardInputMapper::process EV_KEY
D/InputReader( 1944): KeyboardInputMapper::process EV_KEY KeyboardOrGamepadKey
D/InputReader( 1944): KeyboardInputMapper::process EV_SYN
D/WindowManager( 1944): interceptKeyBeforeQueueing canceled[false]
D/WindowManager( 1944): interceptKeyTq keycode=4 screenIsOn=true keyguardActive=false policyFlags=2000002 isWakeKey=true
D/WindowManager( 1944): isAppOnForeground packageName=com.huawei.iptv.stb and keyCode=4
E/EventHub( 1944): getEvents
D/HmtAutoSleepManagerService( 1944): boxSleepTime=14400000
D/WindowManager( 1944): interceptKeyTi keyCode=4 down=false repeatCount=0 keyguardOn=false mHomePressed=false canceled=false runScreenSaver=true
D/HmtAutoSleepManagerService( 1944): keyTime2=3473518
D/RemoteIME( 2231): keycode: 4, realAction: true
D/RemoteIME( 2231): isChineseTextWithHkb
D/IPTVAPP_IPTVAppActivity( 2144): onKeyUp.translatedKey: 8
I/IPTVAPP_EpgKeyCode( 2144): translate, origin keycode = 4
I/IPTVAPP_EpgKeyCode( 2144): doSystemAction keycode:4
I/LogTask ( 2144): LogWriter initialize
I/IPTVAPP_EpgKeyCode( 2144): translated keycode = 8
I/LogTask ( 2144): LogWriter initialize
I/LogTask ( 2144): LogWriter initialize
D/WebKit  ( 2144): [fired:116] DOMTimer fired, timer id is 792
E/VPP_DLNA_LOG( 2746): [VPPDLNA][DlnaDmcProcAdvrOrSearchResponse][:575]: DlnaCtrlPointProcAdvrOrSearchResponse Failed, Returned Failure Error Code : 1 
V/HisiMediaPlayer( 1404): Receive Event: HI_SVR_PLAYER_EVENT_DOWNLOAD_PROGRESS, download progress is 96 
V/HiMediaPlayerManage( 1404): message received msg=3, ext1=96, ext2=0
V/HiMediaPlayerManage( 1404): buffering 96
V/MediaPlayerService( 1404): [9] notify (0x78efd098, 3, 96, 0)
V/HiMediaPlayerManage( 1404): back from callback
V/HisiMediaPlayer( 1404): Receive Event: Current play progress is 95 
V/MediaPlayer( 2144): message received msg=3, ext1=96, ext2=0
V/MediaPlayer( 2144): buffering 96
V/MediaPlayer( 2144): callback application
V/MediaPlayer( 2144): back from callback
V/HisiMediaPlayer( 1404): Receive Event: HI_SVR_PLAYER_EVENT_DOWNLOAD_PROGRESS, download progress is 97 
V/HiMediaPlayerManage( 1404): message received msg=3, ext1=97, ext2=0
V/HiMediaPlayerManage( 1404): buffering 97
V/MediaPlayerService( 1404): [9] notify (0x78efd098, 3, 97, 0)
V/HiMediaPlayerManage( 1404): back from callback
V/HisiMediaPlayer( 1404): Receive Event: Current play progress is 95 
V/MediaPlayer( 2144): message received msg=3, ext1=97, ext2=0
V/MediaPlayer( 2144): buffering 97
V/MediaPlayer( 2144): callback application
V/MediaPlayer( 2144): back from callback
D/HMW     ( 2106): 12:22: 2|0003461300|Run|DEBUG|    CfgMgr|2344:HMW_configMgr.cpp:2369:HMW_config_read|code:0|enter Android Version,pName=[Device.LAN.DNSServers], gConfigNative=[0].
I/HMW     ( 2106): 12:22: 2|0003461300|Run| INFO|    CfgMgr|2344:HMW_configMgr.cpp:2473:HMW_config_read|code:0|Device.LAN.DNSServers Succeed!
D/HMW     ( 2106): 12:22: 2|0003461303|Run|DEBUG|    CfgMgr|2344:HMW_configMgr.cpp:2369:HMW_config_read|code:0|enter Android Version,pName=[Device.LAN.DefaultGateway], gConfigNative=[0].
I/HMW     ( 2106): 12:22: 2|0003461303|Run| INFO|    CfgMgr|2344:HMW_configMgr.cpp:2473:HMW_config_read|code:0|Device.LAN.DefaultGateway Succeed!
D/HMW     ( 2106): 12:22: 2|0003461303|Run|DEBUG|    CfgMgr|2344:HMW_configMgr.cpp:2369:HMW_config_read|code:0|enter Android Version,pName=[Device.LAN.SubnetMask], gConfigNative=[0].
I/HMW     ( 2106): 12:22: 2|0003461303|Run| INFO|    CfgMgr|2344:HMW_configMgr.cpp:2473:HMW_config_read|code:0|Device.LAN.SubnetMask Succeed!
D/HMW     ( 2106): 12:22: 2|0003461303|Run|DEBUG|    CfgMgr|2344:HMW_configMgr.cpp:2369:HMW_config_read|code:0|enter Android Version,pName=[Device.LAN.IPAddress], gConfigNative=[0].
I/HMW     ( 2106): 12:22: 2|0003461303|Run| INFO|    CfgMgr|2344:HMW_configMgr.cpp:2473:HMW_config_read|code:0|Device.LAN.IPAddress Succeed!
I/HMW     ( 2144): 12:22: 2|0003460703|Run| INFO|   MONITOR|2459:HMW_main.cpp:825:MonitorCPUMemory|code:2|CPU usage [31 ] MEM usage [62 ] at [3460703] monitor write media[0]
I/HMW     ( 2144): 12:22: 2|0003460716|Run| INFO|   MONITOR|2459:HMW_main.cpp:601:DisplayMallinfo|code:2|arena:22757120 bytes, ordblks:261, smblks:0, hblks:0, hblkhd:80130304 bytes, usmblks:117030912 bytes, fsmblks:0 bytes, uordblks:101046096 bytes, fordblks:1841328 bytes, keepcost:90072 bytes
I/service_ScocketSendThread( 2883): parse receive register sqm  data failed ,because :java.net.SocketTimeoutException
W/System.err( 2883): java.net.SocketTimeoutException
W/System.err( 2883): 	at java.net.PlainSocketImpl.read(PlainSocketImpl.java:491)
W/System.err( 2883): 	at java.net.PlainSocketImpl.access$000(PlainSocketImpl.java:46)
W/System.err( 2883): 	at java.net.PlainSocketImpl$PlainSocketInputStream.read(PlainSocketImpl.java:240)
W/System.err( 2883): 	at com.huawei.analytics.y.a(SourceFile:82)
W/System.err( 2883): 	at com.huawei.analytics.y.run(SourceFile:52)
I/service_ScocketSendThread( 2883): prepare receive data......
D/WebKit  ( 2144): [fired:116] DOMTimer fired, timer id is 785
D/WebKit  ( 2144): entry PilotMediaPlayer.cpp:getCurrentPlayTime
D/WebKit  ( 2144): [getCurrentPlayTime:383] MediaPlayerJSExt Instance :0x53bb6008,URL :http://202.99.114.10:35809/flyVideo/play.html
I/HMW     ( 2144): 12:22: 3|0003460876|Run| INFO|MediaJsExt|2419:HMW_mediaPlayerJSExtImpl.cpp:1400:getCurrentPlayTime|code:0|this=0x53bb6008, szTime:2582
D/WebKit  ( 2144): [getCurrentPlayTime:385] szTime:2582
D/WebKit  ( 2144):  exit PilotMediaPlayer.cpp:getCurrentPlayTime used time[0.305891 ms] threadTime[0 ms]
D/WebKit  ( 2144): entry PilotMediaPlayer.cpp:getMediaDuration
D/WebKit  ( 2144): [getMediaDuration:365] MediaPlayerJSExt Instance :0x53bb6008,URL :http://202.99.114.10:35809/flyVideo/play.html
I/HMW     ( 2144): 12:22: 3|0003460879|Run| INFO|MediaPlayMgr|2419:HMW_playerMgr.cpp:4703:getParam|code:0|Get player duration!
I/HMW     ( 2144): 12:22: 3|0003460879|Run| INFO|MediaJsExt|2419:HMW_mediaPlayerJSExtImpl.cpp:1379:getMediaDuration|code:0|0x53bb6008 getMediaDuration:[2694]
D/WebKit  ( 2144): [getMediaDuration:373] MediaDuration:2694
D/WebKit  ( 2144):  exit PilotMediaPlayer.cpp:getMediaDuration used time[0.306845 ms] threadTime[0 ms]
V/HisiMediaPlayer( 1404): Receive Event: HI_SVR_PLAYER_EVENT_DOWNLOAD_PROGRESS, download progress is 97 
V/HiMediaPlayerManage( 1404): message received msg=3, ext1=97, ext2=0
V/HiMediaPlayerManage( 1404): buffering 97
V/MediaPlayerService( 1404): [9] notify (0x78efd098, 3, 97, 0)
V/HiMediaPlayerManage( 1404): back from callback
V/MediaPlayer( 2144): message received msg=3, ext1=97, ext2=0
V/MediaPlayer( 2144): buffering 97
V/MediaPlayer( 2144): callback application
V/MediaPlayer( 2144): back from callback
V/HisiMediaPlayer( 1404): Receive Event: Current play progress is 95 
D/HmtAutoSleepManagerService( 1944): boxSleepTime_start=14399000
D/HmtAutoSleepManagerService( 1944): keyTime2=3473518
V/HisiMediaPlayer( 1404): Receive Event: HI_SVR_PLAYER_EVENT_DOWNLOAD_PROGRESS, download progress is 97 
V/HiMediaPlayerManage( 1404): message received msg=3, ext1=97, ext2=0
V/HiMediaPlayerManage( 1404): buffering 97
V/MediaPlayerService( 1404): [9] notify (0x78efd098, 3, 97, 0)
V/HiMediaPlayerManage( 1404): back from callback
V/HisiMediaPlayer( 1404): Receive Event: Current play progress is 95 
V/MediaPlayer( 2144): message received msg=3, ext1=97, ext2=0
V/MediaPlayer( 2144): buffering 97
V/MediaPlayer( 2144): callback application
V/MediaPlayer( 2144): back from callback
V/HisiMediaPlayer( 1404): Receive Event: HI_SVR_PLAYER_EVENT_DOWNLOAD_PROGRESS, download progress is 97 
V/HiMediaPlayerManage( 1404): message received msg=3, ext1=97, ext2=0
V/HiMediaPlayerManage( 1404): buffering 97
V/MediaPlayerService( 1404): [9] notify (0x78efd098, 3, 97, 0)
V/HiMediaPlayerManage( 1404): back from callback
V/HisiMediaPlayer( 1404): Receive Event: Current play progress is 95 
V/MediaPlayer( 2144): message received msg=3, ext1=97, ext2=0
V/MediaPlayer( 2144): buffering 97
V/MediaPlayer( 2144): callback application
V/MediaPlayer( 2144): back from callback
D/HMW     ( 2106): 12:22: 3|0003462304|Run|DEBUG|    CfgMgr|2344:HMW_configMgr.cpp:2369:HMW_config_read|code:0|enter Android Version,pName=[Device.LAN.DNSServers], gConfigNative=[0].
I/HMW     ( 2106): 12:22: 3|0003462304|Run| INFO|    CfgMgr|2344:HMW_configMgr.cpp:2473:HMW_config_read|code:0|Device.LAN.DNSServers Succeed!
D/HMW     ( 2106): 12:22: 3|0003462307|Run|DEBUG|    CfgMgr|2344:HMW_configMgr.cpp:2369:HMW_config_read|code:0|enter Android Version,pName=[Device.LAN.DefaultGateway], gConfigNative=[0].
I/HMW     ( 2106): 12:22: 3|0003462307|Run| INFO|    CfgMgr|2344:HMW_configMgr.cpp:2473:HMW_config_read|code:0|Device.LAN.DefaultGateway Succeed!
D/HMW     ( 2106): 12:22: 3|0003462307|Run|DEBUG|    CfgMgr|2344:HMW_configMgr.cpp:2369:HMW_config_read|code:0|enter Android Version,pName=[Device.LAN.SubnetMask], gConfigNative=[0].
I/HMW     ( 2106): 12:22: 3|0003462307|Run| INFO|    CfgMgr|2344:HMW_configMgr.cpp:2473:HMW_config_read|code:0|Device.LAN.SubnetMask Succeed!
D/HMW     ( 2106): 12:22: 3|0003462307|Run|DEBUG|    CfgMgr|2344:HMW_configMgr.cpp:2369:HMW_config_read|code:0|enter Android Version,pName=[Device.LAN.IPAddress], gConfigNative=[0].
I/HMW     ( 2106): 12:22: 3|0003462307|Run| INFO|    CfgMgr|2344:HMW_configMgr.cpp:2473:HMW_config_read|code:0|Device.LAN.IPAddress Succeed!
D/HMW     ( 2144): 12:22: 4|0003461827|Run|DEBUG|       HAL|2437:HMW_disk_core.c:3030:DSK_Core_ListenForAndroidBasic|code:0|listen start!
I/HMW     ( 2144): 12:22: 4|0003461827|Run| INFO|       HAL|2437:HMW_disk_core.c:2285:DSK_Core_ParsePrimalDiskInfoBasic|code:0|Enter HMW_disk_parsePrimalDiskInfoForAndroid
I/HMW     ( 2144): 12:22: 4|0003461827|Run| INFO|       HAL|2437:HMW_disk_core.c:2743:DSK_Core_CheckForAndroidBasic|code:0|============Old diskCount=0, olddisk[0], partion_cn[0]
I/HMW     ( 2144): 12:22: 4|0003461827|Run| INFO|       HAL|2437:HMW_disk_core.c:151:DSK_Core_PrintDiskInfo|code:0|******
I/HMW     ( 2144): NodeName=
I/HMW     ( 2144): DirName=
I/HMW     ( 2144): MountStatus=0
I/HMW     ( 2144): bPluged=0
I/HMW     ( 2144): connectedPort=0
I/HMW     ( 2144): PartCnt=0  
I/HMW     ( 2144): 12:22: 4|0003461827|Run| INFO|       HAL|2437:HMW_disk_core.c:2743:DSK_Core_CheckForAndroidBasic|code:0|============Old diskCount=0, olddisk[1], partion_cn[0]
I/HMW     ( 2144): 12:22: 4|0003461827|Run| INFO|       HAL|2437:HMW_disk_core.c:151:DSK_Core_PrintDiskInfo|code:0|******
I/HMW     ( 2144): NodeName=
I/HMW     ( 2144): DirName=
I/HMW     ( 2144): MountStatus=0
I/HMW     ( 2144): bPluged=0
I/HMW     ( 2144): connectedPort=0
I/HMW     ( 2144): PartCnt=0  
I/HMW     ( 2144): 12:22: 4|0003461827|Run| INFO|       HAL|2437:HMW_disk_core.c:2743:DSK_Core_CheckForAndroidBasic|code:0|============Old diskCount=0, olddisk[2], partion_cn[0]
I/HMW     ( 2144): 12:22: 4|0003461827|Run| INFO|       HAL|2437:HMW_disk_core.c:151:DSK_Core_PrintDiskInfo|code:0|******
I/HMW     ( 2144): NodeName=
I/HMW     ( 2144): DirName=
I/HMW     ( 2144): MountStatus=0
I/HMW     ( 2144): bPluged=0
I/HMW     ( 2144): connectedPort=0
I/HMW     ( 2144): PartCnt=0  
I/HMW     ( 2144): 12:22: 4|0003461827|Run| INFO|       HAL|2437:HMW_disk_core.c:2743:DSK_Core_CheckForAndroidBasic|code:0|============Old diskCount=0, olddisk[3], partion_cn[0]
I/HMW     ( 2144): 12:22: 4|0003461827|Run| INFO|       HAL|2437:HMW_disk_core.c:151:DSK_Core_PrintDiskInfo|code:0|******
I/HMW     ( 2144): NodeName=
I/HMW     ( 2144): DirName=
I/HMW     ( 2144): MountStatus=0
I/HMW     ( 2144): bPluged=0
I/HMW     ( 2144): connectedPort=0
I/HMW     ( 2144): PartCnt=0  
I/HMW     ( 2144): 12:22: 4|0003461827|Run| INFO|       HAL|2437:HMW_disk_core.c:2743:DSK_Core_CheckForAndroidBasic|code:0|============Old diskCount=0, olddisk[4], partion_cn[0]
I/HMW     ( 2144): 12:22: 4|0003461827|Run| INFO|       HAL|2437:HMW_disk_core.c:151:DSK_Core_PrintDiskInfo