I/HMW     ( 2144): connectedPort=0
I/HMW     ( 2144): PartCnt=0  
I/HMW     ( 2144): 12:21:54|0003451824|Run| INFO|       HAL|2437:HMW_disk_core.c:2743:DSK_Core_CheckForAndroidBasic|code:0|============Old diskCount=0, olddisk[8], partion_cn[0]
I/HMW     ( 2144): 12:21:54|0003451824|Run| INFO|       HAL|2437:HMW_disk_core.c:151:DSK_Core_PrintDiskInfo|code:0|******
I/HMW     ( 2144): NodeName=
I/HMW     ( 2144): DirName=
I/HMW     ( 2144): MountStatus=0
I/HMW     ( 2144): bPluged=0
I/HMW     ( 2144): connectedPort=0
I/HMW     ( 2144): PartCnt=0  
I/HMW     ( 2144): 12:21:54|0003451824|Run| INFO|       HAL|2437:HMW_disk_core.c:2743:DSK_Core_CheckForAndroidBasic|code:0|============Old diskCount=0, olddisk[9], partion_cn[0]
I/HMW     ( 2144): 12:21:54|0003451824|Run| INFO|       HAL|2437:HMW_disk_core.c:151:DSK_Core_PrintDiskInfo|code:0|******
I/HMW     ( 2144): NodeName=
I/HMW     ( 2144): DirName=
I/HMW     ( 2144): MountStatus=0
I/HMW     ( 2144): bPluged=0
I/HMW     ( 2144): connectedPort=0
I/HMW     ( 2144): PartCnt=0  
I/HMW     ( 2144): 12:21:54|0003451824|Run| INFO|       HAL|2437:HMW_disk.c:867:HMW_disk_diskCount|code:0|get diskCount[0]!
V/HisiMediaPlayer( 1404): Receive Event: HI_SVR_PLAYER_EVENT_DOWNLOAD_PROGRESS, download progress is 96 
V/HiMediaPlayerManage( 1404): message received msg=3, ext1=96, ext2=0
V/HiMediaPlayerManage( 1404): buffering 96
V/MediaPlayerService( 1404): [9] notify (0x78efd098, 3, 96, 0)
V/HiMediaPlayerManage( 1404): back from callback
V/HisiMediaPlayer( 1404): Receive Event: Current play progress is 95 
V/MediaPlayer( 2144): message received msg=3, ext1=96, ext2=0
V/MediaPlayer( 2144): buffering 96
V/MediaPlayer( 2144): callback application
V/MediaPlayer( 2144): back from callback
I/HiPlayer-FFMpeg( 1404): [12:21:54.016]: [hi_svr_format.c,8872] type:3 0 ms, 0 bytes
D/WebKit  ( 2144): [fired:116] DOMTimer fired, timer id is 785
D/WebKit  ( 2144): entry PilotMediaPlayer.cpp:getCurrentPlayTime
D/WebKit  ( 2144): [getCurrentPlayTime:383] MediaPlayerJSExt Instance :0x53bb6008,URL :http://202.99.114.10:35809/flyVideo/play.html
V/MediaPlayer( 2144): getCurrentPosition
V/HiMediaPlayerManage( 1404): Call getCurrentPosition IN
W/HiPlayer( 1404): [12:21:54.055] [svr_pctrl.c:6274] #Seek by POS, fixed TimePlayed:2574566
W/HiPlayer( 1404):  
V/HisiMediaPlayer( 1404): HiMediaPlayer::CommandQueue::completeCommand type [7]
V/HisiMediaPlayer( 1404): Complete execute Cmd
V/MediaPlayerService( 1404): [9] getCurrentPosition = 2574566
I/HMW     ( 2144): 12:21:54|0003451873|Run| INFO|MediaJsExt|2419:HMW_mediaPlayerJSExtImpl.cpp:1400:getCurrentPlayTime|code:0|this=0x53bb6008, szTime:2574
D/WebKit  ( 2144): [getCurrentPlayTime:385] szTime:2574
D/WebKit  ( 2144):  exit PilotMediaPlayer.cpp:getCurrentPlayTime used time[1.019955 ms] threadTime[0 ms]
D/WebKit  ( 2144): entry PilotMediaPlayer.cpp:getMediaDuration
D/WebKit  ( 2144): [getMediaDuration:365] MediaPlayerJSExt Instance :0x53bb6008,URL :http://202.99.114.10:35809/flyVideo/play.html
I/HMW     ( 2144): 12:21:54|0003451873|Run| INFO|MediaPlayMgr|2419:HMW_playerMgr.cpp:4703:getParam|code:0|Get player duration!
I/HMW     ( 2144): 12:21:54|0003451873|Run| INFO|MediaJsExt|2419:HMW_mediaPlayerJSExtImpl.cpp:1379:getMediaDuration|code:0|0x53bb6008 getMediaDuration:[2694]
D/WebKit  ( 2144): [getMediaDuration:373] MediaDuration:2694
D/WebKit  ( 2144):  exit PilotMediaPlayer.cpp:getMediaDuration used time[0.267029 ms] threadTime[1 ms]
E/HiPlayer-FFMpeg( 1404): [12:21:54.085]: [FFMPEG_MSG][hi_svr_msg.c:509] invalid param
I/HiPlayer-FFMpeg( 1404): [12:21:54.086]: [hi_svr_format.c,8872] type:3 0 ms, 0 bytes
D/HmtAutoSleepManagerService( 1944): boxSleepTime_start=14373000
D/HmtAutoSleepManagerService( 1944): keyTime2=3438708
E/VPP_DLNA_LOG( 2746): [VPPDLNA][DlnaDmrSendHuaweIdChangedNotify][:763]-: HuaweiId == NULL 
V/HisiMediaPlayer( 1404): Receive Event: HI_SVR_PLAYER_EVENT_DOWNLOAD_PROGRESS, download progress is 96 
V/HiMediaPlayerManage( 1404): message received msg=3, ext1=96, ext2=0
V/HiMediaPlayerManage( 1404): buffering 96
V/MediaPlayerService( 1404): [9] notify (0x78efd098, 3, 96, 0)
V/MediaPlayer( 2144): message received msg=3, ext1=96, ext2=0
V/MediaPlayer( 2144): buffering 96
V/MediaPlayer( 2144): callback application
V/MediaPlayer( 2144): back from callback
V/HiMediaPlayerManage( 1404): back from callback
V/HisiMediaPlayer( 1404): Receive Event: Current play progress is 95 
V/MediaPlayer( 2144): getCurrentPosition
V/HiMediaPlayerManage( 1404): Call getCurrentPosition IN
W/HiPlayer( 1404): [12:21:54.344] [svr_pctrl.c:6274] #Seek by POS, fixed TimePlayed:2574848
W/HiPlayer( 1404):  
V/HisiMediaPlayer( 1404): HiMediaPlayer::CommandQueue::completeCommand type [7]
V/HisiMediaPlayer( 1404): Complete execute Cmd
V/MediaPlayerService( 1404): [9] getCurrentPosition = 2574848
V/HisiMediaPlayer( 1404): Receive Event: HI_SVR_PLAYER_EVENT_DOWNLOAD_PROGRESS, download progress is 96 
V/HiMediaPlayerManage( 1404): message received msg=3, ext1=96, ext2=0
V/HiMediaPlayerManage( 1404): buffering 96
V/MediaPlayerService( 1404): [9] notify (0x78efd098, 3, 96, 0)
V/HiMediaPlayerManage( 1404): back from callback
V/HisiMediaPlayer( 1404): Receive Event: Current play progress is 95 
V/MediaPlayer( 2144): message received msg=3, ext1=96, ext2=0
V/MediaPlayer( 2144): buffering 96
V/MediaPlayer( 2144): callback application
V/MediaPlayer( 2144): back from callback
D/HMW     ( 2106): 12:21:54|0003453268|Run|DEBUG|    CfgMgr|2344:HMW_configMgr.cpp:2369:HMW_config_read|code:0|enter Android Version,pName=[Device.LAN.DNSServers], gConfigNative=[0].
I/HMW     ( 2106): 12:21:54|0003453268|Run| INFO|    CfgMgr|2344:HMW_configMgr.cpp:2473:HMW_config_read|code:0|Device.LAN.DNSServers Succeed!
V/MediaPlayer( 2144): getCurrentPosition
V/HiMediaPlayerManage( 1404): Call getCurrentPosition IN
W/HiPlayer( 1404): [12:21:54.850] [svr_pctrl.c:6274] #Seek by POS, fixed TimePlayed:2575371
W/HiPlayer( 1404):  
V/HisiMediaPlayer( 1404): HiMediaPlayer::CommandQueue::completeCommand type [7]
D/HMW     ( 2106): 12:21:54|0003453271|Run|DEBUG|    CfgMgr|2344:HMW_configMgr.cpp:2369:HMW_config_read|code:0|enter Android Version,pName=[Device.LAN.DefaultGateway], gConfigNative=[0].
V/HisiMediaPlayer( 1404): Complete execute Cmd
V/MediaPlayerService( 1404): [9] getCurrentPosition = 2575371
I/HMW     ( 2106): 12:21:54|0003453271|Run| INFO|    CfgMgr|2344:HMW_configMgr.cpp:2473:HMW_config_read|code:0|Device.LAN.DefaultGateway Succeed!
D/HMW     ( 2106): 12:21:54|0003453271|Run|DEBUG|    CfgMgr|2344:HMW_configMgr.cpp:2369:HMW_config_read|code:0|enter Android Version,pName=[Device.LAN.SubnetMask], gConfigNative=[0].
I/HMW     ( 2106): 12:21:54|0003453271|Run| INFO|    CfgMgr|2344:HMW_configMgr.cpp:2473:HMW_config_read|code:0|Device.LAN.SubnetMask Succeed!
D/HMW     ( 2106): 12:21:54|0003453271|Run|DEBUG|    CfgMgr|2344:HMW_configMgr.cpp:2369:HMW_config_read|code:0|enter Android Version,pName=[Device.LAN.IPAddress], gConfigNative=[0].
I/HMW     ( 2106): 12:21:54|0003453271|Run| INFO|    CfgMgr|2344:HMW_configMgr.cpp:2473:HMW_config_read|code:0|Device.LAN.IPAddress Succeed!
V/HisiMediaPlayer( 1404): Receive Event: HI_SVR_PLAYER_EVENT_DOWNLOAD_PROGRESS, download progress is 96 
V/HiMediaPlayerManage( 1404): message received msg=3, ext1=96, ext2=0
V/HiMediaPlayerManage( 1404): buffering 96
V/MediaPlayerService( 1404): [9] notify (0x78efd098, 3, 96, 0)
V/MediaPlayer( 2144): message received msg=3, ext1=96, ext2=0
V/MediaPlayer( 2144): buffering 96
V/MediaPlayer( 2144): callback application
V/MediaPlayer( 2144): back from callback
V/HiMediaPlayerManage( 1404): back from callback
V/HisiMediaPlayer( 1404): Receive Event: Current play progress is 95 
I/service_ScocketSendThread( 2883): parse receive register sqm  data failed ,because :java.net.SocketTimeoutException
W/System.err( 2883): java.net.SocketTimeoutException
W/System.err( 2883): 	at java.net.PlainSocketImpl.read(PlainSocketImpl.java:491)
W/System.err( 2883): 	at java.net.PlainSocketImpl.access$000(PlainSocketImpl.java:46)
W/System.err( 2883): 	at java.net.PlainSocketImpl$PlainSocketInputStream.read(PlainSocketImpl.java:240)
W/System.err( 2883): 	at com.huawei.analytics.y.a(SourceFile:82)
W/System.err( 2883): 	at com.huawei.analytics.y.run(SourceFile:52)
I/service_ScocketSendThread( 2883): prepare receive data......
I/HiPlayer-FFMpeg( 1404): [12:21:55.026]: [hi_svr_format.c,8872] type:3 0 ms, 0 bytes
D/WebKit  ( 2144): [fired:116] DOMTimer fired, timer id is 785
D/WebKit  ( 2144): entry PilotMediaPlayer.cpp:getCurrentPlayTime
D/WebKit  ( 2144): [getCurrentPlayTime:383] MediaPlayerJSExt Instance :0x53bb6008,URL :http://202.99.114.10:35809/flyVideo/play.html
V/MediaPlayer( 2144): getCurrentPosition
V/HiMediaPlayerManage( 1404): Call getCurrentPosition IN
W/HiPlayer( 1404): [12:21:55.056] [svr_pctrl.c:6274] #Seek by POS, fixed TimePlayed:2575573
W/HiPlayer( 1404):  
V/HisiMediaPlayer( 1404): HiMediaPlayer::CommandQueue::completeCommand type [7]
V/MediaPlayerService( 1404): [9] getCurrentPosition = 2575573
V/HisiMediaPlayer( 1404): Complete execute Cmd
I/HMW     ( 2144): 12:21:55|0003452875|Run| INFO|MediaJsExt|2419:HMW_mediaPlayerJSExtImpl.cpp:1400:getCurrentPlayTime|code:0|this=0x53bb6008, szTime:2575
D/WebKit  ( 2144): [getCurrentPlayTime:385] szTime:2575
D/WebKit  ( 2144):  exit PilotMediaPlayer.cpp:getCurrentPlayTime used time[1.020908 ms] threadTime[1 ms]
D/WebKit  ( 2144): entry PilotMediaPlayer.cpp:getMediaDuration
D/WebKit  ( 2144): [getMediaDuration:365] MediaPlayerJSExt Instance :0x53bb6008,URL :http://202.99.114.10:35809/flyVideo/play.html
I/HMW     ( 2144): 12:21:55|0003452875|Run| INFO|MediaPlayMgr|2419:HMW_playerMgr.cpp:4703:getParam|code:0|Get player duration!
I/HMW     ( 2144): 12:21:55|0003452875|Run| INFO|MediaJsExt|2419:HMW_mediaPlayerJSExtImpl.cpp:1379:getMediaDuration|code:0|0x53bb6008 getMediaDuration:[2694]
D/WebKit  ( 2144): [getMediaDuration:373] MediaDuration:2694
D/WebKit  ( 2144):  exit PilotMediaPlayer.cpp:getMediaDuration used time[0.257015 ms] threadTime[0 ms]
I/service_ParamsUtils( 2883): registerSqm() start
I/service_ParamsUtils( 2883): getVersionCode() start
I/service_ParamsUtils( 2883): register Sqm version code is :16030413
I/service_Attribute( 2883): create Attribute start
I/service_Attribute( 2883): create Attribute finish
I/service_ParamsUtils( 2883): register body is:[0, 1, 0, 8, 49, 54, 48, 51, 48, 52, 49, 51]
I/service_MakeInfoTitil( 2883): MakeInfoTitil start
I/service_MakeInfoTitil( 2883): encode info is:mCommandID==1,mInforVresion==1,mSequence==687,mLength==40
I/service_MakeInfoTitil( 2883): MakeInfoTitil finish
I/service_MakeInfoTitil( 2883): get title start
I/service_MakeInfoTitil( 2883): length is :40
I/service_MakeInfoTitil( 2883): mInforVresion is1 :1
I/service_MakeInfoTitil( 2883): mInforVresion is2 :1
I/service_MakeInfoTitil( 2883): mCommandID is1 :1
I/service_MakeInfoTitil( 2883): mCommandID is2 :1
I/service_MakeInfoTitil( 2883): mSequence is :687
I/service_MakeInfoTitil( 2883): sha256Encode() start
I/service_MakeInfoTitil( 2883): sha 256 data is:[28, -116, 70, 47, 56, -51, 5, 5, 12, -107, -107, 75, -4, -21, -24, -87]
I/service_MakeInfoTitil( 2883): get title finish ,title is:[0, 0, 0, 40, 0, 1, 0, 1, 0, 0, 2, -81, 28, -116, 70, 47, 56, -51, 5, 5, 12, -107, -107, 75, -4, -21, -24, -87]
I/service_ParamsUtils( 2883): register title is:[0, 0, 0, 40, 0, 1, 0, 1, 0, 0, 2, -81, 28, -116, 70, 47, 56, -51, 5, 5, 12, -107, -107, 75, -4, -21, -24, -87]
I/service_ScocketSendThread( 2883): sendData() start
I/service_ParamsUtils( 2883): registerSqm() finish
E/service_ScocketSendThread( 2883): sendData failed ,failed info is:java.net.ConnectException: failed to connect to /127.0.0.1 (port 37001) after 3000ms: isConnected failed: ECONNREFUSED (Connection refused)
E/HiPlayer-FFMpeg( 1404): [12:21:55.234]: [FFMPEG_MSG][hi_svr_msg.c:509] invalid param
I/HiPlayer-FFMpeg( 1404): [12:21:55.235]: [hi_svr_format.c,8872] type:3 0 ms, 0 bytes
V/HisiMediaPlayer( 1404): Receive Event: HI_SVR_PLAYER_EVENT_DOWNLOAD_PROGRESS, download progress is 96 
V/HiMediaPlayerManage( 1404): message received msg=3, ext1=96, ext2=0
V/HiMediaPlayerManage( 1404): buffering 96
V/MediaPlayerService( 1404): [9] notify (0x78efd098, 3, 96, 0)
V/HiMediaPlayerManage( 1404): back from callback
V/HisiMediaPlayer( 1404): Receive Event: Current play progress is 95 
V/MediaPlayer( 2144): message received msg=3, ext1=96, ext2=0
V/MediaPlayer( 2144): buffering 96
V/MediaPlayer( 2144): callback application
V/MediaPlayer( 2144): back from callback
D/HmtAutoSleepManagerService( 1944): boxSleepTime_start=14372000
D/HmtAutoSleepManagerService( 1944): keyTime2=3438708
E/HiPlayer-FFMpeg( 1404): [12:21:55.350]: [FFMPEG_MSG][hi_svr_msg.c:509] invalid param
V/MediaPlayer( 2144): getCurrentPosition
V/HiMediaPlayerManage( 1404): Call getCurrentPosition IN
W/HiPlayer( 1404): [12:21:55.357] [svr_pctrl.c:6274] #Seek by POS, fixed TimePlayed:2575875
W/HiPlayer( 1404):  
V/HisiMediaPlayer( 1404): HiMediaPlayer::CommandQueue::completeCommand type [7]
V/HisiMediaPlayer( 1404): Complete execute Cmd
V/MediaPlayerService( 1404): [9] getCurrentPosition = 2575875
I/HiPlayer-FFMpeg( 1404): [12:21:55.362]: [hi_svr_format.c,8872] type:3 0 ms, 0 bytes
I/CPE     ( 2144): 12:21:55|0003452470|Run| INFO|       CPE|0x000009ed:hmw_mgmtCpeClient.cpp:75:hmw_mgmtSdltQosReportMedia|code:0|CPE_Sock_Cli: SDLT Report Qos-Media-Stat to CpeServer, Type is 1
D/CPE     ( 2144): 12:21:55|0003452470|Run|DEBUG|       CPE|0x000009ed:hmw_mgmtCpeClient.cpp:587:CPEclientSendRequest|code:0|Enter method CPEConnectClient::CPEclientSendRequest(),type:7
D/CPE     ( 2106): 12:21:55|0003453840|Run|DEBUG|       CPE|0x00000924:hmw_mgmtCpeServer.cpp:1749:CPErecvProc|code:0|CPE_Sock_Ser: CPE m_iInit is 0
D/CPE     ( 2106): 12:21:55|0003453840|Run|DEBUG|       CPE|0x00000924:hmw_mgmtCpeServer.cpp:1866:CPErecvProc|code:0|CPE_Sock_Ser:CPErecvProc, m_recvParam.index[0], pCPEserver->m_ConnectParam.index[38], m_index[-1]
D/WifiStateMachine( 1944): handleMessage: E msg.what=131160
D/WifiStateMachine( 1944): processMsg: DisconnectedState
D/WifiStateMachine( 1944): handleMessage: X
D/WifiStateMachine( 1944): handleMessage: E msg.what=131143
D/WifiStateMachine( 1944): processMsg: DisconnectedState
D/WifiStateMachine( 1944): processMsg: ConnectModeState
D/WifiStateMachine( 1944): processMsg: DriverStartedState
D/WifiHW  ( 1944): wifi command = IFNAME=wlan0 SCAN
D/WifiStateMachine( 1944): handleMessage: X
D/WifiStateMachine( 1944): handleMessage: E msg.what=147462
D/WifiStateMachine( 1944): processMsg: DisconnectedState
D/WifiStateMachine( 1944): setDetailed state, old =IDLE and new state=SCANNING
D/WifiStateMachine( 1944): processMsg: ConnectModeState
D/WifiStateMachine( 1944): handleMessage: X
D/WifiStateMachine( 1944): handleMessage: E msg.what=131131
D/WifiStateMachine( 1944): processMsg: DisconnectedState
D/WifiStateMachine( 1944): processMsg: ConnectModeState
D/WifiStateMachine( 1944): handleMessage: X
V/HisiMediaPlayer( 1404): Receive Event: HI_SVR_PLAYER_EVENT_DOWNLOAD_PROGRESS, download progress is 96 
V/HiMediaPlayerManage( 1404): message received msg=3, ext1=96, ext2=0
V/HiMediaPlayerManage( 1404): buffering 96
V/MediaPlayerService( 1404): [9] notify (0x78efd098, 3, 96, 0)
V/HiMediaPlayerManage( 1404): back from callback
V/HisiMediaPlayer( 1404): Receive Event: Current play progress is 95 
V/MediaPlayer( 2144): message received msg=3, ext1=96, ext2=0
V/MediaPlayer( 2144): buffering 96
V/MediaPlayer( 2144): callback application
V/MediaPlayer( 2144): back from callback
D/ConnectivityService( 1944): Sampling interval elapsed, updating statistics ..
D/ConnectivityService( 1944): Done.
D/ConnectivityService( 1944): Setting timer for 30seconds
D/dalvikvm( 1944): GC_CONCURRENT freed 820K, 15% free 6047K/7104K, paused 6ms+8ms, total 71ms
V/HisiMediaPlayer( 1404): Receive Event: HI_SVR_PLAYER_EVENT_DOWNLOAD_PROGRESS, download progress is 96 
V/HiMediaPlayerManage( 1404): message received msg=3, ext1=96, ext2=0
V/HiMediaPlayerManage( 1404): buffering 96
V/MediaPlayerService( 1404): [9] notify (0x78efd098, 3, 96, 0)
V/HiMediaPlayerManage( 1404): back from callback
V/HisiMediaPlayer( 1404): Receive Event: Current play progress is 95 
V/MediaPlayer( 2144): message received msg=3, ext1=96, ext2=0
V/MediaPlayer( 2144): buffering 96
V/MediaPlayer( 2144): callback application
V/MediaPlayer( 2144): back from callback
D/HMW     ( 2106): 12:21:55|0003454272|Run|DEBUG|    CfgMgr|2344:HMW_configMgr.cpp:2369:HMW_config_read|code:0|enter Android Version,pName=[Device.LAN.DNSServers], gConfigNative=[0].
I/HMW     ( 2106): 12:21:55|0003454272|Run| INFO|    CfgMgr|2344:HMW_configMgr.cpp:2473:HMW_config_read|code:0|Device.LAN.DNSServers Succeed!
D/HMW     ( 2106): 12:21:55|0003454272|Run|DEBUG|    CfgMgr|2344:HMW_configMgr.cpp:2369:HMW_config_read|code:0|enter Android Version,pName=[Device.LAN.DefaultGateway], gConfigNative=[0].
I/HMW     ( 2106): 12:21:55|0003454272|Run| INFO|    CfgMgr|2344:HMW_configMgr.cpp:2473:HMW_config_read|code:0|Device.LAN.DefaultGateway Succeed!
D/HMW     ( 2106): 12:21:55|0003454276|Run|DEBUG|    CfgMgr|2344:HMW_configMgr.cpp:2369:HMW_config_read|code:0|enter Android Version,pName=[Device.LAN.SubnetMask], gConfigNative=[0].
I/HMW     ( 2106): 12:21:55|0003454276|Run| INFO|    CfgMgr|2344:HMW_configMgr.cpp:2473:HMW_config_read|code:0|Device.LAN.SubnetMask Succeed!
D/HMW     ( 2106): 12:21:55|0003454276|Run|DEBUG|    CfgMgr|2344:HMW_configMgr.cpp:2369:HMW_config_read|code:0|enter Android Version,pName=[Device.LAN.IPAddress], gConfigNative=[0].
I/HMW     ( 2106): 12:21:55|0003454276|Run| INFO|    CfgMgr|2344:HMW_configMgr.cpp:2473:HMW_config_read|code:0|Device.LAN.IPAddress Succeed!
V/MediaPlayer( 2144): getCurrentPosition
V/HiMediaPlayerManage( 1404): Call getCurrentPosition IN
W/HiPlayer( 1404): [12:21:55.864] [svr_pctrl.c:6274] #Seek by POS, fixed TimePlayed:2576399
W/HiPlayer( 1404):  
V/HisiMediaPlayer( 1404): HiMediaPlayer::CommandQueue::completeCommand type [7]
V/HisiMediaPlayer( 1404): Complete execute Cmd
V/MediaPlayerService( 1404): [9] getCurrentPosition = 2576399
E/HiPlayer-FFMpeg( 1404): [12:21:55.933]: [FFMPEG_MSG][hi_svr_msg.c:509] invalid param
I/HiPlayer-FFMpeg( 1404): [12:21:55.936]: [hi_svr_format.c,8872] type:3 0 ms, 0 bytes
E/VPP_DLNA_LOG( 2746): [VPPDLNA][Check_Connect_And_Wait_Connection][:156]:  select timeout
D/WebKit  ( 2144): [fired:116] DOMTimer fired, timer id is 785
D/WebKit  ( 2144): entry PilotMediaPlayer.cpp:getCurrentPlayTime
D/WebKit  ( 2144): [getCurrentPlayTime:383] MediaPlayerJSExt Instance :0x53bb6008,URL :http://202.99.114.10:35809/flyVideo/play.html
V/MediaPlayer( 2144): getCurrentPosition
V/HiMediaPlayerManage( 1404): Call getCurrentPosition IN
W/HiPlayer( 1404): [12:21:56.056] [svr_pctrl.c:6274] #Seek by POS, fixed TimePlayed:2576580
W/HiPlayer( 1404):  
V/HisiMediaPlayer( 1404): HiMediaPlayer::CommandQueue::completeCommand type [7]
V/MediaPlayerService( 1404): [9] getCurrentPosition = 2576580
I/HiPlayer-FFMpeg( 1404): [12:21:56.056]: [hi_svr_format.c,8872] type:3 0 ms, 0 bytes
V/HisiMediaPlayer( 1404): Complete execute Cmd
I/HMW     ( 2144): 12:21:56|0003453875|Run| INFO|MediaJsExt|2419:HMW_mediaPlayerJSExtImpl.cpp:1400:getCurrentPlayTime|code:0|this=0x53bb6008, szTime:2576
D/WebKit  ( 2144): [getCurrentPlayTime:385] szTime:2576
D/WebKit  ( 2144):  exit PilotMediaPlayer.cpp:getCurrentPlayTime used time[1.222849 ms] threadTime[0 ms]
D/WebKit  ( 2144): entry PilotMediaPlayer.cpp:getMediaDuration
D/WebKit  ( 2144): [getMediaDuration:365] MediaPlayerJSExt Instance :0x53bb6008,URL :http://202.99.114.10:35809/flyVideo/play.html
I/HMW     ( 2144): 12:21:56|0003453875|Run| INFO|MediaPlayMgr|2419:HMW_playerMgr.cpp:4703:getParam|code:0|Get player duration!
I/HMW     ( 2144): 12:21:56|0003453875|Run| INFO|MediaJsExt|2419:HMW_mediaPlayerJSExtImpl.cpp:1379:getMediaDuration|code:0|0x53bb6008 getMediaDuration:[2694]
D/WebKit  ( 2144): [getMediaDuration:373] MediaDuration:2694
D/WebKit  ( 2144):  exit PilotMediaPlayer.cpp:getMediaDuration used time[0.335932 ms] threadTime[1 ms]
E/HisiMediaPlayer( 1404): Receive Event: HI_SVR_PLAYER_EVENT_BUTT or UNKOWN EVENT[16]
V/HisiMediaPlayer( 1404): Receive Event: HI_SVR_PLAYER_EVENT_BUFFER_STATE 
V/HisiMediaPlayer( 1404): HI_SVR_PLAYER_EVENT_BUFFER unknow bufferType:4 
V/HisiMediaPlayer( 1404): Receive Event: HI_SVR_PLAYER_EVENT_DOWNLOAD_PROGRESS, download progress is 96 
V/HiMediaPlayerManage( 1404): message received msg=3, ext1=96, ext2=0
V/HiMediaPlayerManage( 1404): buffering 96
V/MediaPlayerService( 1404): [9] notify (0x78efd098, 3, 96, 0)
V/HiMediaPlayerManage( 1404): back from callback
V/HisiMediaPlayer( 1404): Receive Event: Current play progress is 95 
V/MediaPlayer( 2144): message received msg=3, ext1=96, ext2=0
V/MediaPlayer( 2144): buffering 96
V/MediaPlayer( 2144): callback application
V/MediaPlayer( 2144): back from callback
E/HiPlayer-FFMpeg( 1404): [12:21:56.177]: [FFMPEG_MSG][hi_svr_msg.c:509] invalid param
I/HiPlayer-FFMpeg( 1404): [12:21:56.179]: [hi_svr_format.c,8872] type:3 0 ms, 0 bytes
D/HmtAutoSleepManagerService( 1944): boxSleepTime_start=14371000
D/HmtAutoSleepManagerService( 1944): keyTime2=3438708
E/HiPlayer-FFMpeg( 1404): [12:21:56.305]: [FFMPEG_MSG][hi_svr_msg.c:509] invalid param
I/HiPlayer-FFMpeg( 1404): [12:21:56.317]: [hi_svr_format.c,8872] type:3 0 ms, 0 bytes
E/HiPlayer-FFMpeg( 1404): [12:21:56.367]: [FFMPEG_MSG][hi_svr_msg.c:509] invalid param
V/MediaPlayer( 2144): getCurrentPosition
V/HiMediaPlayerManage( 1404): Call getCurrentPosition IN
W/HiPlayer( 1404): [12:21:56.370] [svr_pctrl.c:6274] #Seek by POS, fixed TimePlayed:2576902
W/HiPlayer( 1404):  
V/HisiMediaPlayer( 1404): HiMediaPlayer::CommandQueue::completeCommand type [7]
V/HisiMediaPlayer( 1404): Complete execute Cmd
V/MediaPlayerService( 1404): [9] getCurrentPosition = 2576902
I/HiPlayer-FFMpeg( 1404): [12:21:56.371]: [hi_svr_format.c,8872] type:3 0 ms, 0 bytes
V/HisiMediaPlayer( 1404): Receive Event: HI_SVR_PLAYER_EVENT_DOWNLOAD_PROGRESS, download progress is 96 
V/HiMediaPlayerManage( 1404): message received msg=3, ext1=96, ext2=0
V/HiMediaPlayerManage( 1404): buffering 96
V/MediaPlayerService( 1404): [9] notify (0x78efd098, 3, 96, 0)
V/MediaPlayer( 2144): message received msg=3, ext1=96, ext2=0
V/MediaPlayer( 2144): buffering 96
V/MediaPlayer( 2144): callback application
V/MediaPlayer( 2144): back from callback
V/HiMediaPlayerManage( 1404): back from callback
V/HisiMediaPlayer( 1404): Receive Event: Current play progress is 95 
V/HisiMediaPlayer( 1404): Receive Event: HI_SVR_PLAYER_EVENT_DOWNLOAD_PROGRESS, download progress is 96 
V/HiMediaPlayerManage( 1404): message received msg=3, ext1=96, ext2=0
V/HiMediaPlayerManage( 1404): buffering 96
V/MediaPlayerService( 1404): [9] notify (0x78efd098, 3, 96, 0)
V/HiMediaPlayerManage( 1404): back from callback
V/HisiMediaPlayer( 1404): Receive Event: Current play progress is 95 
V/MediaPlayer( 2144): message received msg=3, ext1=96, ext2=0
V/MediaPlayer( 2144): buffering 96
V/MediaPlayer( 2144): callback application
V/MediaPlayer( 2144): back from callback
I/HMW     ( 2144): 12:21:56|0003454675|Run| INFO|   MONITOR|2459:HMW_main.cpp:825:MonitorCPUMemory|code:2|CPU usage [20 ] MEM usage [62 ] at [3454672] monitor write media[0]
D/HMW     ( 2106): 12:21:56|0003455278|Run|DEBUG|    CfgMgr|2344:HMW_configMgr.cpp:2369:HMW_config_read|code:0|enter Android Version,pName=[Device.LAN.DNSServers], gConfigNative=[0].
I/HMW     ( 2106): 12:21:56|0003455278|Run| INFO|    CfgMgr|2344:HMW_configMgr.cpp:2473:HMW_config_read|code:0|Device.LAN.DNSServers Succeed!
D/HMW     ( 2106): 12:21:56|0003455278|Run|DEBUG|    CfgMgr|2344:HMW_configMgr.cpp:2369:HMW_config_read|code:0|enter Android Version,pName=[Device.LAN.DefaultGateway], gConfigNative=[0].
I/HMW     ( 2106): 12:21:56|0003455278|Run| INFO|    CfgMgr|2344:HMW_configMgr.cpp:2473:HMW_config_read|code:0|Device.LAN.DefaultGateway Succeed!
D/HMW     ( 2106): 12:21:56|0003455278|Run|DEBUG|    CfgMgr|2344:HMW_configMgr.cpp:2369:HMW_config_read|code:0|enter Android Version,pName=[Device.LAN.SubnetMask], gConfigNative=[0].
I/HMW     ( 2106): 12:21:56|0003455278|Run| INFO|    CfgMgr|2344:HMW_configMgr.cpp:2473:HMW_config_read|code:0|Device.LAN.SubnetMask Succeed!
D/HMW     ( 2106): 12:21:56|0003455281|Run|DEBUG|    CfgMgr|2344:HMW_configMgr.cpp:2369:HMW_config_read|code:0|enter Android Version,pName=[Device.LAN.IPAddress], gConfigNative=[0].
I/HMW     ( 2106): 12:21:56|0003455281|Run| INFO|    CfgMgr|2344:HMW_configMgr.cpp:2473:HMW_config_read|code:0|Device.LAN.IPAddress Succeed!
I/HMW     ( 2144): 12:21:56|0003454688|Run| INFO|   MONITOR|2459:HMW_main.cpp:601:DisplayMallinfo|code:2|arena:22757120 bytes, ordblks:301, smblks:0, hblks:0, hblkhd:79716608 bytes, usmblks:117030912 bytes, fsmblks:0 bytes, uordblks:100551064 bytes, fordblks:1922664 bytes, keepcost:90072 bytes
V/MediaPlayer( 2144): getCurrentPosition
V/HiMediaPlayerManage( 1404): Call getCurrentPosition IN
W/HiPlayer( 1404): [12:21:56.876] [svr_pctrl.c:6274] #Seek by POS, fixed TimePlayed:2577406
W/HiPlayer( 1404):  
V/HisiMediaPlayer( 1404): HiMediaPlayer::CommandQueue::completeCommand type [7]
V/HisiMediaPlayer( 1404): Complete execute Cmd
V/MediaPlayerService( 1404): [9] getCurrentPosition = 2577406
I/service_ScocketSendThread( 2883): parse receive register sqm  data failed ,because :java.net.SocketTimeoutException
W/System.err( 2883): java.net.SocketTimeoutException
W/System.err( 2883): 	at java.net.PlainSocketImpl.read(PlainSocketImpl.java:491)
W/System.err( 2883): 	at java.net.PlainSocketImpl.access$000(PlainSocketImpl.java:46)
W/System.err( 2883): 	at java.net.PlainSocketImpl$PlainSocketInputStream.read(PlainSocketImpl.java:240)
W/System.err( 2883): 	at com.huawei.analytics.y.a(SourceFile:82)
W/System.err( 2883): 	at com.huawei.analytics.y.run(SourceFile:52)
I/service_ScocketSendThread( 2883): prepare receive data......
V/HisiMediaPlayer( 1404): Receive Event: HI_SVR_PLAYER_EVENT_DOWNLOAD_PROGRESS, download progress is 96 
V/HiMediaPlayerManage( 1404): message received msg=3, ext1=96, ext2=0
V/HiMediaPlayerManage( 1404): buffering 96
V/MediaPlayerService( 1404): [9] notify (0x78efd098, 3, 96, 0)
V/HiMediaPlayerManage( 1404): back from callback
V/MediaPlayer( 2144): message received msg=3, ext1=96, ext2=0
V/MediaPlayer( 2144): buffering 96
V/MediaPlayer( 2144): callback application
V/MediaPlayer( 2144): back from callback
V/HisiMediaPlayer( 1404): Receive Event: Current play progress is 95 
D/WebKit  ( 2144): [fired:116] DOMTimer fired, timer id is 785
D/WebKit  ( 2144): entry PilotMediaPlayer.cpp:getCurrentPlayTime
D/WebKit  ( 2144): [getCurrentPlayTime:383] MediaPlayerJSExt Instance :0x53bb6008,URL :http://202.99.114.10:35809/flyVideo/play.html
V/MediaPlayer( 2144): getCurrentPosition
V/HiMediaPlayerManage( 1404): Call getCurrentPosition IN
W/HiPlayer( 1404): [12:21:57.057] [svr_pctrl.c:6274] #Seek by POS, fixed TimePlayed:2577587
W/HiPlayer( 1404):  
V/HisiMediaPlayer( 1404): HiMediaPlayer::CommandQueue::completeCommand type [7]
V/MediaPlayerService( 1404): [9] getCurrentPosition = 2577587
I/HMW     ( 2144): 12:21:57|0003454874|Run| INFO|MediaJsExt|2419:HMW_mediaPlayerJSExtImpl.cpp:1400:getCurrentPlayTime|code:0|this=0x53bb6008, szTime:2577
D/WebKit  ( 2144): [getCurrentPlayTime:385] szTime:2577
D/WebKit  ( 2144):  exit PilotMediaPlayer.cpp:getCurrentPlayTime used time[1.074076 ms] threadTime[1 ms]
D/WebKit  ( 2144): entry PilotMediaPlayer.cpp:getMediaDuration
D/WebKit  ( 2144): [getMediaDuration:365] MediaPlayerJSExt Instance :0x53bb6008,URL :http://202.99.114.10:35809/flyVideo/play.html
I/HMW     ( 2144): 12:21:57|0003454877|Run| INFO|MediaPlayMgr|2419:HMW_playerMgr.cpp:4703:getParam|code:0|Get player duration!
I/HMW     ( 2144): 12:21:57|0003454877|Run| INFO|MediaJsExt|2419:HMW_mediaPlayerJSExtImpl.cpp:1379:getMediaDuration|code:0|0x53bb6008 getMediaDuration:[2694]
D/WebKit  ( 2144): [getMediaDuration:373] MediaDuration:2694
D/WebKit  ( 2144):  exit PilotMediaPlayer.cpp:getMediaDuration used time[0.262022 ms] threadTime[0 ms]
V/HisiMediaPlayer( 1404): Complete execute Cmd
I/HiPlayer-FFMpeg( 1404): [12:21:57.078]: [hi_svr_format.c,8872] type:3 0 ms, 0 bytes
D/WifiStateMachine( 1944): handleMessage: E msg.what=147461
D/WifiStateMachine( 1944): processMsg: DisconnectedState
D/WifiStateMachine( 1944): processMsg: ConnectModeState
D/WifiStateMachine( 1944): processMsg: DriverStartedState
E/EthernetDataTracker( 1944): interfaceLinkStateChanged Interface wlan0, link down, mIface: eth0, mLinkUp: true
D/WifiStateMachine( 1944): processMsg: SupplicantStartedState
D/WifiHW  ( 1944): wifi command = IFNAME=wlan0 BSS RANGE=0- MASK=0x21987
I/PppoeStateTracker( 1944): interfaceLinkStateChanged Interface wlan0 link down, mIface: eth0, mLinkUp: true, mConnectStatus:false
D/NetworkManagementService( 1944): notifyInterfaceLinkStateChanged wlan0 false
D/WifiHW  ( 1944): wifi command = IFNAME=wlan0 BSS RANGE=471- MASK=0x21987
D/WifiStateMachine( 1944): handleMessage: X
D/WifiStateMachine( 1944): handleMessage: E msg.what=147462
D/WifiStateMachine( 1944): processMsg: DisconnectedState
D/WifiStateMachine( 1944): setDetailed state, old =SCANNING and new state=IDLE
D/WifiStateMachine( 1944): processMsg: ConnectModeState
D/WifiStateMachine( 1944): handleMessage: X
D/WifiStateMachine( 1944): handleMessage: E msg.what=131131
D/WifiStateMachine( 1944): processMsg: DisconnectedState
D/WifiStateMachine( 1944): processMsg: ConnectModeState
D/WifiStateMachine( 1944): handleMessage: X
D/HmtAutoSleepManagerService( 1944): boxSleepTime_start=14370000
D/HmtAutoSleepManagerService( 1944): keyTime2=3438708
V/HisiMediaPlayer( 1404): Receive Event: HI_SVR_PLAYER_EVENT_DOWNLOAD_PROGRESS, download progress is 96 
V/HiMediaPlayerManage( 1404): message received msg=3, ext1=96, ext2=0
V/HiMediaPlayerManage( 1404): buffering 96
V/MediaPlayerService( 1404): [9] notify (0x78efd098, 3, 96, 0)
V/HiMediaPlayerManage( 1404): back from callback
V/HisiMediaPlayer( 1404): Receive Event: Current play progress is 95 
V/MediaPlayer( 2144): message received msg=3, ext1=96, ext2=0
V/MediaPlayer( 2144): buffering 96
V/MediaPlayer( 2144): callback application
V/MediaPlayer( 2144): back from callback
V/MediaPlayer( 2144): getCurrentPosition
V/HiMediaPlayerManage( 1404): Call getCurrentPosition IN
W/HiPlayer( 1404): [12:21:57.383] [svr_pctrl.c:6274] #Seek by POS, fixed TimePlayed:2577910
W/HiPlayer( 1404):  
V/HisiMediaPlayer( 1404): HiMediaPlayer::CommandQueue::completeCommand type [7]
V/HisiMediaPlayer( 1404): Complete execute Cmd
V/MediaPlayerService( 1404): [9] getCurrentPosition = 2577910
E/HiPlayer-FFMpeg( 1404): [12:21:57.428]: [FFMPEG_MSG][hi_svr_msg.c:509] invalid param
I/HiPlayer-FFMpeg( 1404): [12:21:57.430]: [hi_svr_format.c,8872] type:3 0 ms, 0 bytes
E/VPP_DLNA_LOG( 2746): [VPPDLNA][DlnaDmcProcAdvrOrSearchResponse][:575]: DlnaCtrlPointProcAdvrOrSearchResponse Failed, Returned Failure Error Code : 1 
V/HisiMediaPlayer( 1404): Receive Event: HI_SVR_PLAYER_EVENT_DOWNLOAD_PROGRESS, download progress is 96 
V/HiMediaPlayerManage( 1404): message received msg=3, ext1=96, ext2=0
V/HiMediaPlayerManage( 1404): buffering 96
V/MediaPlayerService( 1404): [9] notify (0x78efd098, 3, 96, 0)
V/HiMediaPlayerManage( 1404): back from callback
V/HisiMediaPlayer( 1404): Receive Event: Current play progress is 95 
V/MediaPlayer( 2144): message received msg=3, ext1=96, ext2=0
V/MediaPlayer( 2144): buffering 96
V/MediaPlayer( 2144): callback application
V/MediaPlayer( 2144): back from callback
E/HiPlayer-FFMpeg( 1404): [12:21:57.774]: [FFMPEG_MSG][hi_svr_msg.c:509] invalid param
I/HiPlayer-FFMpeg( 1404): [12:21:57.776]: [hi_svr_format.c,8872] type:3 0 ms, 0 bytes
E/HiPlayer-FFMpeg( 1404): [12:21:57.834]: [FFMPEG_MSG][hi_svr_msg.c:509] invalid param
I/HiPlayer-FFMpeg( 1404): [12:21:57.846]: [hi_svr_format.c,8872] type:3 0 ms, 0 bytes
D/HMW     ( 2106): 12:21:57|0003456282|Run|DEBUG|    CfgMgr|2344:HMW_configMgr.cpp:2369:HMW_config_read|code:0|enter Android Version,pName=[Device.LAN.DNSServers], gConfigNative=[0].
I/HMW     ( 2106): 12:21:57|0003456282|Run| INFO|    CfgMgr|2344:HMW_configMgr.cpp:2473:HMW_config_read|code:0|Device.LAN.DNSServers Succeed!
D/HMW     ( 2106): 12:21:57|0003456282|Run|DEBUG|    CfgMgr|2344:HMW_configMgr.cpp:2369:HMW_config_read|code:0|enter Android Version,pName=[Device.LAN.DefaultGateway], gConfigNative=[0].
I/HMW     ( 2106): 12:21:57|0003456282|Run| INFO|    CfgMgr|2344:HMW_configMgr.cpp:2473:HMW_config_read|code:0|Device.LAN.DefaultGateway Succeed!
D/HMW     ( 2106): 12:21:57|0003456282|Run|DEBUG|    CfgMgr|2344:HMW_configMgr.cpp:2369:HMW_config_read|code:0|enter Android Version,pName=[Device.LAN.SubnetMask], gConfigNative=[0].
I/HMW     ( 2106): 12:21:57|0003456282|Run| INFO|    CfgMgr|2344:HMW_configMgr.cpp:2473:HMW_config_read|code:0|Device.LAN.SubnetMask Succeed!
D/HMW     ( 2106): 12:21:57|0003456282|Run|DEBUG|    CfgMgr|2344:HMW_configMgr.cpp:2369:HMW_config_read|code:0|enter Android Version,pName=[Device.LAN.IPAddress], gConfigNative=[0].
I/HMW     ( 2106): 12:21:57|0003456285|Run| INFO|    CfgMgr|2344:HMW_configMgr.cpp:2473:HMW_config_read|code:0|Device.LAN.IPAddress Succeed!
V/MediaPlayer( 2144): getCurrentPosition
V/HiMediaPlayerManage( 1404): Call getCurrentPosition IN
W/HiPlayer( 1404): [12:21:57.889] [svr_pctrl.c:6274] #Seek by POS, fixed TimePlayed:2578433
W/HiPlayer( 1404):  
V/HisiMediaPlayer( 1404): HiMediaPlayer::CommandQueue::completeCommand type [7]
V/HisiMediaPlayer( 1404): Complete execute Cmd
V/MediaPlayerService( 1404): [9] getCurrentPosition = 2578433
E/HiPlayer-FFMpeg( 1404): [12:21:57.956]: [FFMPEG_MSG][hi_svr_msg.c:509] invalid param
I/HiPlayer-FFMpeg( 1404): [12:21:57.957]: [hi_svr_format.c,8872] type:3 0 ms, 0 bytes
V/HisiMediaPlayer( 1404): Receive Event: HI_SVR_PLAYER_EVENT_DOWNLOAD_PROGRESS, download progress is 96 
V/HiMediaPlayerManage( 1404): message received msg=3, ext1=96, ext2=0
V/HiMediaPlayerManage( 1404): buffering 96
V/MediaPlayerService( 1404): [9] notify (0x78efd098, 3, 96, 0)
V/HiMediaPlayerManage( 1404): back from callback
V/HisiMediaPlayer( 1404): Receive Event: Current play progress is 95 
V/MediaPlayer( 2144): message received msg=3, ext1=96, ext2=0
V/MediaPlayer( 2144): buffering 96
V/MediaPlayer( 2144): callback application
V/MediaPlayer( 2144): back from callback
D/WebKit  ( 2144): [fired:116] DOMTimer fired, timer id is 785
D/WebKit  ( 2144): entry PilotMediaPlayer.cpp:getCurrentPlayTime
D/WebKit  ( 2144): [getCurrentPlayTime:383] MediaPlayerJSExt Instance :0x53bb6008,URL :http://202.99.114.10:35809/flyVideo/play.html
V/MediaPlayer( 2144): getCurrentPosition
V/HiMediaPlayerManage( 1404): Call getCurrentPosition IN
W/HiPlayer( 1404): [12:21:58.058] [svr_pctrl.c:6274] #Seek by POS, fixed TimePlayed:2578594
W/HiPlayer( 1404):  
V/HisiMediaPlayer( 1404): HiMediaPlayer::CommandQueue::completeCommand type [7]
V/HisiMediaPlayer( 1404): Complete execute Cmd
V/MediaPlayerService( 1404): [9] getCurrentPosition = 2578594
I/HMW     ( 2144): 12:21:58|0003455875|Run| INFO|MediaJsExt|2419:HMW_mediaPlayerJSExtImpl.cpp:1400:getCurrentPlayTime|code:0|this=0x53bb6008, szTime:2578
D/WebKit  ( 2144): [getCurrentPlayTime:385] szTime:2578
D/WebKit  ( 2144):  exit PilotMediaPlayer.cpp:getCurrentPlayTime used time[1.281023 ms] threadTime[1 ms]
D/WebKit  ( 2144): entry PilotMediaPlayer.cpp:getMediaDuration
D/WebKit  ( 2144): [getMediaDuration:365] MediaPlayerJSExt Instance :0x53bb6008,URL :http://202.99.114.10:35809/flyVideo/play.html
I/HMW     ( 2144): 12:21:58|0003455875|Run| INFO|MediaPlayMgr|2419:HMW_playerMgr.cpp:4703:getParam|code:0|Get player duration!
I/HMW     ( 2144): 12:21:58|0003455875|Run| INFO|MediaJsExt|2419:HMW_mediaPlayerJSExtImpl.cpp:1379:getMediaDuration|code:0|0x53bb6008 getMediaDuration:[2694]
D/WebKit  ( 2144): [getMediaDuration:373] MediaDuration:2694
D/WebKit  ( 2144):  exit PilotMediaPlayer.cpp:getMediaDuration used time[0.327110 ms] threadTime[0 ms]
I/HiPlayer-FFMpeg( 1404): [12:21:58.081]: [hi_svr_format.c,8872] type:3 0 ms, 0 bytes
D/HmtAutoSleepManagerService( 1944): boxSleepTime_start=14369000
D/HmtAutoSleepManagerService( 1944): keyTime2=3438708
V/HisiMediaPlayer( 1404): Receive Event: HI_SVR_PLAYER_EVENT_DOWNLOAD_PROGRESS, download progress is 96 
V/HiMediaPlayerManage( 1404): message received msg=3, ext1=96, ext2=0
V/HiMediaPlayerManage( 1404): buffering 96
V/MediaPlayerService( 1404): [9] notify (0x78efd098, 3, 96, 0)
V/HiMediaPlayerManage( 1404): back from callback
V/HisiMediaPlayer( 1404): Receive Event: Current play progress is 95 
V/MediaPlayer( 2144): message received msg=3, ext1=96, ext2=0
V/MediaPlayer( 2144): buffering 96
V/MediaPlayer( 2144): callback application
V/MediaPlayer( 2144): back from callback
V/MediaPlayer( 2144): getCurrentPosition
V/HiMediaPlayerManage( 1404): Call getCurrentPosition IN
W/HiPlayer( 1404): [12:21:58.395] [svr_pctrl.c:6274] #Seek by POS, fixed TimePlayed:2578937
W/HiPlayer( 1404):  
V/HisiMediaPlayer( 1404): HiMediaPlayer::CommandQueue::completeCommand type [7]
V/HisiMediaPlayer( 1404): Complete execute Cmd
V/MediaPlayerService( 1404): [9] getCurrentPosition = 2578937
V/HisiMediaPlayer( 1404): Receive Event: HI_SVR_PLAYER_EVENT_DOWNLOAD_PROGRESS, download progress is 96 
V/HiMediaPlayerManage( 1404): message received msg=3, ext1=96, ext2=0
V/HiMediaPlayerManage( 1404): buffering 96
V/MediaPlayerService( 1404): [9] notify (0x78efd098, 3, 96, 0)
V/HiMediaPlayerManage( 1404): back from callback
V/HisiMediaPlayer( 1404): Receive Event: Current play progress is 95 
V/MediaPlayer( 2144): message received msg=3, ext1=96, ext2=0
V/MediaPlayer( 2144): buffering 96
V/MediaPlayer( 2144): callback application
V/MediaPlayer( 2144): back from callback
D/HMW     ( 2106): 12:21:58|0003457285|Run|DEBUG|    CfgMgr|2344:HMW_configMgr.cpp:2369:HMW_config_read|code:0|enter Android Version,pName=[Device.LAN.DNSServers], gConfigNative=[0].
I/HMW     ( 2106): 12:21:58|0003457285|Run| INFO|    CfgMgr|2344:HMW_configMgr.cpp:2473:HMW_config_read|code:0|Device.LAN.DNSServers Succeed!
D/HMW     ( 2106): 12:21:58|0003457288|Run|DEBUG|    CfgMgr|2344:HMW_configMgr.cpp:2369:HMW_config_read|code:0|enter Android Version,pName=[Device.LAN.DefaultGateway], gConfigNative=[0].
I/HMW     ( 2106): 12:21:58|0003457288|Run| INFO|    CfgMgr|2344:HMW_configMgr.cpp:2473:HMW_config_read|code:0|Device.LAN.DefaultGateway Succeed!
E/HiPlayer-FFMpeg( 1404): [12:21:58.868]: [FFMPEG_MSG][hi_svr_msg.c:509] invalid param
D/HMW     ( 2106): 12:21:58|0003457288|Run|DEBUG|    CfgMgr|2344:HMW_configMgr.cpp:2369:HMW_config_read|code:0|enter Android Version,pName=[Device.LAN.SubnetMask], gConfigNative=[0].
I/HMW     ( 2106): 12:21:58|0003457288|Run| INFO|    CfgMgr|2344:HMW_configMgr.cpp:2473:HMW_config_read|code:0|Device.LAN.SubnetMask Succeed!
I/HiPlayer-FFMpeg( 1404): [12:21:58.869]: [hi_svr_format.c,8872] type:3 0 ms, 0 bytes
D/HMW     ( 2106): 12:21:58|0003457288|Run|DEBUG|    CfgMgr|2344:HMW_configMgr.cpp:2369:HMW_config_read|code:0|enter Android Version,pName=[Device.LAN.IPAddress], gConfigNative=[0].
I/HMW     ( 2106): 12:21:58|0003457288|Run| INFO|    CfgMgr|2344:HMW_configMgr.cpp:2473:HMW_config_read|code:0|Device.LAN.IPAddress Succeed!
V/HisiMediaPlayer( 1404): Receive Event: HI_SVR_PLAYER_EVENT_DOWNLOAD_PROGRESS, download progress is 96 
V/HiMediaPlayerManage( 1404): message received msg=3, ext1=96, ext2=0
V/HiMediaPlayerManage( 1404): buffering 96
V/MediaPlayerService( 1404): [9] notify (0x78efd098, 3, 96, 0)
V/HiMediaPlayerManage( 1404): back from callback
V/MediaPlayer( 2144): message received msg=3, ext1=96, ext2=0
V/MediaPlayer( 2144): buffering 96
V/MediaPlayer( 2144): callback application
V/MediaPlayer( 2144): back from callback
V/HisiMediaPlayer( 1404): Receive Event: Current play progress is 95 
V/MediaPlayer( 2144): getCurrentPosition
V/HiMediaPlayerManage( 1404): Call getCurrentPosition IN
W/HiPlayer( 1404): [12:21:58.901] [svr_pctrl.c:6274] #Seek by POS, fixed TimePlayed:2579440
W/HiPlayer( 1404):  
V/HisiMediaPlayer( 1404): HiMediaPlayer::CommandQueue::completeCommand type [7]
V/HisiMediaPlayer( 1404): Complete execute Cmd
V/MediaPlayerService( 1404): [9] getCurrentPosition = 2579440
I/service_ScocketSendThread( 2883): parse receive register sqm  data failed ,because :java.net.SocketTimeoutException
W/System.err( 2883): java.net.SocketTimeoutException
W/System.err( 2883): 	at java.net.PlainSocketImpl.read(PlainSocketImpl.java:491)
W/System.err( 2883): 	at java.net.PlainSocketImpl.access$000(PlainSocketImpl.java:46)
W/System.err( 2883): 	at java.net.PlainSocketImpl$PlainSocketInputStream.read(PlainSocketImpl.java:240)
W/System.err( 2883): 	at com.huawei.analytics.y.a(SourceFile:82)
W/System.err( 2883): 	at com.huawei.analytics.y.run(SourceFile:52)
I/service_ScocketSendThread( 2883): prepare receive data......
D/HMW     ( 2144): 12:21:59|0003456823|Run|DEBUG|       HAL|2437:HMW_disk_core.c:3030:DSK_Core_ListenForAndroidBasic|code:0|listen start!
I/HMW     ( 2144): 12:21:59|0003456823|Run| INFO|       HAL|2437:HMW_disk_core.c:2285:DSK_Core_ParsePrimalDiskInfoBasic|code:0|Enter HMW_disk_parsePrimalDiskInfoForAndroid
I/HMW     ( 2144): 12:21:59|0003456823|Run| INFO|       HAL|2437:HMW_disk_core.c:2743:DSK_Core_CheckForAndroidBasic|code:0|============Old diskCount=0, olddisk[0], partion_cn[0]
I/HMW     ( 2144): 12:21:59|0003456823|Run| INFO|       HAL|2437:HMW_disk_core.c:151:DSK_Core_PrintDiskInfo|code:0|******
I/HMW     ( 2144): NodeName=
I/HMW     ( 2144): DirName=
I/HMW     ( 2144): MountStatus=0
I/HMW     ( 2144): bPluged=0
I/HMW     ( 2144): connectedPort=0
I/HMW     ( 2144): PartCnt=0  
I/HMW     ( 2144): 12:21:59|0003456823|Run| INFO|       HAL|2437:HMW_disk_core.c:2743:DSK_Core_CheckForAndroidBasic|code:0|============Old diskCount=0, olddisk[1], partion_cn[0]
I/HMW     ( 2144): 12:21:59|0003456823|Run| INFO|       HAL|2437:HMW_disk_core.c:151:DSK_Core_PrintDiskInfo|code:0|******
I/HMW     ( 2144): NodeName=
I/HMW     ( 2144): DirName=
I/HMW     ( 2144): MountStatus=0
I/HMW     ( 2144): bPluged=0
I/HMW     ( 2144): connectedPort=0
I/HMW     ( 2144): PartCnt=0  
I/HMW     ( 2144): 12:21:59|0003456823|Run| INFO|       HAL|2437:HMW_disk_core.c:2743:DSK_Core_CheckForAndroidBasic|code:0|============Old diskCount=0, olddisk[2], partion_cn[0]
I/HMW     ( 2144): 12:21:59|0003456826|Run| INFO|       HAL|2437:HMW_disk_core.c:151:DSK_Core_PrintDiskInfo|code:0|******
I/HMW     ( 2144): NodeName=
I/HMW     ( 2144): DirName=
I/HMW     ( 2144): MountStatus=0
I/HMW     ( 2144): bPluged=0
I/HMW     ( 2144): connectedPort=0
I/HMW     ( 2144): PartCnt=0  
I/HMW     ( 2144): 12:21:59|0003456826|Run| INFO|       HAL|2437:HMW_disk_core.c:2743:DSK_Core_CheckForAndroidBasic|code:0|============Old diskCount=0, olddisk[3], partion_cn[0]
I/HMW     ( 2144): 12:21:59|0003456826|Run| INFO|       HAL|2437:HMW_disk_core.c:151:DSK_Core_PrintDiskInfo|code:0|******
I/HMW     ( 2144): NodeName=
I/HMW     ( 2144): DirName=
I/HMW     ( 2144): MountStatus=0
I/HMW     ( 2144): bPluged=0
I/HMW     ( 2144): connectedPort=0
I/HMW     ( 2144): PartCnt=0  
I/HMW     ( 2144): 12:21:59|0003456826|Run| INFO|       HAL|2437:HMW_disk_core.c:2743:DSK_Core_CheckForAndroidBasic|code:0|============Old diskCount=0, olddisk[4], partion_cn[0]
I/HMW     ( 2144): 12:21:59|0003456826|Run| INFO|       HAL|2437:HMW_disk_core.c:151:DSK_Core_PrintDiskInfo|code:0|******
I/HMW     ( 2144): NodeName=
I/HMW     ( 2144): DirName=
I/HMW     ( 2144): MountStatus=0
I/HMW     ( 2144): bPluged=0
I/HMW     ( 2144): connectedPort=0
I/HMW     ( 2144): PartCnt=0  
I/HMW     ( 2144): 12:21:59|0003456826|Run| INFO|       HAL|2437:HMW_disk_core.c:2743:DSK_Core_CheckForAndroidBasic|code:0|============Old diskCount=0, olddisk[5], partion_cn[0]
I/HMW     ( 2144): 12:21:59|0003456826|Run| INFO|       HAL|2437:HMW_disk_core.c:151:DSK_Core_PrintDiskInfo|code:0|******
I/HMW     ( 2144): NodeName=
I/HMW     ( 2144): DirName=
I/HMW     ( 2144): MountStatus=0
I/HMW     ( 2144): bPluged=0
I/HMW     ( 2144): connectedPort=0
I/HMW     ( 2144): PartCnt=0  
I/HMW     ( 2144): 12:21:59|0003456826|Run| INFO|       HAL|2437:HMW_disk_core.c:2743:DSK_Core_CheckForAndroidBasic|code:0|============Old diskCount=0, olddisk[6], partion_cn[0]
I/HMW     ( 2144): 12:21:59|0003456826|Run| INFO|       HAL|2437:HMW_disk_core.c:151:DSK_Core_PrintDiskInfo|code:0|******
I/HMW     ( 2144): NodeName=
I/HMW     ( 2144): DirName=
I/HMW     ( 2144): MountStatus=0
I/HMW     ( 2144): bPluged=0
I/HMW     ( 2144): connectedPort=0
I/HMW     ( 2144): PartCnt=0  
I/HMW     ( 2144): 12:21:59|0003456826|Run| INFO|       HAL|2437:HMW_disk_core.c:2743:DSK_Core_CheckForAndroidBasic|code:0|============Old diskCount=0, olddisk[7], partion_cn[0]
I/HMW     ( 2144): 12:21:59|0003456826|Run| INFO|       HAL|2437:HMW_disk_core.c:151:DSK_Core_PrintDiskInfo|code:0|******
I/HMW     ( 2144): NodeName=
I/HMW     ( 2144): DirName=
I/HMW     ( 2144): MountStatus=0
I/HMW     ( 2144): bPluged=0
I/HMW     ( 2144): connectedPort=0
I/HMW     ( 2144): PartCnt=0  
I/HMW     ( 2144): 12:21:59|0003456826|Run| INFO|       HAL|2437:HMW_disk_core.c:2743:DSK_Core_CheckForAndroidBasic|code:0|============Old diskCount=0, olddisk[8], partion_cn[0]
I/HMW     ( 2144): 12:21:59|0003456826|Run| INFO|       HAL|2437:HMW_disk_core.c:151:DSK_Core_PrintDiskInfo|code:0|******
I/HMW     ( 2144): NodeName=
I/HMW     ( 2144): DirName=
I/HMW     ( 2144): MountStatus=0
I/HMW     ( 2144): bPluged=0
I/HMW     ( 2144): connectedPort=0
I/HMW     ( 2144): PartCnt=0  
I/HMW     ( 2144): 12:21:59|0003456826|Run| INFO|       HAL|2437:HMW_disk_core.c:2743:DSK_Core_CheckForAndroidBasic|code:0|============Old diskCount=0, olddisk[9], partion_cn[0]
I/HMW     ( 2144): 12:21:59|0003456826|Run| INFO|       HAL|2437:HMW_disk_core.c:151:DSK_Core_PrintDiskInfo|code:0|******
I/HMW     ( 2144): NodeName=
I/HMW     ( 2144): DirName=
I/HMW     ( 2144): MountStatus=0
I/HMW     ( 2144): bPluged=0
I/HMW     ( 2144): connectedPort=0
I/HMW     ( 2144): PartCnt=0  
I/HMW     ( 2144): 12:21:59|0003456826|Run| INFO|       HAL|2437:HMW_disk.c:867:HMW_disk_diskCount|code:0|get diskCount[0]!
E/VPP_DLNA_LOG( 2746): [VPPDLNA][Check_Connect_And_Wait_Connection][:156]:  select timeout
D/WebKit  ( 2144): [fired:116] DOMTimer fired, timer id is 785
D/WebKit  ( 2144): entry PilotMediaPlayer.cpp:getCurrentPlayTime
D/WebKit  ( 2144): [getCurrentPlayTime:383] MediaPlayerJSExt Instance :0x53bb6008,URL :http://202.99.114.10:35809/flyVideo/play.html
V/MediaPlayer( 2144): getCurrentPosition
V/HiMediaPlayerManage( 1404): Call getCurrentPosition IN
W/HiPlayer( 1404): [12:21:59.059] [svr_pctrl.c:6274] #Seek by POS, fixed TimePlayed:2579602
W/HiPlayer( 1404):  
V/HisiMediaPlayer( 1404): HiMediaPlayer::CommandQueue::completeCommand type [7]
V/HisiMediaPlayer( 1404): Complete execute Cmd
V/MediaPlayerService( 1404): [9] getCurrentPosition = 2579602
I/HMW     ( 2144): 12:21:59|0003456878|Run| INFO|MediaJsExt|2419:HMW_mediaPlayerJSExtImpl.cpp:1400:getCurrentPlayTime|code:0|this=0x53bb6008, szTime:2579
D/WebKit  ( 2144): [getCurrentPlayTime:385] szTime:2579
D/WebKit  ( 2144):  exit PilotMediaPlayer.cpp:getCurrentPlayTime used time[1.245975 ms] threadTime[1 ms]
D/WebKit  ( 2144): entry PilotMediaPlayer.cpp:getMediaDuration
D/WebKit  ( 2144): [getMediaDuration:365] MediaPlayerJSExt Instance :0x53bb6008,URL :http://202.99.114.10:35809/flyVideo/play.html
I/HMW     ( 2144): 12:21:59|0003456878|Run| INFO|MediaPlayMgr|2419:HMW_playerMgr.cpp:4703:getParam|code:0|Get player duration!
I/HMW     ( 2144): 12:21:59|0003456878|Run| INFO|MediaJsExt|2419:HMW_mediaPlayerJSExtImpl.cpp:1379:getMediaDuration|code:0|0x53bb6008 getMediaDuration:[2694]
D/WebKit  ( 2144): [getMediaDuration:373] MediaDuration:2694
D/WebKit  ( 2144):  exit PilotMediaPlayer.cpp:getMediaDuration used time[0.307083 ms] threadTime[0 ms]
I/HiPlayer-FFMpeg( 1404): [12:21:59.084]: [hi_svr_format.c,8872] type:3 0 ms, 0 bytes
E/HisiMediaPlayer( 1404): Receive Event: HI_SVR_PLAYER_EVENT_BUTT or UNKOWN EVENT[16]
V/HisiMediaPlayer( 1404): Receive Event: HI_SVR_PLAYER_EVENT_BUFFER_STATE 
V/HisiMediaPlayer( 1404): HI_SVR_PLAYER_EVENT_BUFFER unknow bufferType:4 
V/HisiMediaPlayer( 1404): Receive Event: HI_SVR_PLAYER_EVENT_DOWNLOAD_PROGRESS, download progress is 96 
V/HiMediaPlayerManage( 1404): message received msg=3, ext1=96, ext2=0
V/HiMediaPlayerManage( 1404): buffering 96
V/MediaPlayerService( 1404): [9] notify (0x78efd098, 3, 96, 0)
V/HiMediaPlayerManage( 1404): back from callback
V/HisiMediaPlayer( 1404): Receive Event: Current play progress is 95 
V/MediaPlayer( 2144): message received msg=3, ext1=96, ext2=0
V/MediaPlayer( 2144): buffering 96
V/MediaPlayer( 2144): callback application
V/MediaPlayer( 2144): back from callback
D/HmtAutoSleepManagerService( 1944): boxSleepTime_start=14368000
D/HmtAutoSleepManagerService( 1944): keyTime2=3438708
E/HiPlayer-FFMpeg( 1404): [12:21:59.364]: [FFMPEG_MSG][hi_svr_msg.c:509] invalid param
I/HiPlayer-FFMpeg( 1404): [12:21:59.365]: [hi_svr_format.c,8872] type:3 0 ms, 0 bytes
V/MediaPlayer( 2144): getCurrentPosition
V/HiMediaPlayerManage( 1404): Call getCurrentPosition IN
W/HiPlayer( 1404): [12:21:59.407] [svr_pctrl.c:6274] #Seek by POS, fixed TimePlayed:2579964
W/HiPlayer( 1404):  
V/HisiMediaPlayer( 1404): HiMediaPlayer::CommandQueue::completeCommand type [7]
