05-25 01:22:54.396 20578 20580 D dalvikvm: GC_CONCURRENT freed 94K, 23% free 29004K/37652K, paused 4ms+14ms, total 83ms
05-25 01:22:54.396 20578 20639 D dalvikvm: WAIT_FOR_CONCURRENT_GC blocked 23ms
05-25 01:22:54.404  2119  2377 D HMW     :  1:22:54|0001538768|Run|DEBUG|    CfgMgr|0x00000949:HMW_configMgr.cpp:2371:HMW_config_read|code:0|enter Android Version,pName=[Device.LAN.DNSServers], gConfigNative=[0].
05-25 01:22:54.404  2119  2377 I HMW     :  1:22:54|0001538768|Run| INFO|    CfgMgr|0x00000949:HMW_configMgr.cpp:2474:HMW_config_read|code:0|Device.LAN.DNSServers Succeed!
05-25 01:22:54.405  2119  2377 D HMW     :  1:22:54|0001538768|Run|DEBUG|    CfgMgr|0x00000949:HMW_configMgr.cpp:2371:HMW_config_read|code:0|enter Android Version,pName=[Device.LAN.DefaultGateway], gConfigNative=[0].
05-25 01:22:54.405  2119  2377 I HMW     :  1:22:54|0001538768|Run| INFO|    CfgMgr|0x00000949:HMW_configMgr.cpp:2474:HMW_config_read|code:0|Device.LAN.DefaultGateway Succeed!
05-25 01:22:54.405  2119  2377 D HMW     :  1:22:54|0001538771|Run|DEBUG|    CfgMgr|0x00000949:HMW_configMgr.cpp:2371:HMW_config_read|code:0|enter Android Version,pName=[Device.LAN.SubnetMask], gConfigNative=[0].
05-25 01:22:54.405  2119  2377 I HMW     :  1:22:54|0001538771|Run| INFO|    CfgMgr|0x00000949:HMW_configMgr.cpp:2474:HMW_config_read|code:0|Device.LAN.SubnetMask Succeed!
05-25 01:22:54.406  2119  2377 D HMW     :  1:22:54|0001538771|Run|DEBUG|    CfgMgr|0x00000949:HMW_configMgr.cpp:2371:HMW_config_read|code:0|enter Android Version,pName=[Device.LAN.IPAddress], gConfigNative=[0].
05-25 01:22:54.406  2119  2377 I HMW     :  1:22:54|0001538771|Run| INFO|    CfgMgr|0x00000949:HMW_configMgr.cpp:2474:HMW_config_read|code:0|Device.LAN.IPAddress Succeed!
05-25 01:22:54.495 20578 20578 I DUI     : MainTempletRcvAdapter->onBindViewHolder position:  1   templetId:   DSJtbxb1YSTdc00005656->
05-25 01:22:54.497 20578 20578 I DUI     : TempletControler->getDatas->current position in templet list 1 attempt to getDatas current templet is PageTempletInstanceModel [templetInstanceID=DSJtbxb1YSTdc00005656, templetInstancetName=, templetInstanceDesc=, parentTemplet=com.huawei.video4k.http.responsebody.PageTempletModel@2d7ac128, templetInstanceOrder=2, list=null, source=0, showMongolia=0, showTempletName=0, picture=http://202.99.114.14:18990/upload/poster/201807/img2018071211055169277.png, isChangeBgSwitch=0]
05-25 01:22:54.498 20578 20578 I DUI     : CacheUtils->getTempletContentListCache->no templetContentList in cache for categoryId
05-25 01:22:54.498 20578 20578 I DUI     : TempletControler->getDatas->get content list from cache is empty then to getDatas current position in templet list 1
05-25 01:22:54.499 20578 20578 D DUI     : HttpConnect->sendGetContentByTempletInstanceID->body.templetInstanceID=DSJtbxb1YSTdc00005656
05-25 01:22:54.500 20578 20578 I DUI     : TempletControler->onSuccess->currentPosition in templet list 1 get data onSuccess current templet is PageTempletInstanceModel [templetInstanceID=DSJtbxb1YSTdc00005656, templetInstancetName=, templetInstanceDesc=, parentTemplet=com.huawei.video4k.http.responsebody.PageTempletModel@2d7ac128, templetInstanceOrder=2, list=null, source=0, showMongolia=0, showTempletName=0, picture=http://202.99.114.14:18990/upload/poster/201807/img2018071211055169277.png, isChangeBgSwitch=0]
05-25 01:22:54.506 20578 20578 I DUI     : TempletControler->onSuccess->getTempletInstanceContentList current position in templet list 1
05-25 01:22:54.506 20578 20578 I DUI     : CacheUtils->cacheTempletContentList-> categoryId or templetInstanceID or contentList is Empty 
05-25 01:22:54.506 20578 20578 I DUI     : TempletControlFourRecommend->setDatas->datas is   not null 
05-25 01:22:54.506 20578 20578 I DUI     : TempletControler->setTitle->tvTitle is not null
05-25 01:22:54.507 20578 20578 I DUI     : TempletControler->setTitle->instance name is 
05-25 01:22:54.507 20578 20578 I DUI     : TempletControlFourRecommend->setDatas->itemCount=11
05-25 01:22:54.508 20578 20578 I DUI     : TempletControlFourRecommend->setDatas->i=0
05-25 01:22:54.509 20578 20578 I DUI     : TempletControlFourRecommend->setDatas->i=0, getItemCount()=4
05-25 01:22:54.509 20578 20578 I DUI     : TempletControler->FoucsShow =->0 linear = 2131166658, brief2131166659
05-25 01:22:54.511 20578 20578 I DUI     : TempletControlFourRecommend->setDatas->name===全世界最好的你---url==null--corner===null
05-25 01:22:54.511 20578 20578 D DUI     : TempletControlFourRecommend->精选->positionInTempletLayouts = 1
05-25 01:22:54.512 20578 20578 I DUI     : TempletControlFourRecommend->setDatas->i=1
05-25 01:22:54.513 20578 20578 I DUI     : TempletControlFourRecommend->setDatas->i=1, getItemCount()=4
05-25 01:22:54.513 20578 20578 I DUI     : TempletControler->FoucsShow =->0 linear = 2131166658, brief2131166659
05-25 01:22:54.515 20578 20578 I DUI     : TempletControlFourRecommend->setDatas->name===长相守---url==null--corner===null
05-25 01:22:54.515 20578 20578 D DUI     : TempletControlFourRecommend->精选->positionInTempletLayouts = 1
05-25 01:22:54.516 20578 20578 I DUI     : TempletControlFourRecommend->setDatas->i=2
05-25 01:22:54.517 20578 20578 I DUI     : TempletControlFourRecommend->setDatas->i=2, getItemCount()=4
05-25 01:22:54.518 20578 20578 I DUI     : TempletControler->FoucsShow =->0 linear = 2131166658, brief2131166659
05-25 01:22:54.520 20578 20578 I DUI     : TempletControlFourRecommend->setDatas->name===侠探简不知---url==null--corner===null
05-25 01:22:54.520 20578 20578 D DUI     : TempletControlFourRecommend->精选->positionInTempletLayouts = 1
05-25 01:22:54.521 20578 20578 I DUI     : TempletControlFourRecommend->setDatas->i=3
05-25 01:22:54.521 20578 20578 I DUI     : TempletControlFourRecommend->setDatas->i=3, getItemCount()=4
05-25 01:22:54.522 20578 20578 I DUI     : TempletControler->FoucsShow =->0 linear = 2131166658, brief2131166659
05-25 01:22:54.524 20578 20578 I DUI     : TempletControlFourRecommend->setDatas->name===猎狐---url==http://202.99.114.14:18990/upload/poster/202005/img2020051814403634496.png--corner===‮‮‮‮                               
05-25 01:22:54.525 20578 20578 D DUI     : TempletControlFourRecommend->精选->positionInTempletLayouts = 1
05-25 01:22:54.538  1921  1959 D WindowManager: interceptKeyTi keyCode=22 down=true repeatCount=1 keyguardOn=false mHomePressed=false canceled=false runScreenSaver=true
05-25 01:22:54.538  1921  1959 D WindowManager: interceptKeyTp result=0
05-25 01:22:54.565  2524 13907 I ScreensaverService: 屏保倒计时7
05-25 01:22:54.577 20578 20640 D dalvikvm: GC_FOR_ALLOC freed 1696K, 23% free 29124K/37652K, paused 49ms, total 50ms
05-25 01:22:54.578 20578 20578 I DUI     : TempletControler->      getDatas->get content list from search?0
05-25 01:22:54.591 20578 20578 I DUI     : TempletManager->getControlByPosition->position is 1 holder is not null holder.controler is not null this holder is class com.huawei.video4k.b.ci$a
05-25 01:22:54.591 20578 20578 I DUI     : TempletManager->getControlByPosition->position is 1 holder is not null holder.controler is not null this holder is class com.huawei.video4k.b.ci$a
05-25 01:22:54.591 20578 20578 I DUI     : TempletManager->getControlByPosition->position is 1 holder is not null holder.controler is not null this holder is class com.huawei.video4k.b.ci$a
05-25 01:22:54.591 20578 20578 I DUI     : TempletManager->getControlByPosition->position is 1 holder is not null holder.controler is not null this holder is class com.huawei.video4k.b.ci$a
05-25 01:22:54.591 20578 20578 I DUI     : TempletManager->getControlByPosition->position is 1 holder is not null holder.controler is not null this holder is class com.huawei.video4k.b.ci$a
05-25 01:22:54.591  2175  2510 I HMW     :  1:22:54|0001538202|Run| INFO|   MONITOR|0x000009ce:HMW_main.cpp:867:MonitorCPUMemory|code:2|CPU usage [66 ] MEM usage [73 ] at [1538199] monitor write media[0]
05-25 01:22:54.591 20578 20578 I DUI     : TempletManager->getControlByPosition->position is 1 holder is not null holder.controler is not null this holder is class com.huawei.video4k.b.ci$a
05-25 01:22:54.596 20578 20578 I DUI     : TempletManager->getControlByPosition->position is 1 holder is not null holder.controler is not null this holder is class com.huawei.video4k.b.ci$a
05-25 01:22:54.596  2175  2510 I HMW     :  1:22:54|0001538206|Run| INFO|   MONITOR|0x000009ce:HMW_main.cpp:643:DisplayMallinfo|code:2|arena:8161928 bytes, ordblks:56, smblks:0, hblks:0, hblkhd:9725304 bytes, usmblks:18079744 bytes, fsmblks:0 bytes, uordblks:17699632 bytes, fordblks:187600 bytes, keepcost:1080 bytes
05-25 01:22:54.597 20578 20578 I DUI     : TempletManager->getControlByPosition->position is 1 holder is not null holder.controler is not null this holder is class com.huawei.video4k.b.ci$a
05-25 01:22:54.643 20578 20640 D dalvikvm: GC_FOR_ALLOC freed 549K, 22% free 29736K/37652K, paused 45ms, total 46ms
05-25 01:22:54.644 20578 20578 I DUI     : TempletManager->getControlByPosition->position is 1 holder is not null holder.controler is not null this holder is class com.huawei.video4k.b.ci$a
05-25 01:22:54.645 20578 20578 I DUI     : TempletManager->getControlByPosition->position is 1 holder is not null holder.controler is not null this holder is class com.huawei.video4k.b.ci$a
05-25 01:22:54.646 20578 20578 I DUI     : TempletManager->getControlByPosition->position is 1 holder is not null holder.controler is not null this holder is class com.huawei.video4k.b.ci$a
05-25 01:22:54.646 20578 20578 I DUI     : TempletManager->getControlByPosition->position is 1 holder is not null holder.controler is not null this holder is class com.huawei.video4k.b.ci$a
05-25 01:22:54.647 20578 20578 I DUI     : TempletManager->getControlByPosition->position is 1 holder is not null holder.controler is not null this holder is class com.huawei.video4k.b.ci$a
05-25 01:22:54.648 20578 20578 I DUI     : TempletManager->getControlByPosition->position is 1 holder is not null holder.controler is not null this holder is class com.huawei.video4k.b.ci$a
05-25 01:22:54.648 20578 20578 I DUI     : TempletManager->getControlByPosition->position is 1 holder is not null holder.controler is not null this holder is class com.huawei.video4k.b.ci$a
05-25 01:22:54.696 20578 20640 D dalvikvm: GC_FOR_ALLOC freed 750K, 19% free 30505K/37652K, paused 46ms, total 46ms
05-25 01:22:54.786 20578 20640 D dalvikvm: GC_FOR_ALLOC freed 1536K, 19% free 30785K/37652K, paused 45ms, total 45ms
05-25 01:22:54.868 20578 20578 I DUI     : MainTempletRcvAdapter->onBindViewHolder position:  2   templetId:   DSJxb24xsYSTdc00005656->
05-25 01:22:54.869 20578 20578 I DUI     : TempletControler->getDatas->current position in templet list 2 attempt to getDatas current templet is PageTempletInstanceModel [templetInstanceID=DSJxb24xsYSTdc00005656, templetInstancetName=最新剧集, templetInstanceDesc=, parentTemplet=com.huawei.video4k.http.responsebody.PageTempletModel@2da04c78, templetInstanceOrder=3, list=null, source=0, showMongolia=0, showTempletName=1, picture=http://202.99.114.14:18990/upload/poster/201807/img2018071211055169277.png, isChangeBgSwitch=0]
05-25 01:22:54.869 20578 20578 I DUI     : CacheUtils->getTempletContentListCache->no templetContentList in cache for categoryId
05-25 01:22:54.869 20578 20578 I DUI     : TempletControler->getDatas->get content list from cache is empty then to getDatas current position in templet list 2
05-25 01:22:54.869 20578 20578 D DUI     : HttpConnect->sendGetContentByTempletInstanceID->body.templetInstanceID=DSJxb24xsYSTdc00005656
05-25 01:22:54.870 20578 20578 I DUI     : TempletControler->onSuccess->currentPosition in templet list 2 get data onSuccess current templet is PageTempletInstanceModel [templetInstanceID=DSJxb24xsYSTdc00005656, templetInstancetName=最新剧集, templetInstanceDesc=, parentTemplet=com.huawei.video4k.http.responsebody.PageTempletModel@2da04c78, templetInstanceOrder=3, list=null, source=0, showMongolia=0, showTempletName=1, picture=http://202.99.114.14:18990/upload/poster/201807/img2018071211055169277.png, isChangeBgSwitch=0]
05-25 01:22:54.870 20578 20578 I DUI     : TempletControler->onSuccess->getTempletInstanceContentList current position in templet list 2
05-25 01:22:54.870 20578 20578 I DUI     : CacheUtils->cacheTempletContentList-> categoryId or templetInstanceID or contentList is Empty 
05-25 01:22:54.870 20578 20578 I DUI     : TempletControlFourRecommend->setDatas->datas is   not null 
05-25 01:22:54.870 20578 20578 I DUI     : TempletControler->setTitle->tvTitle is not null
05-25 01:22:54.870 20578 20578 I DUI     : TempletControler->setTitle->instance name is 最新剧集
05-25 01:22:54.870 20578 20578 I DUI     : TempletControlFourRecommend->setDatas->itemCount=12
05-25 01:22:54.870 20578 20578 I DUI     : TempletControlFourRecommend->setDatas->i=0
05-25 01:22:54.870 20578 20578 I DUI     : TempletControlFourRecommend->setDatas->i=0, getItemCount()=4
05-25 01:22:54.871 20578 20578 I DUI     : TempletControler->FoucsShow =->0 linear = 2131166658, brief2131166659
05-25 01:22:54.872 20578 20578 I DUI     : TempletControlFourRecommend->setDatas->name===有你才有家---url==null--corner===null
05-25 01:22:54.872 20578 20578 D DUI     : TempletControlFourRecommend->精选->positionInTempletLayouts = 2
05-25 01:22:54.873 20578 20578 I DUI     : TempletControlFourRecommend->setDatas->i=1
05-25 01:22:54.873 20578 20578 I DUI     : TempletControlFourRecommend->setDatas->i=1, getItemCount()=4
05-25 01:22:54.873 20578 20578 I DUI     : TempletControler->FoucsShow =->0 linear = 2131166658, brief2131166659
05-25 01:22:54.875 20578 20578 I DUI     : TempletControlFourRecommend->setDatas->name===硝烟散尽---url==null--corner===null
05-25 01:22:54.875 20578 20578 D DUI     : TempletControlFourRecommend->精选->positionInTempletLayouts = 2
05-25 01:22:54.876 20578 20578 I DUI     : TempletControlFourRecommend->setDatas->i=2
05-25 01:22:54.876 20578 20578 I DUI     : TempletControlFourRecommend->setDatas->i=2, getItemCount()=4
05-25 01:22:54.877 20578 20578 I DUI     : TempletControler->FoucsShow =->0 linear = 2131166658, brief2131166659
05-25 01:22:54.878 20578 20578 I DUI     : TempletControlFourRecommend->setDatas->name===花繁叶茂---url==null--corner===null
05-25 01:22:54.878 20578 20578 D DUI     : TempletControlFourRecommend->精选->positionInTempletLayouts = 2
05-25 01:22:54.879 20578 20578 D DUI     : ShowImageCutUtil->->setCorner
05-25 01:22:54.879 20578 20578 I DUI     : TempletControlFourRecommend->setDatas->i=3
05-25 01:22:54.879 20578 20578 I DUI     : TempletControlFourRecommend->setDatas->i=3, getItemCount()=4
05-25 01:22:54.880 20578 20578 I DUI     : TempletControler->FoucsShow =->0 linear = 2131166658, brief2131166659
05-25 01:22:54.881 20578 20578 I DUI     : TempletControlFourRecommend->setDatas->name===天涯热土---url==http://202.99.114.14:18990/upload/poster/201803/img2018031314122026112.jpg--corner===限时免费
05-25 01:22:54.881 20578 20578 D DUI     : TempletControlFourRecommend->精选->positionInTempletLayouts = 2
05-25 01:22:54.882 20578 20578 I DUI     : TempletControler->      getDatas->get content list from search?0
05-25 01:22:54.889 20578 20578 I DUI     : TempletManager->getControlByPosition->position is 2 holder is not null holder.controler is not null this holder is class com.huawei.video4k.b.ci$a
05-25 01:22:54.889 20578 20578 I DUI     : TempletManager->getControlByPosition->position is 2 holder is not null holder.controler is not null this holder is class com.huawei.video4k.b.ci$a
05-25 01:22:54.889 20578 20578 I DUI     : TempletManager->getControlByPosition->position is 2 holder is not null holder.controler is not null this holder is class com.huawei.video4k.b.ci$a
05-25 01:22:54.890 20578 20578 I DUI     : TempletManager->getControlByPosition->position is 2 holder is not null holder.controler is not null this holder is class com.huawei.video4k.b.ci$a
05-25 01:22:54.890 20578 20578 I DUI     : TempletManager->getControlByPosition->position is 2 holder is not null holder.controler is not null this holder is class com.huawei.video4k.b.ci$a
05-25 01:22:54.890 20578 20578 I DUI     : TempletManager->getControlByPosition->position is 2 holder is not null holder.controler is not null this holder is class com.huawei.video4k.b.ci$a
05-25 01:22:54.891 20578 20578 I DUI     : TempletManager->getControlByPosition->position is 2 holder is not null holder.controler is not null this holder is class com.huawei.video4k.b.ci$a
05-25 01:22:54.891 20578 20578 I DUI     : TempletManager->getControlByPosition->position is 2 holder is not null holder.controler is not null this holder is class com.huawei.video4k.b.ci$a
05-25 01:22:54.891 20578 20578 I DUI     : TempletManager->getControlByPosition->position is 2 holder is not null holder.controler is not null this holder is class com.huawei.video4k.b.ci$a
05-25 01:22:54.892 20578 20578 I DUI     : TempletManager->getControlByPosition->position is 2 holder is not null holder.controler is not null this holder is class com.huawei.video4k.b.ci$a
05-25 01:22:54.892 20578 20578 I DUI     : TempletManager->getControlByPosition->position is 2 holder is not null holder.controler is not null this holder is class com.huawei.video4k.b.ci$a
05-25 01:22:54.892 20578 20578 I DUI     : TempletManager->getControlByPosition->position is 2 holder is not null holder.controler is not null this holder is class com.huawei.video4k.b.ci$a
05-25 01:22:54.892 20578 20578 I DUI     : TempletManager->getControlByPosition->position is 2 holder is not null holder.controler is not null this holder is class com.huawei.video4k.b.ci$a
05-25 01:22:54.893 20578 20578 I DUI     : TempletManager->getControlByPosition->position is 2 holder is not null holder.controler is not null this holder is class com.huawei.video4k.b.ci$a
05-25 01:22:54.893 20578 20578 I DUI     : TempletManager->getControlByPosition->position is 2 holder is not null holder.controler is not null this holder is class com.huawei.video4k.b.ci$a
05-25 01:22:54.920 20578 20578 I DUI     : zzz->onInterceptFocusSearch , fromPos = ->3 , count = 16 , lastVisibleItemPos = 10, size = 11
05-25 01:22:54.923 20578 20578 I DUI     : MainMenuAdapter->target-->left:->421   right:495
05-25 01:22:54.927 20578 20578 D DUI     : MainMenuAdapter->onModuleFocused->focused=true  count=11   itemView=null
05-25 01:22:54.928 20578 20578 D DUI     : Time->->stayTime:2
05-25 01:22:54.929 20578 20578 D DUI     : Time->->startTime:1590369774929
05-25 01:22:54.931 20578 20578 D DUI     : Time->Time:->20200525012254 
05-25 01:22:54.932 20578 20578 I DUI     : MainMenuAdapter->onFocusChange-> remove the message of change fragment 
05-25 01:22:54.932 20578 20578 I DUI     : MainMenuAdapter->onFocusChange-> send the message of change fragment 
05-25 01:22:54.934 20578 20578 D DUI     : MainMenuAdapter->bgChange->{111=[Ljava.lang.String;@2d7c0cf0, 112=[Ljava.lang.String;@2d7e7c20}
05-25 01:22:54.941  1412 19795 V AudioPolicyManagerBase: FORCE_none: AudioPolicyManagerBase.cpp
05-25 01:22:54.941  1412 19795 V AudioPolicyManagerBase: getDeviceForStrategy() strategy 0, device 2
05-25 01:22:54.941  1412 19795 V AudioPolicyManagerBase: getOutput() device 2, stream 1, samplingRate 0, format 0, channelMask 3, flags 0
05-25 01:22:54.941  1412 19795 V AudioPolicyManagerBase: getOutputsForDevice() device 0002
05-25 01:22:54.941  1412 19795 V AudioPolicyManagerBase: output 0 isDuplicated=0 device=0006
05-25 01:22:54.941  1412 19795 V AudioPolicyManagerBase: getOutputsForDevice() found output 2
05-25 01:22:54.941  1412 19795 V AudioPolicyManagerBase: getOutput() returns output 2
05-25 01:22:54.942  1412  1412 V AudioPolicyManagerBase: FORCE_none: AudioPolicyManagerBase.cpp
05-25 01:22:54.942  1412  1412 V AudioPolicyManagerBase: getDeviceForStrategy() strategy 0, device 2
05-25 01:22:54.942  1412  1412 V AudioPolicyManagerBase: getOutput() device 2, stream 1, samplingRate 0, format 0, channelMask 3, flags 0
05-25 01:22:54.942  1412  1412 V AudioPolicyManagerBase: getOutputsForDevice() device 0002
05-25 01:22:54.942  1412  1412 V AudioPolicyManagerBase: output 0 isDuplicated=0 device=0006
05-25 01:22:54.942  1412  1412 V AudioPolicyManagerBase: getOutputsForDevice() found output 2
05-25 01:22:54.942  1412  1412 V AudioPolicyManagerBase: getOutput() returns output 2
05-25 01:22:54.942  1412  1988 V AudioPolicyManagerBase: FORCE_none: AudioPolicyManagerBase.cpp
05-25 01:22:54.942  1412  1988 V AudioPolicyManagerBase: getDeviceForStrategy() strategy 0, device 2
05-25 01:22:54.943  1921  1959 D WindowManager: interceptKeyTi keyCode=22 down=true repeatCount=2 keyguardOn=false mHomePressed=false canceled=false runScreenSaver=true
05-25 01:22:54.943  1412  1988 V AudioPolicyManagerBase: getOutput() device 2, stream 1, samplingRate 48000, format 1, channelMask 3, flags 4
05-25 01:22:54.943  1412  1988 V AudioPolicyManagerBase: getOutputsForDevice() device 0002
05-25 01:22:54.943  1412  1988 V AudioPolicyManagerBase: output 0 isDuplicated=0 device=0006
05-25 01:22:54.943  1921  1959 D WindowManager: interceptKeyTp result=0
05-25 01:22:54.943  1412  1988 V AudioPolicyManagerBase: getOutputsForDevice() found output 2
05-25 01:22:54.943  1412  1988 V AudioPolicyManagerBase: getOutput() returns output 2
05-25 01:22:54.943  2096  2096 D RemoteIME: keycode: 22, realAction: true
05-25 01:22:54.943  2096  2096 D RemoteIME: isChineseTextWithHkb
05-25 01:22:54.947  1412 19795 D AudioPolicyManagerBase: startOutput() output 2, stream 1, session 70
05-25 01:22:54.947  1412 19795 V AudioPolicyManagerBase: changeRefCount() stream 1, count 1
05-25 01:22:54.947  1412 19795 V AudioPolicyManagerBase: FORCE_none: AudioPolicyManagerBase.cpp
05-25 01:22:54.947  1412 19795 V AudioPolicyManagerBase: getDeviceForStrategy() strategy 0, device 2
05-25 01:22:54.947  1412 19795 V AudioPolicyManagerBase: getNewDevice() selected device 2
05-25 01:22:54.947  1412 19795 D AudioPolicyManagerBase: startoutput ->setOutputDevice
05-25 01:22:54.947  1412 19795 V AudioPolicyManagerBase: setOutputDevice() output 2 device 0002 delayMs 0
05-25 01:22:54.947  1412 19795 V AudioPolicyManagerBase: setOutputDevice() prevDevice 0002
05-25 01:22:54.947  1412 19795 V AudioPolicyManagerBase: FORCE_none: AudioPolicyManagerBase.cpp
05-25 01:22:54.947  1412 19795 V AudioPolicyManagerBase: getDeviceForStrategy() strategy 0, device 2
05-25 01:22:54.947  1412 19795 V AudioPolicyManagerBase: getDeviceForStrategy() strategy 1, device 2
05-25 01:22:54.947  1412 19795 V AudioPolicyManagerBase: FORCE_none: AudioPolicyManagerBase.cpp
05-25 01:22:54.947  1412 19795 V AudioPolicyManagerBase: getDeviceForStrategy() strategy 2, device 2
05-25 01:22:54.947  1412 19795 V AudioPolicyManagerBase: FORCE_none: AudioPolicyManagerBase.cpp
05-25 01:22:54.947  1412 19795 V AudioPolicyManagerBase: getDeviceForStrategy() strategy 2, device 2
05-25 01:22:54.947  1412 19795 V AudioPolicyManagerBase: getDeviceForStrategy() strategy 3, device 2
05-25 01:22:54.947  1412 19795 V AudioPolicyManagerBase: FORCE_none: AudioPolicyManagerBase.cpp
05-25 01:22:54.947  1412 19795 V AudioPolicyManagerBase: getDeviceForStrategy() strategy 0, device 2
05-25 01:22:54.947  1412 19795 V AudioPolicyManagerBase: getDeviceForStrategy() strategy 4, device 2
05-25 01:22:54.947  1412 19795 V AudioPolicyManagerBase: FORCE_none: AudioPolicyManagerBase.cpp
05-25 01:22:54.947  1412 19795 V AudioPolicyManagerBase: getDeviceForStrategy() strategy 5, device 2
05-25 01:22:54.947  1412 19795 V AudioPolicyManagerBase: setOutputDevice() setting same device 0002 or null device for output 2
05-25 01:22:54.948  1412 19795 V AudioPolicyManagerBase: VOLUME vol index=[33 46 66], dB=[-18.0 -15.6 -12.0] ampl=0.16527
05-25 01:22:54.948  1412 19795 D AudioPolicyManagerBase: AudioPolicyManagerBase::checkAndSetVolume 7,0.165266
05-25 01:22:54.949  1412  1867 V AudioPolicyManagerBase: releaseOutput() 2
05-25 01:22:54.953 20578 20578 I DUI     : zzz->onInterceptFocusSearch , fromPos = ->4 , count = 16 , lastVisibleItemPos = 10, size = 11
05-25 01:22:54.954 20578 20578 I DUI     : MainMenuAdapter->target-->left:->522   right:596
05-25 01:22:54.957 20578 20578 D DUI     : MainMenuAdapter->onModuleFocused->focused=true  count=11   itemView=null
05-25 01:22:54.960 20578 20578 D DUI     : Time->->startTime:1590369774960
05-25 01:22:54.965 20578 20578 D DUI     : Time->Time:->20200525012254 
05-25 01:22:54.967 20578 20578 I DUI     : MainMenuAdapter->onFocusChange-> remove the message of change fragment 
05-25 01:22:54.968 20578 20578 I DUI     : MainMenuAdapter->onFocusChange-> send the message of change fragment 
05-25 01:22:54.972 20578 20578 D DUI     : MainMenuAdapter->bgChange->{111=[Ljava.lang.String;@2d782338, 117=[Ljava.lang.String;@2d790288, 112=[Ljava.lang.String;@2d790dc0}
05-25 01:22:54.973  1412  1988 V AudioPolicyManagerBase: FORCE_none: AudioPolicyManagerBase.cpp
05-25 01:22:54.973  1412  1988 V AudioPolicyManagerBase: getDeviceForStrategy() strategy 0, device 2
05-25 01:22:54.973  1412  1988 V AudioPolicyManagerBase: getOutput() device 2, stream 1, samplingRate 0, format 0, channelMask 3, flags 0
05-25 01:22:54.973  1412  1988 V AudioPolicyManagerBase: getOutputsForDevice() device 0002
05-25 01:22:54.973  1412  1988 V AudioPolicyManagerBase: output 0 isDuplicated=0 device=0006
05-25 01:22:54.973  1412  1988 V AudioPolicyManagerBase: getOutputsForDevice() found output 2
05-25 01:22:54.973  1412  1988 V AudioPolicyManagerBase: getOutput() returns output 2
05-25 01:22:54.973  1412  1886 V AudioPolicyManagerBase: FORCE_none: AudioPolicyManagerBase.cpp
05-25 01:22:54.973  1412  1886 V AudioPolicyManagerBase: getDeviceForStrategy() strategy 0, device 2
05-25 01:22:54.973  1412  1886 V AudioPolicyManagerBase: getOutput() device 2, stream 1, samplingRate 0, format 0, channelMask 3, flags 0
05-25 01:22:54.974  1412  1886 V AudioPolicyManagerBase: getOutputsForDevice() device 0002
05-25 01:22:54.974  1412  1886 V AudioPolicyManagerBase: output 0 isDuplicated=0 device=0006
05-25 01:22:54.974  1412  1886 V AudioPolicyManagerBase: getOutputsForDevice() found output 2
05-25 01:22:54.974  1412  1886 V AudioPolicyManagerBase: getOutput() returns output 2
05-25 01:22:54.974  1412 19795 V AudioPolicyManagerBase: FORCE_none: AudioPolicyManagerBase.cpp
05-25 01:22:54.974  1412 19795 V AudioPolicyManagerBase: getDeviceForStrategy() strategy 0, device 2
05-25 01:22:54.974  1412 19795 V AudioPolicyManagerBase: getOutput() device 2, stream 1, samplingRate 48000, format 1, channelMask 3, flags 4
05-25 01:22:54.974  1412 19795 V AudioPolicyManagerBase: getOutputsForDevice() device 0002
05-25 01:22:54.974  1412 19795 V AudioPolicyManagerBase: output 0 isDuplicated=0 device=0006
05-25 01:22:54.974  1412 19795 V AudioPolicyManagerBase: getOutputsForDevice() found output 2
05-25 01:22:54.974  1412 19795 V AudioPolicyManagerBase: getOutput() returns output 2
05-25 01:22:54.975  2096  2096 D RemoteIME: keycode: 22, realAction: true
05-25 01:22:54.975  2096  2096 D RemoteIME: isChineseTextWithHkb
05-25 01:22:54.975  1412  1988 D AudioPolicyManagerBase: startOutput() output 2, stream 1, session 71
05-25 01:22:54.975  1412  1988 V AudioPolicyManagerBase: changeRefCount() stream 1, count 2
05-25 01:22:54.976  1412  1867 V AudioPolicyManagerBase: releaseOutput() 2
05-25 01:22:54.978 20578 20578 I DUI     : zzz->onInterceptFocusSearch , fromPos = ->5 , count = 16 , lastVisibleItemPos = 10, size = 11
05-25 01:22:54.979 20578 20578 I DUI     : MainMenuAdapter->target-->left:->623   right:745
05-25 01:22:54.980 20578 20578 D DUI     : MainMenuAdapter->onModuleFocused->focused=true  count=11   itemView=null
05-25 01:22:54.981 20578 20578 D DUI     : Time->->startTime:1590369774981
05-25 01:22:54.983 20578 20578 D DUI     : Time->Time:->20200525012254 
05-25 01:22:54.983 20578 20578 I DUI     : MainMenuAdapter->onFocusChange-> remove the message of change fragment 
05-25 01:22:54.983 20578 20578 I DUI     : MainMenuAdapter->onFocusChange-> send the message of change fragment 
05-25 01:22:54.984 20578 20578 D DUI     : MainMenuAdapter->bgChange->{137=[Ljava.lang.String;@2d68acb0, 111=[Ljava.lang.String;@2d669ff0, 312=[Ljava.lang.String;@2d725288, 117=[Ljava.lang.String;@2d76bf68, 112=[Ljava.lang.String;@2d774040}
05-25 01:22:54.985  1412  1988 V AudioPolicyManagerBase: FORCE_none: AudioPolicyManagerBase.cpp
05-25 01:22:54.985  1412  1988 V AudioPolicyManagerBase: getDeviceForStrategy() strategy 0, device 2
05-25 01:22:54.985  1412  1988 V AudioPolicyManagerBase: getOutput() device 2, stream 1, samplingRate 0, format 0, channelMask 3, flags 0
05-25 01:22:54.985  1412  1988 V AudioPolicyManagerBase: getOutputsForDevice() device 0002
05-25 01:22:54.985  1412  1988 V AudioPolicyManagerBase: output 0 isDuplicated=0 device=0006
05-25 01:22:54.985  1412  1988 V AudioPolicyManagerBase: getOutputsForDevice() found output 2
05-25 01:22:54.985  1412  1988 V AudioPolicyManagerBase: getOutput() returns output 2
05-25 01:22:54.985  1412  1886 V AudioPolicyManagerBase: FORCE_none: AudioPolicyManagerBase.cpp
05-25 01:22:54.985  1412  1886 V AudioPolicyManagerBase: getDeviceForStrategy() strategy 0, device 2
05-25 01:22:54.985  1412  1886 V AudioPolicyManagerBase: getOutput() device 2, stream 1, samplingRate 0, format 0, channelMask 3, flags 0
05-25 01:22:54.985  1412  1886 V AudioPolicyManagerBase: getOutputsForDevice() device 0002
05-25 01:22:54.985  1412  1886 V AudioPolicyManagerBase: output 0 isDuplicated=0 device=0006
05-25 01:22:54.985  1412  1886 V AudioPolicyManagerBase: getOutputsForDevice() found output 2
05-25 01:22:54.985  1412  1886 V AudioPolicyManagerBase: getOutput() returns output 2
05-25 01:22:54.985  1412 19795 V AudioPolicyManagerBase: FORCE_none: AudioPolicyManagerBase.cpp
05-25 01:22:54.985  1412 19795 V AudioPolicyManagerBase: getDeviceForStrategy() strategy 0, device 2
05-25 01:22:54.985  1412 19795 V AudioPolicyManagerBase: getOutput() device 2, stream 1, samplingRate 48000, format 1, channelMask 3, flags 4
05-25 01:22:54.985  1412 19795 V AudioPolicyManagerBase: getOutputsForDevice() device 0002
05-25 01:22:54.985  1412 19795 V AudioPolicyManagerBase: output 0 isDuplicated=0 device=0006
05-25 01:22:54.985  1412 19795 V AudioPolicyManagerBase: getOutputsForDevice() found output 2
05-25 01:22:54.985  1412 19795 V AudioPolicyManagerBase: getOutput() returns output 2
05-25 01:22:54.987  1412  1988 D AudioPolicyManagerBase: startOutput() output 2, stream 1, session 72
05-25 01:22:54.987  1412  1988 V AudioPolicyManagerBase: changeRefCount() stream 1, count 3
05-25 01:22:54.987  1412  1867 V AudioPolicyManagerBase: releaseOutput() 2
05-25 01:22:54.988  1921  2161 D InputMethodManagerService: --- calledFromForegroundUserOrSystemProcess ? calling uid = 10049 system uid = 1000 calling userId = 0, foreground user id = 0, calling pid = 20578com.android.server.InputMethodManagerService.startInput(InputMethodManagerService.java:1259)
05-25 01:22:54.990  1921  2143 D InputMethodManagerService: hide the small icon for the input method
05-25 01:22:54.993  1921  1959 D WindowManager: interceptKeyTi keyCode=22 down=true repeatCount=3 keyguardOn=false mHomePressed=false canceled=false runScreenSaver=true
05-25 01:22:54.993  1921  1959 D WindowManager: interceptKeyTp result=0
05-25 01:22:54.996  2096  2096 D RemoteIME: keycode: 22, realAction: true
05-25 01:22:54.997  2096  2096 D RemoteIME: isChineseTextWithHkb
05-25 01:22:54.998 20578 20578 I DUI     : zzz->onInterceptFocusSearch , fromPos = ->6 , count = 16 , lastVisibleItemPos = 10, size = 11
05-25 01:22:54.999 20578 20578 I DUI     : MainMenuAdapter->target-->left:->772   right:846
05-25 01:22:54.999 20578 20578 D DUI     : MainMenuAdapter->onModuleFocused->focused=true  count=11   itemView=null
05-25 01:22:55.000 20578 20578 D DUI     : Time->->startTime:1590369775000
05-25 01:22:55.001 20578 20578 D DUI     : Time->Time:->20200525012255 
05-25 01:22:55.016 13976 13979 D dalvikvm: GC_CONCURRENT freed 687K, 23% free 2874K/3708K, paused 2ms+3ms, total 26ms
05-25 01:22:55.018 20578 20578 I DUI     : MainMenuAdapter->onFocusChange-> remove the message of change fragment 
05-25 01:22:55.019 20578 20578 I DUI     : MainMenuAdapter->onFocusChange-> send the message of change fragment 
05-25 01:22:55.019 20578 20578 D DUI     : MainMenuAdapter->bgChange->{127=[Ljava.lang.String;@2c8ea050, 137=[Ljava.lang.String;@2ca4fc90, 111=[Ljava.lang.String;@2ec13178, 126=[Ljava.lang.String;@2c8f6a20, 125=[Ljava.lang.String;@2ca4c6d8, 21=[Ljava.lang.String;@2ca54e28, 112=[Ljava.lang.String;@2ca9a920}
05-25 01:22:55.020  1412  1412 V AudioPolicyManagerBase: FORCE_none: AudioPolicyManagerBase.cpp
05-25 01:22:55.020  1412  1412 V AudioPolicyManagerBase: getDeviceForStrategy() strategy 0, device 2
05-25 01:22:55.020  1412  1412 V AudioPolicyManagerBase: getOutput() device 2, stream 1, samplingRate 0, format 0, channelMask 3, flags 0
05-25 01:22:55.020  1412  1412 V AudioPolicyManagerBase: getOutputsForDevice() device 0002
05-25 01:22:55.020  1412  1412 V AudioPolicyManagerBase: output 0 isDuplicated=0 device=0006
05-25 01:22:55.020  1412  1412 V AudioPolicyManagerBase: getOutputsForDevice() found output 2
05-25 01:22:55.020  1412  1412 V AudioPolicyManagerBase: getOutput() returns output 2
05-25 01:22:55.021  1412  1886 V AudioPolicyManagerBase: FORCE_none: AudioPolicyManagerBase.cpp
05-25 01:22:55.021  1412  1886 V AudioPolicyManagerBase: getDeviceForStrategy() strategy 0, device 2
05-25 01:22:55.021  1412  1886 V AudioPolicyManagerBase: getOutput() device 2, stream 1, samplingRate 0, format 0, channelMask 3, flags 0
05-25 01:22:55.021  1412  1886 V AudioPolicyManagerBase: getOutputsForDevice() device 0002
05-25 01:22:55.021  1412  1886 V AudioPolicyManagerBase: output 0 isDuplicated=0 device=0006
05-25 01:22:55.021  1412  1886 V AudioPolicyManagerBase: getOutputsForDevice() found output 2
05-25 01:22:55.021  1412  1886 V AudioPolicyManagerBase: getOutput() returns output 2
05-25 01:22:55.022  1412 19795 V AudioPolicyManagerBase: FORCE_none: AudioPolicyManagerBase.cpp
05-25 01:22:55.022  1412 19795 V AudioPolicyManagerBase: getDeviceForStrategy() strategy 0, device 2
05-25 01:22:55.022  1412 19795 V AudioPolicyManagerBase: getOutput() device 2, stream 1, samplingRate 48000, format 1, channelMask 3, flags 4
05-25 01:22:55.022  1412 19795 V AudioPolicyManagerBase: getOutputsForDevice() device 0002
05-25 01:22:55.022  1412 19795 V AudioPolicyManagerBase: output 0 isDuplicated=0 device=0006
05-25 01:22:55.022  1412 19795 V AudioPolicyManagerBase: getOutputsForDevice() found output 2
05-25 01:22:55.022  1412 19795 V AudioPolicyManagerBase: getOutput() returns output 2
05-25 01:22:55.028  1412  1412 D AudioPolicyManagerBase: startOutput() output 2, stream 1, session 73
05-25 01:22:55.028  1412  1412 V AudioPolicyManagerBase: changeRefCount() stream 1, count 4
05-25 01:22:55.028  1412  1867 V AudioPolicyManagerBase: releaseOutput() 2
05-25 01:22:55.044  1921  1959 D WindowManager: interceptKeyTi keyCode=22 down=true repeatCount=4 keyguardOn=false mHomePressed=false canceled=false runScreenSaver=true
05-25 01:22:55.044  1921  1959 D WindowManager: interceptKeyTp result=0
05-25 01:22:55.045  4083  4084 D uninstall: watchdaemon com.ktcp.video:push is exist
05-25 01:22:55.072 20578 20578 D DUI     : CenterRecycleView->getCurrX = ->603
05-25 01:22:55.078 20578 20578 D DUI     : MainMenuAdapter->decode->str=俏夕阳  has 3 words , has 0 characters
05-25 01:22:55.078 20578 20578 D DUI     : MainMenuAdapter->decode->str=俏夕阳  has 3 words , has 0 characters
05-25 01:22:55.078 20578 20578 D DUI     : MainMenuAdapter->onBindViewHolder->decode str=俏夕阳  length=3
05-25 01:22:55.095  1921  1959 D WindowManager: interceptKeyTi keyCode=22 down=true repeatCount=5 keyguardOn=false mHomePressed=false canceled=false runScreenSaver=true
05-25 01:22:55.095  1921  1959 D WindowManager: interceptKeyTp result=0
05-25 01:22:55.096 20578 20578 D DUI     : MainMenuAdapter->decode->str=体育  has 2 words , has 0 characters
05-25 01:22:55.096 20578 20578 D DUI     : MainMenuAdapter->decode->str=体育  has 2 words , has 0 characters
05-25 01:22:55.096 20578 20578 D DUI     : MainMenuAdapter->onBindViewHolder->decode str=体育  length=2
05-25 01:22:55.115  2096  2096 D RemoteIME: keycode: 22, realAction: true
05-25 01:22:55.115  2096  2096 D RemoteIME: isChineseTextWithHkb
05-25 01:22:55.115 20578 20578 I DUI     : MainParent->setBg->main activity setbg2 imgUrl=http://202.99.114.14:18990/upload/poster/picture/2020030314083410595.jpg
05-25 01:22:55.118 20578 20578 D DUI     : MainMenuAdapter->栏目 127 =->6 stateFocus.get(position) =127少儿 1590369775118
05-25 01:22:55.119 20578 20578 I DUI     : zzz->onInterceptFocusSearch , fromPos = ->7 , count = 16 , lastVisibleItemPos = 11, size = 13
05-25 01:22:55.120 20578 20578 D DUI     : MainMenuAdapter->栏目 127 =->6 stateFocus.get(position) =127少儿 1590369775120
05-25 01:22:55.120 20578 20578 I DUI     : MainMenuAdapter->target-->left:->704   right:778
05-25 01:22:55.121 20578 20578 D DUI     : MainMenuAdapter->onModuleFocused->focused=true  count=13   itemView=null
05-25 01:22:55.122 20578 20578 D DUI     : Time->->startTime:1590369775122
05-25 01:22:55.123 20578 20578 D DUI     : Time->Time:->20200525012255 
05-25 01:22:55.123 20578 20578 I DUI     : MainMenuAdapter->onFocusChange-> remove the message of change fragment 
05-25 01:22:55.124 20578 20578 I DUI     : MainMenuAdapter->onFocusChange-> send the message of change fragment 
05-25 01:22:55.150 20578 20580 D dalvikvm: GC_CONCURRENT freed 434K, 14% free 32398K/37652K, paused 5ms+6ms, total 70ms
05-25 01:22:55.150 20578 20639 D dalvikvm: WAIT_FOR_CONCURRENT_GC blocked 26ms
05-25 01:22:55.150 20578 20690 D dalvikvm: WAIT_FOR_CONCURRENT_GC blocked 42ms
05-25 01:22:55.150 20578 20642 D dalvikvm: WAIT_FOR_CONCURRENT_GC blocked 26ms
05-25 01:22:55.151 20578 20640 D dalvikvm: WAIT_FOR_CONCURRENT_GC blocked 25ms
05-25 01:22:55.152 20578 20641 D dalvikvm: WAIT_FOR_CONCURRENT_GC blocked 25ms
05-25 01:22:55.152 20578 20578 D dalvikvm: WAIT_FOR_CONCURRENT_GC blocked 28ms
05-25 01:22:55.152 20578 20637 D dalvikvm: WAIT_FOR_CONCURRENT_GC blocked 28ms
05-25 01:22:55.152 20578 20578 D DUI     : MainMenuAdapter->bgChange->{111=[Ljava.lang.String;@2e2d3508, 112=[Ljava.lang.String;@2eb8a310}
05-25 01:22:55.154  2096  2096 D RemoteIME: keycode: 22, realAction: true
05-25 01:22:55.154  2096  2096 D RemoteIME: isChineseTextWithHkb
05-25 01:22:55.154  1921  1959 D WindowManager: interceptKeyTi keyCode=22 down=true repeatCount=6 keyguardOn=false mHomePressed=false canceled=false runScreenSaver=true
05-25 01:22:55.154  1921  1959 D WindowManager: interceptKeyTp result=0
05-25 01:22:55.155  1412 19795 V AudioPolicyManagerBase: FORCE_none: AudioPolicyManagerBase.cpp
05-25 01:22:55.155  1412 19795 V AudioPolicyManagerBase: getDeviceForStrategy() strategy 0, device 2
05-25 01:22:55.155  1412 19795 V AudioPolicyManagerBase: getOutput() device 2, stream 1, samplingRate 0, format 0, channelMask 3, flags 0
05-25 01:22:55.155  1412 19795 V AudioPolicyManagerBase: getOutputsForDevice() device 0002
05-25 01:22:55.155  1412 19795 V AudioPolicyManagerBase: output 0 isDuplicated=0 device=0006
05-25 01:22:55.155  1412 19795 V AudioPolicyManagerBase: getOutputsForDevice() found output 2
05-25 01:22:55.155  1412 19795 V AudioPolicyManagerBase: getOutput() returns output 2
05-25 01:22:55.155  1412  1886 V AudioPolicyManagerBase: FORCE_none: AudioPolicyManagerBase.cpp
05-25 01:22:55.156  1412  1886 V AudioPolicyManagerBase: getDeviceForStrategy() strategy 0, device 2
05-25 01:22:55.156  1412  1886 V AudioPolicyManagerBase: getOutput() device 2, stream 1, samplingRate 0, format 0, channelMask 3, flags 0
05-25 01:22:55.156  1412  1886 V AudioPolicyManagerBase: getOutputsForDevice() device 0002
05-25 01:22:55.156  1412  1886 V AudioPolicyManagerBase: output 0 isDuplicated=0 device=0006
05-25 01:22:55.156  1412  1886 V AudioPolicyManagerBase: getOutputsForDevice() found output 2
05-25 01:22:55.156  1412  1886 V AudioPolicyManagerBase: getOutput() returns output 2
05-25 01:22:55.156  1412  1988 V AudioPolicyManagerBase: FORCE_none: AudioPolicyManagerBase.cpp
05-25 01:22:55.156  1412  1988 V AudioPolicyManagerBase: getDeviceForStrategy() strategy 0, device 2
05-25 01:22:55.156  1412  1988 V AudioPolicyManagerBase: getOutput() device 2, stream 1, samplingRate 48000, format 1, channelMask 3, flags 4
05-25 01:22:55.156  1412  1988 V AudioPolicyManagerBase: getOutputsForDevice() device 0002
05-25 01:22:55.156  1412  1988 V AudioPolicyManagerBase: output 0 isDuplicated=0 device=0006
05-25 01:22:55.156  1412  1988 V AudioPolicyManagerBase: getOutputsForDevice() found output 2
05-25 01:22:55.156  1412  1988 V AudioPolicyManagerBase: getOutput() returns output 2
05-25 01:22:55.156 20578 20578 I DUI     : zzz->onInterceptFocusSearch , fromPos = ->8 , count = 16 , lastVisibleItemPos = 11, size = 13
05-25 01:22:55.157  1412 19795 D AudioPolicyManagerBase: startOutput() output 2, stream 1, session 74
05-25 01:22:55.157  1412 19795 V AudioPolicyManagerBase: changeRefCount() stream 1, count 5
05-25 01:22:55.158 20578 20578 I DUI     : MainMenuAdapter->target-->left:->805   right:879
05-25 01:22:55.158 20578 20578 D DUI     : MainMenuAdapter->onModuleFocused->focused=true  count=13   itemView=null
05-25 01:22:55.159 20578 20578 D DUI     : Time->->startTime:1590369775159
05-25 01:22:55.161 20578 20578 D DUI     : Time->Time:->20200525012255 
05-25 01:22:55.162 20578 20578 I DUI     : MainMenuAdapter->onFocusChange-> remove the message of change fragment 
05-25 01:22:55.162 20578 20578 I DUI     : MainMenuAdapter->onFocusChange-> send the message of change fragment 
05-25 01:22:55.163 20578 20578 D DUI     : MainMenuAdapter->bgChange->{111=[Ljava.lang.String;@2d7d8458, 112=[Ljava.lang.String;@2d9f7560}
05-25 01:22:55.164  2096  2096 D RemoteIME: keycode: 22, realAction: true
05-25 01:22:55.164  2096  2096 D RemoteIME: isChineseTextWithHkb
05-25 01:22:55.164  1412 19795 V AudioPolicyManagerBase: FORCE_none: AudioPolicyManagerBase.cpp
05-25 01:22:55.164  1412 19795 V AudioPolicyManagerBase: getDeviceForStrategy() strategy 0, device 2
05-25 01:22:55.165  1412 19795 V AudioPolicyManagerBase: getOutput() device 2, stream 1, samplingRate 0, format 0, channelMask 3, flags 0
05-25 01:22:55.165  1412 19795 V AudioPolicyManagerBase: getOutputsForDevice() device 0002
05-25 01:22:55.165  1412 19795 V AudioPolicyManagerBase: output 0 isDuplicated=0 device=0006
05-25 01:22:55.165  1412 19795 V AudioPolicyManagerBase: getOutputsForDevice() found output 2
05-25 01:22:55.165  1412 19795 V AudioPolicyManagerBase: getOutput() returns output 2
05-25 01:22:55.165  1412  1886 V AudioPolicyManagerBase: FORCE_none: AudioPolicyManagerBase.cpp
05-25 01:22:55.165  1412  1886 V AudioPolicyManagerBase: getDeviceForStrategy() strategy 0, device 2
05-25 01:22:55.165  1412  1886 V AudioPolicyManagerBase: getOutput() device 2, stream 1, samplingRate 0, format 0, channelMask 3, flags 0
05-25 01:22:55.165  1412  1886 V AudioPolicyManagerBase: getOutputsForDevice() device 0002
05-25 01:22:55.165  1412  1886 V AudioPolicyManagerBase: output 0 isDuplicated=0 device=0006
05-25 01:22:55.165  1412  1886 V AudioPolicyManagerBase: getOutputsForDevice() found output 2
05-25 01:22:55.165  1412  1886 V AudioPolicyManagerBase: getOutput() returns output 2
05-25 01:22:55.165  1412  1412 V AudioPolicyManagerBase: FORCE_none: AudioPolicyManagerBase.cpp
05-25 01:22:55.165  1412  1412 V AudioPolicyManagerBase: getDeviceForStrategy() strategy 0, device 2
05-25 01:22:55.165  1412  1412 V AudioPolicyManagerBase: getOutput() device 2, stream 1, samplingRate 48000, format 1, channelMask 3, flags 4
05-25 01:22:55.165  1412  1412 V AudioPolicyManagerBase: getOutputsForDevice() device 0002
05-25 01:22:55.165  1412  1412 V AudioPolicyManagerBase: output 0 isDuplicated=0 device=0006
05-25 01:22:55.165  1412  1412 V AudioPolicyManagerBase: getOutputsForDevice() found output 2
05-25 01:22:55.165  1412  1412 V AudioPolicyManagerBase: getOutput() returns output 2
05-25 01:22:55.167  1921  2197 D InputMethodManagerService: --- calledFromForegroundUserOrSystemProcess ? calling uid = 10049 system uid = 1000 calling userId = 0, foreground user id = 0, calling pid = 20578com.android.server.InputMethodManagerService.startInput(InputMethodManagerService.java:1259)
05-25 01:22:55.168  1921  1931 D InputMethodManagerService: hide the small icon for the input method
05-25 01:22:55.171  1412  1988 D AudioPolicyManagerBase: startOutput() output 2, stream 1, session 75
05-25 01:22:55.171  1412  1988 V AudioPolicyManagerBase: changeRefCount() stream 1, count 6
05-25 01:22:55.175 20578 20584 I dalvikvm: Jit: resizing JitTable from 4096 to 8192
05-25 01:22:55.190 20578 20578 D DUI     : CenterRecycleView->getCurrX = ->603
05-25 01:22:55.201 20578 20578 D DUI     : MainMenuAdapter->decode->str=应用  has 2 words , has 0 characters
05-25 01:22:55.201 20578 20578 D DUI     : MainMenuAdapter->decode->str=应用  has 2 words , has 0 characters
05-25 01:22:55.201 20578 20578 D DUI     : MainMenuAdapter->onBindViewHolder->decode str=应用  length=2
05-25 01:22:55.204  1921  1959 D WindowManager: interceptKeyTi keyCode=22 down=true repeatCount=7 keyguardOn=false mHomePressed=false canceled=false runScreenSaver=true
05-25 01:22:55.204  1921  1959 D WindowManager: interceptKeyTp result=0
05-25 01:22:55.218 20578 20578 D DUI     : MainMenuAdapter->decode->str=全部栏目  has 4 words , has 0 characters
05-25 01:22:55.218 20578 20578 D DUI     : MainMenuAdapter->decode->str=全部栏目  has 4 words , has 0 characters
05-25 01:22:55.218 20578 20578 D DUI     : MainMenuAdapter->onBindViewHolder->decode str=全部栏目  length=4
05-25 01:22:55.227  1435  1511 I         : ir_user key up (0x6a)
05-25 01:22:55.228  1921  1960 I EventHub: event->deviceId= 3, event->type= 1, event->code= 106, event->value= 0 
05-25 01:22:55.228  1921  1960 I EventHub: after irBlink
05-25 01:22:55.228  1921  1960 D InputReader: processEventsForDeviceLocked
05-25 01:22:55.228  1921  1960 D InputReader: KeyboardInputMapper::process EV_KEY
05-25 01:22:55.228  1921  1960 D KeyLayoutMap: gc: scanCode=106, usageCode=0x00000000 
05-25 01:22:55.228  1921  1960 D KeyLayoutMap: gc: scanCode index =101
05-25 01:22:55.228  1921  1960 D KeyLayoutMap: mapKey: scanCode=106, usageCode=0x00000000 ~ Result keyCode=22, outFlags=0x00000000.
05-25 01:22:55.228  1921  1960 D InputReader: KeyboardInputMapper::process EV_KEY KeyboardOrGamepadKey
05-25 01:22:55.228  1921  1960 D InputReader: KeyboardInputMapper::process EV_SYN
05-25 01:22:55.228  1921  1960 D WindowManager: interceptKeyBeforeQueueing canceled[false]
05-25 01:22:55.229  1921  1960 D WindowManager: interceptKeyTq keycode=22 screenIsOn=true keyguardActive=false policyFlags=2000000 isWakeKey=false
05-25 01:22:55.229  1921  1960 D WindowManager: isAppOnForeground packageName=com.huawei.video4k and keyCode=22
05-25 01:22:55.229  1921  1960 D WindowManager: interceptKeyTq result=1
05-25 01:22:55.229  1921  1960 E EventHub: getEvents
05-25 01:22:55.244 20578 20578 I DUI     : zzz->onInterceptFocusSearch , fromPos = ->9 , count = 16 , lastVisibleItemPos = 13, size = 13
05-25 01:22:55.247 20578 20578 I DUI     : MainMenuAdapter->target-->left:->704   right:778
05-25 01:22:55.247 20578 20578 D DUI     : MainMenuAdapter->onModuleFocused->focused=true  count=13   itemView=null
05-25 01:22:55.251 20578 20578 D DUI     : Time->->startTime:1590369775251
05-25 01:22:55.253 20578 20578 D DUI     : Time->Time:->20200525012255 
05-25 01:22:55.253 20578 20578 I DUI     : MainMenuAdapter->onFocusChange-> remove the message of change fragment 
05-25 01:22:55.253 20578 20578 I DUI     : MainMenuAdapter->onFocusChange-> send the message of change fragment 
05-25 01:22:55.254 20578 20578 D DUI     : MainMenuAdapter->bgChange->{111=[Ljava.lang.String;@2d735e98, 112=[Ljava.lang.String;@2d762d98}
05-25 01:22:55.255  1412  1412 V AudioPolicyManagerBase: FORCE_none: AudioPolicyManagerBase.cpp
05-25 01:22:55.255  1412  1412 V AudioPolicyManagerBase: getDeviceForStrategy() strategy 0, device 2
05-25 01:22:55.255  1412  1412 V AudioPolicyManagerBase: getOutput() device 2, stream 1, samplingRate 0, format 0, channelMask 3, flags 0
05-25 01:22:55.255  1412  1412 V AudioPolicyManagerBase: getOutputsForDevice() device 0002
05-25 01:22:55.255  1412  1412 V AudioPolicyManagerBase: output 0 isDuplicated=0 device=0006
05-25 01:22:55.255  1412  1412 V AudioPolicyManagerBase: getOutputsForDevice() found output 2
05-25 01:22:55.255  1412  1412 V AudioPolicyManagerBase: getOutput() returns output 2
05-25 01:22:55.255  1412 19795 V AudioPolicyManagerBase: FORCE_none: AudioPolicyManagerBase.cpp
05-25 01:22:55.255  1412 19795 V AudioPolicyManagerBase: getDeviceForStrategy() strategy 0, device 2
05-25 01:22:55.255  1412 19795 V AudioPolicyManagerBase: getOutput() device 2, stream 1, samplingRate 0, format 0, channelMask 3, flags 0
05-25 01:22:55.256  1412 19795 V AudioPolicyManagerBase: getOutputsForDevice() device 0002
05-25 01:22:55.256  1412 19795 V AudioPolicyManagerBase: output 0 isDuplicated=0 device=0006
05-25 01:22:55.256  1412 19795 V AudioPolicyManagerBase: getOutputsForDevice() found output 2
05-25 01:22:55.256  1412 19795 V AudioPolicyManagerBase: getOutput() returns output 2
05-25 01:22:55.256  1412  1886 V AudioPolicyManagerBase: FORCE_none: AudioPolicyManagerBase.cpp
05-25 01:22:55.256  1412  1886 V AudioPolicyManagerBase: getDeviceForStrategy() strategy 0, device 2
05-25 01:22:55.256  1412  1886 V AudioPolicyManagerBase: getOutput() device 2, stream 1, samplingRate 48000, format 1, channelMask 3, flags 4
