05-25 00:57:23.844  2750  2750 W ContextImpl: Calling a method in the system process without a qualified user: android.app.ContextImpl.sendBroadcast:1352 android.content.ContextWrapper.sendBroadcast:370 com.huawei.android.airsharing.netwrokmgr.NetWorkMgrEngineEthernet$EthernetStRecv.onReceive:221 android.app.LoadedApk$ReceiverDispatcher$Args.run:768 android.os.Handler.handleCallback:733 
05-25 00:57:23.920  1406  1448 E Vold    : Failed to find volume for /mnt/sdcard1/Android/data/com.dangbei.tvlauncher/files/
05-25 00:57:23.920  1406  1448 W Vold    : Returning OperationFailed - no handler for errno 0
05-25 00:57:25.154  1921  1936 E RemotePrintSpooler: Error removing obsolete print jobs .
05-25 00:57:25.154  1921  1936 E RemotePrintSpooler: java.util.concurrent.TimeoutException: Cannot get spooler!
05-25 00:57:25.154  1921  1936 E RemotePrintSpooler: 	at com.android.server.print.RemotePrintSpooler.bindLocked(RemotePrintSpooler.java:376)
05-25 00:57:25.154  1921  1936 E RemotePrintSpooler: 	at com.android.server.print.RemotePrintSpooler.getRemoteInstanceLazy(RemotePrintSpooler.java:352)
05-25 00:57:25.154  1921  1936 E RemotePrintSpooler: 	at com.android.server.print.RemotePrintSpooler.removeObsoletePrintJobs(RemotePrintSpooler.java:287)
05-25 00:57:25.154  1921  1936 E RemotePrintSpooler: 	at com.android.server.print.UserState.removeObsoletePrintJobs(UserState.java:163)
05-25 00:57:25.154  1921  1936 E RemotePrintSpooler: 	at com.android.server.print.PrintManagerService$1.run(PrintManagerService.java:94)
05-25 00:57:25.154  1921  1936 E RemotePrintSpooler: 	at android.os.Handler.handleCallback(Handler.java:733)
05-25 00:57:25.154  1921  1936 E RemotePrintSpooler: 	at android.os.Handler.dispatchMessage(Handler.java:95)
05-25 00:57:25.154  1921  1936 E RemotePrintSpooler: 	at android.os.Looper.loop(Looper.java:136)
05-25 00:57:25.154  1921  1936 E RemotePrintSpooler: 	at android.os.HandlerThread.run(HandlerThread.java:61)
05-25 00:57:25.945  3056  3056 D ActivityThread: Loading provider com.ktcp.video.autosize-init-provider: com.tencent.autosize.InitProvider
05-25 00:57:26.268  1921  2214 W ContextImpl: Calling a method in the system process without a qualified user: android.app.ContextImpl.sendBroadcast:1338 com.huawei.iptv.stb.stbconfig.StbConfigProvider.sendDataChangeBroadcast:970 com.huawei.iptv.stb.stbconfig.StbConfigProvider.insert:300 android.content.ContentProvider$Transport.insert:220 android.content.ContentProviderNative.onTransact:156 
05-25 00:57:26.327  1921  2163 W ContextImpl: Calling a method in the system process without a qualified user: android.app.ContextImpl.sendBroadcast:1338 com.huawei.iptv.stb.stbconfig.StbConfigProvider.sendDataChangeBroadcast:970 com.huawei.iptv.stb.stbconfig.StbConfigProvider.update:469 android.content.ContentProvider$Transport.update:287 android.content.ContentProviderNative.onTransact:215 
05-25 00:57:27.039  2278  2278 W ContextImpl: Calling a method in the system process without a qualified user: android.app.ContextImpl.startService:1694 android.content.ContextWrapper.startService:494 android.content.ContextWrapper.startService:494 com.huawei.hmt.upgradeonline.service.UpgradeReceiver$DelayExecute.run:793 java.lang.Thread.run:841 
05-25 00:57:27.123  2386  2386 E HmtSysManager: (JNI_OnLoad->186)
05-25 00:57:27.123  2386  2386 E HmtSysManager: (register_com_huawei_hmt_sysmanagerservice->180)
05-25 00:57:27.123  2386  2386 E HmtSysManager: (JNI_OnLoad->198)
05-25 00:57:27.123  2386  2386 E HmtSysManager: (com_huawei_hmt_sysmanager_command->75)
05-25 00:57:27.124  2278  2278 E HmtSysManager: (JNI_OnLoad->186)
05-25 00:57:27.124  2278  2278 E HmtSysManager: (register_com_huawei_hmt_sysmanagerservice->180)
05-25 00:57:27.124  2278  2278 E HmtSysManager: (JNI_OnLoad->198)
05-25 00:57:27.125  2278  2278 E HmtSysManager: (com_huawei_hmt_sysmanager_command->75)
05-25 00:57:27.330  1921  1952 D InputMethodManagerService: --- calledFromForegroundUserOrSystemProcess ? calling uid = 1000 system uid = 1000 calling userId = 0, foreground user id = 0, calling pid = 1921com.android.server.wm.WindowManagerService.openSession(WindowManagerService.java:7584)
05-25 00:57:27.693  1406  1448 E Vold    : Failed to find volume for /mnt/sdcard1/Android/data/com.dangbei.tvlauncher/cache/
05-25 00:57:27.693  1406  1448 W Vold    : Returning OperationFailed - no handler for errno 0
05-25 00:57:27.922  1921  1931 D InputMethodManagerService: --- calledFromForegroundUserOrSystemProcess ? calling uid = 10034 system uid = 1000 calling userId = 0, foreground user id = 0, calling pid = 2524com.android.server.InputMethodManagerService.windowGainedFocus(InputMethodManagerService.java:1890)
05-25 00:57:27.922  1921  1931 V InputMethodManagerService: windowGainedFocus: android.os.BinderProxy@2cce5140 controlFlags=#104 softInputMode=#122 windowFlags=#5810580
05-25 00:57:27.922  1921  1931 V InputMethodManagerService: Window asks to hide input going forward
05-25 00:57:27.923  1921  1931 V InputMethodManagerService: unbindCurrentInputLocked: client = android.os.BinderProxy@2cc72e08
05-25 00:57:27.924  1921  1931 V InputMethodManagerService: Hide switching menu
05-25 00:57:27.924  1921  1931 V InputMethodManagerService: switching to client: client = android.os.BinderProxy@2cce5140 keyguard=false
05-25 00:57:27.926  1921  1931 V InputMethodManagerService: Creating new session for client ClientState{2cc0bbe8 uid 10034 pid 2524}
05-25 00:57:27.928  1921  2144 V InputMethodManagerService: Disabling: SessionState{uid 10037 pid 2479 method 2cccbc40 session 2cc71670 channel ClientState{2cbfbe50 uid 10037 pid 2479} (server)}
05-25 00:57:27.929  1921  2144 V InputMethodManagerService: Enabling: SessionState{uid 10034 pid 2524 method 2cccbc40 session 2cd049b8 channel ClientState{2cc0bbe8 uid 10034 pid 2524} (server)}
05-25 00:57:27.930  1921  2143 D InputMethodManagerService: hide the small icon for the input method
05-25 00:57:27.953  1921  3232 I UsageStats: Deleting usage file : usage-20140101
05-25 00:57:28.048  1406  1448 E Vold    : Failed to find volume for /mnt/sdcard1/Android/data/com.ktcp.video/cache/
05-25 00:57:28.048  1406  1448 W Vold    : Returning OperationFailed - no handler for errno 0
05-25 00:57:28.191  1406  1448 E Vold    : Failed to find volume for /mnt/sdcard1/Android/data/com.ktcp.video/files/
05-25 00:57:28.191  1406  1448 W Vold    : Returning OperationFailed - no handler for errno 0
05-25 00:57:28.344  3247  3247 E dalvikvm: tony dalvik_system_Zygote.cpp mountEmulatedStorage() return 0
05-25 00:57:28.360  1921  2214 I ActivityManager: Start proc com.dangbei.tvlauncher:channel for broadcast com.dangbei.tvlauncher/com.taobao.accs.EventReceiver: pid=3247 uid=10034 gids={50034, 3003, 1028, 1015, 3002, 3001}
05-25 00:57:28.915  1406  1448 E Vold    : Failed to find volume for /mnt/sdcard1/Android/data/com.dangbei.tvlauncher/files/Log/
05-25 00:57:28.915  1406  1448 W Vold    : Returning OperationFailed - no handler for errno 0
05-25 00:57:28.944  1921  1935 W ActivityManager: Launch timeout has expired, giving up wake lock!
05-25 00:57:28.982  1921  1978 D ConnectivityService: onUidRulesChanged(uid=10037, uidRules=0)
05-25 00:57:29.057  3292  3292 E dalvikvm: tony dalvik_system_Zygote.cpp mountEmulatedStorage() return 0
05-25 00:57:29.098  1921  2163 I ActivityManager: Start proc com.dangbeimarket:channel for broadcast com.dangbeimarket/com.taobao.accs.EventReceiver: pid=3292 uid=10015 gids={50015, 3003, 1028, 1015}
05-25 00:57:29.244  1921  1921 W ContextImpl: Calling a method in the system process without a qualified user: android.app.ContextImpl.sendBroadcast:1338 com.android.server.NotificationManagerService.sendNotificationInfoBroadcast:2436 com.android.server.NotificationManagerService.access$2700:105 com.android.server.NotificationManagerService$6.run:1771 android.os.Handler.handleCallback:733 
05-25 00:57:29.257  1921  1921 W ContextImpl: Calling a method in the system process without a qualified user: android.app.ContextImpl.sendBroadcast:1338 com.android.server.NotificationManagerService.sendNotificationInfoBroadcast:2436 com.android.server.NotificationManagerService.access$2700:105 com.android.server.NotificationManagerService$7.run:2106 android.os.Handler.handleCallback:733 
05-25 00:57:30.289  3382  3382 E dalvikvm: tony dalvik_system_Zygote.cpp mountEmulatedStorage() return 0
05-25 00:57:30.312  1921  2144 I ActivityManager: Start proc com.xiaobaifile.tv for broadcast com.xiaobaifile.tv/.system.receiver.StartReceiver: pid=3382 uid=10014 gids={50014, 3003, 1028, 1015}
05-25 00:57:30.498  1921  1921 W ContextImpl: Calling a method in the system process without a qualified user: android.app.ContextImpl.sendBroadcast:1338 com.android.server.NotificationManagerService.sendNotificationInfoBroadcast:2436 com.android.server.NotificationManagerService.access$2700:105 com.android.server.NotificationManagerService$6.run:1771 android.os.Handler.handleCallback:733 
05-25 00:57:30.516  1921  1921 W ContextImpl: Calling a method in the system process without a qualified user: android.app.ContextImpl.sendBroadcast:1338 com.android.server.NotificationManagerService.sendNotificationInfoBroadcast:2436 com.android.server.NotificationManagerService.access$2700:105 com.android.server.NotificationManagerService$7.run:2106 android.os.Handler.handleCallback:733 
05-25 00:57:30.567  1921  1921 W ContextImpl: Calling a method in the system process without a qualified user: android.app.ContextImpl.sendBroadcast:1338 com.android.server.NotificationManagerService.sendNotificationInfoBroadcast:2436 com.android.server.NotificationManagerService.access$2700:105 com.android.server.NotificationManagerService$6.run:1771 android.os.Handler.handleCallback:733 
05-25 00:57:30.569  1921  1921 E NotificationService: Not posting notification with icon==0: Notification(pri=0 contentView=null vibrate=null sound=null defaults=0x0 flags=0x2 kind=[null])
05-25 00:57:30.569  1921  1921 E NotificationService: WARNING: In a future release this will crash the app: com.xiaobaifile.tv
05-25 00:57:30.574  1921  1921 W ContextImpl: Calling a method in the system process without a qualified user: android.app.ContextImpl.sendBroadcast:1338 com.android.server.NotificationManagerService.sendNotificationInfoBroadcast:2436 com.android.server.NotificationManagerService.access$2700:105 com.android.server.NotificationManagerService$6.run:1771 android.os.Handler.handleCallback:733 
05-25 00:57:30.694  1921  1952 D InputMethodManagerService: --- calledFromForegroundUserOrSystemProcess ? calling uid = 10034 system uid = 1000 calling userId = 0, foreground user id = 0, calling pid = 2524com.android.server.InputMethodManagerService.startInput(InputMethodManagerService.java:1259)
05-25 00:57:30.696  1921  2213 D InputMethodManagerService: hide the small icon for the input method
05-25 00:57:30.794  1406  1448 E Vold    : Failed to find volume for /mnt/sdcard1/Android/data/com.ktcp.video/cache/
05-25 00:57:30.794  1406  1448 W Vold    : Returning OperationFailed - no handler for errno 0
05-25 00:57:30.910  3450  3450 E dalvikvm: tony dalvik_system_Zygote.cpp mountEmulatedStorage() return 0
05-25 00:57:30.912  1921  2214 I ActivityManager: Start proc com.xiaobaifile.xbpush for service com.xiaobaifile.tv/com.xiaobaifile.pushsdk.service.PushService: pid=3450 uid=10014 gids={50014, 3003, 1028, 1015}
05-25 00:57:30.942  3457  3457 E dalvikvm: tony dalvik_system_Zygote.cpp mountEmulatedStorage() return 0
05-25 00:57:30.960  1921  2268 I ActivityManager: Start proc com.chinaunicom.duer.apps.xtv for broadcast com.chinaunicom.duer.apps.xtv/com.chinaunicom.duer.apps.receiver.NetConnectReceiver: pid=3457 uid=1000 gids={41000, 1028, 1015, 2001, 1023, 3003, 3001, 3002}
05-25 00:57:31.399  1921  1932 D InputMethodManagerService: --- calledFromForegroundUserOrSystemProcess ? calling uid = 10034 system uid = 1000 calling userId = 0, foreground user id = 0, calling pid = 2524com.android.server.InputMethodManagerService.startInput(InputMethodManagerService.java:1259)
05-25 00:57:31.400  1921  2268 D InputMethodManagerService: hide the small icon for the input method
05-25 00:57:31.622  3457  3457 W ContextImpl: Calling a method in the system process without a qualified user: android.app.ContextImpl.startService:1694 android.content.ContextWrapper.startService:494 android.content.ContextWrapper.startService:494 com.chinaunicom.duer.apps.receiver.NetConnectReceiver.onReceive:59 android.app.ActivityThread.handleReceiver:2419 
05-25 00:57:31.900  3457  3528 W ActivityThread: ClassLoader.loadClass: The class loader returned by Thread.getContextClassLoader() may fail for processes that host multiple applications. You should explicitly specify a context class loader. For example: Thread.setContextClassLoader(getClass().getClassLoader());
05-25 00:57:32.002  3457  3457 W ContextImpl: Calling a method in the system process without a qualified user: android.app.ContextImpl.startService:1694 android.content.ContextWrapper.startService:494 com.chinaunicom.duer.apps.service.VoiceService.onCreate:737 android.app.ActivityThread.handleCreateService:2572 android.app.ActivityThread.access$1800:135 
05-25 00:57:32.072  3539  3539 E dalvikvm: tony dalvik_system_Zygote.cpp mountEmulatedStorage() return 0
05-25 00:57:32.081  1921  1952 I ActivityManager: Start proc com.ktcp.video:push for service com.ktcp.video/com.ktcp.msg.lib.PushMsgService: pid=3539 uid=10048 gids={50048, 3002, 3001, 3003, 1028, 1015}
05-25 00:57:32.082  1921  2197 I ActivityManager: Delay finish: com.ktcp.video/com.ktcp.msg.lib.BootCompletedReceiver
05-25 00:57:32.582  1921  2163 D InputMethodManagerService: --- calledFromForegroundUserOrSystemProcess ? calling uid = 10034 system uid = 1000 calling userId = 0, foreground user id = 0, calling pid = 2524com.android.server.InputMethodManagerService.startInput(InputMethodManagerService.java:1259)
05-25 00:57:32.583  1921  2144 D InputMethodManagerService: hide the small icon for the input method
05-25 00:57:32.801  1921  1938 D NetworkManagementService: notifyInterfaceLinkStateChanged wlan0 false
05-25 00:57:33.004  1921  1935 I ActivityManager: Waited long enough for: ServiceRecord{2ce470a0 u0 com.dangbei.tvlauncher/com.dangbei.flames.phrike.core.DownloadService}
05-25 00:57:33.005  1921  1935 I ActivityManager: Resuming delayed broadcast
05-25 00:57:33.306  1921  1935 I ActivityManager: Waited long enough for: ServiceRecord{2cd9e388 u0 com.dangbei.tvlauncher/com.xiaomi.push.service.XMPushService}
05-25 00:57:33.689  1921  1935 I ActivityManager: Waited long enough for: ServiceRecord{2cc90980 u0 com.dangbeimarket/cn.jpush.android.service.DaemonService}
05-25 00:57:34.245  3539  3539 D ActivityThread: Loading provider com.ktcp.video.autosize-init-provider: com.tencent.autosize.InitProvider
05-25 00:57:34.820  3457  3662 W ContextImpl: Calling a method in the system process without a qualified user: android.app.ContextImpl.sendBroadcast:1338 android.content.ContextWrapper.sendBroadcast:365 com.chinaunicom.duer.apps.service.VoiceService$17.run:1977 java.lang.Thread.run:841 <bottom of call stack> 
05-25 00:57:35.330  1406  1448 E Vold    : Failed to find volume for /mnt/sdcard1/Android/data/com.ktcp.video/files/
05-25 00:57:35.330  1406  1448 W Vold    : Returning OperationFailed - no handler for errno 0
05-25 00:57:35.341  1406  1448 E Vold    : Failed to find volume for /mnt/sdcard1/Android/data/com.ktcp.video/cache/
05-25 00:57:35.341  1406  1448 W Vold    : Returning OperationFailed - no handler for errno 0
05-25 00:57:35.392  1921  1935 I ActivityManager: Waited long enough for: ServiceRecord{2cc13988 u0 com.huawei.hmt.OfficeUpdateTableData/.UpdateDataService}
05-25 00:57:35.820  1406  1448 E Vold    : Failed to find volume for /mnt/sdcard1/Android/data/com.ktcp.video/files/
05-25 00:57:35.820  1406  1448 W Vold    : Returning OperationFailed - no handler for errno 0
05-25 00:57:35.933  1921  2196 I ActivityManager: Delay finish: com.ktcp.video/com.tencent.oma.push.BootstrapReceiver
05-25 00:57:35.969  1921  1935 I ActivityManager: Waited long enough for: ServiceRecord{2cd595a0 u0 com.dangbeimarket/.downloader.core.DownloadService}
05-25 00:57:35.969  1921  1935 I ActivityManager: Resuming delayed broadcast
05-25 00:57:36.139  3740  3740 E dalvikvm: tony dalvik_system_Zygote.cpp mountEmulatedStorage() return 0
05-25 00:57:36.145  1921  2163 I ActivityManager: Start proc com.dangbeimarket:dangbei_web for service com.dangbeimarket/.uploadfile.RemoteService: pid=3740 uid=10015 gids={50015, 3003, 1028, 1015}
05-25 00:57:36.147  1921  1931 I ActivityManager: Delaying start of: ServiceRecord{2d733ad8 u0 com.dangbeimarket/.service.MonitorService}
05-25 00:57:36.149  1921  2144 I ActivityManager: Delaying start of: ServiceRecord{2d738990 u0 com.dangbeimarket/.service.AppUninstallMonitorService}
05-25 00:57:36.156  1921  1954 W ActivityManager: Unable to start service Intent { cmp=com.dangbeimarket/.module.question.NetChangeRecevier } U=0: not found
05-25 00:57:36.351  1921  2196 I ActivityManager: Delay finish: com.dangbeimarket/.service.BootReceiver
05-25 00:57:36.992  1921  1935 I ActivityManager: Waited long enough for: ServiceRecord{2ce98f30 u0 com.huawei.dsm/.service.DSMService}
05-25 00:57:37.009  3787  3787 E dalvikvm: tony dalvik_system_Zygote.cpp mountEmulatedStorage() return 0
05-25 00:57:37.040  1921  1935 I ActivityManager: Start proc com.dangbeimarket:MonitorService for service com.dangbeimarket/.service.MonitorService: pid=3787 uid=10015 gids={50015, 3003, 1028, 1015}
05-25 00:57:37.444  1921  1935 I ActivityManager: Waited long enough for: ServiceRecord{2ce5d978 u0 com.chinaunicom.tv.usp/.service.DSMService}
05-25 00:57:37.464  3834  3834 E dalvikvm: tony dalvik_system_Zygote.cpp mountEmulatedStorage() return 0
05-25 00:57:37.472  1921  1935 I ActivityManager: Start proc com.dangbeimarket:appuninstallMonitor for service com.dangbeimarket/.service.AppUninstallMonitorService: pid=3834 uid=10015 gids={50015, 3003, 1028, 1015}
05-25 00:57:38.770  1921  2196 I ActivityManager: Resuming delayed broadcast
05-25 00:57:38.792  1921  1952 I ActivityManager: Delay finish: com.dangbeimarket/com.tv.filemanager.tools.BootReceiver
05-25 00:57:38.797  1921  1921 W ContextImpl: Calling a method in the system process without a qualified user: android.app.ContextImpl.sendBroadcast:1338 com.android.server.NotificationManagerService.sendNotificationInfoBroadcast:2436 com.android.server.NotificationManagerService.access$2700:105 com.android.server.NotificationManagerService$6.run:1771 android.os.Handler.handleCallback:733 
05-25 00:57:40.013  1406  1448 E Vold    : Failed to find volume for /mnt/sdcard1/Android/data/com.ktcp.video/files/
05-25 00:57:40.013  1406  1448 W Vold    : Returning OperationFailed - no handler for errno 0
05-25 00:57:42.356  1921  2163 W ActivityManager: Unable to start service Intent { cmp=com.ktcp.video/com.ave.rogers.vplugin.component.service.server.PluginPitServiceUI } U=0: not found
05-25 00:57:47.082  1921  1935 I ActivityManager: Waited long enough for: ServiceRecord{2d72db88 u0 com.ktcp.video/com.ktcp.msg.lib.PushMsgService}
05-25 00:57:47.082  1921  1935 I ActivityManager: Resuming delayed broadcast
05-25 00:57:47.124  1921  2163 W BroadcastQueue: Permission Denial: broadcasting Intent { act=android.intent.action.USER_PRESENT flg=0x24000010 } from com.android.keyguard (pid=1992, uid=10006) is not exported from uid 10034 due to receiver com.dangbei.tvlauncher/cn.jpush.android.service.PushReceiver
05-25 00:57:47.152  1921  2247 W ActivityManager: Unable to start service Intent { cmp=com.dangbeimarket/.module.question.NetChangeRecevier } U=0: not found
05-25 00:57:47.175  1921  2196 W BroadcastQueue: Permission Denial: broadcasting Intent { act=android.intent.action.USER_PRESENT flg=0x24000010 } from com.android.keyguard (pid=1992, uid=10006) is not exported from uid 10015 due to receiver com.dangbeimarket/cn.jpush.android.service.PushReceiver
05-25 00:57:47.322  2811  2811 W ContextImpl: Calling a method in the system process without a qualified user: android.app.ContextImpl.startService:1694 android.content.ContextWrapper.startService:494 android.content.ContextWrapper.startService:494 com.android.settings.receiver.SettingsReceiver.onReceive:49 android.app.ActivityThread.handleReceiver:2419 
05-25 00:57:47.659  2811  2811 W ContextImpl: Calling a method in the system process without a qualified user: android.app.ContextImpl.startService:1694 android.content.ContextWrapper.startService:494 android.content.ContextWrapper.startService:494 com.android.settings.receiver.SettingsReceiver.onReceive:49 android.app.ActivityThread.handleReceiver:2419 
05-25 00:57:47.679  2811  2811 W ContextImpl: Calling a method in the system process without a qualified user: android.app.ContextImpl.startService:1694 android.content.ContextWrapper.startService:494 android.content.ContextWrapper.startService:494 com.android.settings.receiver.SettingsReceiver.onReceive:49 android.app.ActivityThread.handleReceiver:2419 
05-25 00:57:47.713  2175  2175 W ContextImpl: Calling a method in the system process without a qualified user: android.app.ContextImpl.startService:1694 android.content.ContextWrapper.startService:494 android.content.ContextWrapper.startService:494 com.huawei.iptv.stb.receiver.IPTVBroadcastReceiver.remoteRegisterHandle:103 com.huawei.iptv.stb.receiver.IPTVBroadcastReceiver.onReceive:52 
05-25 00:57:47.747  2811  2811 W ContextImpl: Calling a method in the system process without a qualified user: android.app.ContextImpl.startService:1694 android.content.ContextWrapper.startService:494 android.content.ContextWrapper.startService:494 com.android.settings.receiver.SettingsReceiver.onReceive:49 android.app.ActivityThread.handleReceiver:2419 
05-25 00:57:47.773  1921  2163 W BroadcastQueue: Permission Denial: broadcasting Intent { act=PROVIDER_CONFIG_CHANGED flg=0x10 (has extras) } from android (pid=2854, uid=10011) requires com.android.settings.permission.Receivere due to receiver com.android.settings/.receiver.SettingsReceiver
05-25 00:57:47.778  1921  2213 W BroadcastQueue: Permission Denial: broadcasting Intent { act=PROVIDER_CONFIG_CHANGED flg=0x10 (has extras) } from android (pid=2854, uid=10011) requires com.android.settings.permission.Receivere due to receiver com.android.settings/.receiver.SettingsReceiver
05-25 00:57:47.800  1921  1938 D NetworkManagementService: notifyInterfaceLinkStateChanged wlan0 false
05-25 00:57:48.028  1921  1982 D ConnectivityService: Sampling interval elapsed, updating statistics ..
05-25 00:57:48.031  1921  1982 D ConnectivityService: Done.
05-25 00:57:48.032  1921  1982 D ConnectivityService: Setting timer for 30seconds
05-25 00:57:50.716  1921  1935 I ActivityManager: Waited long enough for: ServiceRecord{2d7390d8 u0 com.ktcp.video/com.tencent.qqlivetv.model.operationmonitor.OperationMonitorService}
05-25 00:57:50.870  1921  1935 I ActivityManager: Waited long enough for: ServiceRecord{2cc96d90 u0 com.ktcp.video/.service.ControlProjectionServiceforPush}
05-25 00:57:50.875  1921  1935 I ActivityManager: Waited long enough for: ServiceRecord{2cd7a898 u0 com.ktcp.video/com.ktcp.msg.lib.PushMsgService$subService}
05-25 00:57:50.926  1921  1935 I ActivityManager: Waited long enough for: ServiceRecord{2cd139c8 u0 com.ktcp.video/com.tencent.oma.push.PushService}
05-25 00:57:51.146  1921  1935 I ActivityManager: Waited long enough for: ServiceRecord{2cd10bb0 u0 com.dangbeimarket/.uploadfile.RemoteService}
05-25 00:57:52.040  1921  1935 I ActivityManager: Waited long enough for: ServiceRecord{2d733ad8 u0 com.dangbeimarket/.service.MonitorService}
05-25 00:57:53.792  1921  1935 I ActivityManager: Waited long enough for: ServiceRecord{2cd4bc28 u0 com.dangbeimarket/com.tv.filemanager.UsbStartService}
05-25 00:58:02.789  1921  1938 D NetworkManagementService: notifyInterfaceLinkStateChanged wlan0 false
05-25 00:58:17.808  1921  1938 D NetworkManagementService: notifyInterfaceLinkStateChanged wlan0 false
05-25 00:58:18.036  1921  1982 D ConnectivityService: Sampling interval elapsed, updating statistics ..
05-25 00:58:18.040  1921  1982 D ConnectivityService: Done.
05-25 00:58:18.040  1921  1982 D ConnectivityService: Setting timer for 30seconds
05-25 00:58:18.397  2265  2324 W ContextImpl: Calling a method in the system process without a qualified user: android.app.ContextImpl.startService:1694 android.content.ContextWrapper.startService:494 com.iflytek.xirihelpersupervisor.service.DaemonService$2.run:129 android.os.Handler.handleCallback:733 android.os.Handler.dispatchMessage:95 
05-25 00:58:18.399  1921  2144 W ActivityManager: Unable to start service Intent { act=com.iflytek.xiri2.helperService } U=0: not found
05-25 00:58:20.557  2201  4369 W ActivityThread: ClassLoader.loadClass: The class loader returned by Thread.getContextClassLoader() may fail for processes that host multiple applications. You should explicitly specify a context class loader. For example: Thread.setContextClassLoader(getClass().getClassLoader());
05-25 00:58:32.815  1921  1938 D NetworkManagementService: notifyInterfaceLinkStateChanged wlan0 false
05-25 00:58:47.820  1921  1938 D NetworkManagementService: notifyInterfaceLinkStateChanged wlan0 false
05-25 00:58:48.042  1921  1982 D ConnectivityService: Sampling interval elapsed, updating statistics ..
05-25 00:58:48.046  1921  1982 D ConnectivityService: Done.
05-25 00:58:48.046  1921  1982 D ConnectivityService: Setting timer for 30seconds
05-25 00:59:02.843  1921  1938 D NetworkManagementService: notifyInterfaceLinkStateChanged wlan0 false
05-25 00:59:17.840  1921  1938 D NetworkManagementService: notifyInterfaceLinkStateChanged wlan0 false
05-25 00:59:18.049  1921  1982 D ConnectivityService: Sampling interval elapsed, updating statistics ..
05-25 00:59:18.052  1921  1982 D ConnectivityService: Done.
05-25 00:59:18.052  1921  1982 D ConnectivityService: Setting timer for 30seconds
05-25 00:59:18.457  2265  2324 W ContextImpl: Calling a method in the system process without a qualified user: android.app.ContextImpl.startService:1694 android.content.ContextWrapper.startService:494 com.iflytek.xirihelpersupervisor.service.DaemonService$2.run:129 android.os.Handler.handleCallback:733 android.os.Handler.dispatchMessage:95 
05-25 00:59:18.459  1921  2247 W ActivityManager: Unable to start service Intent { act=com.iflytek.xiri2.helperService } U=0: not found
05-25 00:59:32.861  1921  1938 D NetworkManagementService: notifyInterfaceLinkStateChanged wlan0 false
05-25 00:59:47.869  1921  1938 D NetworkManagementService: notifyInterfaceLinkStateChanged wlan0 false
05-25 00:59:48.054  1921  1982 D ConnectivityService: Sampling interval elapsed, updating statistics ..
05-25 00:59:48.057  1921  1982 D ConnectivityService: Done.
05-25 00:59:48.057  1921  1982 D ConnectivityService: Setting timer for 30seconds
05-25 01:00:02.890  1921  1938 D NetworkManagementService: notifyInterfaceLinkStateChanged wlan0 false
05-25 01:00:17.914  1921  1938 D NetworkManagementService: notifyInterfaceLinkStateChanged wlan0 false
05-25 01:00:18.060  1921  1982 D ConnectivityService: Sampling interval elapsed, updating statistics ..
05-25 01:00:18.063  1921  1982 D ConnectivityService: Done.
05-25 01:00:18.063  1921  1982 D ConnectivityService: Setting timer for 30seconds
05-25 01:00:18.524  2265  2324 W ContextImpl: Calling a method in the system process without a qualified user: android.app.ContextImpl.startService:1694 android.content.ContextWrapper.startService:494 com.iflytek.xirihelpersupervisor.service.DaemonService$2.run:129 android.os.Handler.handleCallback:733 android.os.Handler.dispatchMessage:95 
05-25 01:00:18.525  1921  2197 W ActivityManager: Unable to start service Intent { act=com.iflytek.xiri2.helperService } U=0: not found
05-25 01:00:32.905  1921  1938 D NetworkManagementService: notifyInterfaceLinkStateChanged wlan0 false
05-25 01:00:47.925  1921  1938 D NetworkManagementService: notifyInterfaceLinkStateChanged wlan0 false
05-25 01:00:48.066  1921  1982 D ConnectivityService: Sampling interval elapsed, updating statistics ..
05-25 01:00:48.069  1921  1982 D ConnectivityService: Done.
05-25 01:00:48.069  1921  1982 D ConnectivityService: Setting timer for 30seconds
05-25 01:01:02.938  1921  1938 D NetworkManagementService: notifyInterfaceLinkStateChanged wlan0 false
05-25 01:01:17.945  1921  1938 D NetworkManagementService: notifyInterfaceLinkStateChanged wlan0 false
05-25 01:01:18.071  1921  1982 D ConnectivityService: Sampling interval elapsed, updating statistics ..
05-25 01:01:18.074  1921  1982 D ConnectivityService: Done.
05-25 01:01:18.075  1921  1982 D ConnectivityService: Setting timer for 30seconds
05-25 01:01:18.589  2265  2324 W ContextImpl: Calling a method in the system process without a qualified user: android.app.ContextImpl.startService:1694 android.content.ContextWrapper.startService:494 com.iflytek.xirihelpersupervisor.service.DaemonService$2.run:129 android.os.Handler.handleCallback:733 android.os.Handler.dispatchMessage:95 
05-25 01:01:18.590  1921  2161 W ActivityManager: Unable to start service Intent { act=com.iflytek.xiri2.helperService } U=0: not found
05-25 01:01:32.972  1921  1938 D NetworkManagementService: notifyInterfaceLinkStateChanged wlan0 false
05-25 01:01:47.970  1921  1938 D NetworkManagementService: notifyInterfaceLinkStateChanged wlan0 false
05-25 01:01:48.078  1921  1982 D ConnectivityService: Sampling interval elapsed, updating statistics ..
05-25 01:01:48.082  1921  1982 D ConnectivityService: Done.
05-25 01:01:48.082  1921  1982 D ConnectivityService: Setting timer for 30seconds
05-25 01:02:02.996  1921  1938 D NetworkManagementService: notifyInterfaceLinkStateChanged wlan0 false
05-25 01:02:14.831  1921  1938 D NetworkManagementService: notifyInterfaceLinkStateChanged wlan0 false
05-25 01:02:18.004  1921  1938 D NetworkManagementService: notifyInterfaceLinkStateChanged wlan0 false
05-25 01:02:18.655  2265  2324 W ContextImpl: Calling a method in the system process without a qualified user: android.app.ContextImpl.startService:1694 android.content.ContextWrapper.startService:494 com.iflytek.xirihelpersupervisor.service.DaemonService$2.run:129 android.os.Handler.handleCallback:733 android.os.Handler.dispatchMessage:95 
05-25 01:02:18.656  1921  1931 W ActivityManager: Unable to start service Intent { act=com.iflytek.xiri2.helperService } U=0: not found
05-25 01:02:31.450  1921  2271 I ActivityManager: START u0 {flg=0x10000000 cmp=com.dangbei.tvlauncher/com.dangbei.launcher.ui.screensaver.ScreensaverActivity} from pid 2524
05-25 01:02:31.452  1921  2271 I UsageStats: No package stats for pkg:com.dangbei.tvlauncher
05-25 01:02:31.539  1406  1448 E Vold    : Failed to find volume for /mnt/sdcard1/Android/data/com.dangbei.tvlauncher/cache/
05-25 01:02:31.539  1406  1448 W Vold    : Returning OperationFailed - no handler for errno 0
05-25 01:02:31.661  1921  2163 D InputMethodManagerService: --- calledFromForegroundUserOrSystemProcess ? calling uid = 10034 system uid = 1000 calling userId = 0, foreground user id = 0, calling pid = 2524com.android.server.InputMethodManagerService.windowGainedFocus(InputMethodManagerService.java:1890)
05-25 01:02:31.661  1921  2163 V InputMethodManagerService: windowGainedFocus: android.os.BinderProxy@2cce5140 controlFlags=#104 softInputMode=#120 windowFlags=#5810580
05-25 01:02:31.661  1921  2163 V InputMethodManagerService: Unspecified window will hide input
05-25 01:02:31.664  1921  2271 D InputMethodManagerService: hide the small icon for the input method
05-25 01:02:33.027  1921  1938 D NetworkManagementService: notifyInterfaceLinkStateChanged wlan0 false
05-25 01:02:37.758  1921  1982 D ConnectivityService: Sampling interval elapsed, updating statistics ..
05-25 01:02:37.762  1921  1982 D ConnectivityService: Done.
05-25 01:02:37.762  1921  1982 D ConnectivityService: Setting timer for 30seconds
05-25 01:02:48.018  1921  1938 D NetworkManagementService: notifyInterfaceLinkStateChanged wlan0 false
05-25 01:03:03.033  1921  1938 D NetworkManagementService: notifyInterfaceLinkStateChanged wlan0 false
05-25 01:03:07.766  1921  1982 D ConnectivityService: Sampling interval elapsed, updating statistics ..
05-25 01:03:07.769  1921  1982 D ConnectivityService: Done.
05-25 01:03:07.770  1921  1982 D ConnectivityService: Setting timer for 30seconds
05-25 01:03:18.038  1921  1938 D NetworkManagementService: notifyInterfaceLinkStateChanged wlan0 false
05-25 01:03:18.719  2265  2324 W ContextImpl: Calling a method in the system process without a qualified user: android.app.ContextImpl.startService:1694 android.content.ContextWrapper.startService:494 com.iflytek.xirihelpersupervisor.service.DaemonService$2.run:129 android.os.Handler.handleCallback:733 android.os.Handler.dispatchMessage:95 
05-25 01:03:18.721  1921  2161 W ActivityManager: Unable to start service Intent { act=com.iflytek.xiri2.helperService } U=0: not found
05-25 01:03:33.055  1921  1938 D NetworkManagementService: notifyInterfaceLinkStateChanged wlan0 false
05-25 01:03:37.774  1921  1982 D ConnectivityService: Sampling interval elapsed, updating statistics ..
05-25 01:03:37.778  1921  1982 D ConnectivityService: Done.
05-25 01:03:37.778  1921  1982 D ConnectivityService: Setting timer for 30seconds
05-25 01:03:48.083  1921  1938 D NetworkManagementService: notifyInterfaceLinkStateChanged wlan0 false
05-25 01:04:03.085  1921  1938 D NetworkManagementService: notifyInterfaceLinkStateChanged wlan0 false
05-25 01:04:07.781  1921  1982 D ConnectivityService: Sampling interval elapsed, updating statistics ..
05-25 01:04:07.783  1921  1982 D ConnectivityService: Done.
05-25 01:04:07.784  1921  1982 D ConnectivityService: Setting timer for 30seconds
05-25 01:04:18.096  1921  1938 D NetworkManagementService: notifyInterfaceLinkStateChanged wlan0 false
05-25 01:04:18.785  2265  2324 W ContextImpl: Calling a method in the system process without a qualified user: android.app.ContextImpl.startService:1694 android.content.ContextWrapper.startService:494 com.iflytek.xirihelpersupervisor.service.DaemonService$2.run:129 android.os.Handler.handleCallback:733 android.os.Handler.dispatchMessage:95 
05-25 01:04:18.786  1921  2213 W ActivityManager: Unable to start service Intent { act=com.iflytek.xiri2.helperService } U=0: not found
05-25 01:04:33.127  1921  1938 D NetworkManagementService: notifyInterfaceLinkStateChanged wlan0 false
05-25 01:04:37.787  1921  1982 D ConnectivityService: Sampling interval elapsed, updating statistics ..
05-25 01:04:37.791  1921  1982 D ConnectivityService: Done.
05-25 01:04:37.791  1921  1982 D ConnectivityService: Setting timer for 30seconds
05-25 01:04:48.135  1921  1938 D NetworkManagementService: notifyInterfaceLinkStateChanged wlan0 false
05-25 01:05:03.140  1921  1938 D NetworkManagementService: notifyInterfaceLinkStateChanged wlan0 false
05-25 01:05:07.794  1921  1982 D ConnectivityService: Sampling interval elapsed, updating statistics ..
05-25 01:05:07.797  1921  1982 D ConnectivityService: Done.
05-25 01:05:07.797  1921  1982 D ConnectivityService: Setting timer for 30seconds
05-25 01:05:18.143  1921  1938 D NetworkManagementService: notifyInterfaceLinkStateChanged wlan0 false
05-25 01:05:18.851  2265  2324 W ContextImpl: Calling a method in the system process without a qualified user: android.app.ContextImpl.startService:1694 android.content.ContextWrapper.startService:494 com.iflytek.xirihelpersupervisor.service.DaemonService$2.run:129 android.os.Handler.handleCallback:733 android.os.Handler.dispatchMessage:95 
05-25 01:05:18.852  1921  2213 W ActivityManager: Unable to start service Intent { act=com.iflytek.xiri2.helperService } U=0: not found
05-25 01:05:33.168  1921  1938 D NetworkManagementService: notifyInterfaceLinkStateChanged wlan0 false
05-25 01:05:37.800  1921  1982 D ConnectivityService: Sampling interval elapsed, updating statistics ..
05-25 01:05:37.804  1921  1982 D ConnectivityService: Done.
05-25 01:05:37.804  1921  1982 D ConnectivityService: Setting timer for 30seconds
05-25 01:05:48.196  1921  1938 D NetworkManagementService: notifyInterfaceLinkStateChanged wlan0 false
05-25 01:06:03.191  1921  1938 D NetworkManagementService: notifyInterfaceLinkStateChanged wlan0 false
05-25 01:06:07.806  1921  1982 D ConnectivityService: Sampling interval elapsed, updating statistics ..
05-25 01:06:07.810  1921  1982 D ConnectivityService: Done.
05-25 01:06:07.810  1921  1982 D ConnectivityService: Setting timer for 30seconds
05-25 01:06:18.204  1921  1938 D NetworkManagementService: notifyInterfaceLinkStateChanged wlan0 false
05-25 01:06:18.915  2265  2324 W ContextImpl: Calling a method in the system process without a qualified user: android.app.ContextImpl.startService:1694 android.content.ContextWrapper.startService:494 com.iflytek.xirihelpersupervisor.service.DaemonService$2.run:129 android.os.Handler.handleCallback:733 android.os.Handler.dispatchMessage:95 
05-25 01:06:18.916  1921  2247 W ActivityManager: Unable to start service Intent { act=com.iflytek.xiri2.helperService } U=0: not found
05-25 01:06:33.232  1921  1938 D NetworkManagementService: notifyInterfaceLinkStateChanged wlan0 false
05-25 01:06:37.813  1921  1982 D ConnectivityService: Sampling interval elapsed, updating statistics ..
05-25 01:06:37.818  1921  1982 D ConnectivityService: Done.
05-25 01:06:37.818  1921  1982 D ConnectivityService: Setting timer for 30seconds
05-25 01:06:48.241  1921  1938 D NetworkManagementService: notifyInterfaceLinkStateChanged wlan0 false
05-25 01:07:03.274  1921  1938 D NetworkManagementService: notifyInterfaceLinkStateChanged wlan0 false
05-25 01:07:18.257  1921  1938 D NetworkManagementService: notifyInterfaceLinkStateChanged wlan0 false
05-25 01:07:18.979  2265  2324 W ContextImpl: Calling a method in the system process without a qualified user: android.app.ContextImpl.startService:1694 android.content.ContextWrapper.startService:494 com.iflytek.xirihelpersupervisor.service.DaemonService$2.run:129 android.os.Handler.handleCallback:733 android.os.Handler.dispatchMessage:95 
05-25 01:07:18.980  1921  2213 W ActivityManager: Unable to start service Intent { act=com.iflytek.xiri2.helperService } U=0: not found
05-25 01:07:27.768  1921  1982 D ConnectivityService: Sampling interval elapsed, updating statistics ..
05-25 01:07:27.777  1921  1982 D ConnectivityService: Done.
05-25 01:07:27.777  1921  1982 D ConnectivityService: Setting timer for 30seconds
05-25 01:07:33.280  1921  1938 D NetworkManagementService: notifyInterfaceLinkStateChanged wlan0 false
05-25 01:07:48.301  1921  1938 D NetworkManagementService: notifyInterfaceLinkStateChanged wlan0 false
05-25 01:08:01.178  1921  1982 D ConnectivityService: Sampling interval elapsed, updating statistics ..
05-25 01:08:01.184  1921  1982 D ConnectivityService: Done.
05-25 01:08:01.184  1921  1982 D ConnectivityService: Setting timer for 30seconds
05-25 01:08:03.311  1921  1938 D NetworkManagementService: notifyInterfaceLinkStateChanged wlan0 false
05-25 01:08:18.320  1921  1938 D NetworkManagementService: notifyInterfaceLinkStateChanged wlan0 false
05-25 01:08:19.044  2265  2324 W ContextImpl: Calling a method in the system process without a qualified user: android.app.ContextImpl.startService:1694 android.content.ContextWrapper.startService:494 com.iflytek.xirihelpersupervisor.service.DaemonService$2.run:129 android.os.Handler.handleCallback:733 android.os.Handler.dispatchMessage:95 
05-25 01:08:19.045  1921  1932 W ActivityManager: Unable to start service Intent { act=com.iflytek.xiri2.helperService } U=0: not found
05-25 01:08:31.190  1921  1982 D ConnectivityService: Sampling interval elapsed, updating statistics ..
05-25 01:08:31.195  1921  1982 D ConnectivityService: Done.
05-25 01:08:31.195  1921  1982 D ConnectivityService: Setting timer for 30seconds
05-25 01:08:33.343  1921  1938 D NetworkManagementService: notifyInterfaceLinkStateChanged wlan0 false
05-25 01:08:48.338  1921  1938 D NetworkManagementService: notifyInterfaceLinkStateChanged wlan0 false
05-25 01:09:01.199  1921  1982 D ConnectivityService: Sampling interval elapsed, updating statistics ..
05-25 01:09:01.206  1921  1982 D ConnectivityService: Done.
05-25 01:09:01.206  1921  1982 D ConnectivityService: Setting timer for 30seconds
05-25 01:09:03.375  1921  1938 D NetworkManagementService: notifyInterfaceLinkStateChanged wlan0 false
05-25 01:09:18.357  1921  1938 D NetworkManagementService: notifyInterfaceLinkStateChanged wlan0 false
05-25 01:09:19.109  2265  2324 W ContextImpl: Calling a method in the system process without a qualified user: android.app.ContextImpl.startService:1694 android.content.ContextWrapper.startService:494 com.iflytek.xirihelpersupervisor.service.DaemonService$2.run:129 android.os.Handler.handleCallback:733 android.os.Handler.dispatchMessage:95 
05-25 01:09:19.110  1921  1931 W ActivityManager: Unable to start service Intent { act=com.iflytek.xiri2.helperService } U=0: not found
05-25 01:09:31.210  1921  1982 D ConnectivityService: Sampling interval elapsed, updating statistics ..
05-25 01:09:31.216  1921  1982 D ConnectivityService: Done.
05-25 01:09:31.217  1921  1982 D ConnectivityService: Setting timer for 30seconds
05-25 01:09:33.384  1921  1938 D NetworkManagementService: notifyInterfaceLinkStateChanged wlan0 false
05-25 01:09:48.386  1921  1938 D NetworkManagementService: notifyInterfaceLinkStateChanged wlan0 false
05-25 01:10:01.221  1921  1982 D ConnectivityService: Sampling interval elapsed, updating statistics ..
05-25 01:10:01.229  1921  1982 D ConnectivityService: Done.
05-25 01:10:01.229  1921  1982 D ConnectivityService: Setting timer for 30seconds
05-25 01:10:03.405  1921  1938 D NetworkManagementService: notifyInterfaceLinkStateChanged wlan0 false
05-25 01:10:18.432  1921  1938 D NetworkManagementService: notifyInterfaceLinkStateChanged wlan0 false
05-25 01:10:19.173  2265  2324 W ContextImpl: Calling a method in the system process without a qualified user: android.app.ContextImpl.startService:1694 android.content.ContextWrapper.startService:494 com.iflytek.xirihelpersupervisor.service.DaemonService$2.run:129 android.os.Handler.handleCallback:733 android.os.Handler.dispatchMessage:95 
05-25 01:10:19.174  1921  2214 W ActivityManager: Unable to start service Intent { act=com.iflytek.xiri2.helperService } U=0: not found
05-25 01:10:31.233  1921  1982 D ConnectivityService: Sampling interval elapsed, updating statistics ..
05-25 01:10:31.238  1921  1982 D ConnectivityService: Done.
05-25 01:10:31.238  1921  1982 D ConnectivityService: Setting timer for 30seconds
05-25 01:10:33.435  1921  1938 D NetworkManagementService: notifyInterfaceLinkStateChanged wlan0 false
05-25 01:10:48.450  1921  1938 D NetworkManagementService: notifyInterfaceLinkStateChanged wlan0 false
05-25 01:10:50.258  1921  1958 V WiredAccessoryManager: Headset UEVENT: {SUBSYSTEM=switch, SWITCH_STATE=0, DEVPATH=/devices/virtual/switch/hdmi, SEQNUM=1418, ACTION=change, SWITCH_NAME=hdmi}
05-25 01:10:50.260  1921  1958 V WiredAccessoryManager: newName=hdmi newState=0 headsetState=0 prev headsetState=16
05-25 01:10:50.261  1921  1921 V WiredAccessoryManager: device hdmi disconnected
05-25 01:10:50.267  1921  1921 W ContextImpl: Calling a method in the system process without a qualified user: android.app.ContextImpl.sendBroadcast:1338 com.android.server.WiredAccessoryManager.setDeviceStateLocked:275 com.android.server.WiredAccessoryManager.setDevicesState:234 com.android.server.WiredAccessoryManager.access$100:54 com.android.server.WiredAccessoryManager$2.handleMessage:222 
05-25 01:10:50.270  2811  2811 E AndroidRuntime: FATAL EXCEPTION: main
05-25 01:10:50.270  2811  2811 E AndroidRuntime: Process: com.android.settings, PID: 2811
05-25 01:10:50.270  2811  2811 E AndroidRuntime: java.lang.RuntimeException: Unable to instantiate receiver com.android.settings.SettingBroadcastReceiver: java.lang.NumberFormatException: Invalid int: "java.lang.Object@2c8f1f70"
05-25 01:10:50.270  2811  2811 E AndroidRuntime: 	at android.app.ActivityThread.handleReceiver(ActivityThread.java:2400)
05-25 01:10:50.270  2811  2811 E AndroidRuntime: 	at android.app.ActivityThread.access$1700(ActivityThread.java:135)
05-25 01:10:50.270  2811  2811 E AndroidRuntime: 	at android.app.ActivityThread$H.handleMessage(ActivityThread.java:1272)
05-25 01:10:50.270  2811  2811 E AndroidRuntime: 	at android.os.Handler.dispatchMessage(Handler.java:102)
05-25 01:10:50.270  2811  2811 E AndroidRuntime: 	at android.os.Looper.loop(Looper.java:136)
05-25 01:10:50.270  2811  2811 E AndroidRuntime: 	at android.app.ActivityThread.main(ActivityThread.java:5039)
05-25 01:10:50.270  2811  2811 E AndroidRuntime: 	at java.lang.reflect.Method.invokeNative(Native Method)
05-25 01:10:50.270  2811  2811 E AndroidRuntime: 	at java.lang.reflect.Method.invoke(Method.java:515)
05-25 01:10:50.270  2811  2811 E AndroidRuntime: 	at com.android.internal.os.ZygoteInit$MethodAndArgsCaller.run(ZygoteInit.java:844)
05-25 01:10:50.270  2811  2811 E AndroidRuntime: 	at com.android.internal.os.ZygoteInit.main(ZygoteInit.java:660)
05-25 01:10:50.270  2811  2811 E AndroidRuntime: 	at dalvik.system.NativeStart.main(Native Method)
05-25 01:10:50.270  2811  2811 E AndroidRuntime: Caused by: java.lang.NumberFormatException: Invalid int: "java.lang.Object@2c8f1f70"
05-25 01:10:50.270  2811  2811 E AndroidRuntime: 	at java.lang.Integer.invalidInt(Integer.java:137)
05-25 01:10:50.270  2811  2811 E AndroidRuntime: 	at java.lang.Integer.parse(Integer.java:374)
05-25 01:10:50.270  2811  2811 E AndroidRuntime: 	at java.lang.Integer.parseInt(Integer.java:365)
05-25 01:10:50.270  2811  2811 E AndroidRuntime: 	at java.lang.Integer.parseInt(Integer.java:331)
05-25 01:10:50.270  2811  2811 E AndroidRuntime: 	at com.android.settings.SettingBroadcastReceiver.<init>(SettingBroadcastReceiver.java:38)
05-25 01:10:50.270  2811  2811 E AndroidRuntime: 	at java.lang.Class.newInstanceImpl(Native Method)
05-25 01:10:50.270  2811  2811 E AndroidRuntime: 	at java.lang.Class.newInstance(Class.java:1208)
05-25 01:10:50.270  2811  2811 E AndroidRuntime: 	at android.app.ActivityThread.handleReceiver(ActivityThread.java:2395)
05-25 01:10:50.270  2811  2811 E AndroidRuntime: 	... 10 more
05-25 01:10:50.282  1921  1935 W ContextImpl: Calling a method in the system process without a qualified user: android.app.ContextImpl.sendBroadcast:1338 com.android.server.am.ActivityManagerService$5.handleMessage:1247 android.os.Handler.dispatchMessage:102 android.os.Looper.loop:136 com.android.server.am.ActivityManagerService$AThread.run:2118 
05-25 01:10:50.304  1921  2196 I ActivityManager: Process com.android.settings (pid 2811) has died.
05-25 01:10:50.305  1921  2196 W ActivityManager: Scheduling restart of crashed service com.android.settings/.receiver.ZoneService in 0ms
05-25 01:10:50.317 13764 13764 E dalvikvm: tony dalvik_system_Zygote.cpp mountEmulatedStorage() return 0
05-25 01:10:50.319  1921  2196 I ActivityManager: Start proc com.android.settings for restart com.android.settings: pid=13764 uid=1000 gids={41000, 1028, 1015, 2001, 1023, 3003, 3001, 3002}
05-25 01:10:51.274  1921  1987 W ContextImpl: Calling a method in the system process without a qualified user: android.app.ContextImpl.sendBroadcast:1338 android.media.AudioService.onSetWiredDeviceConnectionState:4081 android.media.AudioService.access$6900:115 android.media.AudioService$AudioHandler.handleMessage:3726 android.os.Handler.dispatchMessage:102 
05-25 01:10:51.943  1921  1958 V WiredAccessoryManager: Headset UEVENT: {SUBSYSTEM=switch, SWITCH_STATE=1, DEVPATH=/devices/virtual/switch/hdmi, SEQNUM=1419, ACTION=change, SWITCH_NAME=hdmi}
05-25 01:10:51.943  1921  1958 V WiredAccessoryManager: newName=hdmi newState=16 headsetState=16 prev headsetState=0
05-25 01:10:51.946  1921  1921 V WiredAccessoryManager: device hdmi connected
05-25 01:10:51.947  1921  1921 W ContextImpl: Calling a method in the system process without a qualified user: android.app.ContextImpl.sendBroadcast:1338 com.android.server.WiredAccessoryManager.setDeviceStateLocked:275 com.android.server.WiredAccessoryManager.setDevicesState:234 com.android.server.WiredAccessoryManager.access$100:54 com.android.server.WiredAccessoryManager$2.handleMessage:222 
05-25 01:10:51.951  1921  1987 W ContextImpl: Calling a method in the system process without a qualified user: android.app.ContextImpl.sendBroadcast:1338 android.media.AudioService.onSetWiredDeviceConnectionState:4081 android.media.AudioService.access$6900:115 android.media.AudioService$AudioHandler.handleMessage:3726 android.os.Handler.dispatchMessage:102 
05-25 01:10:51.965 13764 13764 E AndroidRuntime: FATAL EXCEPTION: main
05-25 01:10:51.965 13764 13764 E AndroidRuntime: Process: com.android.settings, PID: 13764
05-25 01:10:51.965 13764 13764 E AndroidRuntime: java.lang.RuntimeException: Unable to instantiate receiver com.android.settings.SettingBroadcastReceiver: java.lang.NumberFormatException: Invalid int: "java.lang.Object@2cacbed0"
05-25 01:10:51.965 13764 13764 E AndroidRuntime: 	at android.app.ActivityThread.handleReceiver(ActivityThread.java:2400)
05-25 01:10:51.965 13764 13764 E AndroidRuntime: 	at android.app.ActivityThread.access$1700(ActivityThread.java:135)
05-25 01:10:51.965 13764 13764 E AndroidRuntime: 	at android.app.ActivityThread$H.handleMessage(ActivityThread.java:1272)
05-25 01:10:51.965 13764 13764 E AndroidRuntime: 	at android.os.Handler.dispatchMessage(Handler.java:102)
