--------- beginning of /dev/log/system
01-01 00:00:06.631  1921  1921 W PackageManager: Not granting permission android.permission.MOUNT_UNMOUNT_FILESYSTEMS to package com.dangbei.tvlauncher (protectionLevel=18 flags=0x58be46)
01-01 00:00:06.631  1921  1921 W PackageManager: Not granting permission android.permission.INSTALL_PACKAGES to package com.dangbei.tvlauncher (protectionLevel=18 flags=0x58be46)
01-01 00:00:06.631  1921  1921 W PackageManager: Unknown permission android.permission.BROADCAST_PACKAGE_ADDED in package com.dangbei.tvlauncher
01-01 00:00:06.631  1921  1921 W PackageManager: Unknown permission android.permission.BROADCAST_PACKAGE_CHANGED in package com.dangbei.tvlauncher
01-01 00:00:06.631  1921  1921 W PackageManager: Unknown permission android.permission.BROADCAST_PACKAGE_INSTALL in package com.dangbei.tvlauncher
01-01 00:00:06.631  1921  1921 W PackageManager: Unknown permission android.permission.BROADCAST_PACKAGE_REPLACED in package com.dangbei.tvlauncher
01-01 00:00:06.631  1921  1921 W PackageManager: Unknown permission android.permission.REQUEST_INSTALL_PACKAGES in package com.dangbei.tvlauncher
01-01 00:00:06.631  1921  1921 W PackageManager: Not granting permission android.permission.ACCESS_DOWNLOAD_MANAGER to package com.dangbei.tvlauncher (protectionLevel=18 flags=0x58be46)
01-01 00:00:06.631  1921  1921 W PackageManager: Unknown permission android.permission.SYSTEM_OVERLAY_WINDOW in package com.dangbei.tvlauncher
01-01 00:00:06.631  1921  1921 W PackageManager: Not granting permission android.permission.INTERACT_ACROSS_USERS_FULL to package com.dangbei.tvlauncher (protectionLevel=2 flags=0x58be46)
01-01 00:00:06.631  1921  1921 W PackageManager: Not granting permission android.permission.UPDATE_DEVICE_STATS to package com.dangbei.tvlauncher (protectionLevel=18 flags=0x58be46)
01-01 00:00:06.631  1921  1921 W PackageManager: Unknown permission android.permission.READ_MEDIA_STORAGE in package com.dangbei.tvlauncher
01-01 00:00:06.632  1921  1921 W PackageManager: Not granting permission android.permission.READ_LOGS to package com.chinaunicom.tv.womusic (protectionLevel=50 flags=0x58be44)
01-01 00:00:06.632  1921  1921 W PackageManager: Not granting permission android.permission.MOUNT_UNMOUNT_FILESYSTEMS to package com.chinaunicom.tv.womusic (protectionLevel=18 flags=0x58be44)
01-01 00:00:06.632  1921  1921 W PackageManager: Unknown permission com.mele.auth.permission.WRITE_CONFIG in package com.chinaunicom.tv.usp
01-01 00:00:06.632  1921  1921 W PackageManager: Unknown permission com.mele.auth.permission.READ_CONFIG in package com.chinaunicom.tv.usp
01-01 00:00:06.633  1921  1921 W PackageManager: Not granting permission android.permission.MOUNT_UNMOUNT_FILESYSTEMS to package com.gitvdemo.video (protectionLevel=18 flags=0x58be44)
01-01 00:00:06.633  1921  1921 W PackageManager: Unknown permission android.permission.SET_PROCESS_FOREGROUND in package com.gitvdemo.video
01-01 00:00:06.633  1921  1921 W PackageManager: Not granting permission android.permission.ACCESS_CACHE_FILESYSTEM to package com.gitvdemo.video (protectionLevel=18 flags=0x58be44)
01-01 00:00:06.633  1921  1921 W PackageManager: Not granting permission android.permission.INJECT_EVENTS to package com.gitvdemo.video (protectionLevel=2 flags=0x58be44)
01-01 00:00:06.633  1921  1921 W PackageManager: Not granting permission android.permission.READ_LOGS to package com.gitvdemo.video (protectionLevel=50 flags=0x58be44)
01-01 00:00:06.633  1921  1921 W PackageManager: Unknown permission android.permission.RUN_INSTRUMENTATION in package com.gitvdemo.video
01-01 00:00:06.633  1921  1921 W PackageManager: Unknown permission android.permission.USE_SPECIAL_UDISK in package com.gitvdemo.video
01-01 00:00:06.633  1921  1921 W PackageManager: Not granting permission android.permission.MASTER_CLEAR to package com.gitvdemo.video (protectionLevel=18 flags=0x58be44)
01-01 00:00:06.633  1921  1921 W PackageManager: Unknown permission android.permission.READ_MEDIA_STORAGE in package com.gitvdemo.video
01-01 00:00:06.633  1921  1921 W PackageManager: Not granting permission android.permission.WRITE_MEDIA_STORAGE to package com.gitvdemo.video (protectionLevel=18 flags=0x58be44)
01-01 00:00:06.633  1921  1921 W PackageManager: Not granting permission android.permission.INSTALL_LOCATION_PROVIDER to package com.gitvdemo.video (protectionLevel=18 flags=0x58be44)
01-01 00:00:06.634  1921  1921 W PackageManager: Not granting permission android.permission.INSTALL_PACKAGES to package com.gitvdemo.video (protectionLevel=18 flags=0x58be44)
01-01 00:00:06.634  1921  1921 W PackageManager: Not granting permission android.permission.DELETE_PACKAGES to package com.gitvdemo.video (protectionLevel=18 flags=0x58be44)
01-01 00:00:06.634  1921  1921 W PackageManager: Unknown permission com.smit.icast.DVB_SERVICE_PERMISSION in package com.gitvdemo.video
01-01 00:00:06.634  1921  1921 W PackageManager: Not granting permission android.permission.INTERACT_ACROSS_USERS_FULL to package com.gitvdemo.video (protectionLevel=2 flags=0x58be44)
01-01 00:00:06.634  1921  1921 W PackageManager: Unknown permission android.permission.READ_SETTINGS in package com.gitvdemo.video
01-01 00:00:06.634  1921  1921 W PackageManager: Not granting permission android.permission.DEVICE_POWER to package com.gitvdemo.video (protectionLevel=2 flags=0x58be44)
01-01 00:00:06.634  1921  1921 W PackageManager: Not granting permission android.permission.GLOBAL_SEARCH to package com.gitvdemo.video (protectionLevel=18 flags=0x58be44)
01-01 00:00:06.634  1921  1921 W PackageManager: Not granting permission android.permission.READ_PRIVILEGED_PHONE_STATE to package com.gitvdemo.video (protectionLevel=18 flags=0x58be44)
01-01 00:00:06.634  1921  1921 W PackageManager: Unknown permission android.permission.REQUEST_INSTALL_PACKAGES in package com.gitvdemo.video
01-01 00:00:06.635  1921  1921 W PackageManager: Unknown permission com.mele.auth.permission.WRITE_CONFIG in package com.huawei.dsm
01-01 00:00:06.635  1921  1921 W PackageManager: Unknown permission com.mele.auth.permission.READ_CONFIG in package com.huawei.dsm
01-01 00:00:06.636  1921  1921 W PackageManager: Unknown permission android.permission.ACCESS_DRM in package com.huawei.iptv.stb.stbconfig
01-01 00:00:06.636  1921  1921 W PackageManager: Not granting permission android.permission.MOUNT_UNMOUNT_FILESYSTEMS to package com.dangbeimarket (protectionLevel=18 flags=0x583e44)
01-01 00:00:06.636  1921  1921 W PackageManager: Unknown permission android.permission.READ_MEDIA_STORAGE in package com.dangbeimarket
01-01 00:00:06.636  1921  1921 W PackageManager: Unknown permission android.permission.SYSTEM_OVERLAY_WINDOW in package com.dangbeimarket
01-01 00:00:06.636  1921  1921 W PackageManager: Not granting permission android.permission.ACCESS_DOWNLOAD_MANAGER to package com.dangbeimarket (protectionLevel=18 flags=0x583e44)
01-01 00:00:06.636  1921  1921 W PackageManager: Not granting permission android.permission.INSTALL_PACKAGES to package com.dangbeimarket (protectionLevel=18 flags=0x583e44)
01-01 00:00:06.637  1921  1921 W PackageManager: Not granting permission android.permission.DELETE_PACKAGES to package com.dangbeimarket (protectionLevel=18 flags=0x583e44)
01-01 00:00:06.637  1921  1921 W PackageManager: Not granting permission android.permission.CLEAR_APP_USER_DATA to package com.dangbeimarket (protectionLevel=2 flags=0x583e44)
01-01 00:00:06.637  1921  1921 W PackageManager: Not granting permission android.permission.CHANGE_COMPONENT_ENABLED_STATE to package com.dangbeimarket (protectionLevel=18 flags=0x583e44)
01-01 00:00:06.637  1921  1921 W PackageManager: Not granting permission android.permission.READ_FRAME_BUFFER to package com.dangbeimarket (protectionLevel=18 flags=0x583e44)
01-01 00:00:06.637  1921  1921 W PackageManager: Unknown permission android.permission.REQUEST_INSTALL_PACKAGES in package com.dangbeimarket
01-01 00:00:06.637  1921  1921 W PackageManager: Unknown permission android.permission.RECEIVE_USER_PRESENT in package com.dangbeimarket
01-01 00:00:06.758  1921  1921 I SystemServer: Entropy Mixer
01-01 00:00:06.760  1921  1921 I EntropyMixer: Writing entropy...
01-01 00:00:06.770  1921  1921 I SystemServer: User Service
01-01 00:00:06.770  1921  1921 I SystemServer: Account Manager
01-01 00:00:06.776  1921  1921 I SystemServer: Content Manager
01-01 00:00:06.777  1921  1921 I SystemServer: System Content Providers
01-01 00:00:07.166  1921  1921 I SystemServer: Lights Service
01-01 00:00:07.167  1921  1921 I SystemServer: Battery Service
01-01 00:00:07.169  1921  1921 I SystemServer: Vibrator Service
01-01 00:00:07.170  1921  1932 W BatteryStatsImpl: Couldn't get kernel wake lock stats
01-01 00:00:07.171  1921  1921 I SystemServer: Consumer IR Service
01-01 00:00:07.176  1921  1921 I SystemServer: Alarm Manager
01-01 00:00:07.179  1921  1921 I SystemServer: Init Watchdog
01-01 00:00:07.180  1921  1921 I SystemServer: Input Manager
01-01 00:00:07.180  1921  1921 I InputManager: Initializing input manager, mUseDevInputEventForAudioJack=false
01-01 00:00:07.181  1921  1935 W ProcessCpuTracker: Skipping unknown process pid 1951
01-01 00:00:07.181  1921  1935 W ProcessCpuTracker: Skipping unknown process pid 1953
01-01 00:00:07.182  1921  1921 I SystemServer: Window Manager
01-01 00:00:07.303  1921  1934 I WindowManager: No existing display settings /data/system/display_settings.xml; starting empty
01-01 00:00:07.338  1921  1939 I WindowManager: No keyguard interface!
01-01 00:00:07.341  1921  1921 I InputManager: Starting input manager
01-01 00:00:07.342  1921  1921 I SystemServer: Bluetooth Manager Service
01-01 00:00:07.377  1921  1921 I SystemServer: Input Method Service
01-01 00:00:07.381  1921  1921 W InputMethodManagerService: Couldn't create dir.: /data/system/inputmethod
01-01 00:00:07.384  1921  1921 D InputMethodManagerService: Initial default ime = com.hisilicon.android.inputmethod.remote/.RemoteIME
01-01 00:00:07.385  1921  1921 D InputMethodManagerService: --- re-buildInputMethodList reset = false 
01-01 00:00:07.385  1921  1921 D InputMethodManagerService:  ------ 
01-01 00:00:07.385  1921  1921 D InputMethodManagerService: com.android.server.InputMethodManagerService.buildInputMethodListLocked(InputMethodManagerService.java:2520)
01-01 00:00:07.385  1921  1921 D InputMethodManagerService: com.android.server.InputMethodManagerService.<init>(InputMethodManagerService.java:691)
01-01 00:00:07.385  1921  1921 D InputMethodManagerService: com.android.server.ServerThread.initAndLoop(SystemServer.java:428)
01-01 00:00:07.385  1921  1921 D InputMethodManagerService: com.android.server.SystemServer.main(SystemServer.java:1490)
01-01 00:00:07.385  1921  1921 D InputMethodManagerService: java.lang.reflect.Method.invokeNative(Native Method)
01-01 00:00:07.385  1921  1921 D InputMethodManagerService: java.lang.reflect.Method.invoke(Method.java:515)
01-01 00:00:07.385  1921  1921 D InputMethodManagerService: com.android.internal.os.ZygoteInit$MethodAndArgsCaller.run(ZygoteInit.java:844)
01-01 00:00:07.385  1921  1921 D InputMethodManagerService: com.android.internal.os.ZygoteInit.main(ZygoteInit.java:660)
01-01 00:00:07.385  1921  1921 D InputMethodManagerService: dalvik.system.NativeStart.main(Native Method)
01-01 00:00:07.385  1921  1921 D InputMethodManagerService: Checking ComponentInfo{com.hisilicon.android.inputmethod.remote/com.hisilicon.android.inputmethod.remote.RemoteIME}
01-01 00:00:07.391  1921  1921 D InputMethodManagerService: Found an input method InputMethodInfo{com.hisilicon.android.inputmethod.remote/.RemoteIME, settings: com.hisilicon.android.inputmethod.remote.SettingsActivity}
01-01 00:00:07.394  1921  1921 I SystemServer: Accessibility Manager
01-01 00:00:07.396  1921  1921 I SystemServer: CPURAMUsage Manager
01-01 00:00:07.397  1921  1921 I SystemServer: Led Service
01-01 00:00:07.397  1921  1921 I SystemServer: AudioPersistService
01-01 00:00:07.400  1921  1921 I ActivityManager: Config changes=1df8 {1.0 ?mcc?mnc zh_CN ldltr sw720dp w1280dp h720dp 160dpi xlrg long land ?uimode ?night -touch -keyb/v/h -nav/h s.2}
01-01 00:00:07.416  1921  1921 I SystemServer: Mount Service
01-01 00:00:07.418  1921  1921 D MountService: got storage path: /mnt/sdcard description: USB 存储器 primary: true removable: false emulated: true mtpReserve: 0 allowMassStorage: false maxFileSize: 0
01-01 00:00:07.420  1921  1921 D MountService: addVolumeLocked() StorageVolume:
01-01 00:00:07.420  1921  1921 D MountService:     mStorageId=65537 mPath=/mnt/sdcard mDescriptionId=17040667 mPrimary=true 
01-01 00:00:07.420  1921  1921 D MountService:     mRemovable=false mEmulated=true mMtpReserveSpace=0 mAllowMassStorage=false 
01-01 00:00:07.420  1921  1921 D MountService:     mMaxFileSize=0 mOwner=UserHandle{0} mUuid=null mUserLabel=null mState=null 
01-01 00:00:07.420  1921  1921 E MountService: tony invoked readStorageListLocked() =================== 
01-01 00:00:07.424  1921  1921 I SystemServer: LockSettingsService
01-01 00:00:07.425  1921  1921 I SystemServer: Device Policy
01-01 00:00:07.427  1921  1921 I SystemServer: Status Bar
01-01 00:00:07.429  1921  1975 I MountService: Media shared on daemon connection removed
01-01 00:00:07.429  1921  1975 I MountService: Updating valid state removed
01-01 00:00:07.429  1921  1975 D MountService: volume state changed for /storage/emulated/0 (null -> removed)
01-01 00:00:07.430  1921  1921 I SystemServer: Clipboard Service
01-01 00:00:07.431  1921  1921 I SystemServer: NetworkManagement Service
01-01 00:00:07.431  1406  1454 D Vold    : [-vold_debug-365] :--> [ sct ] Enter listAsecsInDirectory , directory = /data/app-asec 
01-01 00:00:07.432  1406  1454 D Vold    : [-vold_debug-365] :--> [ sct ] Enter listAsecsInDirectory , directory = /mnt/secure/asec 
01-01 00:00:07.432  1921  1921 D NetworkManagementService: Creating NetworkManagementService
01-01 00:00:07.432  1921  1921 D NetworkManagementService: Awaiting socket connection
01-01 00:00:07.433  1921  1921 D NetworkManagementService: Connected
01-01 00:00:07.433  1921  1921 I SystemServer: Text Service Manager Service
01-01 00:00:07.435  1921  1975 W PackageManager: Not granting permission android.permission.GLOBAL_SEARCH to package com.android.quicksearchbox (protectionLevel=18 flags=0x8be45)
01-01 00:00:07.435  1921  1975 W PackageManager: Unknown permission com.huawei.hmt.stbconfigprovider.broadcast in package com.huawei.iptv.stb.manage
01-01 00:00:07.435  1921  1975 W PackageManager: Not granting permission android.permission.WRITE_MEDIA_STORAGE to package com.xiaobaifile.tv (protectionLevel=18 flags=0x18be44)
01-01 00:00:07.436  1921  1975 W PackageManager: Unknown permission com.huawei.android.airsharing.permission.READ in package com.huawei.mediacenter
01-01 00:00:07.436  1921  1975 W PackageManager: Unknown permission com.huawei.android.airsharing.permission.WRITE in package com.huawei.mediacenter
01-01 00:00:07.436  1921  1975 W PackageManager: Unknown permission com.huawei.android.airsharing.permission.AIRSHARING_PLAY_INTERFACE in package com.huawei.mediacenter
01-01 00:00:07.436  1921  1975 W PackageManager: Unknown permission com.huawei.android.airsharing.permission.AIRSHARING_MEDIABROWSER_INTERFACE in package com.huawei.mediacenter
01-01 00:00:07.436  1921  1975 W PackageManager: Unknown permission com.huawei.android.airsharing.permission.MEDIACENTER_DLNA_SERVER in package com.huawei.mediacenter
01-01 00:00:07.437  1921  1975 W PackageManager: Unknown permission com.google.android.gallery3d.permission.GALLERY_PROVIDER in package com.android.bluetooth
01-01 00:00:07.437  1921  1975 W PackageManager: Unknown permission com.android.gallery3d.permission.GALLERY_PROVIDER in package com.android.bluetooth
01-01 00:00:07.437  1921  1975 W PackageManager: Unknown permission android.permission.MMS_SEND_OUTBOX_MSG in package com.android.bluetooth
01-01 00:00:07.437  1921  1975 W PackageManager: Unknown permission com.mele.auth.permission.WRITE_CONFIG in package com.chinaunicom.launcher
01-01 00:00:07.437  1921  1975 W PackageManager: Unknown permission com.mele.auth.permission.READ_CONFIG in package com.chinaunicom.launcher
01-01 00:00:07.437  1921  1975 W PackageManager: Not granting permission android.permission.MOUNT_UNMOUNT_FILESYSTEMS to package com.chinaunicom.launcher (protectionLevel=18 flags=0x8be46)
01-01 00:00:07.438  1921  1975 W PackageManager: Not granting permission android.permission.SHUTDOWN to package com.huawei.video4k (protectionLevel=18 flags=0x18be44)
01-01 00:00:07.438  1921  1975 W PackageManager: Not granting permission android.permission.REBOOT to package com.huawei.video4k (protectionLevel=18 flags=0x18be44)
01-01 00:00:07.438  1921  1975 W PackageManager: Not granting permission android.permission.INTERACT_ACROSS_USERS_FULL to package com.huawei.video4k (protectionLevel=2 flags=0x18be44)
01-01 00:00:07.438  1921  1975 W PackageManager: Not granting permission android.permission.GET_TOP_ACTIVITY_INFO to package com.huawei.video4k (protectionLevel=2 flags=0x18be44)
01-01 00:00:07.438  1921  1975 W PackageManager: Unknown permission com.mele.auth.permission.READ_CONFIG in package com.huawei.video4k
01-01 00:00:07.438  1921  1975 W PackageManager: Unknown permission android.permission.REAL_GET_TASKS in package com.huawei.video4k
01-01 00:00:07.439  1921  1975 W PackageManager: Unknown permission android.permission.READ_OWNER_DATA in package com.huawei.hmt.bootanimation
01-01 00:00:07.440  1921  1975 W PackageManager: Unknown permission com.huawei.hmt.stbconfigprovider.broadcast in package com.android.settings
01-01 00:00:07.441  1921  1975 W PackageManager: Unknown permission android.hardware.usb.host in package com.chinaunicom.duer.apps.xtv
01-01 00:00:07.441  1921  1975 W PackageManager: Unknown permission android.permission.REAL_GET_TASKS in package com.chinaunicom.duer.apps.xtv
01-01 00:00:07.441  1921  1975 W PackageManager: Unknown permission wohome.account.read in package com.chinaunicom.duer.apps.xtv
01-01 00:00:07.441  1921  1975 W PackageManager: Unknown permission wohome.account.write in package com.chinaunicom.duer.apps.xtv
01-01 00:00:07.441  1921  1975 W PackageManager: Unknown permission android.permission.REAL_GET_TASKS in package com.iflytek.xiri2.system
01-01 00:00:07.441  1921  1975 W PackageManager: Unknown permission android.permission.READ_MEDIA_STORAGE in package com.iflytek.xiri2.system
01-01 00:00:07.441  1921  1975 W PackageManager: Unknown permission android.permission.READ_OWNER_DATA in package com.iflytek.xiri2.system
01-01 00:00:07.442  1921  1975 W PackageManager: Unknown permission android.permission.REAL_GET_TASKS in package com.cibn.tv
01-01 00:00:07.442  1921  1975 W PackageManager: Not granting permission android.permission.MOUNT_UNMOUNT_FILESYSTEMS to package com.cibn.tv (protectionLevel=18 flags=0x183e44)
01-01 00:00:07.442  1921  1975 W PackageManager: Not granting permission android.permission.READ_FRAME_BUFFER to package com.cibn.tv (protectionLevel=18 flags=0x183e44)
01-01 00:00:07.442  1921  1975 W PackageManager: Not granting permission android.permission.INSTALL_PACKAGES to package com.cibn.tv (protectionLevel=18 flags=0x183e44)
01-01 00:00:07.442  1921  1975 W PackageManager: Unknown permission com.aliyun.permission.TYID_MGR_SERVICE in package com.cibn.tv
01-01 00:00:07.442  1921  1975 W PackageManager: Unknown permission com.aliyun.permission.TYID_SERVICE in package com.cibn.tv
01-01 00:00:07.442  1921  1975 W PackageManager: Unknown permission android.permission.boot_tvshop_service in package com.cibn.tv
01-01 00:00:07.442  1921  1975 W PackageManager: Unknown permission com.yunos.tv.permission.yingshi.multiscreen.StartupService in package com.cibn.tv
01-01 00:00:07.442  1921  1975 W PackageManager: Unknown permission com.yunos.tv.permission.InterDeviceCommunicatorService in package com.cibn.tv
01-01 00:00:07.442  1921  1975 W PackageManager: Unknown permission com.yunos.tv.permission.homeshell.provider in package com.cibn.tv
01-01 00:00:07.442  1921  1975 W PackageManager: Unknown permission com.yunos.datacenter.permission.READ in package com.cibn.tv
01-01 00:00:07.442  1921  1975 W PackageManager: Unknown permission com.yunos.datacenter.permission.WRITE in package com.cibn.tv
01-01 00:00:07.442  1921  1975 W PackageManager: Unknown permission com.yunos.cloudapp.permission.SERVER_RECEIVER in package com.cibn.tv
01-01 00:00:07.442  1921  1975 W PackageManager: Not granting permission android.permission.READ_LOGS to package com.cibn.tv (protectionLevel=50 flags=0x183e44)
01-01 00:00:07.443  1921  1975 W PackageManager: Not granting permission android.permission.CHANGE_COMPONENT_ENABLED_STATE to package com.cibn.tv (protectionLevel=18 flags=0x183e44)
01-01 00:00:07.443  1921  1975 W PackageManager: Not granting permission android.permission.WRITE_MEDIA_STORAGE to package com.cibn.tv (protectionLevel=18 flags=0x183e44)
01-01 00:00:07.443  1921  1975 W PackageManager: Unknown permission android.permission.SYSTEM_OVERLAY_WINDOW in package com.cibn.tv
01-01 00:00:07.443  1921  1975 W PackageManager: Unknown permission com.yunos.tv.permission.APP_OPERATOR in package com.cibn.tv
01-01 00:00:07.443  1921  1975 W PackageManager: Unknown permission com.taobao.statistic.permission.DEVICE_STATE in package com.cibn.tv
01-01 00:00:07.443  1921  1975 W PackageManager: Unknown permission com.yunos.datacenter.permission.SYSTEM in package com.cibn.tv
01-01 00:00:07.443  1921  1975 W PackageManager: Unknown permission android.permission.READ_SETTINGS in package com.cibn.tv
01-01 00:00:07.443  1921  1975 W PackageManager: Unknown permission com.yunos.tvtaobao.yunosuuid.getuuid in package com.cibn.tv
01-01 00:00:07.443  1921  1975 W PackageManager: Unknown permission android.permission.RUN_INSTRUMENTATION in package com.cibn.tv
01-01 00:00:07.443  1921  1975 W PackageManager: Unknown permission android.permission.REQUEST_INSTALL_PACKAGES in package com.cibn.tv
01-01 00:00:07.443  1921  1975 W PackageManager: Unknown permission com.android.providers.tv.permission.WRITE_EPG_DATA in package com.cibn.tv
01-01 00:00:07.443  1921  1975 W PackageManager: Unknown permission com.android.providers.tv.permission.READ_EPG_DATA in package com.cibn.tv
01-01 00:00:07.443  1921  1975 W PackageManager: Not granting permission android.permission.INJECT_EVENTS to package com.cibn.tv (protectionLevel=2 flags=0x183e44)
01-01 00:00:07.443  1921  1975 W PackageManager: Unknown permission com.youku.passport.SHARE_ACCOUNT in package com.cibn.tv
01-01 00:00:07.443  1921  1975 W PackageManager: Not granting permission android.permission.FILTER_EVENTS to package com.cibn.tv (protectionLevel=2 flags=0x183e44)
01-01 00:00:07.443  1921  1975 W PackageManager: Not granting permission android.permission.SET_ACTIVITY_WATCHER to package com.cibn.tv (protectionLevel=2 flags=0x183e44)
01-01 00:00:07.444  1921  1975 W PackageManager: Not granting permission android.permission.FORCE_STOP_PACKAGES to package com.cibn.tv (protectionLevel=2 flags=0x183e44)
01-01 00:00:07.444  1921  1975 W PackageManager: Unknown permission droidlogic.permission.SYSTEM_CONTROL in package com.cibn.tv
01-01 00:00:07.445  1921  1975 W PackageManager: Unknown permission android.permission.FOREGROUND_SERVICE in package com.ktcp.video
01-01 00:00:07.445  1921  1975 W PackageManager: Not granting permission android.permission.MOUNT_UNMOUNT_FILESYSTEMS to package com.ktcp.video (protectionLevel=18 flags=0x583e44)
01-01 00:00:07.445  1921  1975 W PackageManager: Not granting permission android.permission.READ_LOGS to package com.ktcp.video (protectionLevel=50 flags=0x583e44)
01-01 00:00:07.445  1921  1975 W PackageManager: Unknown permission android.permission.REAL_GET_TASKS in package com.ktcp.video
01-01 00:00:07.445  1921  1975 W PackageManager: Unknown permission android.permission.REQUEST_INSTALL_PACKAGES in package com.ktcp.video
01-01 00:00:07.445  1921  1975 W PackageManager: Not granting permission android.permission.MANAGE_USERS to package com.ktcp.video (protectionLevel=18 flags=0x583e44)
01-01 00:00:07.446  1921  1975 W PackageManager: Not granting permission android.permission.ACCESS_DOWNLOAD_MANAGER to package com.ktcp.video (protectionLevel=18 flags=0x583e44)
01-01 00:00:07.446  1921  1975 W PackageManager: Unknown permission android.permission.READ_SETTINGS in package com.ktcp.video
01-01 00:00:07.446  1921  1975 W PackageManager: Unknown permission android.permission.SYSTEM_OVERLAY_WINDOW in package com.ktcp.video
01-01 00:00:07.446  1921  1975 W PackageManager: Unknown permission android.permission.RECEIVE_USER_PRESENT in package com.ktcp.video
01-01 00:00:07.446  1921  1975 W PackageManager: Unknown permission com.huawei.hwid.permission.ACCESS in package com.ktcp.video
01-01 00:00:07.446  1921  1975 W PackageManager: Unknown permission com.huawei.appmarket.provider.readPermission in package com.ktcp.video
01-01 00:00:07.446  1921  1975 W PackageManager: Unknown permission com.ktcp.launcher.PREF_PROVIDER in package com.ktcp.video
01-01 00:00:07.446  1921  1975 W PackageManager: Unknown permission com.mstar.android.permissionn.ACCESS_TV_DATA in package com.ktcp.video
01-01 00:00:07.446  1921  1975 W PackageManager: Unknown permission com.tencent.qqmusictv.playerservice in package com.ktcp.video
01-01 00:00:07.446  1921  1975 W PackageManager: Unknown permission com.ktcp.video.WebView in package com.ktcp.video
01-01 00:00:07.446  1921  1975 W PackageManager: Unknown permission com.sony.dtv.permission.READ_MODEL_VARIATION_INFO_NORMAL in package com.ktcp.video
01-01 00:00:07.446  1921  1975 W PackageManager: Unknown permission com.android.providers.tv.permission.WRITE_EPG_DATA in package com.ktcp.video
01-01 00:00:07.446  1921  1975 W PackageManager: Unknown permission com.android.providers.tv.permission.READ_EPG_DATA in package com.ktcp.video
01-01 00:00:07.446  1921  1975 W PackageManager: Unknown permission android.permission.ACCESS_DRM in package com.android.providers.sdcardupdate
01-01 00:00:07.447  1921  1975 W PackageManager: Unknown permission android.permission.RECEIVE_USER_PRESENT in package com.dangbei.tvlauncher
01-01 00:00:07.447  1921  1975 W PackageManager: Not granting permission android.permission.MOUNT_UNMOUNT_FILESYSTEMS to package com.dangbei.tvlauncher (protectionLevel=18 flags=0x58be46)
01-01 00:00:07.447  1921  1975 W PackageManager: Not granting permission android.permission.INSTALL_PACKAGES to package com.dangbei.tvlauncher (protectionLevel=18 flags=0x58be46)
01-01 00:00:07.447  1921  1975 W PackageManager: Unknown permission android.permission.BROADCAST_PACKAGE_ADDED in package com.dangbei.tvlauncher
01-01 00:00:07.447  1921  1975 W PackageManager: Unknown permission android.permission.BROADCAST_PACKAGE_CHANGED in package com.dangbei.tvlauncher
01-01 00:00:07.447  1921  1975 W PackageManager: Unknown permission android.permission.BROADCAST_PACKAGE_INSTALL in package com.dangbei.tvlauncher
01-01 00:00:07.447  1921  1975 W PackageManager: Unknown permission android.permission.BROADCAST_PACKAGE_REPLACED in package com.dangbei.tvlauncher
01-01 00:00:07.448  1921  1975 W PackageManager: Unknown permission android.permission.REQUEST_INSTALL_PACKAGES in package com.dangbei.tvlauncher
01-01 00:00:07.448  1921  1975 W PackageManager: Not granting permission android.permission.ACCESS_DOWNLOAD_MANAGER to package com.dangbei.tvlauncher (protectionLevel=18 flags=0x58be46)
01-01 00:00:07.448  1921  1975 W PackageManager: Unknown permission android.permission.SYSTEM_OVERLAY_WINDOW in package com.dangbei.tvlauncher
01-01 00:00:07.448  1921  1975 W PackageManager: Not granting permission android.permission.INTERACT_ACROSS_USERS_FULL to package com.dangbei.tvlauncher (protectionLevel=2 flags=0x58be46)
01-01 00:00:07.448  1921  1975 W PackageManager: Not granting permission android.permission.UPDATE_DEVICE_STATS to package com.dangbei.tvlauncher (protectionLevel=18 flags=0x58be46)
01-01 00:00:07.448  1921  1975 W PackageManager: Unknown permission android.permission.READ_MEDIA_STORAGE in package com.dangbei.tvlauncher
01-01 00:00:07.448  1921  1975 W PackageManager: Not granting permission android.permission.READ_LOGS to package com.chinaunicom.tv.womusic (protectionLevel=50 flags=0x58be44)
01-01 00:00:07.449  1921  1975 W PackageManager: Not granting permission android.permission.MOUNT_UNMOUNT_FILESYSTEMS to package com.chinaunicom.tv.womusic (protectionLevel=18 flags=0x58be44)
01-01 00:00:07.449  1921  1975 W PackageManager: Unknown permission com.mele.auth.permission.WRITE_CONFIG in package com.chinaunicom.tv.usp
01-01 00:00:07.449  1921  1975 W PackageManager: Unknown permission com.mele.auth.permission.READ_CONFIG in package com.chinaunicom.tv.usp
01-01 00:00:07.449  1921  1975 W PackageManager: Not granting permission android.permission.MOUNT_UNMOUNT_FILESYSTEMS to package com.gitvdemo.video (protectionLevel=18 flags=0x58be44)
01-01 00:00:07.449  1921  1975 W PackageManager: Unknown permission android.permission.SET_PROCESS_FOREGROUND in package com.gitvdemo.video
01-01 00:00:07.449  1921  1975 W PackageManager: Not granting permission android.permission.ACCESS_CACHE_FILESYSTEM to package com.gitvdemo.video (protectionLevel=18 flags=0x58be44)
01-01 00:00:07.450  1921  1975 W PackageManager: Not granting permission android.permission.INJECT_EVENTS to package com.gitvdemo.video (protectionLevel=2 flags=0x58be44)
01-01 00:00:07.450  1921  1975 W PackageManager: Not granting permission android.permission.READ_LOGS to package com.gitvdemo.video (protectionLevel=50 flags=0x58be44)
01-01 00:00:07.450  1921  1975 W PackageManager: Unknown permission android.permission.RUN_INSTRUMENTATION in package com.gitvdemo.video
01-01 00:00:07.450  1921  1975 W PackageManager: Unknown permission android.permission.USE_SPECIAL_UDISK in package com.gitvdemo.video
01-01 00:00:07.450  1921  1975 W PackageManager: Not granting permission android.permission.MASTER_CLEAR to package com.gitvdemo.video (protectionLevel=18 flags=0x58be44)
01-01 00:00:07.450  1921  1975 W PackageManager: Unknown permission android.permission.READ_MEDIA_STORAGE in package com.gitvdemo.video
01-01 00:00:07.450  1921  1975 W PackageManager: Not granting permission android.permission.WRITE_MEDIA_STORAGE to package com.gitvdemo.video (protectionLevel=18 flags=0x58be44)
01-01 00:00:07.450  1921  1975 W PackageManager: Not granting permission android.permission.INSTALL_LOCATION_PROVIDER to package com.gitvdemo.video (protectionLevel=18 flags=0x58be44)
01-01 00:00:07.451  1921  1975 W PackageManager: Not granting permission android.permission.INSTALL_PACKAGES to package com.gitvdemo.video (protectionLevel=18 flags=0x58be44)
01-01 00:00:07.451  1921  1975 W PackageManager: Not granting permission android.permission.DELETE_PACKAGES to package com.gitvdemo.video (protectionLevel=18 flags=0x58be44)
01-01 00:00:07.451  1921  1975 W PackageManager: Unknown permission com.smit.icast.DVB_SERVICE_PERMISSION in package com.gitvdemo.video
01-01 00:00:07.451  1921  1975 W PackageManager: Not granting permission android.permission.INTERACT_ACROSS_USERS_FULL to package com.gitvdemo.video (protectionLevel=2 flags=0x58be44)
01-01 00:00:07.451  1921  1975 W PackageManager: Unknown permission android.permission.READ_SETTINGS in package com.gitvdemo.video
01-01 00:00:07.451  1921  1975 W PackageManager: Not granting permission android.permission.DEVICE_POWER to package com.gitvdemo.video (protectionLevel=2 flags=0x58be44)
01-01 00:00:07.451  1921  1975 W PackageManager: Not granting permission android.permission.GLOBAL_SEARCH to package com.gitvdemo.video (protectionLevel=18 flags=0x58be44)
01-01 00:00:07.451  1921  1975 W PackageManager: Not granting permission android.permission.READ_PRIVILEGED_PHONE_STATE to package com.gitvdemo.video (protectionLevel=18 flags=0x58be44)
01-01 00:00:07.451  1921  1975 W PackageManager: Unknown permission android.permission.REQUEST_INSTALL_PACKAGES in package com.gitvdemo.video
01-01 00:00:07.452  1921  1975 W PackageManager: Unknown permission com.mele.auth.permission.WRITE_CONFIG in package com.huawei.dsm
01-01 00:00:07.452  1921  1975 W PackageManager: Unknown permission com.mele.auth.permission.READ_CONFIG in package com.huawei.dsm
01-01 00:00:07.453  1921  1975 W PackageManager: Unknown permission android.permission.ACCESS_DRM in package com.huawei.iptv.stb.stbconfig
01-01 00:00:07.454  1921  1975 W PackageManager: Not granting permission android.permission.MOUNT_UNMOUNT_FILESYSTEMS to package com.dangbeimarket (protectionLevel=18 flags=0x583e44)
01-01 00:00:07.454  1921  1975 W PackageManager: Unknown permission android.permission.READ_MEDIA_STORAGE in package com.dangbeimarket
01-01 00:00:07.454  1921  1975 W PackageManager: Unknown permission android.permission.SYSTEM_OVERLAY_WINDOW in package com.dangbeimarket
01-01 00:00:07.454  1921  1975 W PackageManager: Not granting permission android.permission.ACCESS_DOWNLOAD_MANAGER to package com.dangbeimarket (protectionLevel=18 flags=0x583e44)
01-01 00:00:07.454  1921  1975 W PackageManager: Not granting permission android.permission.INSTALL_PACKAGES to package com.dangbeimarket (protectionLevel=18 flags=0x583e44)
01-01 00:00:07.454  1921  1975 W PackageManager: Not granting permission android.permission.DELETE_PACKAGES to package com.dangbeimarket (protectionLevel=18 flags=0x583e44)
01-01 00:00:07.454  1921  1975 W PackageManager: Not granting permission android.permission.CLEAR_APP_USER_DATA to package com.dangbeimarket (protectionLevel=2 flags=0x583e44)
01-01 00:00:07.454  1921  1975 W PackageManager: Not granting permission android.permission.CHANGE_COMPONENT_ENABLED_STATE to package com.dangbeimarket (protectionLevel=18 flags=0x583e44)
01-01 00:00:07.455  1921  1975 W PackageManager: Not granting permission android.permission.READ_FRAME_BUFFER to package com.dangbeimarket (protectionLevel=18 flags=0x583e44)
01-01 00:00:07.455  1921  1975 W PackageManager: Unknown permission android.permission.REQUEST_INSTALL_PACKAGES in package com.dangbeimarket
01-01 00:00:07.455  1921  1975 W PackageManager: Unknown permission android.permission.RECEIVE_USER_PRESENT in package com.dangbeimarket
01-01 00:00:07.562  1921  1921 W TextServicesManagerService: no available spell checker services found
01-01 00:00:07.563  1921  1921 I SystemServer: micphone Android Service
01-01 00:00:07.570  1921  1921 I SystemServer: rtSoundEffects Android Service
01-01 00:00:07.570  1921  1921 I SystemServer: NetworkStats Service
01-01 00:00:07.574  1921  1921 I SystemServer: NetworkPolicy Service
01-01 00:00:07.576  1921  1921 I SystemServer: Wi-Fi P2pService
01-01 00:00:07.587  1921  1959 I ActivityManager: Config changes=68 {1.0 ?mcc?mnc zh_CN ldltr sw720dp w1280dp h720dp 160dpi xlrg long land ?uimode ?night finger -keyb/v/h dpad/v s.3}
01-01 00:00:07.628  1921  1921 I SystemServer: Wi-Fi Service
01-01 00:00:07.714  1921  1921 I SystemServer: Ethernet Service
01-01 00:00:07.715  1921  1921 I SystemServer: Pppoe Service
01-01 00:00:07.716  1921  1921 I SystemServer: Connectivity Service
01-01 00:00:07.716  1921  1921 I SystemServer: Preset network isready to 0.
01-01 00:00:07.722  1921  1921 D ConnectivityService: ConnectivityService starting up
01-01 00:00:07.725  1921  1921 D ConnectivityService: raString=1,1 r=com.android.server.ConnectivityService$RadioAttributes@2cb9d6c0
01-01 00:00:07.725  1921  1921 D ConnectivityService: raString=9,1 r=com.android.server.ConnectivityService$RadioAttributes@2cdd03b8
01-01 00:00:07.725  1921  1921 D ConnectivityService: raString=0,1 r=com.android.server.ConnectivityService$RadioAttributes@2cdd05f8
01-01 00:00:07.725  1921  1921 D ConnectivityService: raString=14,1 r=com.android.server.ConnectivityService$RadioAttributes@2ce2cf48
01-01 00:00:07.725  1921  1921 D ConnectivityService: raString=15,1 r=com.android.server.ConnectivityService$RadioAttributes@2cb4dd00
01-01 00:00:07.725  1921  1921 D ConnectivityService: wifiOnly=false
01-01 00:00:07.725  1921  1921 D ConnectivityService: naString=ethernet,9,9,5,-1,true config=android.net.NetworkConfig@2cae66e8
01-01 00:00:07.725  1921  1921 D ConnectivityService: naString=wifi,1,1,3,-1,true config=android.net.NetworkConfig@2cdc81d0
01-01 00:00:07.725  1921  1921 D ConnectivityService: naString=mobile,0,0,0,-1,true config=android.net.NetworkConfig@2ce3b968
01-01 00:00:07.726  1921  1921 D ConnectivityService: naString=mobile_mms,2,0,2,60000,true config=android.net.NetworkConfig@2cdb8e30
01-01 00:00:07.726  1921  1921 D ConnectivityService: naString=mobile_supl,3,0,2,60000,true config=android.net.NetworkConfig@2ce7caf8
01-01 00:00:07.726  1921  1921 D ConnectivityService: naString=mobile_hipri,5,0,3,60000,true config=android.net.NetworkConfig@2cdf3c60
01-01 00:00:07.726  1921  1921 D ConnectivityService: naString=mobile_fota,10,0,2,60000,true config=android.net.NetworkConfig@2ce5bbb8
01-01 00:00:07.726  1921  1921 D ConnectivityService: naString=mobile_ims,11,0,2,60000,true config=android.net.NetworkConfig@2ce87d20
01-01 00:00:07.726  1921  1921 D ConnectivityService: naString=mobile_cbs,12,0,2,60000,true config=android.net.NetworkConfig@2cdffac8
01-01 00:00:07.726  1921  1921 D ConnectivityService: naString=wifi_p2p,13,1,0,-1,true config=android.net.NetworkConfig@2cde1f78
01-01 00:00:07.726  1921  1921 D ConnectivityService: naString=mobile_ia,14,0,2,-1,true config=android.net.NetworkConfig@2cbb1f40
01-01 00:00:07.726  1921  1921 D ConnectivityService: naString=pppoe,15,15,6,-1,true config=android.net.NetworkConfig@2cbb2308
01-01 00:00:07.726  1921  1921 D ConnectivityService: mNetworksDefined=12
01-01 00:00:07.731  1921  1921 D ConnectivityService: getPersistedNetworkPreference 9
01-01 00:00:07.748  1921  1921 W ContextImpl: Calling a method in the system process without a qualified user: android.app.ContextImpl.sendStickyBroadcast:1496 android.net.hw.PppoeStateTrackerHW.postNotification:1059 android.net.hw.PppoeStateTrackerHW.reconnect:852 com.android.server.ConnectivityService.<init>:1409 com.android.server.ConnectivityService.<init>:1208 
01-01 00:00:07.772  1921  1921 E MobileDataStateTracker: default: Ignoring feature request because could not acquire PhoneService
01-01 00:00:07.772  1921  1921 E MobileDataStateTracker: default: Could not enable APN type "default"
01-01 00:00:07.780  1921  1982 D ConnectivityService: handleConnectivityChange: netType=9 doReset=false resetMask=0
01-01 00:00:07.781  1921  1982 D ConnectivityService: handleConnectivityChange: changed linkProperty[9]: doReset=false resetMask=0 curLp=null newLp= null
01-01 00:00:07.781  1921  1921 I WifiService: WifiService starting up with Wi-Fi enabled
01-01 00:00:07.781  1921  1921 D WifiService: setWifiEnabled: true pid=1921, uid=1000
01-01 00:00:07.781  1921  1982 D Nat464Xlat: requiresClat: netType=9, hasIPv4Address=false
01-01 00:00:07.791  1921  1921 I WifiService: WifiService starting up with WiFi-AP disabled
01-01 00:00:07.791  1921  1921 I SystemServer: Network Service Discovery Service
01-01 00:00:07.792  1921  1921 D NsdService: Network service discovery enabled true
01-01 00:00:07.793  1921  1921 I SystemServer: UpdateLock Service
01-01 00:00:07.794  1921  1921 I SystemServer: Camera Observer
01-01 00:00:07.815  1921  1921 I SystemServer: Notification Manager
01-01 00:00:07.819  1921  1921 I SystemServer: Device Storage Monitor
01-01 00:00:07.820  1921  1921 I SystemServer: Search Service
01-01 00:00:07.822  1921  1921 I SystemServer: DropBox Service
01-01 00:00:07.823  1921  1921 I SystemServer: Wallpaper Service
01-01 00:00:07.827  1921  1921 I SystemServer: Audio Service
01-01 00:00:07.942  1921  1921 I SystemServer: Dock Observer
01-01 00:00:07.943  1921  1921 W DockObserver: This kernel does not have dock station support
01-01 00:00:07.943  1921  1921 I SystemServer: Wired Accessory Manager
01-01 00:00:07.943  1921  1921 W WiredAccessoryManager: This kernel does not have usb audio support
01-01 00:00:07.944  1921  1921 I SystemServer: USB Service
01-01 00:00:07.946  1921  1921 I SystemServer: Serial Service
01-01 00:00:07.947  1921  1921 I SystemServer: Twilight Service
01-01 00:00:07.961  1921  1921 I SystemServer: UI Mode Manager Service
01-01 00:00:07.962  1921  1921 I SystemServer: Backup Service
01-01 00:00:07.966  1921  1921 V BackupManagerService: Initializing package tracking
01-01 00:00:07.967  1921  1921 V BackupManagerService: No ancestral data
01-01 00:00:07.969  1921  1921 V BackupManagerService: addPackageParticipantsLocked: all
01-01 00:00:07.969  1921  1921 I BackupManagerService: Scheduling backup for new app com.android.browser
01-01 00:00:07.969  1921  1921 D BackupManagerService: Now staging backup of com.android.browser
01-01 00:00:07.976  1921  1921 I BackupManagerService: Scheduling backup for new app com.android.providers.userdictionary
01-01 00:00:07.976  1921  1921 D BackupManagerService: Now staging backup of com.android.providers.userdictionary
01-01 00:00:07.978  1921  1921 I BackupManagerService: Scheduling backup for new app com.android.sharedstoragebackup
01-01 00:00:07.978  1921  1921 D BackupManagerService: Now staging backup of com.android.sharedstoragebackup
01-01 00:00:07.983  1921  1921 I BackupManagerService: Scheduling backup for new app android
01-01 00:00:07.983  1921  1921 D BackupManagerService: Now staging backup of android
01-01 00:00:07.985  1921  1921 I BackupManagerService: Scheduling backup for new app com.android.providers.settings
01-01 00:00:07.985  1921  1921 D BackupManagerService: Now staging backup of com.android.providers.settings
01-01 00:00:07.987  1921  1921 V BackupManagerService: Starting with transport android/com.android.internal.backup.LocalTransport
01-01 00:00:07.987  1921  1921 V BackupManagerService: Found transports: 1
01-01 00:00:07.987  1921  1921 I BackupManagerService: Binding to transport host ComponentInfo{android/com.android.internal.backup.LocalTransportService}
01-01 00:00:07.989  1921  1921 I BackupManagerService: Found stale backup journal, scheduling
01-01 00:00:07.992  1921  1921 I BackupManagerService:   com.android.browser
01-01 00:00:07.992  1921  1921 I BackupManagerService:   com.android.providers.userdictionary
01-01 00:00:07.992  1921  1921 I BackupManagerService:   com.android.sharedstoragebackup
01-01 00:00:07.992  1921  1921 I BackupManagerService:   android
01-01 00:00:07.992  1921  1921 I BackupManagerService:   com.android.providers.settings
01-01 00:00:07.993  1921  1921 I BackupManagerService: Backup enabled => false
01-01 00:00:07.993  1921  1921 I BackupManagerService: Opting out of backup
01-01 00:00:07.993  1921  1921 I SystemServer: AppWidget Service
01-01 00:00:07.995  1921  1921 I SystemServer: Recognition Service
01-01 00:00:07.995  1921  1921 I SystemServer: DiskStats Service
01-01 00:00:07.995  1921  1921 I SystemServer: SamplingProfiler Service
01-01 00:00:08.002  1921  1921 I SystemServer: NetworkTimeUpdateService
01-01 00:00:08.002  1921  1921 D NetworkTimeUpdateService: useSTBSpecified NetworkTimeUpdateService
01-01 00:00:08.003  1921  1921 I SystemServer: CommonTimeManagementService
01-01 00:00:08.004  1921  1921 I SystemServer: CertBlacklister
01-01 00:00:08.004  1921  1921 I SystemServer: Dreams Service
01-01 00:00:08.005  1921  1921 I SystemServer: IdleMaintenanceService
01-01 00:00:08.005  1921  1921 I SystemServer: Print Service
01-01 00:00:08.007  1921  1921 I SystemServer: Media Router Service
01-01 00:00:08.053  1921  1921 D InputMethodManagerService: --- calledFromForegroundUserOrSystemProcess ? calling uid = 1000 system uid = 1000 calling userId = 0, foreground user id = 0, calling pid = 1921dalvik.system.NativeStart.main(Native Method)
01-01 00:00:08.064  1992  1992 E dalvikvm: tony dalvik_system_Zygote.cpp mountEmulatedStorage() return 0
01-01 00:00:08.069  1921  1921 I ActivityManager: Start proc com.android.systemui for service com.android.keyguard/.KeyguardService: pid=1992 uid=10006 gids={50006, 1028, 1015, 1035, 3002, 3001}
01-01 00:00:08.086  1921  1932 I ActivityManager: set proc: com.android.systemuito be persistent app
01-01 00:00:08.090  1921  1921 I AppOps  : Pruning old package media/1013: new uid=-1
01-01 00:00:08.090  1921  1921 I ActivityManager: System now ready
01-01 00:00:08.093  1921  1921 I SystemServer: Making services ready
01-01 00:00:08.098  1921  1921 D NetworkManagementService: enabling bandwidth control
01-01 00:00:08.099  1921  1965 W MountService: output =null
01-01 00:00:08.099  1921  1965 E MountService: getDefaultPathFromXml  = null
01-01 00:00:08.099  1921  1965 W MountService: output =null
01-01 00:00:08.099  1921  1965 E MountService: getDefaultPathFromXml  = null
01-01 00:00:08.099  1921  1965 D MountService: --> [ sct ] /mnt/sdcard is default volume
01-01 00:00:08.099  1921  1965 W MountService: output =null
01-01 00:00:08.099  1921  1965 E MountService: getDefaultPathFromXml  = null
01-01 00:00:08.099  1921  1965 W MountService: output =null
01-01 00:00:08.099  1921  1965 E MountService: getDefaultPathFromXml  = null
01-01 00:00:08.099  1921  1965 D MountService: --> [ sct ] /mnt/sdcard is default volume
01-01 00:00:08.099  1921  1965 W MountService: Duplicate state transition (mounted -> mounted) for /mnt/sdcard
01-01 00:00:08.207  1921  1931 I StatusBarManagerService: registerStatusBar bar=com.android.internal.statusbar.IStatusBar$Stub$Proxy@2cc0a900
01-01 00:00:08.332  1921  1921 D NetworkManagementService: Prepared
01-01 00:00:08.542  1921  1938 D NetworkManagementService: notifyInterfaceLinkStateChanged wlan0 false
01-01 00:00:08.549  1921  1938 D NetworkManagementService: notifyInterfaceLinkStateChanged p2p0 false
01-01 00:00:08.566  1921  1921 I ActivityManager: Config changes=200 {1.0 ?mcc?mnc zh_CN ldltr sw720dp w1280dp h720dp 160dpi xlrg long land finger -keyb/v/h dpad/v s.4}
01-01 00:00:08.586  1921  1921 D InputMethodManagerService: --- systemReady
01-01 00:00:08.586  1921  1921 W InputMethodManagerService: Ignoring setImeWindowStatus of uid 1000 token: null
01-01 00:00:08.589  1921  1921 D InputMethodManagerService: --- re-buildInputMethodList reset = false 
01-01 00:00:08.589  1921  1921 D InputMethodManagerService:  ------ 
01-01 00:00:08.589  1921  1921 D InputMethodManagerService: com.android.server.InputMethodManagerService.buildInputMethodListLocked(InputMethodManagerService.java:2520)
01-01 00:00:08.589  1921  1921 D InputMethodManagerService: com.android.server.InputMethodManagerService.systemRunning(InputMethodManagerService.java:865)
01-01 00:00:08.589  1921  1921 D InputMethodManagerService: com.android.server.ServerThread$2.run(SystemServer.java:1186)
01-01 00:00:08.589  1921  1921 D InputMethodManagerService: com.android.server.am.ActivityManagerService.systemReady(ActivityManagerService.java:10337)
01-01 00:00:08.589  1921  1921 D InputMethodManagerService: com.android.server.ServerThread.initAndLoop(SystemServer.java:1104)
01-01 00:00:08.589  1921  1921 D InputMethodManagerService: com.android.server.SystemServer.main(SystemServer.java:1490)
01-01 00:00:08.589  1921  1921 D InputMethodManagerService: java.lang.reflect.Method.invokeNative(Native Method)
01-01 00:00:08.589  1921  1921 D InputMethodManagerService: java.lang.reflect.Method.invoke(Method.java:515)
01-01 00:00:08.589  1921  1921 D InputMethodManagerService: com.android.internal.os.ZygoteInit$MethodAndArgsCaller.run(ZygoteInit.java:844)
01-01 00:00:08.589  1921  1921 D InputMethodManagerService: com.android.internal.os.ZygoteInit.main(ZygoteInit.java:660)
01-01 00:00:08.589  1921  1921 D InputMethodManagerService: dalvik.system.NativeStart.main(Native Method)
01-01 00:00:08.589  1921  1921 D InputMethodManagerService: Checking ComponentInfo{com.hisilicon.android.inputmethod.remote/com.hisilicon.android.inputmethod.remote.RemoteIME}
01-01 00:00:08.592  1921  1921 D InputMethodManagerService: Found an input method InputMethodInfo{com.hisilicon.android.inputmethod.remote/.RemoteIME, settings: com.hisilicon.android.inputmethod.remote.SettingsActivity}
01-01 00:00:08.600  2096  2096 E dalvikvm: tony dalvik_system_Zygote.cpp mountEmulatedStorage() return 0
01-01 00:00:08.604  1921  1921 I ActivityManager: Start proc com.hisilicon.android.inputmethod.remote for service com.hisilicon.android.inputmethod.remote/.RemoteIME: pid=2096 uid=10002 gids={50002}
01-01 00:00:08.604  1921  1921 V InputMethodManagerService: Adding window token: android.os.Binder@2cc6a578
01-01 00:00:08.604  1921  1921 D NetworkTimeUpdateService: useSTBSpecified systemRunning
01-01 00:00:08.627  1921  1952 I ActivityManager: set proc: com.hisilicon.android.inputmethod.remoteto be persistent app
01-01 00:00:08.634  1921  1921 I ActivityManager: --app.processName=com.huawei.hmt.thirdparty.dataaccess isLauncherApp=false
01-01 00:00:08.642  2108  2108 E dalvikvm: tony dalvik_system_Zygote.cpp mountEmulatedStorage() return 0
01-01 00:00:08.645  1921  1921 I ActivityManager: Start proc com.huawei.hmt.thirdparty.dataaccess for added application com.huawei.hmt.thirdparty.dataaccess: pid=2108 uid=10035 gids={50035}
01-01 00:00:08.645  1921  1921 I ActivityManager: --app.processName=com.huawei.iptv.stb.manage isLauncherApp=false
01-01 00:00:08.654  2119  2119 E dalvikvm: tony dalvik_system_Zygote.cpp mountEmulatedStorage() return 0
