05-25 01:13:46.522  1921  2161 D InputMethodManagerService: --- calledFromForegroundUserOrSystemProcess ? calling uid = 10049 system uid = 1000 calling userId = 0, foreground user id = 0, calling pid = 13958com.android.server.InputMethodManagerService.startInput(InputMethodManagerService.java:1259)
05-25 01:13:46.525  1921  2144 D InputMethodManagerService: hide the small icon for the input method
05-25 01:13:46.526  1921  2214 D InputMethodManagerService: --- calledFromForegroundUserOrSystemProcess ? calling uid = 10049 system uid = 1000 calling userId = 0, foreground user id = 0, calling pid = 13958com.android.server.InputMethodManagerService.startInput(InputMethodManagerService.java:1259)
05-25 01:13:46.527  1921  2247 D InputMethodManagerService: hide the small icon for the input method
05-25 01:13:46.529  1921  1954 D InputMethodManagerService: --- calledFromForegroundUserOrSystemProcess ? calling uid = 10049 system uid = 1000 calling userId = 0, foreground user id = 0, calling pid = 13958com.android.server.InputMethodManagerService.windowGainedFocus(InputMethodManagerService.java:1890)
05-25 01:13:46.529  1921  1954 V InputMethodManagerService: windowGainedFocus: android.os.BinderProxy@2d769388 controlFlags=#5 softInputMode=#10 windowFlags=#1810500
05-25 01:13:46.530  1921  1954 V InputMethodManagerService: Unspecified window will hide input
05-25 01:13:47.019  1921  2214 D InputMethodManagerService: --- calledFromForegroundUserOrSystemProcess ? calling uid = 10049 system uid = 1000 calling userId = 0, foreground user id = 0, calling pid = 13958com.android.server.InputMethodManagerService.startInput(InputMethodManagerService.java:1259)
05-25 01:13:47.020  1921  1954 D InputMethodManagerService: hide the small icon for the input method
05-25 01:13:47.289  1921  2246 D InputMethodManagerService: --- calledFromForegroundUserOrSystemProcess ? calling uid = 10049 system uid = 1000 calling userId = 0, foreground user id = 0, calling pid = 13958com.android.server.InputMethodManagerService.startInput(InputMethodManagerService.java:1259)
05-25 01:13:47.291  1921  1932 D InputMethodManagerService: hide the small icon for the input method
05-25 01:13:47.408  1921  2196 D InputMethodManagerService: --- calledFromForegroundUserOrSystemProcess ? calling uid = 10049 system uid = 1000 calling userId = 0, foreground user id = 0, calling pid = 13958com.android.server.InputMethodManagerService.startInput(InputMethodManagerService.java:1259)
05-25 01:13:47.409  1921  1952 D InputMethodManagerService: hide the small icon for the input method
05-25 01:13:47.550  1921  2213 D InputMethodManagerService: --- calledFromForegroundUserOrSystemProcess ? calling uid = 10049 system uid = 1000 calling userId = 0, foreground user id = 0, calling pid = 13958com.android.server.InputMethodManagerService.startInput(InputMethodManagerService.java:1259)
05-25 01:13:47.551  1921  2197 D InputMethodManagerService: hide the small icon for the input method
05-25 01:13:47.893  1921  2143 D InputMethodManagerService: --- calledFromForegroundUserOrSystemProcess ? calling uid = 10049 system uid = 1000 calling userId = 0, foreground user id = 0, calling pid = 13958com.android.server.InputMethodManagerService.startInput(InputMethodManagerService.java:1259)
05-25 01:13:47.894  1921  2161 D InputMethodManagerService: hide the small icon for the input method
05-25 01:13:48.137  1921  1931 D InputMethodManagerService: --- calledFromForegroundUserOrSystemProcess ? calling uid = 10049 system uid = 1000 calling userId = 0, foreground user id = 0, calling pid = 13958com.android.server.InputMethodManagerService.startInput(InputMethodManagerService.java:1259)
05-25 01:13:48.138  1921  2144 D InputMethodManagerService: hide the small icon for the input method
05-25 01:13:48.611  1921  1938 D NetworkManagementService: notifyInterfaceLinkStateChanged wlan0 false
05-25 01:13:48.831  1921  2247 D InputMethodManagerService: --- calledFromForegroundUserOrSystemProcess ? calling uid = 10049 system uid = 1000 calling userId = 0, foreground user id = 0, calling pid = 13958com.android.server.InputMethodManagerService.startInput(InputMethodManagerService.java:1259)
05-25 01:13:48.832  1921  2246 D InputMethodManagerService: hide the small icon for the input method
05-25 01:13:49.008  1921  1932 D InputMethodManagerService: --- calledFromForegroundUserOrSystemProcess ? calling uid = 10049 system uid = 1000 calling userId = 0, foreground user id = 0, calling pid = 13958com.android.server.InputMethodManagerService.startInput(InputMethodManagerService.java:1259)
05-25 01:13:49.009  1921  2196 D InputMethodManagerService: hide the small icon for the input method
05-25 01:13:49.471  1921  2163 D InputMethodManagerService: --- calledFromForegroundUserOrSystemProcess ? calling uid = 10049 system uid = 1000 calling userId = 0, foreground user id = 0, calling pid = 13958com.android.server.InputMethodManagerService.startInput(InputMethodManagerService.java:1259)
05-25 01:13:49.474  1921  2213 D InputMethodManagerService: hide the small icon for the input method
05-25 01:13:50.188  1921  2144 D InputMethodManagerService: --- calledFromForegroundUserOrSystemProcess ? calling uid = 10049 system uid = 1000 calling userId = 0, foreground user id = 0, calling pid = 13958com.android.server.InputMethodManagerService.startInput(InputMethodManagerService.java:1259)
05-25 01:13:50.189  1921  2214 D InputMethodManagerService: hide the small icon for the input method
05-25 01:13:50.504  1921  2247 D InputMethodManagerService: --- calledFromForegroundUserOrSystemProcess ? calling uid = 10049 system uid = 1000 calling userId = 0, foreground user id = 0, calling pid = 13958com.android.server.InputMethodManagerService.startInput(InputMethodManagerService.java:1259)
05-25 01:13:50.505  1921  2246 D InputMethodManagerService: hide the small icon for the input method
05-25 01:13:50.609  1921  1932 D InputMethodManagerService: --- calledFromForegroundUserOrSystemProcess ? calling uid = 10049 system uid = 1000 calling userId = 0, foreground user id = 0, calling pid = 13958com.android.server.InputMethodManagerService.startInput(InputMethodManagerService.java:1259)
05-25 01:13:50.610  1921  2196 D InputMethodManagerService: hide the small icon for the input method
05-25 01:13:51.621  1921  2161 D InputMethodManagerService: --- calledFromForegroundUserOrSystemProcess ? calling uid = 10049 system uid = 1000 calling userId = 0, foreground user id = 0, calling pid = 13958com.android.server.InputMethodManagerService.startInput(InputMethodManagerService.java:1259)
05-25 01:13:51.622  1921  2268 D InputMethodManagerService: hide the small icon for the input method
05-25 01:13:52.016  1921  1931 D InputMethodManagerService: --- calledFromForegroundUserOrSystemProcess ? calling uid = 10049 system uid = 1000 calling userId = 0, foreground user id = 0, calling pid = 13958com.android.server.InputMethodManagerService.startInput(InputMethodManagerService.java:1259)
05-25 01:13:52.017  1921  2144 D InputMethodManagerService: hide the small icon for the input method
05-25 01:13:52.960  1921  1932 D InputMethodManagerService: --- calledFromForegroundUserOrSystemProcess ? calling uid = 10049 system uid = 1000 calling userId = 0, foreground user id = 0, calling pid = 13958com.android.server.InputMethodManagerService.startInput(InputMethodManagerService.java:1259)
05-25 01:13:52.960  1921  2196 D InputMethodManagerService: hide the small icon for the input method
05-25 01:13:53.452  1921  2143 D InputMethodManagerService: --- calledFromForegroundUserOrSystemProcess ? calling uid = 10049 system uid = 1000 calling userId = 0, foreground user id = 0, calling pid = 13958com.android.server.InputMethodManagerService.startInput(InputMethodManagerService.java:1259)
05-25 01:13:53.453  1921  2196 D InputMethodManagerService: hide the small icon for the input method
05-25 01:13:54.006  1921  2246 D InputMethodManagerService: --- calledFromForegroundUserOrSystemProcess ? calling uid = 10049 system uid = 1000 calling userId = 0, foreground user id = 0, calling pid = 13958com.android.server.InputMethodManagerService.startInput(InputMethodManagerService.java:1259)
05-25 01:13:54.007  1921  2197 D InputMethodManagerService: hide the small icon for the input method
05-25 01:13:54.704  1921  1954 D InputMethodManagerService: --- calledFromForegroundUserOrSystemProcess ? calling uid = 10049 system uid = 1000 calling userId = 0, foreground user id = 0, calling pid = 13958com.android.server.InputMethodManagerService.startInput(InputMethodManagerService.java:1259)
05-25 01:13:54.705  1921  2144 D InputMethodManagerService: hide the small icon for the input method
05-25 01:13:55.353  1921  1932 D InputMethodManagerService: --- calledFromForegroundUserOrSystemProcess ? calling uid = 10049 system uid = 1000 calling userId = 0, foreground user id = 0, calling pid = 13958com.android.server.InputMethodManagerService.startInput(InputMethodManagerService.java:1259)
05-25 01:13:55.353  1921  1931 D InputMethodManagerService: hide the small icon for the input method
05-25 01:13:55.471  1921  2271 D InputMethodManagerService: --- calledFromForegroundUserOrSystemProcess ? calling uid = 10049 system uid = 1000 calling userId = 0, foreground user id = 0, calling pid = 13958com.android.server.InputMethodManagerService.startInput(InputMethodManagerService.java:1259)
05-25 01:13:55.472  1921  2213 D InputMethodManagerService: hide the small icon for the input method
05-25 01:14:01.203  1921  1982 D ConnectivityService: Sampling interval elapsed, updating statistics ..
05-25 01:14:01.207  1921  1982 D ConnectivityService: Done.
05-25 01:14:01.207  1921  1982 D ConnectivityService: Setting timer for 30seconds
05-25 01:14:03.612  1921  1938 D NetworkManagementService: notifyInterfaceLinkStateChanged wlan0 false
05-25 01:14:18.623  1921  1938 D NetworkManagementService: notifyInterfaceLinkStateChanged wlan0 false
05-25 01:14:19.437  2265  2324 W ContextImpl: Calling a method in the system process without a qualified user: android.app.ContextImpl.startService:1694 android.content.ContextWrapper.startService:494 com.iflytek.xirihelpersupervisor.service.DaemonService$2.run:129 android.os.Handler.handleCallback:733 android.os.Handler.dispatchMessage:95 
05-25 01:14:19.439  1921  1954 W ActivityManager: Unable to start service Intent { act=com.iflytek.xiri2.helperService } U=0: not found
05-25 01:14:31.211  1921  1982 D ConnectivityService: Sampling interval elapsed, updating statistics ..
05-25 01:14:31.216  1921  1982 D ConnectivityService: Done.
05-25 01:14:31.216  1921  1982 D ConnectivityService: Setting timer for 30seconds
05-25 01:14:33.646  1921  1938 D NetworkManagementService: notifyInterfaceLinkStateChanged wlan0 false
05-25 01:14:48.642  1921  1938 D NetworkManagementService: notifyInterfaceLinkStateChanged wlan0 false
05-25 01:14:55.620  1921  2214 D InputMethodManagerService: --- calledFromForegroundUserOrSystemProcess ? calling uid = 10049 system uid = 1000 calling userId = 0, foreground user id = 0, calling pid = 13958com.android.server.InputMethodManagerService.startInput(InputMethodManagerService.java:1259)
05-25 01:14:55.621  1921  1931 D InputMethodManagerService: hide the small icon for the input method
05-25 01:14:55.623  1921  1952 D InputMethodManagerService: --- calledFromForegroundUserOrSystemProcess ? calling uid = 10049 system uid = 1000 calling userId = 0, foreground user id = 0, calling pid = 13958com.android.server.InputMethodManagerService.startInput(InputMethodManagerService.java:1259)
05-25 01:14:55.624  1921  1932 D InputMethodManagerService: hide the small icon for the input method
05-25 01:14:55.625  1921  2144 D InputMethodManagerService: --- calledFromForegroundUserOrSystemProcess ? calling uid = 10049 system uid = 1000 calling userId = 0, foreground user id = 0, calling pid = 13958com.android.server.InputMethodManagerService.windowGainedFocus(InputMethodManagerService.java:1890)
05-25 01:14:55.626  1921  2144 V InputMethodManagerService: windowGainedFocus: android.os.BinderProxy@2d769388 controlFlags=#5 softInputMode=#120 windowFlags=#1800000
05-25 01:14:55.626  1921  2144 V InputMethodManagerService: Unspecified window will hide input
05-25 01:15:01.219  1921  1982 D ConnectivityService: Sampling interval elapsed, updating statistics ..
05-25 01:15:01.226  1921  1982 D ConnectivityService: Done.
05-25 01:15:01.226  1921  1982 D ConnectivityService: Setting timer for 30seconds
05-25 01:15:03.666  1921  1938 D NetworkManagementService: notifyInterfaceLinkStateChanged wlan0 false
05-25 01:15:18.670  1921  1938 D NetworkManagementService: notifyInterfaceLinkStateChanged wlan0 false
05-25 01:15:19.502  2265  2324 W ContextImpl: Calling a method in the system process without a qualified user: android.app.ContextImpl.startService:1694 android.content.ContextWrapper.startService:494 com.iflytek.xirihelpersupervisor.service.DaemonService$2.run:129 android.os.Handler.handleCallback:733 android.os.Handler.dispatchMessage:95 
05-25 01:15:19.503  1921  1932 W ActivityManager: Unable to start service Intent { act=com.iflytek.xiri2.helperService } U=0: not found
05-25 01:15:25.354  1921  2197 D InputMethodManagerService: --- calledFromForegroundUserOrSystemProcess ? calling uid = 10049 system uid = 1000 calling userId = 0, foreground user id = 0, calling pid = 13958com.android.server.InputMethodManagerService.startInput(InputMethodManagerService.java:1259)
05-25 01:15:25.355  1921  2213 D InputMethodManagerService: hide the small icon for the input method
05-25 01:15:25.355  1921  1932 D InputMethodManagerService: --- calledFromForegroundUserOrSystemProcess ? calling uid = 10049 system uid = 1000 calling userId = 0, foreground user id = 0, calling pid = 13958com.android.server.InputMethodManagerService.startInput(InputMethodManagerService.java:1259)
05-25 01:15:25.356  1921  2246 D InputMethodManagerService: hide the small icon for the input method
05-25 01:15:25.357  1921  2144 D InputMethodManagerService: --- calledFromForegroundUserOrSystemProcess ? calling uid = 10049 system uid = 1000 calling userId = 0, foreground user id = 0, calling pid = 13958com.android.server.InputMethodManagerService.windowGainedFocus(InputMethodManagerService.java:1890)
05-25 01:15:25.357  1921  2144 V InputMethodManagerService: windowGainedFocus: android.os.BinderProxy@2d769388 controlFlags=#1 softInputMode=#10 windowFlags=#1810500
05-25 01:15:25.357  1921  2144 V InputMethodManagerService: Unspecified window will hide input
05-25 01:15:26.034  1921  2161 D InputMethodManagerService: --- calledFromForegroundUserOrSystemProcess ? calling uid = 10049 system uid = 1000 calling userId = 0, foreground user id = 0, calling pid = 13958com.android.server.InputMethodManagerService.startInput(InputMethodManagerService.java:1259)
05-25 01:15:26.037  1921  2271 D InputMethodManagerService: hide the small icon for the input method
05-25 01:15:26.603  1921  1952 D InputMethodManagerService: --- calledFromForegroundUserOrSystemProcess ? calling uid = 10049 system uid = 1000 calling userId = 0, foreground user id = 0, calling pid = 13958com.android.server.InputMethodManagerService.startInput(InputMethodManagerService.java:1259)
05-25 01:15:26.604  1921  2161 D InputMethodManagerService: hide the small icon for the input method
05-25 01:15:27.131  1921  1931 D InputMethodManagerService: --- calledFromForegroundUserOrSystemProcess ? calling uid = 10049 system uid = 1000 calling userId = 0, foreground user id = 0, calling pid = 13958com.android.server.InputMethodManagerService.startInput(InputMethodManagerService.java:1259)
05-25 01:15:27.132  1921  2247 D InputMethodManagerService: hide the small icon for the input method
05-25 01:15:27.581  1921  2197 D InputMethodManagerService: --- calledFromForegroundUserOrSystemProcess ? calling uid = 10049 system uid = 1000 calling userId = 0, foreground user id = 0, calling pid = 13958com.android.server.InputMethodManagerService.startInput(InputMethodManagerService.java:1259)
05-25 01:15:27.582  1921  2246 D InputMethodManagerService: hide the small icon for the input method
05-25 01:15:27.782  1921  1952 D InputMethodManagerService: --- calledFromForegroundUserOrSystemProcess ? calling uid = 10049 system uid = 1000 calling userId = 0, foreground user id = 0, calling pid = 13958com.android.server.InputMethodManagerService.startInput(InputMethodManagerService.java:1259)
05-25 01:15:27.783  1921  2161 D InputMethodManagerService: hide the small icon for the input method
05-25 01:15:27.984  1921  1931 D InputMethodManagerService: --- calledFromForegroundUserOrSystemProcess ? calling uid = 10049 system uid = 1000 calling userId = 0, foreground user id = 0, calling pid = 13958com.android.server.InputMethodManagerService.startInput(InputMethodManagerService.java:1259)
05-25 01:15:27.985  1921  2247 D InputMethodManagerService: hide the small icon for the input method
05-25 01:15:28.100  1921  1932 D InputMethodManagerService: --- calledFromForegroundUserOrSystemProcess ? calling uid = 10049 system uid = 1000 calling userId = 0, foreground user id = 0, calling pid = 13958com.android.server.InputMethodManagerService.startInput(InputMethodManagerService.java:1259)
05-25 01:15:28.101  1921  2197 D InputMethodManagerService: hide the small icon for the input method
05-25 01:15:28.396  1921  2246 D InputMethodManagerService: --- calledFromForegroundUserOrSystemProcess ? calling uid = 10049 system uid = 1000 calling userId = 0, foreground user id = 0, calling pid = 13958com.android.server.InputMethodManagerService.startInput(InputMethodManagerService.java:1259)
05-25 01:15:28.397  1921  2271 D InputMethodManagerService: hide the small icon for the input method
05-25 01:15:28.922  1921  2213 D InputMethodManagerService: --- calledFromForegroundUserOrSystemProcess ? calling uid = 10049 system uid = 1000 calling userId = 0, foreground user id = 0, calling pid = 13958com.android.server.InputMethodManagerService.startInput(InputMethodManagerService.java:1259)
05-25 01:15:28.923  1921  2196 D InputMethodManagerService: hide the small icon for the input method
05-25 01:15:29.123  1921  1954 D InputMethodManagerService: --- calledFromForegroundUserOrSystemProcess ? calling uid = 10049 system uid = 1000 calling userId = 0, foreground user id = 0, calling pid = 13958com.android.server.InputMethodManagerService.startInput(InputMethodManagerService.java:1259)
05-25 01:15:29.125  1921  2144 D InputMethodManagerService: hide the small icon for the input method
05-25 01:15:29.269  1921  2214 D InputMethodManagerService: --- calledFromForegroundUserOrSystemProcess ? calling uid = 10049 system uid = 1000 calling userId = 0, foreground user id = 0, calling pid = 13958com.android.server.InputMethodManagerService.startInput(InputMethodManagerService.java:1259)
05-25 01:15:29.270  1921  2143 D InputMethodManagerService: hide the small icon for the input method
05-25 01:15:29.431  1921  1952 D InputMethodManagerService: --- calledFromForegroundUserOrSystemProcess ? calling uid = 10049 system uid = 1000 calling userId = 0, foreground user id = 0, calling pid = 13958com.android.server.InputMethodManagerService.startInput(InputMethodManagerService.java:1259)
05-25 01:15:29.432  1921  2161 D InputMethodManagerService: hide the small icon for the input method
05-25 01:15:29.603  1921  2247 D InputMethodManagerService: --- calledFromForegroundUserOrSystemProcess ? calling uid = 10049 system uid = 1000 calling userId = 0, foreground user id = 0, calling pid = 13958com.android.server.InputMethodManagerService.startInput(InputMethodManagerService.java:1259)
05-25 01:15:29.604  1921  1932 D InputMethodManagerService: hide the small icon for the input method
05-25 01:15:29.703  1921  2197 D InputMethodManagerService: --- calledFromForegroundUserOrSystemProcess ? calling uid = 10049 system uid = 1000 calling userId = 0, foreground user id = 0, calling pid = 13958com.android.server.InputMethodManagerService.startInput(InputMethodManagerService.java:1259)
05-25 01:15:29.704  1921  2246 D InputMethodManagerService: hide the small icon for the input method
05-25 01:15:29.890  1921  2214 D InputMethodManagerService: --- calledFromForegroundUserOrSystemProcess ? calling uid = 10049 system uid = 1000 calling userId = 0, foreground user id = 0, calling pid = 13958com.android.server.InputMethodManagerService.startInput(InputMethodManagerService.java:1259)
05-25 01:15:29.891  1921  2143 D InputMethodManagerService: hide the small icon for the input method
05-25 01:15:30.553  1921  1952 D InputMethodManagerService: --- calledFromForegroundUserOrSystemProcess ? calling uid = 10049 system uid = 1000 calling userId = 0, foreground user id = 0, calling pid = 13958com.android.server.InputMethodManagerService.startInput(InputMethodManagerService.java:1259)
05-25 01:15:30.554  1921  2161 D InputMethodManagerService: hide the small icon for the input method
05-25 01:15:30.631  1921  2247 D InputMethodManagerService: --- calledFromForegroundUserOrSystemProcess ? calling uid = 10049 system uid = 1000 calling userId = 0, foreground user id = 0, calling pid = 13958com.android.server.InputMethodManagerService.startInput(InputMethodManagerService.java:1259)
05-25 01:15:30.632  1921  1932 D InputMethodManagerService: hide the small icon for the input method
05-25 01:15:31.059  1921  2197 D InputMethodManagerService: --- calledFromForegroundUserOrSystemProcess ? calling uid = 10049 system uid = 1000 calling userId = 0, foreground user id = 0, calling pid = 13958com.android.server.InputMethodManagerService.startInput(InputMethodManagerService.java:1259)
05-25 01:15:31.060  1921  2246 D InputMethodManagerService: hide the small icon for the input method
05-25 01:15:31.203  1921  2143 D InputMethodManagerService: --- calledFromForegroundUserOrSystemProcess ? calling uid = 10049 system uid = 1000 calling userId = 0, foreground user id = 0, calling pid = 13958com.android.server.InputMethodManagerService.startInput(InputMethodManagerService.java:1259)
05-25 01:15:31.204  1921  1952 D InputMethodManagerService: hide the small icon for the input method
05-25 01:15:31.229  1921  1982 D ConnectivityService: Sampling interval elapsed, updating statistics ..
05-25 01:15:31.236  1921  1982 D ConnectivityService: Done.
05-25 01:15:31.237  1921  1982 D ConnectivityService: Setting timer for 30seconds
05-25 01:15:31.560  1921  2247 D InputMethodManagerService: --- calledFromForegroundUserOrSystemProcess ? calling uid = 10049 system uid = 1000 calling userId = 0, foreground user id = 0, calling pid = 13958com.android.server.InputMethodManagerService.startInput(InputMethodManagerService.java:1259)
05-25 01:15:31.560  1921  1932 D InputMethodManagerService: hide the small icon for the input method
05-25 01:15:31.679  1921  2197 D InputMethodManagerService: --- calledFromForegroundUserOrSystemProcess ? calling uid = 10049 system uid = 1000 calling userId = 0, foreground user id = 0, calling pid = 13958com.android.server.InputMethodManagerService.startInput(InputMethodManagerService.java:1259)
05-25 01:15:31.680  1921  2246 D InputMethodManagerService: hide the small icon for the input method
05-25 01:15:31.763  1921  2271 D InputMethodManagerService: --- calledFromForegroundUserOrSystemProcess ? calling uid = 10049 system uid = 1000 calling userId = 0, foreground user id = 0, calling pid = 13958com.android.server.InputMethodManagerService.startInput(InputMethodManagerService.java:1259)
05-25 01:15:31.764  1921  2268 D InputMethodManagerService: hide the small icon for the input method
05-25 01:15:32.140  1921  1954 D InputMethodManagerService: --- calledFromForegroundUserOrSystemProcess ? calling uid = 10049 system uid = 1000 calling userId = 0, foreground user id = 0, calling pid = 13958com.android.server.InputMethodManagerService.startInput(InputMethodManagerService.java:1259)
05-25 01:15:32.144  1921  2144 D InputMethodManagerService: hide the small icon for the input method
05-25 01:15:32.632  1921  1952 D InputMethodManagerService: --- calledFromForegroundUserOrSystemProcess ? calling uid = 10049 system uid = 1000 calling userId = 0, foreground user id = 0, calling pid = 13958com.android.server.InputMethodManagerService.startInput(InputMethodManagerService.java:1259)
05-25 01:15:32.632  1921  2161 D InputMethodManagerService: hide the small icon for the input method
05-25 01:15:33.277  1921  2213 D InputMethodManagerService: --- calledFromForegroundUserOrSystemProcess ? calling uid = 10049 system uid = 1000 calling userId = 0, foreground user id = 0, calling pid = 13958com.android.server.InputMethodManagerService.startInput(InputMethodManagerService.java:1259)
05-25 01:15:33.278  1921  2197 D InputMethodManagerService: hide the small icon for the input method
05-25 01:15:33.572  1921  2246 D InputMethodManagerService: --- calledFromForegroundUserOrSystemProcess ? calling uid = 10049 system uid = 1000 calling userId = 0, foreground user id = 0, calling pid = 13958com.android.server.InputMethodManagerService.startInput(InputMethodManagerService.java:1259)
05-25 01:15:33.573  1921  2247 D InputMethodManagerService: hide the small icon for the input method
05-25 01:15:33.718  1921  1938 D NetworkManagementService: notifyInterfaceLinkStateChanged wlan0 false
05-25 01:15:33.799  1921  1952 D InputMethodManagerService: --- calledFromForegroundUserOrSystemProcess ? calling uid = 10049 system uid = 1000 calling userId = 0, foreground user id = 0, calling pid = 13958com.android.server.InputMethodManagerService.startInput(InputMethodManagerService.java:1259)
05-25 01:15:33.800  1921  2196 D InputMethodManagerService: hide the small icon for the input method
05-25 01:15:34.059  1921  2271 D InputMethodManagerService: --- calledFromForegroundUserOrSystemProcess ? calling uid = 10049 system uid = 1000 calling userId = 0, foreground user id = 0, calling pid = 13958com.android.server.InputMethodManagerService.startInput(InputMethodManagerService.java:1259)
05-25 01:15:34.060  1921  2213 D InputMethodManagerService: hide the small icon for the input method
05-25 01:15:48.699  1921  1938 D NetworkManagementService: notifyInterfaceLinkStateChanged wlan0 false
05-25 01:16:01.241  1921  1982 D ConnectivityService: Sampling interval elapsed, updating statistics ..
05-25 01:16:01.245  1921  1982 D ConnectivityService: Done.
05-25 01:16:01.245  1921  1982 D ConnectivityService: Setting timer for 30seconds
05-25 01:16:03.718  1921  1938 D NetworkManagementService: notifyInterfaceLinkStateChanged wlan0 false
05-25 01:16:18.724  1921  1938 D NetworkManagementService: notifyInterfaceLinkStateChanged wlan0 false
05-25 01:16:19.567  2265  2324 W ContextImpl: Calling a method in the system process without a qualified user: android.app.ContextImpl.startService:1694 android.content.ContextWrapper.startService:494 com.iflytek.xirihelpersupervisor.service.DaemonService$2.run:129 android.os.Handler.handleCallback:733 android.os.Handler.dispatchMessage:95 
05-25 01:16:19.569  1921  2214 W ActivityManager: Unable to start service Intent { act=com.iflytek.xiri2.helperService } U=0: not found
05-25 01:16:33.744  1921  1938 D NetworkManagementService: notifyInterfaceLinkStateChanged wlan0 false
05-25 01:16:34.054  1921  2197 D InputMethodManagerService: --- calledFromForegroundUserOrSystemProcess ? calling uid = 10049 system uid = 1000 calling userId = 0, foreground user id = 0, calling pid = 13958com.android.server.InputMethodManagerService.startInput(InputMethodManagerService.java:1259)
05-25 01:16:34.056  1921  2143 D InputMethodManagerService: hide the small icon for the input method
05-25 01:16:34.058  1921  2247 D InputMethodManagerService: --- calledFromForegroundUserOrSystemProcess ? calling uid = 10049 system uid = 1000 calling userId = 0, foreground user id = 0, calling pid = 13958com.android.server.InputMethodManagerService.startInput(InputMethodManagerService.java:1259)
05-25 01:16:34.059  1921  2246 D InputMethodManagerService: hide the small icon for the input method
05-25 01:16:34.059  1921  1931 D InputMethodManagerService: --- calledFromForegroundUserOrSystemProcess ? calling uid = 10049 system uid = 1000 calling userId = 0, foreground user id = 0, calling pid = 13958com.android.server.InputMethodManagerService.windowGainedFocus(InputMethodManagerService.java:1890)
05-25 01:16:34.060  1921  1931 V InputMethodManagerService: windowGainedFocus: android.os.BinderProxy@2d769388 controlFlags=#5 softInputMode=#120 windowFlags=#1800000
05-25 01:16:34.060  1921  1931 V InputMethodManagerService: Unspecified window will hide input
05-25 01:16:43.217  1921  1982 D ConnectivityService: Sampling interval elapsed, updating statistics ..
05-25 01:16:43.225  1921  1982 D ConnectivityService: Done.
05-25 01:16:43.225  1921  1982 D ConnectivityService: Setting timer for 30seconds
05-25 01:16:44.878  1921  1938 D NetworkManagementService: notifyInterfaceLinkStateChanged wlan0 false
05-25 01:16:48.739  1921  1938 D NetworkManagementService: notifyInterfaceLinkStateChanged wlan0 false
05-25 01:17:03.765  1921  1938 D NetworkManagementService: notifyInterfaceLinkStateChanged wlan0 false
05-25 01:17:18.766  1921  1938 D NetworkManagementService: notifyInterfaceLinkStateChanged wlan0 false
05-25 01:17:19.633  2265  2324 W ContextImpl: Calling a method in the system process without a qualified user: android.app.ContextImpl.startService:1694 android.content.ContextWrapper.startService:494 com.iflytek.xirihelpersupervisor.service.DaemonService$2.run:129 android.os.Handler.handleCallback:733 android.os.Handler.dispatchMessage:95 
05-25 01:17:19.634  1921  2213 W ActivityManager: Unable to start service Intent { act=com.iflytek.xiri2.helperService } U=0: not found
05-25 01:17:31.178  1921  1982 D ConnectivityService: Sampling interval elapsed, updating statistics ..
05-25 01:17:31.183  1921  1982 D ConnectivityService: Done.
05-25 01:17:31.184  1921  1982 D ConnectivityService: Setting timer for 30seconds
05-25 01:17:33.790  1921  1938 D NetworkManagementService: notifyInterfaceLinkStateChanged wlan0 false
05-25 01:17:48.791  1921  1938 D NetworkManagementService: notifyInterfaceLinkStateChanged wlan0 false
05-25 01:18:01.188  1921  1982 D ConnectivityService: Sampling interval elapsed, updating statistics ..
05-25 01:18:01.193  1921  1982 D ConnectivityService: Done.
05-25 01:18:01.193  1921  1982 D ConnectivityService: Setting timer for 30seconds
05-25 01:18:03.814  1921  1938 D NetworkManagementService: notifyInterfaceLinkStateChanged wlan0 false
05-25 01:18:18.816  1921  1938 D NetworkManagementService: notifyInterfaceLinkStateChanged wlan0 false
05-25 01:18:19.697  2265  2324 W ContextImpl: Calling a method in the system process without a qualified user: android.app.ContextImpl.startService:1694 android.content.ContextWrapper.startService:494 com.iflytek.xirihelpersupervisor.service.DaemonService$2.run:129 android.os.Handler.handleCallback:733 android.os.Handler.dispatchMessage:95 
05-25 01:18:19.698  1921  2161 W ActivityManager: Unable to start service Intent { act=com.iflytek.xiri2.helperService } U=0: not found
05-25 01:18:31.197  1921  1982 D ConnectivityService: Sampling interval elapsed, updating statistics ..
05-25 01:18:31.202  1921  1982 D ConnectivityService: Done.
05-25 01:18:31.202  1921  1982 D ConnectivityService: Setting timer for 30seconds
05-25 01:18:33.837  1921  1938 D NetworkManagementService: notifyInterfaceLinkStateChanged wlan0 false
05-25 01:18:48.842  1921  1938 D NetworkManagementService: notifyInterfaceLinkStateChanged wlan0 false
05-25 01:19:01.206  1921  1982 D ConnectivityService: Sampling interval elapsed, updating statistics ..
05-25 01:19:01.210  1921  1982 D ConnectivityService: Done.
05-25 01:19:01.210  1921  1982 D ConnectivityService: Setting timer for 30seconds
05-25 01:19:03.867  1921  1938 D NetworkManagementService: notifyInterfaceLinkStateChanged wlan0 false
05-25 01:19:18.872  1921  1938 D NetworkManagementService: notifyInterfaceLinkStateChanged wlan0 false
05-25 01:19:19.762  2265  2324 W ContextImpl: Calling a method in the system process without a qualified user: android.app.ContextImpl.startService:1694 android.content.ContextWrapper.startService:494 com.iflytek.xirihelpersupervisor.service.DaemonService$2.run:129 android.os.Handler.handleCallback:733 android.os.Handler.dispatchMessage:95 
05-25 01:19:19.763  1921  2161 W ActivityManager: Unable to start service Intent { act=com.iflytek.xiri2.helperService } U=0: not found
05-25 01:19:31.214  1921  1982 D ConnectivityService: Sampling interval elapsed, updating statistics ..
05-25 01:19:31.219  1921  1982 D ConnectivityService: Done.
05-25 01:19:31.219  1921  1982 D ConnectivityService: Setting timer for 30seconds
05-25 01:19:33.890  1921  1938 D NetworkManagementService: notifyInterfaceLinkStateChanged wlan0 false
05-25 01:19:48.897  1921  1938 D NetworkManagementService: notifyInterfaceLinkStateChanged wlan0 false
05-25 01:20:01.223  1921  1982 D ConnectivityService: Sampling interval elapsed, updating statistics ..
05-25 01:20:01.227  1921  1982 D ConnectivityService: Done.
05-25 01:20:01.227  1921  1982 D ConnectivityService: Setting timer for 30seconds
05-25 01:20:03.924  1921  1938 D NetworkManagementService: notifyInterfaceLinkStateChanged wlan0 false
05-25 01:20:18.928  1921  1938 D NetworkManagementService: notifyInterfaceLinkStateChanged wlan0 false
05-25 01:20:19.829  2265  2324 W ContextImpl: Calling a method in the system process without a qualified user: android.app.ContextImpl.startService:1694 android.content.ContextWrapper.startService:494 com.iflytek.xirihelpersupervisor.service.DaemonService$2.run:129 android.os.Handler.handleCallback:733 android.os.Handler.dispatchMessage:95 
05-25 01:20:19.831  1921  2163 W ActivityManager: Unable to start service Intent { act=com.iflytek.xiri2.helperService } U=0: not found
05-25 01:20:31.231  1921  1982 D ConnectivityService: Sampling interval elapsed, updating statistics ..
05-25 01:20:31.235  1921  1982 D ConnectivityService: Done.
05-25 01:20:31.236  1921  1982 D ConnectivityService: Setting timer for 30seconds
05-25 01:20:33.947  1921  1938 D NetworkManagementService: notifyInterfaceLinkStateChanged wlan0 false
05-25 01:20:48.954  1921  1938 D NetworkManagementService: notifyInterfaceLinkStateChanged wlan0 false
05-25 01:21:01.240  1921  1982 D ConnectivityService: Sampling interval elapsed, updating statistics ..
05-25 01:21:01.244  1921  1982 D ConnectivityService: Done.
05-25 01:21:01.244  1921  1982 D ConnectivityService: Setting timer for 30seconds
05-25 01:21:03.967  1921  1938 D NetworkManagementService: notifyInterfaceLinkStateChanged wlan0 false
05-25 01:21:18.986  1921  1938 D NetworkManagementService: notifyInterfaceLinkStateChanged wlan0 false
05-25 01:21:19.897  2265  2324 W ContextImpl: Calling a method in the system process without a qualified user: android.app.ContextImpl.startService:1694 android.content.ContextWrapper.startService:494 com.iflytek.xirihelpersupervisor.service.DaemonService$2.run:129 android.os.Handler.handleCallback:733 android.os.Handler.dispatchMessage:95 
05-25 01:21:19.898  1921  2268 W ActivityManager: Unable to start service Intent { act=com.iflytek.xiri2.helperService } U=0: not found
05-25 01:21:33.235  1921  1982 D ConnectivityService: Sampling interval elapsed, updating statistics ..
05-25 01:21:33.240  1921  1982 D ConnectivityService: Done.
05-25 01:21:33.240  1921  1982 D ConnectivityService: Setting timer for 30seconds
05-25 01:21:34.000  1921  1938 D NetworkManagementService: notifyInterfaceLinkStateChanged wlan0 false
05-25 01:21:46.068  1921  2246 D InputMethodManagerService: --- calledFromForegroundUserOrSystemProcess ? calling uid = 10049 system uid = 1000 calling userId = 0, foreground user id = 0, calling pid = 13958com.android.server.InputMethodManagerService.startInput(InputMethodManagerService.java:1259)
05-25 01:21:46.069  1921  2196 D InputMethodManagerService: hide the small icon for the input method
05-25 01:21:46.069  1921  2197 D InputMethodManagerService: --- calledFromForegroundUserOrSystemProcess ? calling uid = 10049 system uid = 1000 calling userId = 0, foreground user id = 0, calling pid = 13958com.android.server.InputMethodManagerService.startInput(InputMethodManagerService.java:1259)
05-25 01:21:46.070  1921  2163 D InputMethodManagerService: hide the small icon for the input method
05-25 01:21:46.070  1921  1952 D InputMethodManagerService: --- calledFromForegroundUserOrSystemProcess ? calling uid = 10049 system uid = 1000 calling userId = 0, foreground user id = 0, calling pid = 13958com.android.server.InputMethodManagerService.windowGainedFocus(InputMethodManagerService.java:1890)
05-25 01:21:46.071  1921  1952 V InputMethodManagerService: windowGainedFocus: android.os.BinderProxy@2d769388 controlFlags=#1 softInputMode=#10 windowFlags=#1810500
05-25 01:21:46.071  1921  1952 V InputMethodManagerService: Unspecified window will hide input
05-25 01:21:46.606  1921  1931 D InputMethodManagerService: --- calledFromForegroundUserOrSystemProcess ? calling uid = 10049 system uid = 1000 calling userId = 0, foreground user id = 0, calling pid = 13958com.android.server.InputMethodManagerService.startInput(InputMethodManagerService.java:1259)
05-25 01:21:46.606  1921  2197 D InputMethodManagerService: hide the small icon for the input method
05-25 01:21:47.056  1921  2246 D InputMethodManagerService: --- calledFromForegroundUserOrSystemProcess ? calling uid = 10049 system uid = 1000 calling userId = 0, foreground user id = 0, calling pid = 13958com.android.server.InputMethodManagerService.startInput(InputMethodManagerService.java:1259)
05-25 01:21:47.057  1921  2214 D InputMethodManagerService: hide the small icon for the input method
05-25 01:21:48.126  1921  1954 D InputMethodManagerService: --- calledFromForegroundUserOrSystemProcess ? calling uid = 10049 system uid = 1000 calling userId = 0, foreground user id = 0, calling pid = 13958com.android.server.InputMethodManagerService.startInput(InputMethodManagerService.java:1259)
05-25 01:21:48.127  1921  1952 D InputMethodManagerService: hide the small icon for the input method
05-25 01:21:48.964  1921  2271 D InputMethodManagerService: --- calledFromForegroundUserOrSystemProcess ? calling uid = 10049 system uid = 1000 calling userId = 0, foreground user id = 0, calling pid = 13958com.android.server.InputMethodManagerService.startInput(InputMethodManagerService.java:1259)
05-25 01:21:48.966  1921  1931 D InputMethodManagerService: hide the small icon for the input method
05-25 01:21:49.035  1921  1938 D NetworkManagementService: notifyInterfaceLinkStateChanged wlan0 false
05-25 01:21:50.277  1921  1931 D InputMethodManagerService: --- calledFromForegroundUserOrSystemProcess ? calling uid = 10049 system uid = 1000 calling userId = 0, foreground user id = 0, calling pid = 13958com.android.server.InputMethodManagerService.startInput(InputMethodManagerService.java:1259)
05-25 01:21:50.278  1921  2197 D InputMethodManagerService: --- calledFromForegroundUserOrSystemProcess ? calling uid = 10049 system uid = 1000 calling userId = 0, foreground user id = 0, calling pid = 13958com.android.server.InputMethodManagerService.startInput(InputMethodManagerService.java:1259)
05-25 01:21:50.279  1921  2268 D InputMethodManagerService: hide the small icon for the input method
05-25 01:21:50.279  1921  1954 D InputMethodManagerService: hide the small icon for the input method
05-25 01:21:50.280  1921  2246 D InputMethodManagerService: --- calledFromForegroundUserOrSystemProcess ? calling uid = 10049 system uid = 1000 calling userId = 0, foreground user id = 0, calling pid = 13958com.android.server.InputMethodManagerService.windowGainedFocus(InputMethodManagerService.java:1890)
05-25 01:21:50.280  1921  2246 V InputMethodManagerService: windowGainedFocus: android.os.BinderProxy@2d769388 controlFlags=#5 softInputMode=#120 windowFlags=#1800402
05-25 01:21:50.280  1921  2246 V InputMethodManagerService: Unspecified window will hide input
05-25 01:21:51.185  1921  1952 D InputMethodManagerService: --- calledFromForegroundUserOrSystemProcess ? calling uid = 10049 system uid = 1000 calling userId = 0, foreground user id = 0, calling pid = 13958com.android.server.InputMethodManagerService.startInput(InputMethodManagerService.java:1259)
05-25 01:21:51.186  1921  2213 D InputMethodManagerService: hide the small icon for the input method
05-25 01:21:51.927  1921  1978 D ConnectivityService: onUidRulesChanged(uid=10034, uidRules=0)
05-25 01:21:51.985  1406  1448 E Vold    : Failed to find volume for /mnt/sdcard1/Android/data/com.huawei.video4k/cache/
05-25 01:21:51.985  1406  1448 W Vold    : Returning OperationFailed - no handler for errno 0
05-25 01:21:52.189  1921  2163 D InputMethodManagerService: --- calledFromForegroundUserOrSystemProcess ? calling uid = 10034 system uid = 1000 calling userId = 0, foreground user id = 0, calling pid = 2524com.android.server.InputMethodManagerService.startInput(InputMethodManagerService.java:1259)
05-25 01:21:52.206  1921  2163 V InputMethodManagerService: unbindCurrentInputLocked: client = android.os.BinderProxy@2d769388
05-25 01:21:52.207  1921  2163 V InputMethodManagerService: Hide switching menu
05-25 01:21:52.207  1921  2163 V InputMethodManagerService: switching to client: client = android.os.BinderProxy@2cce5140 keyguard=false
05-25 01:21:52.207  1921  2163 V InputMethodManagerService: Disabling: SessionState{uid 10049 pid 13958 method 2cccbc40 session 2ce9fc10 channel ClientState{2cd41718 uid 10049 pid 13958} (server)}
05-25 01:21:52.207  1921  2163 V InputMethodManagerService: Enabling: SessionState{uid 10034 pid 2524 method 2cccbc40 session 2cd049b8 channel ClientState{2cc0bbe8 uid 10034 pid 2524} (server)}
05-25 01:21:52.209  1921  2161 D InputMethodManagerService: hide the small icon for the input method
05-25 01:21:52.209  1921  1952 D InputMethodManagerService: --- calledFromForegroundUserOrSystemProcess ? calling uid = 10034 system uid = 1000 calling userId = 0, foreground user id = 0, calling pid = 2524com.android.server.InputMethodManagerService.windowGainedFocus(InputMethodManagerService.java:1890)
05-25 01:21:52.209  1921  1952 V InputMethodManagerService: windowGainedFocus: android.os.BinderProxy@2cce5140 controlFlags=#105 softInputMode=#22 windowFlags=#5810580
05-25 01:21:52.234  1921  2247 D InputMethodManagerService: hide the small icon for the input method
05-25 01:21:52.250  1921  1978 D ConnectivityService: onUidRulesChanged(uid=10049, uidRules=0)
05-25 01:21:52.651  1921  2247 I ActivityManager: Process com.huawei.video4k (pid 13958) has died.
05-25 01:21:52.670  1921  1932 I WindowState: WIN DEATH: Window{2cb7a478 u0 com.huawei.video4k/com.huawei.video4k.activity.MainActivity}
05-25 01:21:52.674  1921  2161 I WindowState: WIN DEATH: Window{2cd72078 u0 com.huawei.video4k/com.huawei.video4k.activity.MainActivity}
05-25 01:21:52.686  1921  2271 D InputMethodManagerService: --- calledFromForegroundUserOrSystemProcess ? calling uid = 1000 system uid = 1000 calling userId = 0, foreground user id = 0, calling pid = 1921dalvik.system.NativeStart.run(Native Method)
05-25 01:21:54.603  1921  1952 D InputMethodManagerService: --- calledFromForegroundUserOrSystemProcess ? calling uid = 10034 system uid = 1000 calling userId = 0, foreground user id = 0, calling pid = 2524com.android.server.InputMethodManagerService.startInput(InputMethodManagerService.java:1259)
05-25 01:21:54.604  1921  2214 D InputMethodManagerService: hide the small icon for the input method
05-25 01:21:55.200  1921  1954 D InputMethodManagerService: --- calledFromForegroundUserOrSystemProcess ? calling uid = 10034 system uid = 1000 calling userId = 0, foreground user id = 0, calling pid = 2524com.android.server.InputMethodManagerService.startInput(InputMethodManagerService.java:1259)
05-25 01:21:55.201  1921  2247 D InputMethodManagerService: hide the small icon for the input method
05-25 01:21:55.444  1921  2197 D InputMethodManagerService: --- calledFromForegroundUserOrSystemProcess ? calling uid = 10034 system uid = 1000 calling userId = 0, foreground user id = 0, calling pid = 2524com.android.server.InputMethodManagerService.startInput(InputMethodManagerService.java:1259)
05-25 01:21:55.445  1921  2143 D InputMethodManagerService: hide the small icon for the input method
05-25 01:21:55.757  1921  2214 D InputMethodManagerService: --- calledFromForegroundUserOrSystemProcess ? calling uid = 10034 system uid = 1000 calling userId = 0, foreground user id = 0, calling pid = 2524com.android.server.InputMethodManagerService.startInput(InputMethodManagerService.java:1259)
05-25 01:21:55.758  1921  2196 D InputMethodManagerService: hide the small icon for the input method
05-25 01:21:56.062  1921  2271 D InputMethodManagerService: --- calledFromForegroundUserOrSystemProcess ? calling uid = 10034 system uid = 1000 calling userId = 0, foreground user id = 0, calling pid = 2524com.android.server.InputMethodManagerService.startInput(InputMethodManagerService.java:1259)
05-25 01:21:56.063  1921  2213 D InputMethodManagerService: hide the small icon for the input method
05-25 01:21:56.616  1921  2271 D InputMethodManagerService: --- calledFromForegroundUserOrSystemProcess ? calling uid = 10034 system uid = 1000 calling userId = 0, foreground user id = 0, calling pid = 2524com.android.server.InputMethodManagerService.startInput(InputMethodManagerService.java:1259)
05-25 01:21:56.617  1921  2268 D InputMethodManagerService: hide the small icon for the input method
05-25 01:21:56.618  1921  2213 D InputMethodManagerService: --- calledFromForegroundUserOrSystemProcess ? calling uid = 10034 system uid = 1000 calling userId = 0, foreground user id = 0, calling pid = 2524com.android.server.InputMethodManagerService.startInput(InputMethodManagerService.java:1259)
05-25 01:21:56.619  1921  1931 D InputMethodManagerService: hide the small icon for the input method
05-25 01:21:56.620  1921  2144 D InputMethodManagerService: --- calledFromForegroundUserOrSystemProcess ? calling uid = 10034 system uid = 1000 calling userId = 0, foreground user id = 0, calling pid = 2524com.android.server.InputMethodManagerService.windowGainedFocus(InputMethodManagerService.java:1890)
05-25 01:21:56.620  1921  2144 V InputMethodManagerService: windowGainedFocus: android.os.BinderProxy@2cce5140 controlFlags=#5 softInputMode=#120 windowFlags=#1800400
05-25 01:21:56.620  1921  2144 V InputMethodManagerService: Unspecified window will hide input
05-25 01:21:57.494  1921  2271 D InputMethodManagerService: --- calledFromForegroundUserOrSystemProcess ? calling uid = 10034 system uid = 1000 calling userId = 0, foreground user id = 0, calling pid = 2524com.android.server.InputMethodManagerService.startInput(InputMethodManagerService.java:1259)
05-25 01:21:57.495  1921  2268 D InputMethodManagerService: hide the small icon for the input method
05-25 01:21:57.549  1921  2144 D InputMethodManagerService: --- calledFromForegroundUserOrSystemProcess ? calling uid = 10034 system uid = 1000 calling userId = 0, foreground user id = 0, calling pid = 2524com.android.server.InputMethodManagerService.startInput(InputMethodManagerService.java:1259)
05-25 01:21:57.550  1921  2196 D InputMethodManagerService: hide the small icon for the input method
05-25 01:21:57.912  1921  1959 D WindowManager: Unhandled key: win=Window{2cb82488 u0 com.dangbei.tvlauncher/com.dangbei.launcher.ui.main.MainActivity}, action=0, flags=8, keyCode=20, scanCode=108, metaState=0, repeatCount=0, policyFlags=1107296256
05-25 01:21:57.912  1921  1959 D WindowManager: No fallback.
05-25 01:21:58.010  1921  1959 D WindowManager: Unhandled key: win=Window{2cb82488 u0 com.dangbei.tvlauncher/com.dangbei.launcher.ui.main.MainActivity}, action=1, flags=8, keyCode=20, scanCode=108, metaState=0, repeatCount=0, policyFlags=1107296256
05-25 01:21:58.010  1921  1959 D WindowManager: No fallback.
05-25 01:21:58.255  1921  2196 D InputMethodManagerService: --- calledFromForegroundUserOrSystemProcess ? calling uid = 10034 system uid = 1000 calling userId = 0, foreground user id = 0, calling pid = 2524com.android.server.InputMethodManagerService.startInput(InputMethodManagerService.java:1259)
05-25 01:21:58.257  1921  1932 D InputMethodManagerService: hide the small icon for the input method
05-25 01:21:59.058  1921  2197 I ActivityManager: START u0 {act=android.intent.action.MAIN cat=[android.intent.category.LAUNCHER] flg=0x10000000 pkg=com.android.settings cmp=com.android.settings/.Settings} from pid 2524
05-25 01:21:59.216  1921  1952 D InputMethodManagerService: --- calledFromForegroundUserOrSystemProcess ? calling uid = 10034 system uid = 1000 calling userId = 0, foreground user id = 0, calling pid = 2524com.android.server.InputMethodManagerService.startInput(InputMethodManagerService.java:1259)
05-25 01:21:59.218  1921  2246 D InputMethodManagerService: hide the small icon for the input method
05-25 01:21:59.218  1921  2271 D InputMethodManagerService: --- calledFromForegroundUserOrSystemProcess ? calling uid = 10034 system uid = 1000 calling userId = 0, foreground user id = 0, calling pid = 2524com.android.server.InputMethodManagerService.startInput(InputMethodManagerService.java:1259)
05-25 01:21:59.221  1921  2213 D InputMethodManagerService: hide the small icon for the input method
